#
# There is insufficient memory for the Java Runtime Environment to continue.
# Native memory allocation (malloc) failed to allocate 579856 bytes. Error detail: Chunk::new
# Possible reasons:
#   The system is out of physical RAM or swap space
#   This process is running with CompressedOops enabled, and the Java Heap may be blocking the growth of the native heap
# Possible solutions:
#   Reduce memory load on the system
#   Increase physical memory or swap space
#   Check if swap backing store is full
#   Decrease Java heap size (-Xmx/-Xms)
#   Decrease number of Java threads
#   Decrease Java thread stack sizes (-Xss)
#   Set larger code cache with -XX:ReservedCodeCacheSize=
#   JVM is running with Unscaled Compressed Oops mode in which the Java heap is
#     placed in the first 4GB address space. The Java Heap base address is the
#     maximum limit for the native heap growth. Please use -XX:HeapBaseMinAddress
#     to set the Java Heap base and to place the Java Heap above 4GB virtual address.
# This output file may be truncated or incomplete.
#
#  Out of Memory Error (arena.cpp:150), pid=5788, tid=11788
#
# JRE version: OpenJDK Runtime Environment OpenLogic-OpenJDK (22.0.2+9) (build 22.0.2+9-adhoc.Administrator.jdk22u)
# Java VM: OpenJDK 64-Bit Server VM OpenLogic-OpenJDK (22.0.2+9-adhoc.Administrator.jdk22u, mixed mode, sharing, tiered, compressed oops, compressed class ptrs, g1 gc, windows-amd64)
# No core dump will be written. Minidumps are not enabled by default on client versions of Windows
#

---------------  S U M M A R Y ------------

Command Line: --add-opens=java.base/java.lang=ALL-UNNAMED --add-opens=java.base/java.lang.invoke=ALL-UNNAMED --add-opens=java.base/java.util=ALL-UNNAMED --add-opens=java.prefs/java.util.prefs=ALL-UNNAMED --add-exports=jdk.compiler/com.sun.tools.javac.api=ALL-UNNAMED --add-exports=jdk.compiler/com.sun.tools.javac.util=ALL-UNNAMED --add-opens=java.base/java.util=ALL-UNNAMED --add-opens=java.prefs/java.util.prefs=ALL-UNNAMED --add-opens=java.base/java.nio.charset=ALL-UNNAMED --add-opens=java.base/java.net=ALL-UNNAMED --add-opens=java.base/java.util.concurrent=ALL-UNNAMED --add-opens=java.base/java.util.concurrent.atomic=ALL-UNNAMED --add-opens=java.xml/javax.xml.namespace=ALL-UNNAMED --add-opens=java.base/java.time=ALL-UNNAMED -XX:MaxMetaspaceSize=512m -Xmx2048m -Dfile.encoding=UTF-8 -Duser.country=IN -Duser.language=en -Duser.variant -javaagent:C:\Users\DELL\.gradle\wrapper\dists\gradle-9.3.1-bin\23ovyewtku6u96viwx3xl3oks\gradle-9.3.1\lib\agents\gradle-instrumentation-agent-9.3.1.jar org.gradle.launcher.daemon.bootstrap.GradleDaemon 9.3.1

Host: Intel(R) Core(TM) i3-1005G1 CPU @ 1.20GHz, 4 cores, 3G,  Windows 10 , 64 bit Build 19041 (10.0.19041.5915)
Time: Fri Mar 27 02:45:57 2026 India Standard Time elapsed time: 47.414939 seconds (0d 0h 0m 47s)

---------------  T H R E A D  ---------------

Current thread (0x00000294699930c0):  JavaThread "C2 CompilerThread0" daemon [_thread_in_native, id=11788, stack(0x000000b61e000000,0x000000b61e100000) (1024K)]


Current CompileTask:
C2:47415 8945       4       java.lang.PublicMethods::merge (81 bytes)

Stack: [0x000000b61e000000,0x000000b61e100000]
Native frames: (J=compiled Java code, j=interpreted, Vv=VM code, C=native code)
V  [jvm.dll+0x6f7a89]  (no source info available)
V  [jvm.dll+0x8dbfe5]  (no source info available)
V  [jvm.dll+0x8de24e]  (no source info available)
V  [jvm.dll+0x8de933]  (no source info available)
V  [jvm.dll+0x28d206]  (no source info available)
V  [jvm.dll+0xc500f]  (no source info available)
V  [jvm.dll+0xc526b]  (no source info available)
V  [jvm.dll+0x3cbd21]  (no source info available)
V  [jvm.dll+0x39800d]  (no source info available)
V  [jvm.dll+0x39747a]  (no source info available)
V  [jvm.dll+0x253eb0]  (no source info available)
V  [jvm.dll+0x2536c1]  (no source info available)
V  [jvm.dll+0x1cee1a]  (no source info available)
V  [jvm.dll+0x263205]  (no source info available)
V  [jvm.dll+0x2614cb]  (no source info available)
V  [jvm.dll+0x407326]  (no source info available)
V  [jvm.dll+0x883518]  (no source info available)
V  [jvm.dll+0x6f6295]  (no source info available)
C  [ucrtbase.dll+0x21bb2]  (no source info available)
C  [KERNEL32.DLL+0x17374]  (no source info available)
C  [ntdll.dll+0x4cc91]  (no source info available)


---------------  P R O C E S S  ---------------

Threads class SMR info:
_java_thread_list=0x00000294249aedd0, length=43, elements={
0x000002944a203e20, 0x000002946995d080, 0x000002946995fcf0, 0x0000029469962ee0,
0x0000029469963940, 0x00000294699643a0, 0x0000029469972320, 0x00000294699930c0,
0x0000029469993b70, 0x000002946992bb60, 0x000002941f367520, 0x000002941ffa82a0,
0x0000029420c0c290, 0x0000029420d07910, 0x0000029420f547c0, 0x0000029420f240d0,
0x0000029420d50a50, 0x0000029420f0fe00, 0x0000029420f11ed0, 0x0000029420f12bf0,
0x0000029420f111b0, 0x0000029420f13280, 0x0000029420f12560, 0x0000029420f10490,
0x0000029420f11840, 0x000002941f181600, 0x000002941f184a80, 0x000002941f1808e0,
0x000002941f180f70, 0x000002941f181c90, 0x000002941f185110, 0x000002941f1864c0,
0x000002941f1829b0, 0x000002941f185e30, 0x000002941f183040, 0x000002941f186b50,
0x000002941f1871e0, 0x000002941f182320, 0x000002941f180250, 0x000002941f187870,
0x00000294232e55b0, 0x00000294232e27c0, 0x00000294232e6960
}
_to_delete_list=0x00000294249aefe0, length=42, elements={
0x000002944a203e20, 0x000002946995d080, 0x000002946995fcf0, 0x0000029469962ee0,
0x0000029469963940, 0x00000294699643a0, 0x0000029469972320, 0x00000294699930c0,
0x0000029469993b70, 0x000002946992bb60, 0x000002941f367520, 0x000002941ffa82a0,
0x0000029420c0c290, 0x0000029420d07910, 0x0000029420f547c0, 0x0000029420f240d0,
0x0000029420d50a50, 0x0000029420f0fe00, 0x0000029420f11ed0, 0x0000029420f12bf0,
0x0000029420f111b0, 0x0000029420f13280, 0x0000029420f12560, 0x0000029420f10490,
0x0000029420f11840, 0x000002941f181600, 0x000002941f184a80, 0x000002941f1808e0,
0x000002941f180f70, 0x000002941f181c90, 0x000002941f185110, 0x000002941f1864c0,
0x000002941f1829b0, 0x000002941f185e30, 0x000002941f183040, 0x000002941f186b50,
0x000002941f1871e0, 0x000002941f182320, 0x000002941f180250, 0x000002941f187870,
0x00000294232e55b0, 0x00000294232e27c0
}

Java Threads: ( => current thread )
  0x000002944a203e20 JavaThread "main"                              [_thread_blocked, id=11580, stack(0x000000b61d200000,0x000000b61d300000) (1024K)]
  0x000002946995d080 JavaThread "Reference Handler"          daemon [_thread_blocked, id=10960, stack(0x000000b61da00000,0x000000b61db00000) (1024K)]
  0x000002946995fcf0 JavaThread "Finalizer"                  daemon [_thread_blocked, id=16376, stack(0x000000b61db00000,0x000000b61dc00000) (1024K)]
  0x0000029469962ee0 JavaThread "Signal Dispatcher"          daemon [_thread_blocked, id=11176, stack(0x000000b61dc00000,0x000000b61dd00000) (1024K)]
  0x0000029469963940 JavaThread "Attach Listener"            daemon [_thread_blocked, id=18168, stack(0x000000b61dd00000,0x000000b61de00000) (1024K)]
  0x00000294699643a0 JavaThread "Service Thread"             daemon [_thread_blocked, id=17296, stack(0x000000b61de00000,0x000000b61df00000) (1024K)]
  0x0000029469972320 JavaThread "Monitor Deflation Thread"   daemon [_thread_blocked, id=16640, stack(0x000000b61df00000,0x000000b61e000000) (1024K)]
=>0x00000294699930c0 JavaThread "C2 CompilerThread0"         daemon [_thread_in_native, id=11788, stack(0x000000b61e000000,0x000000b61e100000) (1024K)]
  0x0000029469993b70 JavaThread "C1 CompilerThread0"         daemon [_thread_blocked, id=11704, stack(0x000000b61e100000,0x000000b61e200000) (1024K)]
  0x000002946992bb60 JavaThread "Common-Cleaner"             daemon [_thread_blocked, id=11548, stack(0x000000b61e200000,0x000000b61e300000) (1024K)]
  0x000002941f367520 JavaThread "Notification Thread"        daemon [_thread_blocked, id=8912, stack(0x000000b61e300000,0x000000b61e400000) (1024K)]
  0x000002941ffa82a0 JavaThread "Daemon health stats"               [_thread_blocked, id=18532, stack(0x000000b61e700000,0x000000b61e800000) (1024K)]
  0x0000029420c0c290 JavaThread "Incoming local TCP Connector on port 60955"        [_thread_in_native, id=10684, stack(0x000000b61e800000,0x000000b61e900000) (1024K)]
  0x0000029420d07910 JavaThread "Daemon periodic checks"            [_thread_blocked, id=16104, stack(0x000000b61e900000,0x000000b61ea00000) (1024K)]
  0x0000029420f547c0 JavaThread "Daemon"                            [_thread_blocked, id=13224, stack(0x000000b61ea00000,0x000000b61eb00000) (1024K)]
  0x0000029420f240d0 JavaThread "Handler for socket connection from /127.0.0.1:60955 to /127.0.0.1:60956"        [_thread_in_native, id=18080, stack(0x000000b61eb00000,0x000000b61ec00000) (1024K)]
  0x0000029420d50a50 JavaThread "Cancel handler"                    [_thread_blocked, id=9972, stack(0x000000b61ec00000,0x000000b61ed00000) (1024K)]
  0x0000029420f0fe00 JavaThread "Daemon worker"                     [_thread_in_vm, id=4396, stack(0x000000b61ed00000,0x000000b61ee00000) (1024K)]
  0x0000029420f11ed0 JavaThread "Asynchronous log dispatcher for DefaultDaemonConnection: socket connection from /127.0.0.1:60955 to /127.0.0.1:60956"        [_thread_blocked, id=10364, stack(0x000000b61ee00000,0x000000b61ef00000) (1024K)]
  0x0000029420f12bf0 JavaThread "Stdin handler"                     [_thread_blocked, id=12264, stack(0x000000b61ef00000,0x000000b61f000000) (1024K)]
  0x0000029420f111b0 JavaThread "Daemon client event forwarder"        [_thread_blocked, id=16600, stack(0x000000b61f000000,0x000000b61f100000) (1024K)]
  0x0000029420f13280 JavaThread "Cache worker for journal cache (C:\Users\DELL\.gradle\caches\journal-1)"        [_thread_blocked, id=15556, stack(0x000000b61f100000,0x000000b61f200000) (1024K)]
  0x0000029420f12560 JavaThread "File lock request listener"        [_thread_in_native, id=13740, stack(0x000000b61f200000,0x000000b61f300000) (1024K)]
  0x0000029420f10490 JavaThread "File lock release action executor"        [_thread_blocked, id=18020, stack(0x000000b61f300000,0x000000b61f400000) (1024K)]
  0x0000029420f11840 JavaThread "Cache worker for file hash cache (C:\Users\DELL\.gradle\caches\9.3.1\fileHashes)"        [_thread_blocked, id=15536, stack(0x000000b61f400000,0x000000b61f500000) (1024K)]
  0x000002941f181600 JavaThread "Cache worker for file hash cache (C:\Users\DELL\Desktop\kavachsecurecom\android-app\.gradle\9.3.1\fileHashes)"        [_thread_blocked, id=19244, stack(0x000000b61f500000,0x000000b61f600000) (1024K)]
  0x000002941f184a80 JavaThread "Cache worker for Build Output Cleanup Cache (C:\Users\DELL\Desktop\kavachsecurecom\android-app\.gradle\buildOutputCleanup)"        [_thread_blocked, id=17820, stack(0x000000b61f600000,0x000000b61f700000) (1024K)]
  0x000002941f1808e0 JavaThread "File watcher server"        daemon [_thread_in_native, id=11928, stack(0x000000b61f700000,0x000000b61f800000) (1024K)]
  0x000002941f180f70 JavaThread "File watcher consumer"      daemon [_thread_blocked, id=7812, stack(0x000000b61f800000,0x000000b61f900000) (1024K)]
  0x000002941f181c90 JavaThread "jar transforms"                    [_thread_blocked, id=18800, stack(0x000000b61f900000,0x000000b61fa00000) (1024K)]
  0x000002941f185110 JavaThread "jar transforms Thread 2"           [_thread_blocked, id=16424, stack(0x000000b61fa00000,0x000000b61fb00000) (1024K)]
  0x000002941f1864c0 JavaThread "Cache worker for checksums cache (C:\Users\DELL\Desktop\kavachsecurecom\android-app\.gradle\9.3.1\checksums)"        [_thread_blocked, id=9512, stack(0x000000b61fb00000,0x000000b61fc00000) (1024K)]
  0x000002941f1829b0 JavaThread "Cache worker for file content cache (C:\Users\DELL\.gradle\caches\9.3.1\fileContent)"        [_thread_blocked, id=13000, stack(0x000000b61fc00000,0x000000b61fd00000) (1024K)]
  0x000002941f185e30 JavaThread "Cache worker for cache directory md-supplier (C:\Users\DELL\.gradle\caches\9.3.1\md-supplier)"        [_thread_blocked, id=17924, stack(0x000000b61fd00000,0x000000b61fe00000) (1024K)]
  0x000002941f183040 JavaThread "Cache worker for cache directory md-rule (C:\Users\DELL\.gradle\caches\9.3.1\md-rule)"        [_thread_blocked, id=8944, stack(0x000000b61fe00000,0x000000b61ff00000) (1024K)]
  0x000002941f186b50 JavaThread "jar transforms Thread 3"           [_thread_blocked, id=7400, stack(0x000000b61ff00000,0x000000b620000000) (1024K)]
  0x000002941f1871e0 JavaThread "jar transforms Thread 4"           [_thread_blocked, id=12444, stack(0x000000b620000000,0x000000b620100000) (1024K)]
  0x000002941f182320 JavaThread "Unconstrained build operations"        [_thread_blocked, id=18888, stack(0x000000b620100000,0x000000b620200000) (1024K)]
  0x000002941f180250 JavaThread "Unconstrained build operations Thread 2"        [_thread_blocked, id=18084, stack(0x000000b620200000,0x000000b620300000) (1024K)]
  0x000002941f187870 JavaThread "Unconstrained build operations Thread 3"        [_thread_blocked, id=1484, stack(0x000000b620300000,0x000000b620400000) (1024K)]
  0x00000294232e55b0 JavaThread "Unconstrained build operations Thread 4"        [_thread_blocked, id=10356, stack(0x000000b620400000,0x000000b620500000) (1024K)]
  0x00000294232e27c0 JavaThread "Unconstrained build operations Thread 5"        [_thread_blocked, id=15288, stack(0x000000b620500000,0x000000b620600000) (1024K)]
  0x00000294232e6960 JavaThread "Unconstrained build operations Thread 6"        [_thread_blocked, id=8552, stack(0x000000b620600000,0x000000b620700000) (1024K)]
Total: 43

Other Threads:
  0x000002946993fb70 VMThread "VM Thread"                           [id=1136, stack(0x000000b61d900000,0x000000b61da00000) (1024K)]
  0x000002946992a9b0 WatcherThread "VM Periodic Task Thread"        [id=12628, stack(0x000000b61d800000,0x000000b61d900000) (1024K)]
  0x000002944a2cdff0 WorkerThread "GC Thread#0"                     [id=18972, stack(0x000000b61d300000,0x000000b61d400000) (1024K)]
  0x000002941f368b20 WorkerThread "GC Thread#1"                     [id=14472, stack(0x000000b61e400000,0x000000b61e500000) (1024K)]
  0x000002941f42a820 WorkerThread "GC Thread#2"                     [id=2216, stack(0x000000b61e500000,0x000000b61e600000) (1024K)]
  0x000002941f42abd0 WorkerThread "GC Thread#3"                     [id=12864, stack(0x000000b61e600000,0x000000b61e700000) (1024K)]
  0x000002944c371510 ConcurrentGCThread "G1 Main Marker"            [id=5996, stack(0x000000b61d400000,0x000000b61d500000) (1024K)]
  0x000002944c371dd0 WorkerThread "G1 Conc#0"                       [id=15024, stack(0x000000b61d500000,0x000000b61d600000) (1024K)]
  0x000002944c3cdfb0 ConcurrentGCThread "G1 Refine#0"               [id=17136, stack(0x000000b61d600000,0x000000b61d700000) (1024K)]
  0x000002944c3ce8e0 ConcurrentGCThread "G1 Service"                [id=13900, stack(0x000000b61d700000,0x000000b61d800000) (1024K)]
Total: 10

Threads with active compile tasks:
C2 CompilerThread0  47684 8945       4       java.lang.PublicMethods::merge (81 bytes)
Total: 1

VM state: not at safepoint (normal execution)

VM Mutex/Monitor currently owned by a thread:  ([mutex/lock_event])
[0x00007ffb7c6cce90] Metaspace_lock - owner thread: 0x0000029420f0fe00

Heap address: 0x0000000080000000, size: 2048 MB, Compressed Oops mode: 32-bit

CDS archive(s) mapped at: [0x0000029400000000-0x0000029400c60000-0x0000029400c60000), size 12976128, SharedBaseAddress: 0x0000029400000000, ArchiveRelocationMode: 1.
Compressed class space mapped at: 0x0000029401000000-0x000002941b000000, reserved size: 436207616
Narrow klass base: 0x0000029400000000, Narrow klass shift: 0, Narrow klass range: 0x1b000000

GC Precious Log:
 CardTable entry size: 512
 Card Set container configuration: InlinePtr #cards 5 size 8 Array Of Cards #cards 12 size 40 Howl #buckets 4 coarsen threshold 1843 Howl Bitmap #cards 512 size 80 coarsen threshold 460 Card regions per heap region 1 cards per card region 2048
 CPUs: 4 total, 4 available
 Memory: 3862M
 Large Page Support: Disabled
 NUMA Support: Disabled
 Compressed Oops: Enabled (32-bit)
 Heap Region Size: 1M
 Heap Min Capacity: 8M
 Heap Initial Capacity: 62M
 Heap Max Capacity: 2G
 Pre-touch: Disabled
 Parallel Workers: 4
 Concurrent Workers: 1
 Concurrent Refinement Workers: 4
 Periodic GC: Disabled

Heap:
 garbage-first heap   total reserved 2097152K, committed 87040K, used 68801K [0x0000000080000000, 0x0000000100000000)
  region size 1024K, 20 young (20480K), 4 survivors (4096K)
 Metaspace       used 57632K, committed 59712K, reserved 491520K
  class space    used 8426K, committed 9472K, reserved 425984K

Heap Regions: E=young(eden), S=young(survivor), O=old, HS=humongous(starts), HC=humongous(continues), CS=collection set, F=free, TAMS=top-at-mark-start, PB=parsable bottom
|   0|0x0000000080000000, 0x0000000080100000, 0x0000000080100000|100%|HS|  |TAMS 0x0000000080000000| PB 0x0000000080000000| Complete |  0
|   1|0x0000000080100000, 0x0000000080200000, 0x0000000080200000|100%|HC|  |TAMS 0x0000000080100000| PB 0x0000000080100000| Complete |  0
|   2|0x0000000080200000, 0x0000000080300000, 0x0000000080300000|100%|HC|  |TAMS 0x0000000080200000| PB 0x0000000080200000| Complete |  0
|   3|0x0000000080300000, 0x0000000080400000, 0x0000000080400000|100%|HC|  |TAMS 0x0000000080300000| PB 0x0000000080300000| Complete |  0
|   4|0x0000000080400000, 0x0000000080500000, 0x0000000080500000|100%| O|  |TAMS 0x0000000080400000| PB 0x0000000080400000| Untracked |  0
|   5|0x0000000080500000, 0x0000000080600000, 0x0000000080600000|100%| O|  |TAMS 0x0000000080500000| PB 0x0000000080500000| Untracked |  0
|   6|0x0000000080600000, 0x0000000080700000, 0x0000000080700000|100%| O|  |TAMS 0x0000000080600000| PB 0x0000000080600000| Untracked |  0
|   7|0x0000000080700000, 0x0000000080800000, 0x0000000080800000|100%| O|  |TAMS 0x0000000080700000| PB 0x0000000080700000| Untracked |  0
|   8|0x0000000080800000, 0x0000000080900000, 0x0000000080900000|100%|HS|  |TAMS 0x0000000080800000| PB 0x0000000080800000| Complete |  0
|   9|0x0000000080900000, 0x0000000080a00000, 0x0000000080a00000|100%| O|  |TAMS 0x0000000080900000| PB 0x0000000080900000| Untracked |  0
|  10|0x0000000080a00000, 0x0000000080b00000, 0x0000000080b00000|100%| O|  |TAMS 0x0000000080a00000| PB 0x0000000080a00000| Untracked |  0
|  11|0x0000000080b00000, 0x0000000080c00000, 0x0000000080c00000|100%| O|  |TAMS 0x0000000080b00000| PB 0x0000000080b00000| Untracked |  0
|  12|0x0000000080c00000, 0x0000000080d00000, 0x0000000080d00000|100%| O|  |TAMS 0x0000000080c00000| PB 0x0000000080c00000| Untracked |  0
|  13|0x0000000080d00000, 0x0000000080e00000, 0x0000000080e00000|100%| O|  |TAMS 0x0000000080d00000| PB 0x0000000080d00000| Untracked |  0
|  14|0x0000000080e00000, 0x0000000080f00000, 0x0000000080f00000|100%| O|  |TAMS 0x0000000080e00000| PB 0x0000000080e00000| Untracked |  0
|  15|0x0000000080f00000, 0x0000000081000000, 0x0000000081000000|100%| O|  |TAMS 0x0000000080f00000| PB 0x0000000080f00000| Untracked |  0
|  16|0x0000000081000000, 0x0000000081100000, 0x0000000081100000|100%| O|  |TAMS 0x0000000081000000| PB 0x0000000081000000| Untracked |  0
|  17|0x0000000081100000, 0x0000000081200000, 0x0000000081200000|100%| O|  |TAMS 0x0000000081100000| PB 0x0000000081100000| Untracked |  0
|  18|0x0000000081200000, 0x0000000081300000, 0x0000000081300000|100%| O|  |TAMS 0x0000000081200000| PB 0x0000000081200000| Untracked |  0
|  19|0x0000000081300000, 0x0000000081400000, 0x0000000081400000|100%| O|  |TAMS 0x0000000081300000| PB 0x0000000081300000| Untracked |  0
|  20|0x0000000081400000, 0x0000000081500000, 0x0000000081500000|100%| O|  |TAMS 0x0000000081400000| PB 0x0000000081400000| Untracked |  0
|  21|0x0000000081500000, 0x0000000081600000, 0x0000000081600000|100%| O|  |TAMS 0x0000000081500000| PB 0x0000000081500000| Untracked |  0
|  22|0x0000000081600000, 0x0000000081700000, 0x0000000081700000|100%| O|  |TAMS 0x0000000081600000| PB 0x0000000081600000| Untracked |  0
|  23|0x0000000081700000, 0x0000000081800000, 0x0000000081800000|100%| O|  |TAMS 0x0000000081700000| PB 0x0000000081700000| Untracked |  0
|  24|0x0000000081800000, 0x0000000081900000, 0x0000000081900000|100%| O|  |TAMS 0x0000000081800000| PB 0x0000000081800000| Untracked |  0
|  25|0x0000000081900000, 0x0000000081a00000, 0x0000000081a00000|100%| O|  |TAMS 0x0000000081900000| PB 0x0000000081900000| Untracked |  0
|  26|0x0000000081a00000, 0x0000000081b00000, 0x0000000081b00000|100%| O|  |TAMS 0x0000000081a00000| PB 0x0000000081a00000| Untracked |  0
|  27|0x0000000081b00000, 0x0000000081c00000, 0x0000000081c00000|100%| O|  |TAMS 0x0000000081b00000| PB 0x0000000081b00000| Untracked |  0
|  28|0x0000000081c00000, 0x0000000081d00000, 0x0000000081d00000|100%| O|  |TAMS 0x0000000081c00000| PB 0x0000000081c00000| Untracked |  0
|  29|0x0000000081d00000, 0x0000000081e00000, 0x0000000081e00000|100%| O|  |TAMS 0x0000000081d00000| PB 0x0000000081d00000| Untracked |  0
|  30|0x0000000081e00000, 0x0000000081f00000, 0x0000000081f00000|100%| O|  |TAMS 0x0000000081e00000| PB 0x0000000081e00000| Untracked |  0
|  31|0x0000000081f00000, 0x0000000082000000, 0x0000000082000000|100%| O|  |TAMS 0x0000000081f00000| PB 0x0000000081f00000| Untracked |  0
|  32|0x0000000082000000, 0x0000000082100000, 0x0000000082100000|100%| O|  |TAMS 0x0000000082000000| PB 0x0000000082000000| Untracked |  0
|  33|0x0000000082100000, 0x0000000082200000, 0x0000000082200000|100%| O|  |TAMS 0x0000000082100000| PB 0x0000000082100000| Untracked |  0
|  34|0x0000000082200000, 0x0000000082300000, 0x0000000082300000|100%| O|  |TAMS 0x0000000082200000| PB 0x0000000082200000| Untracked |  0
|  35|0x0000000082300000, 0x0000000082300000, 0x0000000082400000|  0%| F|  |TAMS 0x0000000082300000| PB 0x0000000082300000| Untracked |  0
|  36|0x0000000082400000, 0x0000000082500000, 0x0000000082500000|100%| O|  |TAMS 0x0000000082400000| PB 0x0000000082400000| Untracked |  0
|  37|0x0000000082500000, 0x0000000082600000, 0x0000000082600000|100%| O|  |TAMS 0x0000000082500000| PB 0x0000000082500000| Untracked |  0
|  38|0x0000000082600000, 0x0000000082700000, 0x0000000082700000|100%| O|  |TAMS 0x0000000082600000| PB 0x0000000082600000| Untracked |  0
|  39|0x0000000082700000, 0x0000000082800000, 0x0000000082800000|100%| O|  |TAMS 0x0000000082700000| PB 0x0000000082700000| Untracked |  0
|  40|0x0000000082800000, 0x0000000082900000, 0x0000000082900000|100%| O|  |TAMS 0x0000000082800000| PB 0x0000000082800000| Untracked |  0
|  41|0x0000000082900000, 0x0000000082a00000, 0x0000000082a00000|100%| O|  |TAMS 0x0000000082900000| PB 0x0000000082900000| Untracked |  0
|  42|0x0000000082a00000, 0x0000000082b00000, 0x0000000082b00000|100%| O|  |TAMS 0x0000000082a00000| PB 0x0000000082a00000| Untracked |  0
|  43|0x0000000082b00000, 0x0000000082bd4ad0, 0x0000000082c00000| 83%| O|  |TAMS 0x0000000082b00000| PB 0x0000000082b00000| Untracked |  0
|  44|0x0000000082c00000, 0x0000000082d00000, 0x0000000082d00000|100%| O|  |TAMS 0x0000000082c00000| PB 0x0000000082c00000| Untracked |  0
|  45|0x0000000082d00000, 0x0000000082e00000, 0x0000000082e00000|100%| O|  |TAMS 0x0000000082d00000| PB 0x0000000082d00000| Untracked |  0
|  46|0x0000000082e00000, 0x0000000082f00000, 0x0000000082f00000|100%| O|  |TAMS 0x0000000082e00000| PB 0x0000000082e00000| Untracked |  0
|  47|0x0000000082f00000, 0x0000000083000000, 0x0000000083000000|100%| O|  |TAMS 0x0000000082f00000| PB 0x0000000082f00000| Untracked |  0
|  48|0x0000000083000000, 0x0000000083100000, 0x0000000083100000|100%| O|  |TAMS 0x0000000083000000| PB 0x0000000083000000| Untracked |  0
|  49|0x0000000083100000, 0x0000000083200000, 0x0000000083200000|100%| O|  |TAMS 0x0000000083100000| PB 0x0000000083100000| Untracked |  0
|  50|0x0000000083200000, 0x0000000083200000, 0x0000000083300000|  0%| F|  |TAMS 0x0000000083200000| PB 0x0000000083200000| Untracked |  0
|  51|0x0000000083300000, 0x0000000083300000, 0x0000000083400000|  0%| F|  |TAMS 0x0000000083300000| PB 0x0000000083300000| Untracked |  0
|  52|0x0000000083400000, 0x0000000083400000, 0x0000000083500000|  0%| F|  |TAMS 0x0000000083400000| PB 0x0000000083400000| Untracked |  0
|  53|0x0000000083500000, 0x000000008355b940, 0x0000000083600000| 35%| S|CS|TAMS 0x0000000083500000| PB 0x0000000083500000| Complete |  0
|  54|0x0000000083600000, 0x0000000083700000, 0x0000000083700000|100%| S|CS|TAMS 0x0000000083600000| PB 0x0000000083600000| Complete |  0
|  55|0x0000000083700000, 0x0000000083800000, 0x0000000083800000|100%| S|CS|TAMS 0x0000000083700000| PB 0x0000000083700000| Complete |  0
|  56|0x0000000083800000, 0x0000000083900000, 0x0000000083900000|100%| S|CS|TAMS 0x0000000083800000| PB 0x0000000083800000| Complete |  0
|  57|0x0000000083900000, 0x0000000083900000, 0x0000000083a00000|  0%| F|  |TAMS 0x0000000083900000| PB 0x0000000083900000| Untracked |  0
|  58|0x0000000083a00000, 0x0000000083a00000, 0x0000000083b00000|  0%| F|  |TAMS 0x0000000083a00000| PB 0x0000000083a00000| Untracked |  0
|  59|0x0000000083b00000, 0x0000000083b00000, 0x0000000083c00000|  0%| F|  |TAMS 0x0000000083b00000| PB 0x0000000083b00000| Untracked |  0
|  60|0x0000000083c00000, 0x0000000083c00000, 0x0000000083d00000|  0%| F|  |TAMS 0x0000000083c00000| PB 0x0000000083c00000| Untracked |  0
|  61|0x0000000083d00000, 0x0000000083d00000, 0x0000000083e00000|  0%| F|  |TAMS 0x0000000083d00000| PB 0x0000000083d00000| Untracked |  0
|  62|0x0000000083e00000, 0x0000000083e00000, 0x0000000083f00000|  0%| F|  |TAMS 0x0000000083e00000| PB 0x0000000083e00000| Untracked |  0
|  63|0x0000000083f00000, 0x0000000083f00000, 0x0000000084000000|  0%| F|  |TAMS 0x0000000083f00000| PB 0x0000000083f00000| Untracked |  0
|  64|0x0000000084000000, 0x0000000084000000, 0x0000000084100000|  0%| F|  |TAMS 0x0000000084000000| PB 0x0000000084000000| Untracked |  0
|  65|0x0000000084100000, 0x0000000084100000, 0x0000000084200000|  0%| F|  |TAMS 0x0000000084100000| PB 0x0000000084100000| Untracked |  0
|  66|0x0000000084200000, 0x0000000084200000, 0x0000000084300000|  0%| F|  |TAMS 0x0000000084200000| PB 0x0000000084200000| Untracked |  0
|  67|0x0000000084300000, 0x0000000084300000, 0x0000000084400000|  0%| F|  |TAMS 0x0000000084300000| PB 0x0000000084300000| Untracked |  0
|  68|0x0000000084400000, 0x0000000084400000, 0x0000000084500000|  0%| F|  |TAMS 0x0000000084400000| PB 0x0000000084400000| Untracked |  0
|  69|0x0000000084500000, 0x00000000845aefc8, 0x0000000084600000| 68%| E|  |TAMS 0x0000000084500000| PB 0x0000000084500000| Complete |  0
|  70|0x0000000084600000, 0x0000000084700000, 0x0000000084700000|100%| E|CS|TAMS 0x0000000084600000| PB 0x0000000084600000| Complete |  0
|  71|0x0000000084700000, 0x0000000084800000, 0x0000000084800000|100%| E|CS|TAMS 0x0000000084700000| PB 0x0000000084700000| Complete |  0
|  72|0x0000000084800000, 0x0000000084900000, 0x0000000084900000|100%| E|CS|TAMS 0x0000000084800000| PB 0x0000000084800000| Complete |  0
|  73|0x0000000084900000, 0x0000000084a00000, 0x0000000084a00000|100%| E|CS|TAMS 0x0000000084900000| PB 0x0000000084900000| Complete |  0
|  74|0x0000000084a00000, 0x0000000084b00000, 0x0000000084b00000|100%| E|CS|TAMS 0x0000000084a00000| PB 0x0000000084a00000| Complete |  0
|  75|0x0000000084b00000, 0x0000000084c00000, 0x0000000084c00000|100%| E|CS|TAMS 0x0000000084b00000| PB 0x0000000084b00000| Complete |  0
|  76|0x0000000084c00000, 0x0000000084d00000, 0x0000000084d00000|100%| E|CS|TAMS 0x0000000084c00000| PB 0x0000000084c00000| Complete |  0
|  77|0x0000000084d00000, 0x0000000084dffff8, 0x0000000084e00000| 99%| E|CS|TAMS 0x0000000084d00000| PB 0x0000000084d00000| Complete |  0
|  78|0x0000000084e00000, 0x0000000084f00000, 0x0000000084f00000|100%| E|CS|TAMS 0x0000000084e00000| PB 0x0000000084e00000| Complete |  0
|  79|0x0000000084f00000, 0x0000000085000000, 0x0000000085000000|100%| E|CS|TAMS 0x0000000084f00000| PB 0x0000000084f00000| Complete |  0
|  80|0x0000000085000000, 0x0000000085100000, 0x0000000085100000|100%| E|CS|TAMS 0x0000000085000000| PB 0x0000000085000000| Complete |  0
|  81|0x0000000085100000, 0x0000000085200000, 0x0000000085200000|100%| E|CS|TAMS 0x0000000085100000| PB 0x0000000085100000| Complete |  0
|  82|0x0000000085200000, 0x0000000085300000, 0x0000000085300000|100%| E|CS|TAMS 0x0000000085200000| PB 0x0000000085200000| Complete |  0
|  83|0x0000000085300000, 0x0000000085400000, 0x0000000085400000|100%| E|CS|TAMS 0x0000000085300000| PB 0x0000000085300000| Complete |  0
|  84|0x0000000085400000, 0x0000000085500000, 0x0000000085500000|100%| E|CS|TAMS 0x0000000085400000| PB 0x0000000085400000| Complete |  0

Card table byte_map: [0x00000294650d0000,0x00000294654d0000] _byte_map_base: 0x0000029464cd0000

Marking Bits: (CMBitMap*) 0x000002944a2ce4b0
 Bits: [0x00000294654d0000, 0x00000294674d0000)

Polling page: 0x000002944a2e0000

Metaspace:

Usage:
  Non-class:     48.05 MB used.
      Class:      8.23 MB used.
       Both:     56.28 MB used.

Virtual space:
  Non-class space:       64.00 MB reserved,      49.06 MB ( 77%) committed,  1 nodes.
      Class space:      416.00 MB reserved,       9.25 MB (  2%) committed,  1 nodes.
             Both:      480.00 MB reserved,      58.31 MB ( 12%) committed. 

Chunk freelists:
   Non-Class:  14.75 MB
       Class:  6.68 MB
        Both:  21.43 MB

MaxMetaspaceSize: 512.00 MB
CompressedClassSpaceSize: 416.00 MB
Initial GC threshold: 21.00 MB
Current GC threshold: 96.56 MB
CDS: on
 - commit_granule_bytes: 65536.
 - commit_granule_words: 8192.
 - virtual_space_node_default_size: 8388608.
 - enlarge_chunks_in_place: 1.
 - use_allocation_guard: 0.


Internal statistics:

num_allocs_failed_limit: 3.
num_arena_births: 3530.
num_arena_deaths: 0.
num_vsnodes_births: 2.
num_vsnodes_deaths: 0.
num_space_committed: 933.
num_space_uncommitted: 0.
num_chunks_returned_to_freelist: 3.
num_chunks_taken_from_freelist: 6216.
num_chunk_merges: 3.
num_chunk_splits: 4040.
num_chunks_enlarged: 2517.
num_inconsistent_stats: 0.

CodeHeap 'non-profiled nmethods': size=120000Kb used=3923Kb max_used=3923Kb free=116076Kb
 bounds [0x000002945d7a0000, 0x000002945db80000, 0x0000029464cd0000]
CodeHeap 'profiled nmethods': size=120000Kb used=14923Kb max_used=14923Kb free=105077Kb
 bounds [0x0000029455cd0000, 0x0000029456b70000, 0x000002945d200000]
CodeHeap 'non-nmethods': size=5760Kb used=2290Kb max_used=2333Kb free=3469Kb
 bounds [0x000002945d200000, 0x000002945d470000, 0x000002945d7a0000]
 total_blobs=8612 nmethods=7813 adapters=702
 compilation: enabled
              stopped_count=0, restarted_count=0
 full_count=0

Compilation events (20 events):
Event: 46.478 Thread 0x0000029469993b70 nmethod 8935 0x0000029456b57b90 code [0x0000029456b57d60, 0x0000029456b58338]
Event: 46.579 Thread 0x0000029469993b70 8936       3       org.gradle.cache.internal.DefaultCrossBuildInMemoryCacheFactory$AbstractCrossBuildInMemoryCache$$Lambda/0x00000294011cc220::apply (13 bytes)
Event: 46.580 Thread 0x0000029469993b70 nmethod 8936 0x0000029456b58510 code [0x0000029456b586c0, 0x0000029456b58810]
Event: 46.580 Thread 0x0000029469993b70 8937       3       org.gradle.cache.internal.DefaultCrossBuildInMemoryCacheFactory$AbstractCrossBuildInMemoryCache::lambda$get$2 (34 bytes)
Event: 46.580 Thread 0x0000029469993b70 nmethod 8937 0x0000029456b58910 code [0x0000029456b58ba0, 0x0000029456b59980]
Event: 46.580 Thread 0x0000029469993b70 8938       3       org.gradle.cache.internal.DefaultCrossBuildInMemoryCacheFactory$AbstractCrossBuildInMemoryCache$$Lambda/0x00000294011cc460::<init> (20 bytes)
Event: 46.581 Thread 0x0000029469993b70 nmethod 8938 0x0000029456b59d90 code [0x0000029456b59f40, 0x0000029456b5a1c0]
Event: 46.674 Thread 0x0000029469993b70 8939   !   3       java.io.RandomAccessFile::close (69 bytes)
Event: 46.675 Thread 0x0000029469993b70 nmethod 8939 0x0000029456b5a290 code [0x0000029456b5a480, 0x0000029456b5a9b8]
Event: 47.131 Thread 0x0000029469993b70 8940       3       org.gradle.api.internal.collections.AbstractIterationOrderRetainingElementSource$Element::getValues (16 bytes)
Event: 47.131 Thread 0x0000029469993b70 nmethod 8940 0x0000029456b5ab90 code [0x0000029456b5ad40, 0x0000029456b5aed8]
Event: 47.176 Thread 0x0000029469993b70 8941       3       com.google.common.collect.MapMakerInternalMap$AbstractStrongKeyEntry::<init> (15 bytes)
Event: 47.177 Thread 0x0000029469993b70 nmethod 8941 0x0000029456b5af90 code [0x0000029456b5b120, 0x0000029456b5b2e0]
Event: 47.196 Thread 0x0000029469993b70 8942       1       com.google.common.collect.MapMakerInternalMap$StrongKeyWeakValueEntry$LinkedStrongKeyWeakValueEntry::getNext (5 bytes)
Event: 47.197 Thread 0x0000029469993b70 nmethod 8942 0x000002945db73090 code [0x000002945db73220, 0x000002945db732e8]
Event: 47.287 Thread 0x00000294699930c0 8943       4       org.gradle.internal.reflect.PropertyAccessorType::of (99 bytes)
Event: 47.298 Thread 0x00000294699930c0 nmethod 8943 0x000002945db73390 code [0x000002945db73580, 0x000002945db73a38]
Event: 47.346 Thread 0x00000294699930c0 8944       4       org.codehaus.groovy.runtime.metaclass.MetaMethodIndex::isMatchingMethod (61 bytes)
Event: 47.350 Thread 0x00000294699930c0 nmethod 8944 0x000002945db73f10 code [0x000002945db740c0, 0x000002945db742d0]
Event: 47.368 Thread 0x00000294699930c0 8945       4       java.lang.PublicMethods::merge (81 bytes)

GC Heap History (20 events):
Event: 27.539 GC heap before
{Heap before GC invocations=22 (full 0):
 garbage-first heap   total reserved 2097152K, committed 66560K, used 58724K [0x0000000080000000, 0x0000000100000000)
  region size 1024K, 21 young (21504K), 3 survivors (3072K)
 Metaspace       used 49770K, committed 51648K, reserved 491520K
  class space    used 7374K, committed 8256K, reserved 425984K
}
Event: 27.545 GC heap after
{Heap after GC invocations=23 (full 0):
 garbage-first heap   total reserved 2097152K, committed 66560K, used 40648K [0x0000000080000000, 0x0000000100000000)
  region size 1024K, 2 young (2048K), 2 survivors (2048K)
 Metaspace       used 49770K, committed 51648K, reserved 491520K
  class space    used 7374K, committed 8256K, reserved 425984K
}
Event: 28.236 GC heap before
{Heap before GC invocations=23 (full 0):
 garbage-first heap   total reserved 2097152K, committed 66560K, used 59080K [0x0000000080000000, 0x0000000100000000)
  region size 1024K, 21 young (21504K), 2 survivors (2048K)
 Metaspace       used 52381K, committed 54272K, reserved 491520K
  class space    used 7763K, committed 8640K, reserved 425984K
}
Event: 28.241 GC heap after
{Heap after GC invocations=24 (full 0):
 garbage-first heap   total reserved 2097152K, committed 66560K, used 41270K [0x0000000080000000, 0x0000000100000000)
  region size 1024K, 2 young (2048K), 2 survivors (2048K)
 Metaspace       used 52381K, committed 54272K, reserved 491520K
  class space    used 7763K, committed 8640K, reserved 425984K
}
Event: 29.148 GC heap before
{Heap before GC invocations=25 (full 0):
 garbage-first heap   total reserved 2097152K, committed 70656K, used 59702K [0x0000000080000000, 0x0000000100000000)
  region size 1024K, 20 young (20480K), 2 survivors (2048K)
 Metaspace       used 53894K, committed 55744K, reserved 491520K
  class space    used 8019K, committed 8896K, reserved 425984K
}
Event: 29.156 GC heap after
{Heap after GC invocations=26 (full 0):
 garbage-first heap   total reserved 2097152K, committed 70656K, used 43406K [0x0000000080000000, 0x0000000100000000)
  region size 1024K, 3 young (3072K), 3 survivors (3072K)
 Metaspace       used 53894K, committed 55744K, reserved 491520K
  class space    used 8019K, committed 8896K, reserved 425984K
}
Event: 30.074 GC heap before
{Heap before GC invocations=26 (full 0):
 garbage-first heap   total reserved 2097152K, committed 70656K, used 61838K [0x0000000080000000, 0x0000000100000000)
  region size 1024K, 22 young (22528K), 3 survivors (3072K)
 Metaspace       used 55391K, committed 57408K, reserved 491520K
  class space    used 8257K, committed 9216K, reserved 425984K
}
Event: 30.080 GC heap after
{Heap after GC invocations=27 (full 0):
 garbage-first heap   total reserved 2097152K, committed 70656K, used 45014K [0x0000000080000000, 0x0000000100000000)
  region size 1024K, 2 young (2048K), 2 survivors (2048K)
 Metaspace       used 55391K, committed 57408K, reserved 491520K
  class space    used 8257K, committed 9216K, reserved 425984K
}
Event: 31.403 GC heap before
{Heap before GC invocations=27 (full 0):
 garbage-first heap   total reserved 2097152K, committed 70656K, used 63446K [0x0000000080000000, 0x0000000100000000)
  region size 1024K, 20 young (20480K), 2 survivors (2048K)
 Metaspace       used 56436K, committed 58432K, reserved 491520K
  class space    used 8380K, committed 9344K, reserved 425984K
}
Event: 31.410 GC heap after
{Heap after GC invocations=28 (full 0):
 garbage-first heap   total reserved 2097152K, committed 70656K, used 48108K [0x0000000080000000, 0x0000000100000000)
  region size 1024K, 3 young (3072K), 3 survivors (3072K)
 Metaspace       used 56436K, committed 58432K, reserved 491520K
  class space    used 8380K, committed 9344K, reserved 425984K
}
Event: 32.753 GC heap before
{Heap before GC invocations=29 (full 0):
 garbage-first heap   total reserved 2097152K, committed 80896K, used 62444K [0x0000000080000000, 0x0000000100000000)
  region size 1024K, 17 young (17408K), 3 survivors (3072K)
 Metaspace       used 56831K, committed 58816K, reserved 491520K
  class space    used 8392K, committed 9344K, reserved 425984K
}
Event: 32.762 GC heap after
{Heap after GC invocations=30 (full 0):
 garbage-first heap   total reserved 2097152K, committed 80896K, used 49923K [0x0000000080000000, 0x0000000100000000)
  region size 1024K, 2 young (2048K), 2 survivors (2048K)
 Metaspace       used 56831K, committed 58816K, reserved 491520K
  class space    used 8392K, committed 9344K, reserved 425984K
}
Event: 35.765 GC heap before
{Heap before GC invocations=30 (full 0):
 garbage-first heap   total reserved 2097152K, committed 80896K, used 71427K [0x0000000080000000, 0x0000000100000000)
  region size 1024K, 23 young (23552K), 2 survivors (2048K)
 Metaspace       used 57089K, committed 59136K, reserved 491520K
  class space    used 8392K, committed 9344K, reserved 425984K
}
Event: 35.771 GC heap after
{Heap after GC invocations=31 (full 0):
 garbage-first heap   total reserved 2097152K, committed 80896K, used 50904K [0x0000000080000000, 0x0000000100000000)
  region size 1024K, 2 young (2048K), 2 survivors (2048K)
 Metaspace       used 57089K, committed 59136K, reserved 491520K
  class space    used 8392K, committed 9344K, reserved 425984K
}
Event: 38.749 GC heap before
{Heap before GC invocations=31 (full 0):
 garbage-first heap   total reserved 2097152K, committed 80896K, used 71384K [0x0000000080000000, 0x0000000100000000)
  region size 1024K, 23 young (23552K), 2 survivors (2048K)
 Metaspace       used 57333K, committed 59328K, reserved 491520K
  class space    used 8392K, committed 9344K, reserved 425984K
}
Event: 38.753 GC heap after
{Heap after GC invocations=32 (full 0):
 garbage-first heap   total reserved 2097152K, committed 80896K, used 51720K [0x0000000080000000, 0x0000000100000000)
  region size 1024K, 2 young (2048K), 2 survivors (2048K)
 Metaspace       used 57333K, committed 59328K, reserved 491520K
  class space    used 8392K, committed 9344K, reserved 425984K
}
Event: 41.528 GC heap before
{Heap before GC invocations=33 (full 0):
 garbage-first heap   total reserved 2097152K, committed 87040K, used 72200K [0x0000000080000000, 0x0000000100000000)
  region size 1024K, 23 young (23552K), 2 survivors (2048K)
 Metaspace       used 57441K, committed 59456K, reserved 491520K
  class space    used 8392K, committed 9344K, reserved 425984K
}
Event: 41.532 GC heap after
{Heap after GC invocations=34 (full 0):
 garbage-first heap   total reserved 2097152K, committed 87040K, used 52657K [0x0000000080000000, 0x0000000100000000)
  region size 1024K, 2 young (2048K), 2 survivors (2048K)
 Metaspace       used 57441K, committed 59456K, reserved 491520K
  class space    used 8392K, committed 9344K, reserved 425984K
}
Event: 44.890 GC heap before
{Heap before GC invocations=34 (full 0):
 garbage-first heap   total reserved 2097152K, committed 87040K, used 78257K [0x0000000080000000, 0x0000000100000000)
  region size 1024K, 28 young (28672K), 2 survivors (2048K)
 Metaspace       used 57455K, committed 59456K, reserved 491520K
  class space    used 8393K, committed 9344K, reserved 425984K
}
Event: 44.899 GC heap after
{Heap after GC invocations=35 (full 0):
 garbage-first heap   total reserved 2097152K, committed 87040K, used 53441K [0x0000000080000000, 0x0000000100000000)
  region size 1024K, 4 young (4096K), 4 survivors (4096K)
 Metaspace       used 57455K, committed 59456K, reserved 491520K
  class space    used 8393K, committed 9344K, reserved 425984K
}

Dll operation events (15 events):
Event: 0.053 Loaded shared library C:\Program Files\OpenLogic\jdk-22.0.2.9-hotspot\bin\java.dll
Event: 0.210 Loaded shared library C:\Program Files\OpenLogic\jdk-22.0.2.9-hotspot\bin\jsvml.dll
Event: 0.390 Loaded shared library C:\Program Files\OpenLogic\jdk-22.0.2.9-hotspot\bin\zip.dll
Event: 0.399 Loaded shared library C:\Program Files\OpenLogic\jdk-22.0.2.9-hotspot\bin\instrument.dll
Event: 0.411 Loaded shared library C:\Program Files\OpenLogic\jdk-22.0.2.9-hotspot\bin\net.dll
Event: 0.428 Loaded shared library C:\Program Files\OpenLogic\jdk-22.0.2.9-hotspot\bin\nio.dll
Event: 0.435 Loaded shared library C:\Program Files\OpenLogic\jdk-22.0.2.9-hotspot\bin\zip.dll
Event: 1.161 Loaded shared library C:\Program Files\OpenLogic\jdk-22.0.2.9-hotspot\bin\jimage.dll
Event: 1.984 Loaded shared library C:\Program Files\OpenLogic\jdk-22.0.2.9-hotspot\bin\verify.dll
Event: 2.093 Loaded shared library C:\Users\DELL\.gradle\native\660c5614fbf4a5f2a75b1949f50a0caf5cd603558e7d8a26e50b933a0cfb79d1\windows-amd64\native-platform.dll
Event: 2.130 Loaded shared library C:\Users\DELL\.gradle\native\0.2.8\x86_64-windows-gnu\gradle-fileevents.dll
Event: 4.379 Loaded shared library C:\Program Files\OpenLogic\jdk-22.0.2.9-hotspot\bin\management.dll
Event: 4.387 Loaded shared library C:\Program Files\OpenLogic\jdk-22.0.2.9-hotspot\bin\management_ext.dll
Event: 4.671 Loaded shared library C:\Program Files\OpenLogic\jdk-22.0.2.9-hotspot\bin\extnet.dll
Event: 5.151 Loaded shared library C:\Program Files\OpenLogic\jdk-22.0.2.9-hotspot\bin\sunmscapi.dll

Deoptimization events (20 events):
Event: 35.203 Thread 0x0000029420f0fe00 Uncommon trap: trap_request=0xffffffde fr.pc=0x000002945d8d3268 relative=0x0000000000000e68
Event: 35.203 Thread 0x0000029420f0fe00 Uncommon trap: reason=class_check action=maybe_recompile pc=0x000002945d8d3268 method=java.util.concurrent.ConcurrentHashMap.putVal(Ljava/lang/Object;Ljava/lang/Object;Z)Ljava/lang/Object; @ 242 c2
Event: 35.203 Thread 0x0000029420f0fe00 DEOPT PACKING pc=0x000002945d8d3268 sp=0x000000b61edf6880
Event: 35.204 Thread 0x0000029420f0fe00 DEOPT UNPACKING pc=0x000002945d257da2 sp=0x000000b61edf67f0 mode 2
Event: 38.907 Thread 0x0000029420f0fe00 DEOPT PACKING pc=0x00000294568e3f3c sp=0x000000b61edf50b0
Event: 38.907 Thread 0x0000029420f0fe00 DEOPT UNPACKING pc=0x000002945d2588e2 sp=0x000000b61edf4540 mode 0
Event: 39.928 Thread 0x0000029420f0fe00 DEOPT PACKING pc=0x00000294560f5b99 sp=0x000000b61edf4ed0
Event: 39.928 Thread 0x0000029420f0fe00 DEOPT UNPACKING pc=0x000002945d2588e2 sp=0x000000b61edf4398 mode 0
Event: 43.034 Thread 0x0000029420f0fe00 Uncommon trap: trap_request=0xffffff45 fr.pc=0x000002945d92e730 relative=0x0000000000000ff0
Event: 43.034 Thread 0x0000029420f0fe00 Uncommon trap: reason=unstable_if action=reinterpret pc=0x000002945d92e730 method=java.util.concurrent.locks.ReentrantLock$FairSync.tryAcquire(I)Z @ 4 c2
Event: 43.035 Thread 0x0000029420f0fe00 DEOPT PACKING pc=0x000002945d92e730 sp=0x000000b61edf33d0
Event: 43.035 Thread 0x0000029420f0fe00 DEOPT UNPACKING pc=0x000002945d257da2 sp=0x000000b61edf3340 mode 2
Event: 43.175 Thread 0x0000029420f0fe00 Uncommon trap: trap_request=0xfffffff4 fr.pc=0x000002945db55b70 relative=0x0000000000000210
Event: 43.175 Thread 0x0000029420f0fe00 Uncommon trap: reason=null_check action=make_not_entrant pc=0x000002945db55b70 method=org.gradle.tooling.internal.provider.runner.ClientBuildEventGenerator$Enabled.accept(Lorg/gradle/internal/operations/BuildOperationDescriptor;)Lorg/gradle/tooling/intern
Event: 43.175 Thread 0x0000029420f0fe00 DEOPT PACKING pc=0x000002945db55b70 sp=0x000000b61edf6710
Event: 43.175 Thread 0x0000029420f0fe00 DEOPT UNPACKING pc=0x000002945d257da2 sp=0x000000b61edf6698 mode 2
Event: 46.622 Thread 0x0000029420f0fe00 Uncommon trap: trap_request=0xffffffdc fr.pc=0x000002945dafb0f8 relative=0x00000000000002b8
Event: 46.624 Thread 0x0000029420f0fe00 Uncommon trap: reason=class_check action=make_not_entrant pc=0x000002945dafb0f8 method=java.util.ArrayList.toArray([Ljava/lang/Object;)[Ljava/lang/Object; @ 21 c2
Event: 46.624 Thread 0x0000029420f0fe00 DEOPT PACKING pc=0x000002945dafb0f8 sp=0x000000b61edf6cd0
Event: 46.624 Thread 0x0000029420f0fe00 DEOPT UNPACKING pc=0x000002945d257da2 sp=0x000000b61edf6ca0 mode 2

Classes loaded (20 events):
Event: 46.874 Loading class java/util/AbstractList$ListItr
Event: 46.879 Loading class java/util/AbstractList$ListItr done
Event: 47.320 Loading class java/util/function/DoubleBinaryOperator
Event: 47.331 Loading class java/util/function/DoubleBinaryOperator done
Event: 47.331 Loading class java/util/function/LongBinaryOperator
Event: 47.333 Loading class java/util/function/LongBinaryOperator done
Event: 47.333 Loading class java/util/function/IntToDoubleFunction
Event: 47.335 Loading class java/util/function/IntToDoubleFunction done
Event: 47.336 Loading class java/util/function/IntUnaryOperator
Event: 47.337 Loading class java/util/function/IntUnaryOperator done
Event: 47.337 Loading class java/util/function/IntToLongFunction
Event: 47.338 Loading class java/util/function/IntToLongFunction done
Event: 47.351 Loading class java/util/ArraysBeanInfo
Event: 47.351 Loading class java/util/ArraysBeanInfo done
Event: 47.354 Loading class java/util/ArraysBeanInfo
Event: 47.354 Loading class java/util/ArraysBeanInfo done
Event: 47.354 Loading class java/util/ArraysCustomizer
Event: 47.355 Loading class java/util/ArraysCustomizer done
Event: 47.358 Loading class java/util/ArraysCustomizer
Event: 47.358 Loading class java/util/ArraysCustomizer done

Classes unloaded (0 events):
No events

Classes redefined (0 events):
No events

Internal exceptions (20 events):
Event: 29.415 Thread 0x0000029420f0fe00 Exception <a 'java/lang/ClassNotFoundException'{0x0000000084071460}: org/gradle/api/internal/plugins/DefaultObjectConfigurationActionBeanInfo> (0x0000000084071460) 
thrown [s\src\hotspot\share\classfile\systemDictionary.cpp, line 313]
Event: 29.415 Thread 0x0000029420f0fe00 Exception <a 'java/lang/ClassNotFoundException'{0x000000008407f778}: org/gradle/api/internal/plugins/DefaultObjectConfigurationActionCustomizer> (0x000000008407f778) 
thrown [s\src\hotspot\share\classfile\systemDictionary.cpp, line 313]
Event: 29.507 Thread 0x0000029420f0fe00 Exception <a 'java/lang/NoSuchMethodError'{0x0000000083fbfd90}: 'java.lang.Object java.lang.invoke.DirectMethodHandle$Holder.invokeVirtual(java.lang.Object, java.lang.Object, java.lang.Object, java.lang.Object, java.lang.Object, java.lang.Object, java.lang.Object, java.lang.Object, java.lang.Object, java.lang.Object, java.lang.Object, java.lang.Object, java.lang.Object, java.lang.Object, java.lang.Object, java.lang.Object, java.lang.Object)'> (0x0000000083fbfd90) 
thrown [s\src\hotspot\share\interpreter\li
Event: 29.507 Thread 0x0000029420f0fe00 Exception <a 'java/lang/NoSuchMethodError'{0x0000000083fc6828}: 'java.lang.Object java.lang.invoke.DirectMethodHandle$Holder.invokeSpecial(java.lang.Object, java.lang.Object, java.lang.Object, java.lang.Object, java.lang.Object, java.lang.Object, java.lang.Object, java.lang.Object, java.lang.Object, java.lang.Object, java.lang.Object, java.lang.Object, java.lang.Object, java.lang.Object, java.lang.Object, java.lang.Object, java.lang.Object, java.lang.Object)'> (0x0000000083fc6828) 
thrown [s\src\hotspot\sh
Event: 29.521 Thread 0x0000029420f0fe00 Exception <a 'java/lang/NoSuchMethodError'{0x0000000083fcc830}: 'java.lang.Object java.lang.invoke.DelegatingMethodHandle$Holder.reinvoke_L(java.lang.Object, java.lang.Object, java.lang.Object, java.lang.Object, java.lang.Object, java.lang.Object, java.lang.Object, java.lang.Object, java.lang.Object, java.lang.Object, java.lang.Object, java.lang.Object, java.lang.Object, java.lang.Object, java.lang.Object, java.lang.Object, java.lang.Object)'> (0x0000000083fcc830) 
thrown [s\src\hotspot\share\interpreter\l
Event: 29.602 Thread 0x0000029420f0fe00 Exception <a 'java/lang/NoSuchMethodError'{0x0000000083c12b20}: 'long java.lang.invoke.DirectMethodHandle$Holder.invokeStatic(java.lang.Object, long)'> (0x0000000083c12b20) 
thrown [s\src\hotspot\share\interpreter\linkResolver.cpp, line 774]
Event: 29.842 Thread 0x0000029420f0fe00 Exception <a 'java/lang/ClassNotFoundException'{0x000000008368a978}: java/lang/StringBeanInfo> (0x000000008368a978) 
thrown [s\src\hotspot\share\classfile\systemDictionary.cpp, line 313]
Event: 29.843 Thread 0x0000029420f0fe00 Exception <a 'java/lang/ClassNotFoundException'{0x0000000083696250}: java/lang/StringCustomizer> (0x0000000083696250) 
thrown [s\src\hotspot\share\classfile\systemDictionary.cpp, line 313]
Event: 29.897 Thread 0x0000029420f111b0 Exception <a 'java/lang/NoSuchMethodError'{0x00000000835b7810}: static Lorg/gradle/internal/build/event/types/DefaultProjectConfigurationDescriptor;.<clinit>()V> (0x00000000835b7810) 
thrown [s\src\hotspot\share\prims\jni.cpp, line 1111]
Event: 30.619 Thread 0x0000029420f0fe00 Exception <a 'java/lang/NoSuchMethodError'{0x0000000083ed47d0}: static Lorg/gradle/api/internal/catalog/DefaultVersionCatalog;.<clinit>()V> (0x0000000083ed47d0) 
thrown [s\src\hotspot\share\prims\jni.cpp, line 1111]
Event: 30.629 Thread 0x0000029420f0fe00 Exception <a 'java/lang/NoSuchMethodError'{0x0000000083d1f110}: static [Ljava/lang/Object;.<clinit>()V> (0x0000000083d1f110) 
thrown [s\src\hotspot\share\prims\jni.cpp, line 1111]
Event: 30.631 Thread 0x0000029420f0fe00 Exception <a 'java/lang/NoSuchMethodError'{0x0000000083d44228}: static Lorg/gradle/api/internal/catalog/DependencyModel;.<clinit>()V> (0x0000000083d44228) 
thrown [s\src\hotspot\share\prims\jni.cpp, line 1111]
Event: 30.631 Thread 0x0000029420f0fe00 Exception <a 'java/lang/NoSuchMethodError'{0x0000000083d482d8}: static Lorg/gradle/api/internal/catalog/AbstractContextAwareModel;.<clinit>()V> (0x0000000083d482d8) 
thrown [s\src\hotspot\share\prims\jni.cpp, line 1111]
Event: 30.632 Thread 0x0000029420f0fe00 Exception <a 'java/lang/NoSuchMethodError'{0x0000000083d60490}: static Lorg/gradle/api/internal/artifacts/dependencies/AbstractVersionConstraint;.<clinit>()V> (0x0000000083d60490) 
thrown [s\src\hotspot\share\prims\jni.cpp, line 1111]
Event: 30.636 Thread 0x0000029420f0fe00 Exception <a 'java/lang/NoSuchMethodError'{0x0000000083da6d10}: static Lorg/gradle/api/internal/catalog/PluginModel;.<clinit>()V> (0x0000000083da6d10) 
thrown [s\src\hotspot\share\prims\jni.cpp, line 1111]
Event: 30.637 Thread 0x0000029420f0fe00 Exception <a 'java/lang/NoSuchMethodError'{0x0000000083dbd2d8}: static Lorg/gradle/api/internal/catalog/VersionModel;.<clinit>()V> (0x0000000083dbd2d8) 
thrown [s\src\hotspot\share\prims\jni.cpp, line 1111]
Event: 31.421 Thread 0x0000029420f0fe00 Exception <a 'java/lang/IncompatibleClassChangeError'{0x0000000084425190}: Found class java.lang.Object, but interface was expected> (0x0000000084425190) 
thrown [s\src\hotspot\share\interpreter\linkResolver.cpp, line 841]
Event: 43.175 Thread 0x0000029420f0fe00 Implicit null exception at 0x000002945db559b2 to 0x000002945db55b64
Event: 47.354 Thread 0x0000029420f0fe00 Exception <a 'java/lang/ClassNotFoundException'{0x0000000084604e48}: java/util/ArraysBeanInfo> (0x0000000084604e48) 
thrown [s\src\hotspot\share\classfile\systemDictionary.cpp, line 313]
Event: 47.358 Thread 0x0000029420f0fe00 Exception <a 'java/lang/ClassNotFoundException'{0x000000008460dc18}: java/util/ArraysCustomizer> (0x000000008460dc18) 
thrown [s\src\hotspot\share\classfile\systemDictionary.cpp, line 313]

ZGC Phase Switch (0 events):
No events

VM Operations (20 events):
Event: 38.904 Executing VM operation: G1PauseCleanup
Event: 38.904 Executing VM operation: G1PauseCleanup done
Event: 39.913 Executing VM operation: Cleanup
Event: 39.913 Executing VM operation: Cleanup done
Event: 40.925 Executing VM operation: Cleanup
Event: 40.925 Executing VM operation: Cleanup done
Event: 41.528 Executing VM operation: G1CollectForAllocation (G1 Evacuation Pause)
Event: 41.532 Executing VM operation: G1CollectForAllocation (G1 Evacuation Pause) done
Event: 42.546 Executing VM operation: Cleanup
Event: 42.546 Executing VM operation: Cleanup done
Event: 43.550 Executing VM operation: Cleanup
Event: 43.550 Executing VM operation: Cleanup done
Event: 44.563 Executing VM operation: Cleanup
Event: 44.563 Executing VM operation: Cleanup done
Event: 44.889 Executing VM operation: G1CollectForAllocation (G1 Evacuation Pause)
Event: 44.899 Executing VM operation: G1CollectForAllocation (G1 Evacuation Pause) done
Event: 45.908 Executing VM operation: Cleanup
Event: 45.908 Executing VM operation: Cleanup done
Event: 46.912 Executing VM operation: Cleanup
Event: 46.927 Executing VM operation: Cleanup done

Memory protections (0 events):
No events

Nmethod flushes (20 events):
Event: 38.867 Thread 0x000002946993fb70 flushing  nmethod 0x0000029456291e10
Event: 38.867 Thread 0x000002946993fb70 flushing  nmethod 0x00000294562b8b10
Event: 38.867 Thread 0x000002946993fb70 flushing  nmethod 0x00000294562f3a90
Event: 38.867 Thread 0x000002946993fb70 flushing  nmethod 0x0000029456300c90
Event: 38.867 Thread 0x000002946993fb70 flushing  nmethod 0x0000029456307e10
Event: 38.867 Thread 0x000002946993fb70 flushing  nmethod 0x0000029456346190
Event: 38.867 Thread 0x000002946993fb70 flushing  nmethod 0x000002945636da90
Event: 38.867 Thread 0x000002946993fb70 flushing  nmethod 0x0000029456371590
Event: 38.867 Thread 0x000002946993fb70 flushing  nmethod 0x00000294563c1b90
Event: 38.867 Thread 0x000002946993fb70 flushing  nmethod 0x00000294563f7210
Event: 38.867 Thread 0x000002946993fb70 flushing  nmethod 0x00000294563f8a10
Event: 38.867 Thread 0x000002946993fb70 flushing  nmethod 0x00000294563f9110
Event: 38.867 Thread 0x000002946993fb70 flushing  nmethod 0x000002945642fb90
Event: 38.867 Thread 0x000002946993fb70 flushing  nmethod 0x00000294564e5110
Event: 38.867 Thread 0x000002946993fb70 flushing  nmethod 0x00000294566f8c90
Event: 38.867 Thread 0x000002946993fb70 flushing  nmethod 0x00000294566f9b90
Event: 38.867 Thread 0x000002946993fb70 flushing  nmethod 0x00000294566f9e90
Event: 38.867 Thread 0x000002946993fb70 flushing  nmethod 0x00000294566fae90
Event: 38.867 Thread 0x000002946993fb70 flushing  nmethod 0x00000294566fb310
Event: 38.867 Thread 0x000002946993fb70 flushing  nmethod 0x00000294566fd310

Events (20 events):
Event: 6.669 Thread 0x0000029420f12560 Thread added: 0x0000029420f10490
Event: 6.808 Thread 0x0000029420f0fe00 Thread added: 0x0000029420f11840
Event: 14.812 Thread 0x0000029420f0fe00 Thread added: 0x000002941f181600
Event: 14.868 Thread 0x0000029420f0fe00 Thread added: 0x000002941f184a80
Event: 15.948 Thread 0x0000029420f0fe00 Thread added: 0x000002941f1808e0
Event: 15.991 Thread 0x0000029420f0fe00 Thread added: 0x000002941f180f70
Event: 16.575 Thread 0x0000029420f0fe00 Thread added: 0x000002941f181c90
Event: 16.576 Thread 0x0000029420f0fe00 Thread added: 0x000002941f185110
Event: 19.107 Thread 0x0000029420f0fe00 Thread added: 0x000002941f1864c0
Event: 19.406 Thread 0x0000029420f0fe00 Thread added: 0x000002941f1829b0
Event: 20.394 Thread 0x0000029420f0fe00 Thread added: 0x000002941f185e30
Event: 20.733 Thread 0x0000029420f0fe00 Thread added: 0x000002941f183040
Event: 21.377 Thread 0x0000029420f0fe00 Thread added: 0x000002941f186b50
Event: 21.492 Thread 0x0000029420f0fe00 Thread added: 0x000002941f1871e0
Event: 25.958 Thread 0x0000029420f0fe00 Thread added: 0x000002941f182320
Event: 26.101 Thread 0x0000029420f0fe00 Thread added: 0x000002941f180250
Event: 26.292 Thread 0x0000029420f0fe00 Thread added: 0x000002941f187870
Event: 31.487 Thread 0x0000029420f0fe00 Thread added: 0x00000294232e55b0
Event: 31.895 Thread 0x0000029420f0fe00 Thread added: 0x00000294232e27c0
Event: 35.201 Thread 0x0000029420f0fe00 Thread added: 0x00000294232e6960


Dynamic libraries:
0x00007ff7abe20000 - 0x00007ff7abe2e000 	C:\Program Files\OpenLogic\jdk-22.0.2.9-hotspot\bin\java.exe
0x00007ffbe3470000 - 0x00007ffbe3668000 	C:\Windows\SYSTEM32\ntdll.dll
0x00007ffbe29e0000 - 0x00007ffbe2aa2000 	C:\Windows\System32\KERNEL32.DLL
0x00007ffbe0c80000 - 0x00007ffbe0f76000 	C:\Windows\System32\KERNELBASE.dll
0x00007ffbe0f80000 - 0x00007ffbe1080000 	C:\Windows\System32\ucrtbase.dll
0x00007ffbcefc0000 - 0x00007ffbcefdb000 	C:\Program Files\OpenLogic\jdk-22.0.2.9-hotspot\bin\VCRUNTIME140.dll
0x00007ffbceed0000 - 0x00007ffbceee7000 	C:\Program Files\OpenLogic\jdk-22.0.2.9-hotspot\bin\jli.dll
0x00007ffbe2ab0000 - 0x00007ffbe2c51000 	C:\Windows\System32\USER32.dll
0x00007ffbce3d0000 - 0x00007ffbce66b000 	C:\Windows\WinSxS\amd64_microsoft.windows.common-controls_6595b64144ccf1df_6.0.19041.6456_none_60b8a6cb71f64256\COMCTL32.dll
0x00007ffbe1220000 - 0x00007ffbe1242000 	C:\Windows\System32\win32u.dll
0x00007ffbe1490000 - 0x00007ffbe14bb000 	C:\Windows\System32\GDI32.dll
0x00007ffbe1100000 - 0x00007ffbe1219000 	C:\Windows\System32\gdi32full.dll
0x00007ffbe2fb0000 - 0x00007ffbe304e000 	C:\Windows\System32\msvcrt.dll
0x00007ffbe0b90000 - 0x00007ffbe0c2d000 	C:\Windows\System32\msvcp_win.dll
0x00007ffbe31a0000 - 0x00007ffbe31cf000 	C:\Windows\System32\IMM32.DLL
0x00007ffbcee40000 - 0x00007ffbcee4c000 	C:\Program Files\OpenLogic\jdk-22.0.2.9-hotspot\bin\vcruntime140_1.dll
0x00007ffbb7050000 - 0x00007ffbb70dd000 	C:\Program Files\OpenLogic\jdk-22.0.2.9-hotspot\bin\msvcp140.dll
0x00007ffb7b9e0000 - 0x00007ffb7c7b0000 	C:\Program Files\OpenLogic\jdk-22.0.2.9-hotspot\bin\server\jvm.dll
0x00007ffbe14c0000 - 0x00007ffbe1571000 	C:\Windows\System32\ADVAPI32.dll
0x00007ffbe15a0000 - 0x00007ffbe163f000 	C:\Windows\System32\sechost.dll
0x00007ffbe17f0000 - 0x00007ffbe1910000 	C:\Windows\System32\RPCRT4.dll
0x00007ffbe13b0000 - 0x00007ffbe13d7000 	C:\Windows\System32\bcrypt.dll
0x00007ffbe2d40000 - 0x00007ffbe2dab000 	C:\Windows\System32\WS2_32.dll
0x00007ffbc9c30000 - 0x00007ffbc9c57000 	C:\Windows\SYSTEM32\WINMM.dll
0x00007ffbd9910000 - 0x00007ffbd991a000 	C:\Windows\SYSTEM32\VERSION.dll
0x00007ffbe0960000 - 0x00007ffbe09ab000 	C:\Windows\SYSTEM32\POWRPROF.dll
0x00007ffbe0940000 - 0x00007ffbe0952000 	C:\Windows\SYSTEM32\UMPDC.dll
0x00007ffbdf2d0000 - 0x00007ffbdf2e2000 	C:\Windows\SYSTEM32\kernel.appcore.dll
0x00007ffbcee30000 - 0x00007ffbcee3a000 	C:\Program Files\OpenLogic\jdk-22.0.2.9-hotspot\bin\jimage.dll
0x00007ffbde6a0000 - 0x00007ffbde8a1000 	C:\Windows\SYSTEM32\DBGHELP.DLL
0x00007ffbb3290000 - 0x00007ffbb32c4000 	C:\Windows\SYSTEM32\dbgcore.DLL
0x00007ffbe0b00000 - 0x00007ffbe0b82000 	C:\Windows\System32\bcryptPrimitives.dll
0x00007ffbced70000 - 0x00007ffbced7e000 	C:\Program Files\OpenLogic\jdk-22.0.2.9-hotspot\bin\instrument.dll
0x00007ffbced50000 - 0x00007ffbced6e000 	C:\Program Files\OpenLogic\jdk-22.0.2.9-hotspot\bin\java.dll
0x00007ffbe1da0000 - 0x00007ffbe2510000 	C:\Windows\System32\SHELL32.dll
0x00007ffbe1c70000 - 0x00007ffbe1d9b000 	C:\Windows\System32\ole32.dll
0x00007ffbe1910000 - 0x00007ffbe1c64000 	C:\Windows\System32\combase.dll
0x00007ffbdeb10000 - 0x00007ffbdf2b5000 	C:\Windows\SYSTEM32\windows.storage.dll
0x00007ffbe0450000 - 0x00007ffbe047b000 	C:\Windows\SYSTEM32\Wldp.dll
0x00007ffbe2e30000 - 0x00007ffbe2efd000 	C:\Windows\System32\OLEAUT32.dll
0x00007ffbe2f00000 - 0x00007ffbe2fad000 	C:\Windows\System32\SHCORE.dll
0x00007ffbe32f0000 - 0x00007ffbe334b000 	C:\Windows\System32\shlwapi.dll
0x00007ffbe0a30000 - 0x00007ffbe0a54000 	C:\Windows\SYSTEM32\profapi.dll
0x00007ffbb6e40000 - 0x00007ffbb6f16000 	C:\Program Files\OpenLogic\jdk-22.0.2.9-hotspot\bin\jsvml.dll
0x00007ffbdaa90000 - 0x00007ffbdaaa7000 	C:\Program Files\OpenLogic\jdk-22.0.2.9-hotspot\bin\zip.dll
0x00007ffbdb490000 - 0x00007ffbdb4a0000 	C:\Program Files\OpenLogic\jdk-22.0.2.9-hotspot\bin\net.dll
0x00007ffbe0160000 - 0x00007ffbe01ca000 	C:\Windows\system32\mswsock.dll
0x00007ffbdaa60000 - 0x00007ffbdaa76000 	C:\Program Files\OpenLogic\jdk-22.0.2.9-hotspot\bin\nio.dll
0x00007ffbced40000 - 0x00007ffbced50000 	C:\Program Files\OpenLogic\jdk-22.0.2.9-hotspot\bin\verify.dll
0x00007ffbcee50000 - 0x00007ffbcee77000 	C:\Users\DELL\.gradle\native\660c5614fbf4a5f2a75b1949f50a0caf5cd603558e7d8a26e50b933a0cfb79d1\windows-amd64\native-platform.dll
0x00007ffbb70e0000 - 0x00007ffbb7157000 	C:\Users\DELL\.gradle\native\0.2.8\x86_64-windows-gnu\gradle-fileevents.dll
0x00007ffbce670000 - 0x00007ffbce679000 	C:\Program Files\OpenLogic\jdk-22.0.2.9-hotspot\bin\management.dll
0x00007ffbce3c0000 - 0x00007ffbce3cb000 	C:\Program Files\OpenLogic\jdk-22.0.2.9-hotspot\bin\management_ext.dll
0x00007ffbe1590000 - 0x00007ffbe1598000 	C:\Windows\System32\PSAPI.DLL
0x00007ffbdfe50000 - 0x00007ffbdfe8b000 	C:\Windows\SYSTEM32\IPHLPAPI.DLL
0x00007ffbe1580000 - 0x00007ffbe1588000 	C:\Windows\System32\NSI.dll
0x00007ffbce3b0000 - 0x00007ffbce3b9000 	C:\Program Files\OpenLogic\jdk-22.0.2.9-hotspot\bin\extnet.dll
0x00007ffbe0310000 - 0x00007ffbe0328000 	C:\Windows\SYSTEM32\CRYPTSP.dll
0x00007ffbdfa90000 - 0x00007ffbdfac8000 	C:\Windows\system32\rsaenh.dll
0x00007ffbe09b0000 - 0x00007ffbe09de000 	C:\Windows\SYSTEM32\USERENV.dll
0x00007ffbe0330000 - 0x00007ffbe033c000 	C:\Windows\SYSTEM32\CRYPTBASE.dll
0x00007ffbce3a0000 - 0x00007ffbce3ae000 	C:\Program Files\OpenLogic\jdk-22.0.2.9-hotspot\bin\sunmscapi.dll
0x00007ffbe1250000 - 0x00007ffbe13ad000 	C:\Windows\System32\CRYPT32.dll
0x00007ffbe04c0000 - 0x00007ffbe04e7000 	C:\Windows\SYSTEM32\ncrypt.dll
0x00007ffbe0480000 - 0x00007ffbe04bb000 	C:\Windows\SYSTEM32\NTASN1.dll
0x00007ffbda170000 - 0x00007ffbda177000 	C:\Windows\system32\wshunix.dll

dbghelp: loaded successfully - version: 4.0.5 - missing functions: none
symbol engine: initialized successfully - sym options: 0x614 - pdb path: .;C:\Program Files\OpenLogic\jdk-22.0.2.9-hotspot\bin;C:\Windows\SYSTEM32;C:\Windows\WinSxS\amd64_microsoft.windows.common-controls_6595b64144ccf1df_6.0.19041.6456_none_60b8a6cb71f64256;C:\Program Files\OpenLogic\jdk-22.0.2.9-hotspot\bin\server;C:\Users\DELL\.gradle\native\660c5614fbf4a5f2a75b1949f50a0caf5cd603558e7d8a26e50b933a0cfb79d1\windows-amd64;C:\Users\DELL\.gradle\native\0.2.8\x86_64-windows-gnu

VM Arguments:
jvm_args: --add-opens=java.base/java.lang=ALL-UNNAMED --add-opens=java.base/java.lang.invoke=ALL-UNNAMED --add-opens=java.base/java.util=ALL-UNNAMED --add-opens=java.prefs/java.util.prefs=ALL-UNNAMED --add-exports=jdk.compiler/com.sun.tools.javac.api=ALL-UNNAMED --add-exports=jdk.compiler/com.sun.tools.javac.util=ALL-UNNAMED --add-opens=java.base/java.util=ALL-UNNAMED --add-opens=java.prefs/java.util.prefs=ALL-UNNAMED --add-opens=java.base/java.nio.charset=ALL-UNNAMED --add-opens=java.base/java.net=ALL-UNNAMED --add-opens=java.base/java.util.concurrent=ALL-UNNAMED --add-opens=java.base/java.util.concurrent.atomic=ALL-UNNAMED --add-opens=java.xml/javax.xml.namespace=ALL-UNNAMED --add-opens=java.base/java.time=ALL-UNNAMED -XX:MaxMetaspaceSize=512m -Xmx2048m -Dfile.encoding=UTF-8 -Duser.country=IN -Duser.language=en -Duser.variant -javaagent:C:\Users\DELL\.gradle\wrapper\dists\gradle-9.3.1-bin\23ovyewtku6u96viwx3xl3oks\gradle-9.3.1\lib\agents\gradle-instrumentation-agent-9.3.1.jar 
java_command: org.gradle.launcher.daemon.bootstrap.GradleDaemon 9.3.1
java_class_path (initial): C:\Users\DELL\.gradle\wrapper\dists\gradle-9.3.1-bin\23ovyewtku6u96viwx3xl3oks\gradle-9.3.1\lib\gradle-daemon-main-9.3.1.jar
Launcher Type: SUN_STANDARD

[Global flags]
     intx CICompilerCount                          = 3                                         {product} {ergonomic}
   size_t CompressedClassSpaceSize                 = 436207616                                 {product} {ergonomic}
     uint ConcGCThreads                            = 1                                         {product} {ergonomic}
     uint G1ConcRefinementThreads                  = 4                                         {product} {ergonomic}
   size_t G1HeapRegionSize                         = 1048576                                   {product} {ergonomic}
   size_t InitialHeapSize                          = 65011712                                  {product} {ergonomic}
   size_t MarkStackSize                            = 4194304                                   {product} {ergonomic}
   size_t MaxHeapSize                              = 2147483648                                {product} {command line}
   size_t MaxMetaspaceSize                         = 536870912                                 {product} {command line}
   size_t MaxNewSize                               = 1287651328                                {product} {ergonomic}
   size_t MinHeapDeltaBytes                        = 1048576                                   {product} {ergonomic}
   size_t MinHeapSize                              = 8388608                                   {product} {ergonomic}
    uintx NonNMethodCodeHeapSize                   = 5832780                                {pd product} {ergonomic}
    uintx NonProfiledCodeHeapSize                  = 122912730                              {pd product} {ergonomic}
    uintx ProfiledCodeHeapSize                     = 122912730                              {pd product} {ergonomic}
    uintx ReservedCodeCacheSize                    = 251658240                              {pd product} {ergonomic}
     bool SegmentedCodeCache                       = true                                      {product} {ergonomic}
   size_t SoftMaxHeapSize                          = 2147483648                             {manageable} {ergonomic}
     bool UseCompressedOops                        = true                           {product lp64_product} {ergonomic}
     bool UseG1GC                                  = true                                      {product} {ergonomic}
     bool UseLargePagesIndividualAllocation        = false                                  {pd product} {ergonomic}

Logging:
Log output configuration:
 #0: stdout all=warning uptime,level,tags foldmultilines=false
 #1: stderr all=off uptime,level,tags foldmultilines=false

Environment Variables:
PATH=C:\Program Files\OpenLogic\jdk-22.0.2.9-hotspot\bin;C:\Windows\system32;C:\Windows;C:\Windows\System32\Wbem;C:\Windows\System32\WindowsPowerShell\v1.0\;C:\Windows\System32\OpenSSH\;C:\Program Files\dotnet\;C:\MinGW\bin;C:\Program Files\Git\cmd;C:\Users\DELL\AppData\Roaming\nvm;C:\Program Files\nodejs;C:\ProgramData\chocolatey\bin;C:\Program Files\nodejs\;C:\Users\DELL\AppData\Local\Programs\Python\Python313\Scripts;C:\Users\DELL\AppData\Local\Programs\Python\Python313\;C:\platform-tools;C:\MinGW\bin;C:\MinGW\bin;C:\Program Files\MySQL\MySQL Server 8.0\bin;C:\Users\DELL\AppData\Local\Programs\Python\Python310\Scripts\;C:\Users\DELL\AppData\Local\Programs\Python\Python310\;C:\Users\DELL\AppData\Local\Programs\Python\Python313\Scripts\;C:\Users\DELL\AppData\Local\Programs\Python\Python313\;C:\Users\DELL\AppData\Local\Programs\Python\Launcher\;C:\Users\DELL\AppData\Local\Microsoft\WindowsApps;C:\Users\DELL\AppData\Local\Programs\Microsoft VS Code\bin;C:\Users\DELL\AppData\Roaming\nvm;C:\Program Files\nodejs;C:\Users\DELL\AppData\Roaming\npm;C:\Program Files\heroku\bin;C:\Users\DELL\.dotnet\tools;C:\Users\DELL\Downloads\x64;C:\Users\DELL\AppData\Local\Programs\Python\Python310\;C:\Users\DELL\AppData\Local\Programs\Antigravity\bin
USERNAME=DELL
OS=Windows_NT
PROCESSOR_IDENTIFIER=Intel64 Family 6 Model 126 Stepping 5, GenuineIntel
TMP=C:\Users\DELL\AppData\Local\Temp
TEMP=C:\Users\DELL\AppData\Local\Temp




Periodic native trim disabled

---------------  S Y S T E M  ---------------

OS:
 Windows 10 , 64 bit Build 19041 (10.0.19041.5915)
OS uptime: 0 days 14:27 hours
Hyper-V role detected

CPU: total 4 (initial active 4) (2 cores per cpu, 2 threads per core) family 6 model 126 stepping 5 microcode 0xca, cx8, cmov, fxsr, ht, mmx, 3dnowpref, sse, sse2, sse3, ssse3, sse4.1, sse4.2, popcnt, lzcnt, tsc, tscinvbit, avx, avx2, aes, erms, clmul, bmi1, bmi2, adx, avx512f, avx512dq, avx512cd, avx512bw, avx512vl, sha, fma, vzeroupper, avx512_vpopcntdq, avx512_vpclmulqdq, avx512_vaes, avx512_vnni, clflush, clflushopt, avx512_vbmi2, avx512_vbmi, hv, rdtscp, rdpid, fsrm, gfni, avx512_bitalg, f16c, avx512_ifma
Processor Information for all 4 processors :
  Max Mhz: 1190, Current Mhz: 1190, Mhz Limit: 1190

Memory: 4k page, system-wide physical 3862M (422M free)
TotalPageFile size 15638M (AvailPageFile size 500M)
current process WorkingSet (physical memory assigned to process): 159M, peak: 213M
current process commit charge ("private bytes"): 292M, peak: 301M

vm_info: OpenJDK 64-Bit Server VM (22.0.2+9-adhoc.Administrator.jdk22u) for windows-amd64 JRE (22.0.2+9-adhoc.Administrator.jdk22u), built on 2024-10-10T20:22:04Z by "Administrator" with MS VC++ 16.10 / 16.11 (VS2019)

END.
