#
# There is insufficient memory for the Java Runtime Environment to continue.
# Native memory allocation (malloc) failed to allocate 1096976 bytes. Error detail: Chunk::new
# Possible reasons:
#   The system is out of physical RAM or swap space
#   This process is running with CompressedOops enabled, and the Java Heap may be blocking the growth of the native heap
# Possible solutions:
#   Reduce memory load on the system
#   Increase physical memory or swap space
#   Check if swap backing store is full
#   Decrease Java heap size (-Xmx/-Xms)
#   Decrease number of Java threads
#   Decrease Java thread stack sizes (-Xss)
#   Set larger code cache with -XX:ReservedCodeCacheSize=
#   JVM is running with Unscaled Compressed Oops mode in which the Java heap is
#     placed in the first 4GB address space. The Java Heap base address is the
#     maximum limit for the native heap growth. Please use -XX:HeapBaseMinAddress
#     to set the Java Heap base and to place the Java Heap above 4GB virtual address.
# This output file may be truncated or incomplete.
#
#  Out of Memory Error (arena.cpp:150), pid=692, tid=3348
#
# JRE version: OpenJDK Runtime Environment OpenLogic-OpenJDK (22.0.2+9) (build 22.0.2+9-adhoc.Administrator.jdk22u)
# Java VM: OpenJDK 64-Bit Server VM OpenLogic-OpenJDK (22.0.2+9-adhoc.Administrator.jdk22u, mixed mode, sharing, tiered, compressed oops, compressed class ptrs, g1 gc, windows-amd64)
# No core dump will be written. Minidumps are not enabled by default on client versions of Windows
#

---------------  S U M M A R Y ------------

Command Line: --add-opens=java.base/java.lang=ALL-UNNAMED --add-opens=java.base/java.lang.invoke=ALL-UNNAMED --add-opens=java.base/java.util=ALL-UNNAMED --add-opens=java.prefs/java.util.prefs=ALL-UNNAMED --add-exports=jdk.compiler/com.sun.tools.javac.api=ALL-UNNAMED --add-exports=jdk.compiler/com.sun.tools.javac.util=ALL-UNNAMED --add-opens=java.base/java.util=ALL-UNNAMED --add-opens=java.prefs/java.util.prefs=ALL-UNNAMED --add-opens=java.base/java.nio.charset=ALL-UNNAMED --add-opens=java.base/java.net=ALL-UNNAMED --add-opens=java.base/java.util.concurrent=ALL-UNNAMED --add-opens=java.base/java.util.concurrent.atomic=ALL-UNNAMED --add-opens=java.xml/javax.xml.namespace=ALL-UNNAMED --add-opens=java.base/java.time=ALL-UNNAMED -XX:MaxMetaspaceSize=256m -Xmx512m -Dfile.encoding=UTF-8 -Duser.country=IN -Duser.language=en -Duser.variant -javaagent:C:\Users\DELL\.gradle\wrapper\dists\gradle-9.3.1-bin\23ovyewtku6u96viwx3xl3oks\gradle-9.3.1\lib\agents\gradle-instrumentation-agent-9.3.1.jar org.gradle.launcher.daemon.bootstrap.GradleDaemon 9.3.1

Host: Intel(R) Core(TM) i3-1005G1 CPU @ 1.20GHz, 4 cores, 3G,  Windows 10 , 64 bit Build 19041 (10.0.19041.5915)
Time: Fri Mar 27 03:07:46 2026 India Standard Time elapsed time: 27.993846 seconds (0d 0h 0m 27s)

---------------  T H R E A D  ---------------

Current thread (0x000002c3122acfc0):  JavaThread "C2 CompilerThread0" daemon [_thread_in_native, id=3348, stack(0x000000f93be00000,0x000000f93bf00000) (1024K)]


Current CompileTask:
C2:27994 9849   !   4       org.jetbrains.kotlin.metadata.ProtoBuf$Type::<init> (875 bytes)

Stack: [0x000000f93be00000,0x000000f93bf00000]
Native frames: (J=compiled Java code, j=interpreted, Vv=VM code, C=native code)
V  [jvm.dll+0x6f7a89]  (no source info available)
V  [jvm.dll+0x8dbfe5]  (no source info available)
V  [jvm.dll+0x8de24e]  (no source info available)
V  [jvm.dll+0x8de933]  (no source info available)
V  [jvm.dll+0x28d206]  (no source info available)
V  [jvm.dll+0xc500f]  (no source info available)
V  [jvm.dll+0xc526b]  (no source info available)
V  [jvm.dll+0x3cbd21]  (no source info available)
V  [jvm.dll+0x39800d]  (no source info available)
V  [jvm.dll+0x39747a]  (no source info available)
V  [jvm.dll+0x253eb0]  (no source info available)
V  [jvm.dll+0x2536c1]  (no source info available)
V  [jvm.dll+0x1cee1a]  (no source info available)
V  [jvm.dll+0x263205]  (no source info available)
V  [jvm.dll+0x2614cb]  (no source info available)
V  [jvm.dll+0x407326]  (no source info available)
V  [jvm.dll+0x883518]  (no source info available)
V  [jvm.dll+0x6f6295]  (no source info available)
C  [ucrtbase.dll+0x21bb2]  (no source info available)
C  [KERNEL32.DLL+0x17374]  (no source info available)
C  [ntdll.dll+0x4cc91]  (no source info available)


---------------  P R O C E S S  ---------------

Threads class SMR info:
_java_thread_list=0x000002c329396580, length=42, elements={
0x000002c374b26bb0, 0x000002c312297ab0, 0x000002c374bed130, 0x000002c31229ad70,
0x000002c31229ba90, 0x000002c31229e0b0, 0x000002c31229f2b0, 0x000002c3122acfc0,
0x000002c3122b1a80, 0x000002c3124cdbd0, 0x000002c3126b3ff0, 0x000002c326852570,
0x000002c326809bf0, 0x000002c326871bb0, 0x000002c3268e8450, 0x000002c3268e8ac0,
0x000002c326b83f20, 0x000002c326b85960, 0x000002c326b83200, 0x000002c326b84c40,
0x000002c326b85ff0, 0x000002c326b82b70, 0x000002c326b852d0, 0x000002c326b83890,
0x000002c32848e580, 0x000002c32848be20, 0x000002c32848f2a0, 0x000002c32848b790,
0x000002c32848a3e0, 0x000002c328490650, 0x000002c32848aa70, 0x000002c32848c4b0,
0x000002c32848cb40, 0x000002c32848f930, 0x000002c32848d1d0, 0x000002c32848ffc0,
0x000002c32848def0, 0x000002c3284896c0, 0x000002c328489d50, 0x000002c3283f2090,
0x000002c3283effc0, 0x000002c3283f1370
}

Java Threads: ( => current thread )
  0x000002c374b26bb0 JavaThread "main"                              [_thread_blocked, id=15116, stack(0x000000f93b000000,0x000000f93b100000) (1024K)]
  0x000002c312297ab0 JavaThread "Reference Handler"          daemon [_thread_blocked, id=18600, stack(0x000000f93b800000,0x000000f93b900000) (1024K)]
  0x000002c374bed130 JavaThread "Finalizer"                  daemon [_thread_blocked, id=10152, stack(0x000000f93b900000,0x000000f93ba00000) (1024K)]
  0x000002c31229ad70 JavaThread "Signal Dispatcher"          daemon [_thread_blocked, id=1060, stack(0x000000f93ba00000,0x000000f93bb00000) (1024K)]
  0x000002c31229ba90 JavaThread "Attach Listener"            daemon [_thread_blocked, id=3540, stack(0x000000f93bb00000,0x000000f93bc00000) (1024K)]
  0x000002c31229e0b0 JavaThread "Service Thread"             daemon [_thread_blocked, id=17008, stack(0x000000f93bc00000,0x000000f93bd00000) (1024K)]
  0x000002c31229f2b0 JavaThread "Monitor Deflation Thread"   daemon [_thread_blocked, id=17496, stack(0x000000f93bd00000,0x000000f93be00000) (1024K)]
=>0x000002c3122acfc0 JavaThread "C2 CompilerThread0"         daemon [_thread_in_native, id=3348, stack(0x000000f93be00000,0x000000f93bf00000) (1024K)]
  0x000002c3122b1a80 JavaThread "C1 CompilerThread0"         daemon [_thread_blocked, id=12804, stack(0x000000f93bf00000,0x000000f93c000000) (1024K)]
  0x000002c3124cdbd0 JavaThread "Common-Cleaner"             daemon [_thread_blocked, id=5824, stack(0x000000f93c000000,0x000000f93c100000) (1024K)]
  0x000002c3126b3ff0 JavaThread "Notification Thread"        daemon [_thread_blocked, id=16664, stack(0x000000f93c100000,0x000000f93c200000) (1024K)]
  0x000002c326852570 JavaThread "Daemon health stats"               [_thread_blocked, id=4436, stack(0x000000f93c500000,0x000000f93c600000) (1024K)]
  0x000002c326809bf0 JavaThread "Incoming local TCP Connector on port 61428"        [_thread_in_native, id=17900, stack(0x000000f93c600000,0x000000f93c700000) (1024K)]
  0x000002c326871bb0 JavaThread "Daemon periodic checks"            [_thread_blocked, id=5264, stack(0x000000f93c700000,0x000000f93c800000) (1024K)]
  0x000002c3268e8450 JavaThread "Daemon"                            [_thread_blocked, id=19140, stack(0x000000f93c800000,0x000000f93c900000) (1024K)]
  0x000002c3268e8ac0 JavaThread "Handler for socket connection from /127.0.0.1:61428 to /127.0.0.1:61429"        [_thread_in_native, id=12100, stack(0x000000f93c900000,0x000000f93ca00000) (1024K)]
  0x000002c326b83f20 JavaThread "Cancel handler"                    [_thread_blocked, id=16796, stack(0x000000f93ca00000,0x000000f93cb00000) (1024K)]
  0x000002c326b85960 JavaThread "Daemon worker"                     [_thread_in_native, id=15252, stack(0x000000f93cb00000,0x000000f93cc00000) (1024K)]
  0x000002c326b83200 JavaThread "Asynchronous log dispatcher for DefaultDaemonConnection: socket connection from /127.0.0.1:61428 to /127.0.0.1:61429"        [_thread_blocked, id=2376, stack(0x000000f93cc00000,0x000000f93cd00000) (1024K)]
  0x000002c326b84c40 JavaThread "Stdin handler"                     [_thread_blocked, id=3608, stack(0x000000f93cd00000,0x000000f93ce00000) (1024K)]
  0x000002c326b85ff0 JavaThread "Daemon client event forwarder"        [_thread_blocked, id=18368, stack(0x000000f93ce00000,0x000000f93cf00000) (1024K)]
  0x000002c326b82b70 JavaThread "Cache worker for journal cache (C:\Users\DELL\.gradle\caches\journal-1)"        [_thread_blocked, id=19096, stack(0x000000f93cf00000,0x000000f93d000000) (1024K)]
  0x000002c326b852d0 JavaThread "File lock request listener"        [_thread_in_native, id=16072, stack(0x000000f93d000000,0x000000f93d100000) (1024K)]
  0x000002c326b83890 JavaThread "Cache worker for file hash cache (C:\Users\DELL\.gradle\caches\9.3.1\fileHashes)"        [_thread_blocked, id=9412, stack(0x000000f93d100000,0x000000f93d200000) (1024K)]
  0x000002c32848e580 JavaThread "Cache worker for file hash cache (C:\Users\DELL\Desktop\kavachsecurecom\android-app\.gradle\9.3.1\fileHashes)"        [_thread_blocked, id=1348, stack(0x000000f93d200000,0x000000f93d300000) (1024K)]
  0x000002c32848be20 JavaThread "Cache worker for Build Output Cleanup Cache (C:\Users\DELL\Desktop\kavachsecurecom\android-app\.gradle\buildOutputCleanup)"        [_thread_blocked, id=16280, stack(0x000000f93d300000,0x000000f93d400000) (1024K)]
  0x000002c32848f2a0 JavaThread "File watcher server"        daemon [_thread_in_native, id=448, stack(0x000000f93d400000,0x000000f93d500000) (1024K)]
  0x000002c32848b790 JavaThread "File watcher consumer"      daemon [_thread_blocked, id=4040, stack(0x000000f93d500000,0x000000f93d600000) (1024K)]
  0x000002c32848a3e0 JavaThread "jar transforms"                    [_thread_blocked, id=4008, stack(0x000000f93d600000,0x000000f93d700000) (1024K)]
  0x000002c328490650 JavaThread "jar transforms Thread 2"           [_thread_blocked, id=18224, stack(0x000000f93d700000,0x000000f93d800000) (1024K)]
  0x000002c32848aa70 JavaThread "Cache worker for checksums cache (C:\Users\DELL\Desktop\kavachsecurecom\android-app\.gradle\9.3.1\checksums)"        [_thread_blocked, id=8432, stack(0x000000f93d800000,0x000000f93d900000) (1024K)]
  0x000002c32848c4b0 JavaThread "Cache worker for file content cache (C:\Users\DELL\.gradle\caches\9.3.1\fileContent)"        [_thread_blocked, id=10708, stack(0x000000f93d900000,0x000000f93da00000) (1024K)]
  0x000002c32848cb40 JavaThread "Cache worker for cache directory md-supplier (C:\Users\DELL\.gradle\caches\9.3.1\md-supplier)"        [_thread_blocked, id=2836, stack(0x000000f93da00000,0x000000f93db00000) (1024K)]
  0x000002c32848f930 JavaThread "Cache worker for cache directory md-rule (C:\Users\DELL\.gradle\caches\9.3.1\md-rule)"        [_thread_blocked, id=13728, stack(0x000000f93db00000,0x000000f93dc00000) (1024K)]
  0x000002c32848d1d0 JavaThread "jar transforms Thread 3"           [_thread_blocked, id=11364, stack(0x000000f93dc00000,0x000000f93dd00000) (1024K)]
  0x000002c32848ffc0 JavaThread "jar transforms Thread 4"           [_thread_blocked, id=8344, stack(0x000000f93dd00000,0x000000f93de00000) (1024K)]
  0x000002c32848def0 JavaThread "Unconstrained build operations"        [_thread_blocked, id=1380, stack(0x000000f93de00000,0x000000f93df00000) (1024K)]
  0x000002c3284896c0 JavaThread "Unconstrained build operations Thread 2"        [_thread_blocked, id=6508, stack(0x000000f93df00000,0x000000f93e000000) (1024K)]
  0x000002c328489d50 JavaThread "Unconstrained build operations Thread 3"        [_thread_blocked, id=7860, stack(0x000000f93e000000,0x000000f93e100000) (1024K)]
  0x000002c3283f2090 JavaThread "Unconstrained build operations Thread 4"        [_thread_blocked, id=11696, stack(0x000000f93e100000,0x000000f93e200000) (1024K)]
  0x000002c3283effc0 JavaThread "Unconstrained build operations Thread 5"        [_thread_blocked, id=17768, stack(0x000000f93e200000,0x000000f93e300000) (1024K)]
  0x000002c3283f1370 JavaThread "Unconstrained build operations Thread 6"        [_thread_blocked, id=17724, stack(0x000000f93e300000,0x000000f93e400000) (1024K)]
Total: 42

Other Threads:
  0x000002c374bd95d0 VMThread "VM Thread"                           [id=11296, stack(0x000000f93b700000,0x000000f93b800000) (1024K)]
  0x000002c31228abf0 WatcherThread "VM Periodic Task Thread"        [id=13272, stack(0x000000f93b600000,0x000000f93b700000) (1024K)]
  0x000002c374b518d0 WorkerThread "GC Thread#0"                     [id=18336, stack(0x000000f93b100000,0x000000f93b200000) (1024K)]
  0x000002c312723040 WorkerThread "GC Thread#1"                     [id=7204, stack(0x000000f93c200000,0x000000f93c300000) (1024K)]
  0x000002c312780b30 WorkerThread "GC Thread#2"                     [id=13912, stack(0x000000f93c300000,0x000000f93c400000) (1024K)]
  0x000002c312780ee0 WorkerThread "GC Thread#3"                     [id=1988, stack(0x000000f93c400000,0x000000f93c500000) (1024K)]
  0x000002c374b567d0 ConcurrentGCThread "G1 Main Marker"            [id=15336, stack(0x000000f93b200000,0x000000f93b300000) (1024K)]
  0x000002c374b573a0 WorkerThread "G1 Conc#0"                       [id=3864, stack(0x000000f93b300000,0x000000f93b400000) (1024K)]
  0x000002c374bb13b0 ConcurrentGCThread "G1 Refine#0"               [id=14480, stack(0x000000f93b400000,0x000000f93b500000) (1024K)]
  0x000002c374bb1e40 ConcurrentGCThread "G1 Service"                [id=18888, stack(0x000000f93b500000,0x000000f93b600000) (1024K)]
Total: 10

Threads with active compile tasks:
C2 CompilerThread0  28179 9849   !   4       org.jetbrains.kotlin.metadata.ProtoBuf$Type::<init> (875 bytes)
Total: 1

VM state: not at safepoint (normal execution)

VM Mutex/Monitor currently owned by a thread: None

Heap address: 0x00000000e0000000, size: 512 MB, Compressed Oops mode: 32-bit

CDS archive(s) mapped at: [0x000002c313000000-0x000002c313c60000-0x000002c313c60000), size 12976128, SharedBaseAddress: 0x000002c313000000, ArchiveRelocationMode: 1.
Compressed class space mapped at: 0x000002c314000000-0x000002c321000000, reserved size: 218103808
Narrow klass base: 0x000002c313000000, Narrow klass shift: 0, Narrow klass range: 0xe000000

GC Precious Log:
 CardTable entry size: 512
 Card Set container configuration: InlinePtr #cards 5 size 8 Array Of Cards #cards 12 size 40 Howl #buckets 4 coarsen threshold 1843 Howl Bitmap #cards 512 size 80 coarsen threshold 460 Card regions per heap region 1 cards per card region 2048
 CPUs: 4 total, 4 available
 Memory: 3862M
 Large Page Support: Disabled
 NUMA Support: Disabled
 Compressed Oops: Enabled (32-bit)
 Heap Region Size: 1M
 Heap Min Capacity: 8M
 Heap Initial Capacity: 62M
 Heap Max Capacity: 512M
 Pre-touch: Disabled
 Parallel Workers: 4
 Concurrent Workers: 1
 Concurrent Refinement Workers: 4
 Periodic GC: Disabled

Heap:
 garbage-first heap   total reserved 524288K, committed 209920K, used 119296K [0x00000000e0000000, 0x0000000100000000)
  region size 1024K, 20 young (20480K), 5 survivors (5120K)
 Metaspace       used 87726K, committed 89856K, reserved 344064K
  class space    used 12317K, committed 13312K, reserved 212992K

Heap Regions: E=young(eden), S=young(survivor), O=old, HS=humongous(starts), HC=humongous(continues), CS=collection set, F=free, TAMS=top-at-mark-start, PB=parsable bottom
|   0|0x00000000e0000000, 0x00000000e0100000, 0x00000000e0100000|100%|HS|  |TAMS 0x00000000e0000000| PB 0x00000000e0000000| Complete |  0
|   1|0x00000000e0100000, 0x00000000e0200000, 0x00000000e0200000|100%|HC|  |TAMS 0x00000000e0100000| PB 0x00000000e0100000| Complete |  0
|   2|0x00000000e0200000, 0x00000000e0300000, 0x00000000e0300000|100%|HC|  |TAMS 0x00000000e0200000| PB 0x00000000e0200000| Complete |  0
|   3|0x00000000e0300000, 0x00000000e0400000, 0x00000000e0400000|100%|HC|  |TAMS 0x00000000e0300000| PB 0x00000000e0300000| Complete |  0
|   4|0x00000000e0400000, 0x00000000e0500000, 0x00000000e0500000|100%| O|  |TAMS 0x00000000e0400000| PB 0x00000000e0400000| Untracked |  0
|   5|0x00000000e0500000, 0x00000000e0600000, 0x00000000e0600000|100%| O|  |TAMS 0x00000000e0500000| PB 0x00000000e0500000| Untracked |  0
|   6|0x00000000e0600000, 0x00000000e0700000, 0x00000000e0700000|100%| O|  |TAMS 0x00000000e0600000| PB 0x00000000e0600000| Untracked |  0
|   7|0x00000000e0700000, 0x00000000e0800000, 0x00000000e0800000|100%| O|  |TAMS 0x00000000e0700000| PB 0x00000000e0700000| Untracked |  0
|   8|0x00000000e0800000, 0x00000000e0900000, 0x00000000e0900000|100%| O|  |TAMS 0x00000000e0800000| PB 0x00000000e0800000| Untracked |  0
|   9|0x00000000e0900000, 0x00000000e0a00000, 0x00000000e0a00000|100%| O|  |TAMS 0x00000000e0900000| PB 0x00000000e0900000| Untracked |  0
|  10|0x00000000e0a00000, 0x00000000e0b00000, 0x00000000e0b00000|100%| O|  |TAMS 0x00000000e0a00000| PB 0x00000000e0a00000| Untracked |  0
|  11|0x00000000e0b00000, 0x00000000e0c00000, 0x00000000e0c00000|100%|HS|  |TAMS 0x00000000e0b00000| PB 0x00000000e0b00000| Complete |  0
|  12|0x00000000e0c00000, 0x00000000e0d00000, 0x00000000e0d00000|100%| O|  |TAMS 0x00000000e0c00000| PB 0x00000000e0c00000| Untracked |  0
|  13|0x00000000e0d00000, 0x00000000e0e00000, 0x00000000e0e00000|100%| O|  |TAMS 0x00000000e0d00000| PB 0x00000000e0d00000| Untracked |  0
|  14|0x00000000e0e00000, 0x00000000e0f00000, 0x00000000e0f00000|100%| O|  |TAMS 0x00000000e0e00000| PB 0x00000000e0e00000| Untracked |  0
|  15|0x00000000e0f00000, 0x00000000e1000000, 0x00000000e1000000|100%| O|  |TAMS 0x00000000e0f00000| PB 0x00000000e0f00000| Untracked |  0
|  16|0x00000000e1000000, 0x00000000e1100000, 0x00000000e1100000|100%| O|  |TAMS 0x00000000e1000000| PB 0x00000000e1000000| Untracked |  0
|  17|0x00000000e1100000, 0x00000000e1200000, 0x00000000e1200000|100%| O|  |TAMS 0x00000000e1100000| PB 0x00000000e1100000| Untracked |  0
|  18|0x00000000e1200000, 0x00000000e1300000, 0x00000000e1300000|100%| O|  |TAMS 0x00000000e1200000| PB 0x00000000e1200000| Untracked |  0
|  19|0x00000000e1300000, 0x00000000e1400000, 0x00000000e1400000|100%| O|  |TAMS 0x00000000e1300000| PB 0x00000000e1300000| Untracked |  0
|  20|0x00000000e1400000, 0x00000000e1500000, 0x00000000e1500000|100%| O|  |TAMS 0x00000000e1400000| PB 0x00000000e1400000| Untracked |  0
|  21|0x00000000e1500000, 0x00000000e1600000, 0x00000000e1600000|100%| O|  |TAMS 0x00000000e1500000| PB 0x00000000e1500000| Untracked |  0
|  22|0x00000000e1600000, 0x00000000e1700000, 0x00000000e1700000|100%| O|  |TAMS 0x00000000e1600000| PB 0x00000000e1600000| Untracked |  0
|  23|0x00000000e1700000, 0x00000000e1800000, 0x00000000e1800000|100%| O|  |TAMS 0x00000000e1700000| PB 0x00000000e1700000| Untracked |  0
|  24|0x00000000e1800000, 0x00000000e1900000, 0x00000000e1900000|100%| O|  |TAMS 0x00000000e1800000| PB 0x00000000e1800000| Untracked |  0
|  25|0x00000000e1900000, 0x00000000e1a00000, 0x00000000e1a00000|100%| O|  |TAMS 0x00000000e1900000| PB 0x00000000e1900000| Untracked |  0
|  26|0x00000000e1a00000, 0x00000000e1b00000, 0x00000000e1b00000|100%| O|  |TAMS 0x00000000e1a00000| PB 0x00000000e1a00000| Untracked |  0
|  27|0x00000000e1b00000, 0x00000000e1c00000, 0x00000000e1c00000|100%| O|  |TAMS 0x00000000e1b00000| PB 0x00000000e1b00000| Untracked |  0
|  28|0x00000000e1c00000, 0x00000000e1d00000, 0x00000000e1d00000|100%| O|  |TAMS 0x00000000e1c00000| PB 0x00000000e1c00000| Untracked |  0
|  29|0x00000000e1d00000, 0x00000000e1e00000, 0x00000000e1e00000|100%| O|  |TAMS 0x00000000e1d00000| PB 0x00000000e1d00000| Untracked |  0
|  30|0x00000000e1e00000, 0x00000000e1f00000, 0x00000000e1f00000|100%| O|  |TAMS 0x00000000e1e00000| PB 0x00000000e1e00000| Untracked |  0
|  31|0x00000000e1f00000, 0x00000000e2000000, 0x00000000e2000000|100%| O|  |TAMS 0x00000000e1f00000| PB 0x00000000e1f00000| Untracked |  0
|  32|0x00000000e2000000, 0x00000000e2100000, 0x00000000e2100000|100%| O|  |TAMS 0x00000000e2000000| PB 0x00000000e2000000| Untracked |  0
|  33|0x00000000e2100000, 0x00000000e2200000, 0x00000000e2200000|100%| O|  |TAMS 0x00000000e2100000| PB 0x00000000e2100000| Untracked |  0
|  34|0x00000000e2200000, 0x00000000e2300000, 0x00000000e2300000|100%| O|  |TAMS 0x00000000e2200000| PB 0x00000000e2200000| Untracked |  0
|  35|0x00000000e2300000, 0x00000000e2400000, 0x00000000e2400000|100%| O|  |TAMS 0x00000000e2300000| PB 0x00000000e2300000| Untracked |  0
|  36|0x00000000e2400000, 0x00000000e2400000, 0x00000000e2500000|  0%| F|  |TAMS 0x00000000e2400000| PB 0x00000000e2400000| Untracked |  0
|  37|0x00000000e2500000, 0x00000000e2600000, 0x00000000e2600000|100%| O|  |TAMS 0x00000000e2500000| PB 0x00000000e2500000| Untracked |  0
|  38|0x00000000e2600000, 0x00000000e2700000, 0x00000000e2700000|100%| O|  |TAMS 0x00000000e2600000| PB 0x00000000e2600000| Untracked |  0
|  39|0x00000000e2700000, 0x00000000e2800000, 0x00000000e2800000|100%| O|  |TAMS 0x00000000e2700000| PB 0x00000000e2700000| Untracked |  0
|  40|0x00000000e2800000, 0x00000000e2900000, 0x00000000e2900000|100%| O|  |TAMS 0x00000000e2800000| PB 0x00000000e2800000| Untracked |  0
|  41|0x00000000e2900000, 0x00000000e2a00000, 0x00000000e2a00000|100%| O|  |TAMS 0x00000000e2900000| PB 0x00000000e2900000| Untracked |  0
|  42|0x00000000e2a00000, 0x00000000e2b00000, 0x00000000e2b00000|100%| O|  |TAMS 0x00000000e2a00000| PB 0x00000000e2a00000| Untracked |  0
|  43|0x00000000e2b00000, 0x00000000e2c00000, 0x00000000e2c00000|100%| O|  |TAMS 0x00000000e2b00000| PB 0x00000000e2b00000| Untracked |  0
|  44|0x00000000e2c00000, 0x00000000e2d00000, 0x00000000e2d00000|100%| O|  |TAMS 0x00000000e2c00000| PB 0x00000000e2c00000| Untracked |  0
|  45|0x00000000e2d00000, 0x00000000e2e00000, 0x00000000e2e00000|100%| O|  |TAMS 0x00000000e2d00000| PB 0x00000000e2d00000| Untracked |  0
|  46|0x00000000e2e00000, 0x00000000e2f00000, 0x00000000e2f00000|100%| O|  |TAMS 0x00000000e2e00000| PB 0x00000000e2e00000| Untracked |  0
|  47|0x00000000e2f00000, 0x00000000e3000000, 0x00000000e3000000|100%| O|  |TAMS 0x00000000e2f00000| PB 0x00000000e2f00000| Untracked |  0
|  48|0x00000000e3000000, 0x00000000e3100000, 0x00000000e3100000|100%| O|  |TAMS 0x00000000e3000000| PB 0x00000000e3000000| Untracked |  0
|  49|0x00000000e3100000, 0x00000000e3200000, 0x00000000e3200000|100%| O|  |TAMS 0x00000000e3100000| PB 0x00000000e3100000| Untracked |  0
|  50|0x00000000e3200000, 0x00000000e3300000, 0x00000000e3300000|100%| O|  |TAMS 0x00000000e3200000| PB 0x00000000e3200000| Untracked |  0
|  51|0x00000000e3300000, 0x00000000e3400000, 0x00000000e3400000|100%| O|  |TAMS 0x00000000e3300000| PB 0x00000000e3300000| Untracked |  0
|  52|0x00000000e3400000, 0x00000000e3500000, 0x00000000e3500000|100%| O|  |TAMS 0x00000000e3400000| PB 0x00000000e3400000| Untracked |  0
|  53|0x00000000e3500000, 0x00000000e3600000, 0x00000000e3600000|100%| O|  |TAMS 0x00000000e3500000| PB 0x00000000e3500000| Untracked |  0
|  54|0x00000000e3600000, 0x00000000e3700000, 0x00000000e3700000|100%| O|  |TAMS 0x00000000e3600000| PB 0x00000000e3600000| Untracked |  0
|  55|0x00000000e3700000, 0x00000000e3800000, 0x00000000e3800000|100%| O|  |TAMS 0x00000000e3700000| PB 0x00000000e3700000| Untracked |  0
|  56|0x00000000e3800000, 0x00000000e3900000, 0x00000000e3900000|100%| O|  |TAMS 0x00000000e3800000| PB 0x00000000e3800000| Untracked |  0
|  57|0x00000000e3900000, 0x00000000e3a00000, 0x00000000e3a00000|100%| O|  |TAMS 0x00000000e3900000| PB 0x00000000e3900000| Untracked |  0
|  58|0x00000000e3a00000, 0x00000000e3b00000, 0x00000000e3b00000|100%| O|  |TAMS 0x00000000e3a00000| PB 0x00000000e3a00000| Untracked |  0
|  59|0x00000000e3b00000, 0x00000000e3c00000, 0x00000000e3c00000|100%| O|  |TAMS 0x00000000e3b00000| PB 0x00000000e3b00000| Untracked |  0
|  60|0x00000000e3c00000, 0x00000000e3d00000, 0x00000000e3d00000|100%| O|  |TAMS 0x00000000e3c00000| PB 0x00000000e3c00000| Untracked |  0
|  61|0x00000000e3d00000, 0x00000000e3e00000, 0x00000000e3e00000|100%| O|  |TAMS 0x00000000e3d00000| PB 0x00000000e3d00000| Untracked |  0
|  62|0x00000000e3e00000, 0x00000000e3f00000, 0x00000000e3f00000|100%| O|  |TAMS 0x00000000e3e00000| PB 0x00000000e3e00000| Untracked |  0
|  63|0x00000000e3f00000, 0x00000000e4000000, 0x00000000e4000000|100%| O|  |TAMS 0x00000000e3f00000| PB 0x00000000e3f00000| Untracked |  0
|  64|0x00000000e4000000, 0x00000000e4100000, 0x00000000e4100000|100%| O|  |TAMS 0x00000000e4000000| PB 0x00000000e4000000| Untracked |  0
|  65|0x00000000e4100000, 0x00000000e4200000, 0x00000000e4200000|100%| O|  |TAMS 0x00000000e4100000| PB 0x00000000e4100000| Untracked |  0
|  66|0x00000000e4200000, 0x00000000e4300000, 0x00000000e4300000|100%| O|  |TAMS 0x00000000e4200000| PB 0x00000000e4200000| Untracked |  0
|  67|0x00000000e4300000, 0x00000000e4400000, 0x00000000e4400000|100%| O|  |TAMS 0x00000000e4300000| PB 0x00000000e4300000| Untracked |  0
|  68|0x00000000e4400000, 0x00000000e4500000, 0x00000000e4500000|100%| O|  |TAMS 0x00000000e4400000| PB 0x00000000e4400000| Untracked |  0
|  69|0x00000000e4500000, 0x00000000e4600000, 0x00000000e4600000|100%| O|  |TAMS 0x00000000e4500000| PB 0x00000000e4500000| Untracked |  0
|  70|0x00000000e4600000, 0x00000000e4700000, 0x00000000e4700000|100%| O|  |TAMS 0x00000000e4600000| PB 0x00000000e4600000| Untracked |  0
|  71|0x00000000e4700000, 0x00000000e4800000, 0x00000000e4800000|100%| O|  |TAMS 0x00000000e4700000| PB 0x00000000e4700000| Untracked |  0
|  72|0x00000000e4800000, 0x00000000e4900000, 0x00000000e4900000|100%| O|  |TAMS 0x00000000e4800000| PB 0x00000000e4800000| Untracked |  0
|  73|0x00000000e4900000, 0x00000000e4a00000, 0x00000000e4a00000|100%| O|  |TAMS 0x00000000e4900000| PB 0x00000000e4900000| Untracked |  0
|  74|0x00000000e4a00000, 0x00000000e4b00000, 0x00000000e4b00000|100%| O|  |TAMS 0x00000000e4a00000| PB 0x00000000e4a00000| Untracked |  0
|  75|0x00000000e4b00000, 0x00000000e4b00000, 0x00000000e4c00000|  0%| F|  |TAMS 0x00000000e4b00000| PB 0x00000000e4b00000| Untracked |  0
|  76|0x00000000e4c00000, 0x00000000e4d00000, 0x00000000e4d00000|100%| O|  |TAMS 0x00000000e4c00000| PB 0x00000000e4c00000| Untracked |  0
|  77|0x00000000e4d00000, 0x00000000e4e00000, 0x00000000e4e00000|100%| O|  |TAMS 0x00000000e4d00000| PB 0x00000000e4d00000| Untracked |  0
|  78|0x00000000e4e00000, 0x00000000e4f00000, 0x00000000e4f00000|100%| O|  |TAMS 0x00000000e4e00000| PB 0x00000000e4e00000| Untracked |  0
|  79|0x00000000e4f00000, 0x00000000e5000000, 0x00000000e5000000|100%| O|  |TAMS 0x00000000e4f00000| PB 0x00000000e4f00000| Untracked |  0
|  80|0x00000000e5000000, 0x00000000e5100000, 0x00000000e5100000|100%| O|  |TAMS 0x00000000e5000000| PB 0x00000000e5000000| Untracked |  0
|  81|0x00000000e5100000, 0x00000000e5200000, 0x00000000e5200000|100%| O|  |TAMS 0x00000000e5100000| PB 0x00000000e5100000| Untracked |  0
|  82|0x00000000e5200000, 0x00000000e5300000, 0x00000000e5300000|100%| O|  |TAMS 0x00000000e5200000| PB 0x00000000e5200000| Untracked |  0
|  83|0x00000000e5300000, 0x00000000e5400000, 0x00000000e5400000|100%| O|  |TAMS 0x00000000e5300000| PB 0x00000000e5300000| Untracked |  0
|  84|0x00000000e5400000, 0x00000000e5500000, 0x00000000e5500000|100%|HS|  |TAMS 0x00000000e5400000| PB 0x00000000e5400000| Complete |  0
|  85|0x00000000e5500000, 0x00000000e5600000, 0x00000000e5600000|100%| O|  |TAMS 0x00000000e5500000| PB 0x00000000e5500000| Untracked |  0
|  86|0x00000000e5600000, 0x00000000e5700000, 0x00000000e5700000|100%| O|  |TAMS 0x00000000e5600000| PB 0x00000000e5600000| Untracked |  0
|  87|0x00000000e5700000, 0x00000000e5800000, 0x00000000e5800000|100%| O|  |TAMS 0x00000000e5700000| PB 0x00000000e5700000| Untracked |  0
|  88|0x00000000e5800000, 0x00000000e5900000, 0x00000000e5900000|100%| O|  |TAMS 0x00000000e5800000| PB 0x00000000e5800000| Untracked |  0
|  89|0x00000000e5900000, 0x00000000e5a00000, 0x00000000e5a00000|100%| O|  |TAMS 0x00000000e5900000| PB 0x00000000e5900000| Untracked |  0
|  90|0x00000000e5a00000, 0x00000000e5b00000, 0x00000000e5b00000|100%| O|  |TAMS 0x00000000e5a00000| PB 0x00000000e5a00000| Untracked |  0
|  91|0x00000000e5b00000, 0x00000000e5c00000, 0x00000000e5c00000|100%| O|  |TAMS 0x00000000e5b00000| PB 0x00000000e5b00000| Untracked |  0
|  92|0x00000000e5c00000, 0x00000000e5d00000, 0x00000000e5d00000|100%| O|  |TAMS 0x00000000e5c00000| PB 0x00000000e5c00000| Untracked |  0
|  93|0x00000000e5d00000, 0x00000000e5e00000, 0x00000000e5e00000|100%| O|  |TAMS 0x00000000e5d00000| PB 0x00000000e5d00000| Untracked |  0
|  94|0x00000000e5e00000, 0x00000000e5f00000, 0x00000000e5f00000|100%| O|  |TAMS 0x00000000e5e00000| PB 0x00000000e5e00000| Untracked |  0
|  95|0x00000000e5f00000, 0x00000000e6000000, 0x00000000e6000000|100%| O|  |TAMS 0x00000000e5f00000| PB 0x00000000e5f00000| Untracked |  0
|  96|0x00000000e6000000, 0x00000000e6100000, 0x00000000e6100000|100%| O|  |TAMS 0x00000000e6000000| PB 0x00000000e6000000| Untracked |  0
|  97|0x00000000e6100000, 0x00000000e6200000, 0x00000000e6200000|100%| O|  |TAMS 0x00000000e6100000| PB 0x00000000e6100000| Untracked |  0
|  98|0x00000000e6200000, 0x00000000e6300000, 0x00000000e6300000|100%| O|  |TAMS 0x00000000e6200000| PB 0x00000000e6200000| Untracked |  0
|  99|0x00000000e6300000, 0x00000000e6380000, 0x00000000e6400000| 50%| O|  |TAMS 0x00000000e6300000| PB 0x00000000e6300000| Untracked |  0
| 100|0x00000000e6400000, 0x00000000e6400000, 0x00000000e6500000|  0%| F|  |TAMS 0x00000000e6400000| PB 0x00000000e6400000| Untracked |  0
| 101|0x00000000e6500000, 0x00000000e6500000, 0x00000000e6600000|  0%| F|  |TAMS 0x00000000e6500000| PB 0x00000000e6500000| Untracked |  0
| 102|0x00000000e6600000, 0x00000000e6600000, 0x00000000e6700000|  0%| F|  |TAMS 0x00000000e6600000| PB 0x00000000e6600000| Untracked |  0
| 103|0x00000000e6700000, 0x00000000e6700000, 0x00000000e6800000|  0%| F|  |TAMS 0x00000000e6700000| PB 0x00000000e6700000| Untracked |  0
| 104|0x00000000e6800000, 0x00000000e6800000, 0x00000000e6900000|  0%| F|  |TAMS 0x00000000e6800000| PB 0x00000000e6800000| Untracked |  0
| 105|0x00000000e6900000, 0x00000000e6900000, 0x00000000e6a00000|  0%| F|  |TAMS 0x00000000e6900000| PB 0x00000000e6900000| Untracked |  0
| 106|0x00000000e6a00000, 0x00000000e6a00000, 0x00000000e6b00000|  0%| F|  |TAMS 0x00000000e6a00000| PB 0x00000000e6a00000| Untracked |  0
| 107|0x00000000e6b00000, 0x00000000e6b00000, 0x00000000e6c00000|  0%| F|  |TAMS 0x00000000e6b00000| PB 0x00000000e6b00000| Untracked |  0
| 108|0x00000000e6c00000, 0x00000000e6c00000, 0x00000000e6d00000|  0%| F|  |TAMS 0x00000000e6c00000| PB 0x00000000e6c00000| Untracked |  0
| 109|0x00000000e6d00000, 0x00000000e6d00000, 0x00000000e6e00000|  0%| F|  |TAMS 0x00000000e6d00000| PB 0x00000000e6d00000| Untracked |  0
| 110|0x00000000e6e00000, 0x00000000e6e00000, 0x00000000e6f00000|  0%| F|  |TAMS 0x00000000e6e00000| PB 0x00000000e6e00000| Untracked |  0
| 111|0x00000000e6f00000, 0x00000000e6f00000, 0x00000000e7000000|  0%| F|  |TAMS 0x00000000e6f00000| PB 0x00000000e6f00000| Untracked |  0
| 112|0x00000000e7000000, 0x00000000e7000000, 0x00000000e7100000|  0%| F|  |TAMS 0x00000000e7000000| PB 0x00000000e7000000| Untracked |  0
| 113|0x00000000e7100000, 0x00000000e7100000, 0x00000000e7200000|  0%| F|  |TAMS 0x00000000e7100000| PB 0x00000000e7100000| Untracked |  0
| 114|0x00000000e7200000, 0x00000000e7200000, 0x00000000e7300000|  0%| F|  |TAMS 0x00000000e7200000| PB 0x00000000e7200000| Untracked |  0
| 115|0x00000000e7300000, 0x00000000e7300000, 0x00000000e7400000|  0%| F|  |TAMS 0x00000000e7300000| PB 0x00000000e7300000| Untracked |  0
| 116|0x00000000e7400000, 0x00000000e7400000, 0x00000000e7500000|  0%| F|  |TAMS 0x00000000e7400000| PB 0x00000000e7400000| Untracked |  0
| 117|0x00000000e7500000, 0x00000000e7500000, 0x00000000e7600000|  0%| F|  |TAMS 0x00000000e7500000| PB 0x00000000e7500000| Untracked |  0
| 118|0x00000000e7600000, 0x00000000e7600000, 0x00000000e7700000|  0%| F|  |TAMS 0x00000000e7600000| PB 0x00000000e7600000| Untracked |  0
| 119|0x00000000e7700000, 0x00000000e7700000, 0x00000000e7800000|  0%| F|  |TAMS 0x00000000e7700000| PB 0x00000000e7700000| Untracked |  0
| 120|0x00000000e7800000, 0x00000000e7800000, 0x00000000e7900000|  0%| F|  |TAMS 0x00000000e7800000| PB 0x00000000e7800000| Untracked |  0
| 121|0x00000000e7900000, 0x00000000e7900000, 0x00000000e7a00000|  0%| F|  |TAMS 0x00000000e7900000| PB 0x00000000e7900000| Untracked |  0
| 122|0x00000000e7a00000, 0x00000000e7a00000, 0x00000000e7b00000|  0%| F|  |TAMS 0x00000000e7a00000| PB 0x00000000e7a00000| Untracked |  0
| 123|0x00000000e7b00000, 0x00000000e7b00000, 0x00000000e7c00000|  0%| F|  |TAMS 0x00000000e7b00000| PB 0x00000000e7b00000| Untracked |  0
| 124|0x00000000e7c00000, 0x00000000e7c00000, 0x00000000e7d00000|  0%| F|  |TAMS 0x00000000e7c00000| PB 0x00000000e7c00000| Untracked |  0
| 125|0x00000000e7d00000, 0x00000000e7d00000, 0x00000000e7e00000|  0%| F|  |TAMS 0x00000000e7d00000| PB 0x00000000e7d00000| Untracked |  0
| 126|0x00000000e7e00000, 0x00000000e7e00000, 0x00000000e7f00000|  0%| F|  |TAMS 0x00000000e7e00000| PB 0x00000000e7e00000| Untracked |  0
| 127|0x00000000e7f00000, 0x00000000e7f00000, 0x00000000e8000000|  0%| F|  |TAMS 0x00000000e7f00000| PB 0x00000000e7f00000| Untracked |  0
| 128|0x00000000e8000000, 0x00000000e8000000, 0x00000000e8100000|  0%| F|  |TAMS 0x00000000e8000000| PB 0x00000000e8000000| Untracked |  0
| 129|0x00000000e8100000, 0x00000000e8100000, 0x00000000e8200000|  0%| F|  |TAMS 0x00000000e8100000| PB 0x00000000e8100000| Untracked |  0
| 130|0x00000000e8200000, 0x00000000e8200000, 0x00000000e8300000|  0%| F|  |TAMS 0x00000000e8200000| PB 0x00000000e8200000| Untracked |  0
| 131|0x00000000e8300000, 0x00000000e8300000, 0x00000000e8400000|  0%| F|  |TAMS 0x00000000e8300000| PB 0x00000000e8300000| Untracked |  0
| 132|0x00000000e8400000, 0x00000000e8400000, 0x00000000e8500000|  0%| F|  |TAMS 0x00000000e8400000| PB 0x00000000e8400000| Untracked |  0
| 133|0x00000000e8500000, 0x00000000e8500000, 0x00000000e8600000|  0%| F|  |TAMS 0x00000000e8500000| PB 0x00000000e8500000| Untracked |  0
| 134|0x00000000e8600000, 0x00000000e8600000, 0x00000000e8700000|  0%| F|  |TAMS 0x00000000e8600000| PB 0x00000000e8600000| Untracked |  0
| 135|0x00000000e8700000, 0x00000000e8700000, 0x00000000e8800000|  0%| F|  |TAMS 0x00000000e8700000| PB 0x00000000e8700000| Untracked |  0
| 136|0x00000000e8800000, 0x00000000e8800000, 0x00000000e8900000|  0%| F|  |TAMS 0x00000000e8800000| PB 0x00000000e8800000| Untracked |  0
| 137|0x00000000e8900000, 0x00000000e8a00000, 0x00000000e8a00000|100%| S|CS|TAMS 0x00000000e8900000| PB 0x00000000e8900000| Complete |  0
| 138|0x00000000e8a00000, 0x00000000e8b00000, 0x00000000e8b00000|100%| S|CS|TAMS 0x00000000e8a00000| PB 0x00000000e8a00000| Complete |  0
| 139|0x00000000e8b00000, 0x00000000e8c00000, 0x00000000e8c00000|100%| S|CS|TAMS 0x00000000e8b00000| PB 0x00000000e8b00000| Complete |  0
| 140|0x00000000e8c00000, 0x00000000e8d00000, 0x00000000e8d00000|100%| S|CS|TAMS 0x00000000e8c00000| PB 0x00000000e8c00000| Complete |  0
| 141|0x00000000e8d00000, 0x00000000e8e00000, 0x00000000e8e00000|100%| S|CS|TAMS 0x00000000e8d00000| PB 0x00000000e8d00000| Complete |  0
| 142|0x00000000e8e00000, 0x00000000e8e00000, 0x00000000e8f00000|  0%| F|  |TAMS 0x00000000e8e00000| PB 0x00000000e8e00000| Untracked |  0
| 143|0x00000000e8f00000, 0x00000000e8f00000, 0x00000000e9000000|  0%| F|  |TAMS 0x00000000e8f00000| PB 0x00000000e8f00000| Untracked |  0
| 144|0x00000000e9000000, 0x00000000e9000000, 0x00000000e9100000|  0%| F|  |TAMS 0x00000000e9000000| PB 0x00000000e9000000| Untracked |  0
| 145|0x00000000e9100000, 0x00000000e9100000, 0x00000000e9200000|  0%| F|  |TAMS 0x00000000e9100000| PB 0x00000000e9100000| Untracked |  0
| 146|0x00000000e9200000, 0x00000000e9200000, 0x00000000e9300000|  0%| F|  |TAMS 0x00000000e9200000| PB 0x00000000e9200000| Untracked |  0
| 147|0x00000000e9300000, 0x00000000e9300000, 0x00000000e9400000|  0%| F|  |TAMS 0x00000000e9300000| PB 0x00000000e9300000| Untracked |  0
| 148|0x00000000e9400000, 0x00000000e9400000, 0x00000000e9500000|  0%| F|  |TAMS 0x00000000e9400000| PB 0x00000000e9400000| Untracked |  0
| 149|0x00000000e9500000, 0x00000000e9500000, 0x00000000e9600000|  0%| F|  |TAMS 0x00000000e9500000| PB 0x00000000e9500000| Untracked |  0
| 150|0x00000000e9600000, 0x00000000e9600000, 0x00000000e9700000|  0%| F|  |TAMS 0x00000000e9600000| PB 0x00000000e9600000| Untracked |  0
| 151|0x00000000e9700000, 0x00000000e9700000, 0x00000000e9800000|  0%| F|  |TAMS 0x00000000e9700000| PB 0x00000000e9700000| Untracked |  0
| 152|0x00000000e9800000, 0x00000000e9800000, 0x00000000e9900000|  0%| F|  |TAMS 0x00000000e9800000| PB 0x00000000e9800000| Untracked |  0
| 153|0x00000000e9900000, 0x00000000e9900000, 0x00000000e9a00000|  0%| F|  |TAMS 0x00000000e9900000| PB 0x00000000e9900000| Untracked |  0
| 154|0x00000000e9a00000, 0x00000000e9a00000, 0x00000000e9b00000|  0%| F|  |TAMS 0x00000000e9a00000| PB 0x00000000e9a00000| Untracked |  0
| 155|0x00000000e9b00000, 0x00000000e9b00000, 0x00000000e9c00000|  0%| F|  |TAMS 0x00000000e9b00000| PB 0x00000000e9b00000| Untracked |  0
| 156|0x00000000e9c00000, 0x00000000e9c00000, 0x00000000e9d00000|  0%| F|  |TAMS 0x00000000e9c00000| PB 0x00000000e9c00000| Untracked |  0
| 157|0x00000000e9d00000, 0x00000000e9d00000, 0x00000000e9e00000|  0%| F|  |TAMS 0x00000000e9d00000| PB 0x00000000e9d00000| Untracked |  0
| 158|0x00000000e9e00000, 0x00000000e9e00000, 0x00000000e9f00000|  0%| F|  |TAMS 0x00000000e9e00000| PB 0x00000000e9e00000| Untracked |  0
| 159|0x00000000e9f00000, 0x00000000e9f00000, 0x00000000ea000000|  0%| F|  |TAMS 0x00000000e9f00000| PB 0x00000000e9f00000| Untracked |  0
| 160|0x00000000ea000000, 0x00000000ea000000, 0x00000000ea100000|  0%| F|  |TAMS 0x00000000ea000000| PB 0x00000000ea000000| Untracked |  0
| 161|0x00000000ea100000, 0x00000000ea100000, 0x00000000ea200000|  0%| F|  |TAMS 0x00000000ea100000| PB 0x00000000ea100000| Untracked |  0
| 162|0x00000000ea200000, 0x00000000ea200000, 0x00000000ea300000|  0%| F|  |TAMS 0x00000000ea200000| PB 0x00000000ea200000| Untracked |  0
| 163|0x00000000ea300000, 0x00000000ea300000, 0x00000000ea400000|  0%| F|  |TAMS 0x00000000ea300000| PB 0x00000000ea300000| Untracked |  0
| 164|0x00000000ea400000, 0x00000000ea400000, 0x00000000ea500000|  0%| F|  |TAMS 0x00000000ea400000| PB 0x00000000ea400000| Untracked |  0
| 165|0x00000000ea500000, 0x00000000ea500000, 0x00000000ea600000|  0%| F|  |TAMS 0x00000000ea500000| PB 0x00000000ea500000| Untracked |  0
| 166|0x00000000ea600000, 0x00000000ea600000, 0x00000000ea700000|  0%| F|  |TAMS 0x00000000ea600000| PB 0x00000000ea600000| Untracked |  0
| 167|0x00000000ea700000, 0x00000000ea700000, 0x00000000ea800000|  0%| F|  |TAMS 0x00000000ea700000| PB 0x00000000ea700000| Untracked |  0
| 168|0x00000000ea800000, 0x00000000ea800000, 0x00000000ea900000|  0%| F|  |TAMS 0x00000000ea800000| PB 0x00000000ea800000| Untracked |  0
| 169|0x00000000ea900000, 0x00000000ea900000, 0x00000000eaa00000|  0%| F|  |TAMS 0x00000000ea900000| PB 0x00000000ea900000| Untracked |  0
| 170|0x00000000eaa00000, 0x00000000eaa00000, 0x00000000eab00000|  0%| F|  |TAMS 0x00000000eaa00000| PB 0x00000000eaa00000| Untracked |  0
| 171|0x00000000eab00000, 0x00000000eab00000, 0x00000000eac00000|  0%| F|  |TAMS 0x00000000eab00000| PB 0x00000000eab00000| Untracked |  0
| 172|0x00000000eac00000, 0x00000000eac00000, 0x00000000ead00000|  0%| F|  |TAMS 0x00000000eac00000| PB 0x00000000eac00000| Untracked |  0
| 173|0x00000000ead00000, 0x00000000ead00000, 0x00000000eae00000|  0%| F|  |TAMS 0x00000000ead00000| PB 0x00000000ead00000| Untracked |  0
| 174|0x00000000eae00000, 0x00000000eae00000, 0x00000000eaf00000|  0%| F|  |TAMS 0x00000000eae00000| PB 0x00000000eae00000| Untracked |  0
| 175|0x00000000eaf00000, 0x00000000eaf00000, 0x00000000eb000000|  0%| F|  |TAMS 0x00000000eaf00000| PB 0x00000000eaf00000| Untracked |  0
| 176|0x00000000eb000000, 0x00000000eb000000, 0x00000000eb100000|  0%| F|  |TAMS 0x00000000eb000000| PB 0x00000000eb000000| Untracked |  0
| 177|0x00000000eb100000, 0x00000000eb100000, 0x00000000eb200000|  0%| F|  |TAMS 0x00000000eb100000| PB 0x00000000eb100000| Untracked |  0
| 178|0x00000000eb200000, 0x00000000eb200000, 0x00000000eb300000|  0%| F|  |TAMS 0x00000000eb200000| PB 0x00000000eb200000| Untracked |  0
| 179|0x00000000eb300000, 0x00000000eb300000, 0x00000000eb400000|  0%| F|  |TAMS 0x00000000eb300000| PB 0x00000000eb300000| Untracked |  0
| 180|0x00000000eb400000, 0x00000000eb400000, 0x00000000eb500000|  0%| F|  |TAMS 0x00000000eb400000| PB 0x00000000eb400000| Untracked |  0
| 181|0x00000000eb500000, 0x00000000eb500000, 0x00000000eb600000|  0%| F|  |TAMS 0x00000000eb500000| PB 0x00000000eb500000| Untracked |  0
| 182|0x00000000eb600000, 0x00000000eb600000, 0x00000000eb700000|  0%| F|  |TAMS 0x00000000eb600000| PB 0x00000000eb600000| Untracked |  0
| 183|0x00000000eb700000, 0x00000000eb700000, 0x00000000eb800000|  0%| F|  |TAMS 0x00000000eb700000| PB 0x00000000eb700000| Untracked |  0
| 184|0x00000000eb800000, 0x00000000eb800000, 0x00000000eb900000|  0%| F|  |TAMS 0x00000000eb800000| PB 0x00000000eb800000| Untracked |  0
| 185|0x00000000eb900000, 0x00000000eb900000, 0x00000000eba00000|  0%| F|  |TAMS 0x00000000eb900000| PB 0x00000000eb900000| Untracked |  0
| 186|0x00000000eba00000, 0x00000000eba00000, 0x00000000ebb00000|  0%| F|  |TAMS 0x00000000eba00000| PB 0x00000000eba00000| Untracked |  0
| 187|0x00000000ebb00000, 0x00000000ebb00000, 0x00000000ebc00000|  0%| F|  |TAMS 0x00000000ebb00000| PB 0x00000000ebb00000| Untracked |  0
| 188|0x00000000ebc00000, 0x00000000ebc00000, 0x00000000ebd00000|  0%| F|  |TAMS 0x00000000ebc00000| PB 0x00000000ebc00000| Untracked |  0
| 189|0x00000000ebd00000, 0x00000000ebd80000, 0x00000000ebe00000| 50%| E|  |TAMS 0x00000000ebd00000| PB 0x00000000ebd00000| Complete |  0
| 190|0x00000000ebe00000, 0x00000000ebf00000, 0x00000000ebf00000|100%| E|CS|TAMS 0x00000000ebe00000| PB 0x00000000ebe00000| Complete |  0
| 191|0x00000000ebf00000, 0x00000000ec000000, 0x00000000ec000000|100%| E|CS|TAMS 0x00000000ebf00000| PB 0x00000000ebf00000| Complete |  0
| 192|0x00000000ec000000, 0x00000000ec100000, 0x00000000ec100000|100%| E|CS|TAMS 0x00000000ec000000| PB 0x00000000ec000000| Complete |  0
| 193|0x00000000ec100000, 0x00000000ec200000, 0x00000000ec200000|100%| E|CS|TAMS 0x00000000ec100000| PB 0x00000000ec100000| Complete |  0
| 194|0x00000000ec200000, 0x00000000ec300000, 0x00000000ec300000|100%| E|CS|TAMS 0x00000000ec200000| PB 0x00000000ec200000| Complete |  0
| 195|0x00000000ec300000, 0x00000000ec400000, 0x00000000ec400000|100%| E|CS|TAMS 0x00000000ec300000| PB 0x00000000ec300000| Complete |  0
| 196|0x00000000ec400000, 0x00000000ec500000, 0x00000000ec500000|100%| E|CS|TAMS 0x00000000ec400000| PB 0x00000000ec400000| Complete |  0
| 197|0x00000000ec500000, 0x00000000ec600000, 0x00000000ec600000|100%| E|CS|TAMS 0x00000000ec500000| PB 0x00000000ec500000| Complete |  0
| 198|0x00000000ec600000, 0x00000000ec700000, 0x00000000ec700000|100%| E|CS|TAMS 0x00000000ec600000| PB 0x00000000ec600000| Complete |  0
| 199|0x00000000ec700000, 0x00000000ec800000, 0x00000000ec800000|100%| E|CS|TAMS 0x00000000ec700000| PB 0x00000000ec700000| Complete |  0
| 200|0x00000000ec800000, 0x00000000ec900000, 0x00000000ec900000|100%| E|CS|TAMS 0x00000000ec800000| PB 0x00000000ec800000| Complete |  0
| 201|0x00000000ec900000, 0x00000000eca00000, 0x00000000eca00000|100%| E|CS|TAMS 0x00000000ec900000| PB 0x00000000ec900000| Complete |  0
| 202|0x00000000eca00000, 0x00000000ecb00000, 0x00000000ecb00000|100%| E|CS|TAMS 0x00000000eca00000| PB 0x00000000eca00000| Complete |  0
| 203|0x00000000ecb00000, 0x00000000ecc00000, 0x00000000ecc00000|100%| E|CS|TAMS 0x00000000ecb00000| PB 0x00000000ecb00000| Complete |  0
| 204|0x00000000ecc00000, 0x00000000ecd00000, 0x00000000ecd00000|100%| E|CS|TAMS 0x00000000ecc00000| PB 0x00000000ecc00000| Complete |  0

Card table byte_map: [0x000002c30f430000,0x000002c30f530000] _byte_map_base: 0x000002c30ed30000

Marking Bits: (CMBitMap*) 0x000002c374b51ef0
 Bits: [0x000002c30f530000, 0x000002c30fd30000)

Polling page: 0x000002c3748f0000

Metaspace:

Usage:
  Non-class:     73.68 MB used.
      Class:     12.03 MB used.
       Both:     85.71 MB used.

Virtual space:
  Non-class space:      128.00 MB reserved,      74.75 MB ( 58%) committed,  2 nodes.
      Class space:      208.00 MB reserved,      13.00 MB (  6%) committed,  1 nodes.
             Both:      336.00 MB reserved,      87.75 MB ( 26%) committed. 

Chunk freelists:
   Non-Class:  4.33 MB
       Class:  3.00 MB
        Both:  7.33 MB

MaxMetaspaceSize: 256.00 MB
CompressedClassSpaceSize: 208.00 MB
Initial GC threshold: 21.00 MB
Current GC threshold: 122.50 MB
CDS: on
 - commit_granule_bytes: 65536.
 - commit_granule_words: 8192.
 - virtual_space_node_default_size: 8388608.
 - enlarge_chunks_in_place: 1.
 - use_allocation_guard: 0.


Internal statistics:

num_allocs_failed_limit: 3.
num_arena_births: 3636.
num_arena_deaths: 0.
num_vsnodes_births: 3.
num_vsnodes_deaths: 0.
num_space_committed: 1404.
num_space_uncommitted: 0.
num_chunks_returned_to_freelist: 3.
num_chunks_taken_from_freelist: 7268.
num_chunk_merges: 3.
num_chunk_splits: 5040.
num_chunks_enlarged: 3506.
num_inconsistent_stats: 0.

CodeHeap 'non-profiled nmethods': size=120000Kb used=4398Kb max_used=4398Kb free=115601Kb
 bounds [0x000002c307ad0000, 0x000002c307f20000, 0x000002c30f000000]
CodeHeap 'profiled nmethods': size=120000Kb used=15302Kb max_used=15302Kb free=104698Kb
 bounds [0x000002c300000000, 0x000002c300f00000, 0x000002c307530000]
CodeHeap 'non-nmethods': size=5760Kb used=2445Kb max_used=2445Kb free=3314Kb
 bounds [0x000002c307530000, 0x000002c3077a0000, 0x000002c307ad0000]
 total_blobs=9167 nmethods=8273 adapters=797
 compilation: enabled
              stopped_count=0, restarted_count=0
 full_count=0

Compilation events (20 events):
Event: 27.915 Thread 0x000002c3122b1a80 9852       3       org.jetbrains.kotlin.name.Name::getIdentifierOrNullIfSpecial (14 bytes)
Event: 27.915 Thread 0x000002c3122acfc0 nmethod 9843 0x000002c307f1ae90 code [0x000002c307f1b020, 0x000002c307f1b460]
Event: 27.916 Thread 0x000002c3122acfc0 9849   !   4       org.jetbrains.kotlin.metadata.ProtoBuf$Type::<init> (875 bytes)
Event: 27.916 Thread 0x000002c3122b1a80 nmethod 9852 0x000002c300ed7810 code [0x000002c300ed79c0, 0x000002c300ed7c00]
Event: 27.916 Thread 0x000002c3122b1a80 9853       3       org.jetbrains.kotlin.cli.jvm.index.JvmDependenciesIndexImpl$Cache::get (67 bytes)
Event: 27.916 Thread 0x000002c3122b1a80 nmethod 9853 0x000002c300ed7d10 code [0x000002c300ed7fa0, 0x000002c300ed8d70]
Event: 27.918 Thread 0x000002c3122b1a80 9854       3       kotlin.collections.CollectionsKt__MutableCollectionsKt::addAll (74 bytes)
Event: 27.919 Thread 0x000002c3122b1a80 nmethod 9854 0x000002c300ed9210 code [0x000002c300ed9520, 0x000002c300eda678]
Event: 27.919 Thread 0x000002c3122b1a80 9858       3       org.jetbrains.kotlin.name.FqNameUnsafe::parent (61 bytes)
Event: 27.920 Thread 0x000002c3122b1a80 nmethod 9858 0x000002c300edab90 code [0x000002c300edae00, 0x000002c300edb760]
Event: 27.920 Thread 0x000002c3122b1a80 9855       1       org.jetbrains.kotlin.metadata.jvm.deserialization.ModuleMapping::getModuleData (5 bytes)
Event: 27.920 Thread 0x000002c3122b1a80 nmethod 9855 0x000002c307f1b510 code [0x000002c307f1b6a0, 0x000002c307f1b768]
Event: 27.920 Thread 0x000002c3122b1a80 9856       1       org.jetbrains.kotlin.metadata.jvm.deserialization.BinaryModuleData::getOptionalAnnotations (5 bytes)
Event: 27.920 Thread 0x000002c3122b1a80 nmethod 9856 0x000002c307f1b810 code [0x000002c307f1b9a0, 0x000002c307f1ba68]
Event: 27.970 Thread 0x000002c3122b1a80 9859       3       kotlin.collections.EmptyList::size (5 bytes)
Event: 27.970 Thread 0x000002c3122b1a80 nmethod 9859 0x000002c300edbb10 code [0x000002c300edbca0, 0x000002c300edbe08]
Event: 27.970 Thread 0x000002c3122b1a80 9860       3       org.jetbrains.kotlin.util.AbstractArrayMapOwner$AbstractArrayMapAccessor::extractValue (18 bytes)
Event: 27.971 Thread 0x000002c3122b1a80 nmethod 9860 0x000002c300edbf10 code [0x000002c300edc140, 0x000002c300edc870]
Event: 27.971 Thread 0x000002c3122b1a80 9861       3       org.jetbrains.kotlin.util.ArrayMapImpl::get (9 bytes)
Event: 27.971 Thread 0x000002c3122b1a80 nmethod 9861 0x000002c300edcb10 code [0x000002c300edccc0, 0x000002c300edcdf8]

GC Heap History (20 events):
Event: 21.850 GC heap before
{Heap before GC invocations=37 (full 0):
 garbage-first heap   total reserved 524288K, committed 92160K, used 80706K [0x00000000e0000000, 0x0000000100000000)
  region size 1024K, 28 young (28672K), 3 survivors (3072K)
 Metaspace       used 65572K, committed 67712K, reserved 278528K
  class space    used 9912K, committed 10944K, reserved 212992K
}
Event: 21.855 GC heap after
{Heap after GC invocations=38 (full 0):
 garbage-first heap   total reserved 524288K, committed 92160K, used 56068K [0x00000000e0000000, 0x0000000100000000)
  region size 1024K, 2 young (2048K), 2 survivors (2048K)
 Metaspace       used 65572K, committed 67712K, reserved 278528K
  class space    used 9912K, committed 10944K, reserved 212992K
}
Event: 22.342 GC heap before
{Heap before GC invocations=38 (full 0):
 garbage-first heap   total reserved 524288K, committed 92160K, used 84740K [0x00000000e0000000, 0x0000000100000000)
  region size 1024K, 30 young (30720K), 2 survivors (2048K)
 Metaspace       used 69425K, committed 71488K, reserved 278528K
  class space    used 10401K, committed 11392K, reserved 212992K
}
Event: 22.348 GC heap after
{Heap after GC invocations=39 (full 0):
 garbage-first heap   total reserved 524288K, committed 92160K, used 56493K [0x00000000e0000000, 0x0000000100000000)
  region size 1024K, 3 young (3072K), 3 survivors (3072K)
 Metaspace       used 69425K, committed 71488K, reserved 278528K
  class space    used 10401K, committed 11392K, reserved 212992K
}
Event: 22.786 GC heap before
{Heap before GC invocations=39 (full 0):
 garbage-first heap   total reserved 524288K, committed 92160K, used 82093K [0x00000000e0000000, 0x0000000100000000)
  region size 1024K, 29 young (29696K), 3 survivors (3072K)
 Metaspace       used 72970K, committed 75072K, reserved 278528K
  class space    used 10807K, committed 11840K, reserved 212992K
}
Event: 22.792 GC heap after
{Heap after GC invocations=40 (full 0):
 garbage-first heap   total reserved 524288K, committed 92160K, used 57461K [0x00000000e0000000, 0x0000000100000000)
  region size 1024K, 3 young (3072K), 3 survivors (3072K)
 Metaspace       used 72970K, committed 75072K, reserved 278528K
  class space    used 10807K, committed 11840K, reserved 212992K
}
Event: 23.039 GC heap before
{Heap before GC invocations=41 (full 0):
 garbage-first heap   total reserved 524288K, committed 97280K, used 81013K [0x00000000e0000000, 0x0000000100000000)
  region size 1024K, 27 young (27648K), 3 survivors (3072K)
 Metaspace       used 73135K, committed 75264K, reserved 278528K
  class space    used 10829K, committed 11840K, reserved 212992K
}
Event: 23.103 GC heap after
{Heap after GC invocations=42 (full 0):
 garbage-first heap   total reserved 524288K, committed 97280K, used 69474K [0x00000000e0000000, 0x0000000100000000)
  region size 1024K, 4 young (4096K), 4 survivors (4096K)
 Metaspace       used 73135K, committed 75264K, reserved 278528K
  class space    used 10829K, committed 11840K, reserved 212992K
}
Event: 23.157 GC heap before
{Heap before GC invocations=42 (full 0):
 garbage-first heap   total reserved 524288K, committed 97280K, used 85858K [0x00000000e0000000, 0x0000000100000000)
  region size 1024K, 20 young (20480K), 4 survivors (4096K)
 Metaspace       used 73136K, committed 75264K, reserved 278528K
  class space    used 10831K, committed 11840K, reserved 212992K
}
Event: 23.170 GC heap after
{Heap after GC invocations=43 (full 0):
 garbage-first heap   total reserved 524288K, committed 97280K, used 74752K [0x00000000e0000000, 0x0000000100000000)
  region size 1024K, 3 young (3072K), 3 survivors (3072K)
 Metaspace       used 73136K, committed 75264K, reserved 278528K
  class space    used 10831K, committed 11840K, reserved 212992K
}
Event: 23.236 GC heap before
{Heap before GC invocations=43 (full 0):
 garbage-first heap   total reserved 524288K, committed 97280K, used 87040K [0x00000000e0000000, 0x0000000100000000)
  region size 1024K, 15 young (15360K), 3 survivors (3072K)
 Metaspace       used 73137K, committed 75264K, reserved 278528K
  class space    used 10831K, committed 11840K, reserved 212992K
}
Event: 23.245 GC heap after
{Heap after GC invocations=44 (full 0):
 garbage-first heap   total reserved 524288K, committed 97280K, used 80622K [0x00000000e0000000, 0x0000000100000000)
  region size 1024K, 2 young (2048K), 2 survivors (2048K)
 Metaspace       used 73137K, committed 75264K, reserved 278528K
  class space    used 10831K, committed 11840K, reserved 212992K
}
Event: 23.312 GC heap before
{Heap before GC invocations=44 (full 0):
 garbage-first heap   total reserved 524288K, committed 97280K, used 88814K [0x00000000e0000000, 0x0000000100000000)
  region size 1024K, 10 young (10240K), 2 survivors (2048K)
 Metaspace       used 73137K, committed 75264K, reserved 278528K
  class space    used 10831K, committed 11840K, reserved 212992K
}
Event: 23.318 GC heap after
{Heap after GC invocations=45 (full 0):
 garbage-first heap   total reserved 524288K, committed 97280K, used 85646K [0x00000000e0000000, 0x0000000100000000)
  region size 1024K, 2 young (2048K), 2 survivors (2048K)
 Metaspace       used 73137K, committed 75264K, reserved 278528K
  class space    used 10831K, committed 11840K, reserved 212992K
}
Event: 23.350 GC heap before
{Heap before GC invocations=45 (full 0):
 garbage-first heap   total reserved 524288K, committed 97280K, used 88718K [0x00000000e0000000, 0x0000000100000000)
  region size 1024K, 5 young (5120K), 2 survivors (2048K)
 Metaspace       used 73137K, committed 75264K, reserved 278528K
  class space    used 10831K, committed 11840K, reserved 212992K
}
Event: 23.355 GC heap after
{Heap after GC invocations=46 (full 0):
 garbage-first heap   total reserved 524288K, committed 209920K, used 87040K [0x00000000e0000000, 0x0000000100000000)
  region size 1024K, 1 young (1024K), 1 survivors (1024K)
 Metaspace       used 73137K, committed 75264K, reserved 278528K
  class space    used 10831K, committed 11840K, reserved 212992K
}
Event: 26.169 GC heap before
{Heap before GC invocations=47 (full 0):
 garbage-first heap   total reserved 524288K, committed 209920K, used 162816K [0x00000000e0000000, 0x0000000100000000)
  region size 1024K, 75 young (76800K), 1 survivors (1024K)
 Metaspace       used 79146K, committed 81280K, reserved 344064K
  class space    used 11476K, committed 12480K, reserved 212992K
}
Event: 26.219 GC heap after
{Heap after GC invocations=48 (full 0):
 garbage-first heap   total reserved 524288K, committed 209920K, used 100289K [0x00000000e0000000, 0x0000000100000000)
  region size 1024K, 10 young (10240K), 10 survivors (10240K)
 Metaspace       used 79146K, committed 81280K, reserved 344064K
  class space    used 11476K, committed 12480K, reserved 212992K
}
Event: 27.783 GC heap before
{Heap before GC invocations=48 (full 0):
 garbage-first heap   total reserved 524288K, committed 209920K, used 163777K [0x00000000e0000000, 0x0000000100000000)
  region size 1024K, 73 young (74752K), 10 survivors (10240K)
 Metaspace       used 85996K, committed 88064K, reserved 344064K
  class space    used 12140K, committed 13120K, reserved 212992K
}
Event: 27.854 GC heap after
{Heap after GC invocations=49 (full 0):
 garbage-first heap   total reserved 524288K, committed 209920K, used 104960K [0x00000000e0000000, 0x0000000100000000)
  region size 1024K, 5 young (5120K), 5 survivors (5120K)
 Metaspace       used 85996K, committed 88064K, reserved 344064K
  class space    used 12140K, committed 13120K, reserved 212992K
}

Dll operation events (15 events):
Event: 0.020 Loaded shared library C:\Program Files\OpenLogic\jdk-22.0.2.9-hotspot\bin\java.dll
Event: 0.055 Loaded shared library C:\Program Files\OpenLogic\jdk-22.0.2.9-hotspot\bin\jsvml.dll
Event: 0.117 Loaded shared library C:\Program Files\OpenLogic\jdk-22.0.2.9-hotspot\bin\zip.dll
Event: 0.124 Loaded shared library C:\Program Files\OpenLogic\jdk-22.0.2.9-hotspot\bin\instrument.dll
Event: 0.130 Loaded shared library C:\Program Files\OpenLogic\jdk-22.0.2.9-hotspot\bin\net.dll
Event: 0.135 Loaded shared library C:\Program Files\OpenLogic\jdk-22.0.2.9-hotspot\bin\nio.dll
Event: 0.138 Loaded shared library C:\Program Files\OpenLogic\jdk-22.0.2.9-hotspot\bin\zip.dll
Event: 0.666 Loaded shared library C:\Program Files\OpenLogic\jdk-22.0.2.9-hotspot\bin\jimage.dll
Event: 0.962 Loaded shared library C:\Program Files\OpenLogic\jdk-22.0.2.9-hotspot\bin\verify.dll
Event: 1.007 Loaded shared library C:\Users\DELL\.gradle\native\660c5614fbf4a5f2a75b1949f50a0caf5cd603558e7d8a26e50b933a0cfb79d1\windows-amd64\native-platform.dll
Event: 1.032 Loaded shared library C:\Users\DELL\.gradle\native\0.2.8\x86_64-windows-gnu\gradle-fileevents.dll
Event: 2.636 Loaded shared library C:\Program Files\OpenLogic\jdk-22.0.2.9-hotspot\bin\management.dll
Event: 2.642 Loaded shared library C:\Program Files\OpenLogic\jdk-22.0.2.9-hotspot\bin\management_ext.dll
Event: 2.871 Loaded shared library C:\Program Files\OpenLogic\jdk-22.0.2.9-hotspot\bin\extnet.dll
Event: 3.209 Loaded shared library C:\Program Files\OpenLogic\jdk-22.0.2.9-hotspot\bin\sunmscapi.dll

Deoptimization events (20 events):
Event: 26.807 Thread 0x000002c326b85960 Uncommon trap: trap_request=0xffffffc6 fr.pc=0x000002c307f0522c relative=0x0000000000000cac
Event: 26.807 Thread 0x000002c326b85960 Uncommon trap: reason=bimorphic_or_optimized_type_check action=maybe_recompile pc=0x000002c307f0522c method=org.jetbrains.kotlin.protobuf.CodedInputStream.tryRefillBuffer(I)Z @ 177 c2
Event: 26.807 Thread 0x000002c326b85960 DEOPT PACKING pc=0x000002c307f0522c sp=0x000000f93cbf2d30
Event: 26.807 Thread 0x000002c326b85960 DEOPT UNPACKING pc=0x000002c307587da2 sp=0x000000f93cbf2d00 mode 2
Event: 26.809 Thread 0x000002c326b85960 Uncommon trap: trap_request=0xffffffc6 fr.pc=0x000002c307f0522c relative=0x0000000000000cac
Event: 26.809 Thread 0x000002c326b85960 Uncommon trap: reason=bimorphic_or_optimized_type_check action=maybe_recompile pc=0x000002c307f0522c method=org.jetbrains.kotlin.protobuf.CodedInputStream.tryRefillBuffer(I)Z @ 177 c2
Event: 26.809 Thread 0x000002c326b85960 DEOPT PACKING pc=0x000002c307f0522c sp=0x000000f93cbf2f80
Event: 26.809 Thread 0x000002c326b85960 DEOPT UNPACKING pc=0x000002c307587da2 sp=0x000000f93cbf2f50 mode 2
Event: 27.769 Thread 0x000002c326b85960 Uncommon trap: trap_request=0xffffff45 fr.pc=0x000002c307ed3408 relative=0x0000000000000428
Event: 27.769 Thread 0x000002c326b85960 Uncommon trap: reason=unstable_if action=reinterpret pc=0x000002c307ed3408 method=org.jetbrains.org.objectweb.asm.ClassReader.readUtf(II[C)Ljava/lang/String; @ 26 c2
Event: 27.769 Thread 0x000002c326b85960 DEOPT PACKING pc=0x000002c307ed3408 sp=0x000000f93cbf1f80
Event: 27.769 Thread 0x000002c326b85960 DEOPT UNPACKING pc=0x000002c307587da2 sp=0x000000f93cbf1e48 mode 2
Event: 27.896 Thread 0x000002c326b85960 Uncommon trap: trap_request=0xffffff45 fr.pc=0x000002c307ed0348 relative=0x00000000000003e8
Event: 27.896 Thread 0x000002c326b85960 Uncommon trap: reason=unstable_if action=reinterpret pc=0x000002c307ed0348 method=org.jetbrains.org.objectweb.asm.ClassReader.readUtf(II[C)Ljava/lang/String; @ 26 c2
Event: 27.896 Thread 0x000002c326b85960 DEOPT PACKING pc=0x000002c307ed0348 sp=0x000000f93cbf1f30
Event: 27.896 Thread 0x000002c326b85960 DEOPT UNPACKING pc=0x000002c307587da2 sp=0x000000f93cbf1e58 mode 2
Event: 27.902 Thread 0x000002c326b85960 Uncommon trap: trap_request=0xffffff45 fr.pc=0x000002c307ecab34 relative=0x0000000000000274
Event: 27.902 Thread 0x000002c326b85960 Uncommon trap: reason=unstable_if action=reinterpret pc=0x000002c307ecab34 method=org.jetbrains.org.objectweb.asm.ClassReader.readUtf(II[C)Ljava/lang/String; @ 26 c2
Event: 27.902 Thread 0x000002c326b85960 DEOPT PACKING pc=0x000002c307ecab34 sp=0x000000f93cbf1ea0
Event: 27.902 Thread 0x000002c326b85960 DEOPT UNPACKING pc=0x000002c307587da2 sp=0x000000f93cbf1e48 mode 2

Classes loaded (20 events):
Event: 22.581 Loading class java/nio/charset/IllegalCharsetNameException
Event: 22.581 Loading class java/nio/charset/IllegalCharsetNameException done
Event: 22.581 Loading class java/nio/charset/UnsupportedCharsetException
Event: 22.581 Loading class java/nio/charset/UnsupportedCharsetException done
Event: 22.582 Loading class sun/nio/cs/MS1251
Event: 22.582 Loading class sun/nio/cs/MS1251 done
Event: 22.784 Loading class java/beans/PropertyChangeSupport
Event: 22.785 Loading class java/beans/PropertyChangeSupport done
Event: 22.785 Loading class java/beans/PropertyChangeSupport$PropertyChangeListenerMap
Event: 22.786 Loading class java/beans/ChangeListenerMap
Event: 22.786 Loading class java/beans/ChangeListenerMap done
Event: 22.786 Loading class java/beans/PropertyChangeSupport$PropertyChangeListenerMap done
Event: 22.786 Loading class java/beans/PropertyChangeListener
Event: 22.786 Loading class java/beans/PropertyChangeListener done
Event: 23.704 Loading class java/util/regex/Pattern$Bound
Event: 23.706 Loading class java/util/regex/Pattern$Bound done
Event: 24.083 Loading class sun/nio/fs/WindowsLinkSupport
Event: 24.091 Loading class sun/nio/fs/WindowsLinkSupport done
Event: 26.297 Loading class java/io/NotSerializableException
Event: 26.300 Loading class java/io/NotSerializableException done

Classes unloaded (0 events):
No events

Classes redefined (0 events):
No events

Internal exceptions (20 events):
Event: 21.711 Thread 0x000002c326b85960 Exception <a 'java/lang/NoSuchMethodError'{0x00000000e481a0c0}: 'void java.lang.invoke.DelegatingMethodHandle$Holder.reinvoke_L(java.lang.Object, java.lang.Object, java.lang.Object, long, java.lang.Object)'> (0x00000000e481a0c0) 
thrown [s\src\hotspot\share\interpreter\linkResolver.cpp, line 774]
Event: 21.711 Thread 0x000002c326b85960 Exception <a 'java/lang/NoSuchMethodError'{0x00000000e4822600}: 'java.lang.Object java.lang.invoke.DirectMethodHandle$Holder.invokeSpecial(java.lang.Object, java.lang.Object, java.lang.Object, java.lang.Object, long)'> (0x00000000e4822600) 
thrown [s\src\hotspot\share\interpreter\linkResolver.cpp, line 774]
Event: 21.712 Thread 0x000002c326b85960 Exception <a 'java/lang/NoSuchMethodError'{0x00000000e4832610}: 'int java.lang.invoke.DelegatingMethodHandle$Holder.reinvoke_L(java.lang.Object, java.lang.Object, java.lang.Object, long, java.lang.Object, java.lang.Object)'> (0x00000000e4832610) 
thrown [s\src\hotspot\share\interpreter\linkResolver.cpp, line 774]
Event: 21.712 Thread 0x000002c326b85960 Exception <a 'java/lang/NoSuchMethodError'{0x00000000e4841f30}: 'int java.lang.invoke.DelegatingMethodHandle$Holder.reinvoke_L(java.lang.Object, java.lang.Object, java.lang.Object, long, int, int)'> (0x00000000e4841f30) 
thrown [s\src\hotspot\share\interpreter\linkResolver.cpp, line 774]
Event: 21.713 Thread 0x000002c326b85960 Exception <a 'java/lang/NoSuchMethodError'{0x00000000e4851600}: 'int java.lang.invoke.DelegatingMethodHandle$Holder.reinvoke_L(java.lang.Object, java.lang.Object, java.lang.Object, long, long, long)'> (0x00000000e4851600) 
thrown [s\src\hotspot\share\interpreter\linkResolver.cpp, line 774]
Event: 21.713 Thread 0x000002c326b85960 Exception <a 'java/lang/NoSuchMethodError'{0x00000000e4860998}: 'int java.lang.invoke.DelegatingMethodHandle$Holder.reinvoke_L(java.lang.Object, java.lang.Object, java.lang.Object, long, int)'> (0x00000000e4860998) 
thrown [s\src\hotspot\share\interpreter\linkResolver.cpp, line 774]
Event: 21.713 Thread 0x000002c326b85960 Exception <a 'java/lang/NoSuchMethodError'{0x00000000e4874030}: 'void java.lang.invoke.DelegatingMethodHandle$Holder.reinvoke_L(java.lang.Object, java.lang.Object, java.lang.Object, long, java.lang.Object, long, long)'> (0x00000000e4874030) 
thrown [s\src\hotspot\share\interpreter\linkResolver.cpp, line 774]
Event: 21.714 Thread 0x000002c326b85960 Exception <a 'java/lang/NoSuchMethodError'{0x00000000e487c218}: 'long java.lang.invoke.Invokers$Holder.invokeExact_MT(java.lang.Object, java.lang.Object, java.lang.Object)'> (0x00000000e487c218) 
thrown [s\src\hotspot\share\interpreter\linkResolver.cpp, line 774]
Event: 21.714 Thread 0x000002c326b85960 Exception <a 'java/lang/NoSuchMethodError'{0x00000000e48812b0}: 'int java.lang.invoke.Invokers$Holder.invokeExact_MT(java.lang.Object, java.lang.Object, java.lang.Object)'> (0x00000000e48812b0) 
thrown [s\src\hotspot\share\interpreter\linkResolver.cpp, line 774]
Event: 21.764 Thread 0x000002c326b85960 Exception <a 'java/lang/NoSuchMethodError'{0x00000000e45e3de0}: 'java.lang.Object java.lang.invoke.DirectMethodHandle$Holder.invokeStatic(java.lang.Object, java.lang.Object, int, java.lang.Object, int)'> (0x00000000e45e3de0) 
thrown [s\src\hotspot\share\interpreter\linkResolver.cpp, line 774]
Event: 22.367 Thread 0x000002c326b85960 Exception <a 'java/lang/NoSuchMethodError'{0x00000000e59cf590}: 'java.lang.Object java.lang.invoke.DirectMethodHandle$Holder.invokeStatic(java.lang.Object, java.lang.Object, java.lang.Object, java.lang.Object, int, java.lang.Object)'> (0x00000000e59cf590) 
thrown [s\src\hotspot\share\interpreter\linkResolver.cpp, line 774]
Event: 22.412 Thread 0x000002c326b85960 Exception <a 'java/lang/NoSuchMethodError'{0x00000000e570c020}: 'long java.lang.invoke.DirectMethodHandle$Holder.invokeStatic(java.lang.Object, java.lang.Object, int)'> (0x00000000e570c020) 
thrown [s\src\hotspot\share\interpreter\linkResolver.cpp, line 774]
Event: 22.413 Thread 0x000002c326b85960 Exception <a 'java/lang/NoSuchMethodError'{0x00000000e5718888}: 'java.lang.Object java.lang.invoke.DelegatingMethodHandle$Holder.reinvoke_L(java.lang.Object, int, long, java.lang.Object, java.lang.Object, int, java.lang.Object)'> (0x00000000e5718888) 
thrown [s\src\hotspot\share\interpreter\linkResolver.cpp, line 774]
Event: 22.710 Thread 0x000002c326b85960 Exception <a 'java/lang/NoSuchMethodError'{0x00000000e45918d0}: 'java.lang.Object java.lang.invoke.Invokers$Holder.invokeExact_MT(java.lang.Object, java.lang.Object, long, java.lang.Object)'> (0x00000000e45918d0) 
thrown [s\src\hotspot\share\interpreter\linkResolver.cpp, line 774]
Event: 22.812 Thread 0x000002c326b85960 Exception <a 'java/lang/NoSuchMethodError'{0x00000000e59bb0f0}: 'java.lang.Object java.lang.invoke.DirectMethodHandle$Holder.invokeStatic(java.lang.Object, java.lang.Object, long, long)'> (0x00000000e59bb0f0) 
thrown [s\src\hotspot\share\interpreter\linkResolver.cpp, line 774]
Event: 22.822 Thread 0x000002c326b85960 Exception <a 'java/lang/NoSuchMethodError'{0x00000000e58087e8}: 'java.lang.Object java.lang.invoke.DirectMethodHandle$Holder.invokeStatic(java.lang.Object, java.lang.Object, java.lang.Object, long, java.lang.Object)'> (0x00000000e58087e8) 
thrown [s\src\hotspot\share\interpreter\linkResolver.cpp, line 774]
Event: 22.823 Thread 0x000002c326b85960 Exception <a 'java/lang/NoSuchMethodError'{0x00000000e5811180}: 'java.lang.Object java.lang.invoke.DirectMethodHandle$Holder.newInvokeSpecial(java.lang.Object, java.lang.Object, java.lang.Object, long)'> (0x00000000e5811180) 
thrown [s\src\hotspot\share\interpreter\linkResolver.cpp, line 774]
Event: 22.823 Thread 0x000002c326b85960 Exception <a 'java/lang/NoSuchMethodError'{0x00000000e5816778}: 'java.lang.Object java.lang.invoke.Invokers$Holder.linkToTargetMethod(java.lang.Object, java.lang.Object, long, java.lang.Object)'> (0x00000000e5816778) 
thrown [s\src\hotspot\share\interpreter\linkResolver.cpp, line 774]
Event: 23.119 Thread 0x000002c326b85960 Implicit null exception at 0x000002c307da2c67 to 0x000002c307da3070
Event: 23.865 Thread 0x000002c326b85960 Exception <a 'java/lang/NoSuchMethodError'{0x00000000eb00f038}: 'int java.lang.invoke.DirectMethodHandle$Holder.invokeSpecial(java.lang.Object, java.lang.Object, int, int)'> (0x00000000eb00f038) 
thrown [s\src\hotspot\share\interpreter\linkResolver.cpp, line 774]

ZGC Phase Switch (0 events):
No events

VM Operations (20 events):
Event: 23.312 Executing VM operation: G1CollectForAllocation (G1 Evacuation Pause)
Event: 23.318 Executing VM operation: G1CollectForAllocation (G1 Evacuation Pause) done
Event: 23.350 Executing VM operation: G1CollectForAllocation (G1 Evacuation Pause)
Event: 23.355 Executing VM operation: G1CollectForAllocation (G1 Evacuation Pause) done
Event: 23.407 Executing VM operation: G1PauseRemark
Event: 23.413 Executing VM operation: G1PauseRemark done
Event: 23.480 Executing VM operation: G1PauseCleanup
Event: 23.480 Executing VM operation: G1PauseCleanup done
Event: 24.494 Executing VM operation: Cleanup
Event: 24.494 Executing VM operation: Cleanup done
Event: 25.498 Executing VM operation: Cleanup
Event: 25.498 Executing VM operation: Cleanup done
Event: 26.165 Executing VM operation: G1CollectForAllocation (G1 Evacuation Pause)
Event: 26.219 Executing VM operation: G1CollectForAllocation (G1 Evacuation Pause) done
Event: 26.712 Executing VM operation: HandshakeAllThreads (Deoptimize)
Event: 26.713 Executing VM operation: HandshakeAllThreads (Deoptimize) done
Event: 27.721 Executing VM operation: Cleanup
Event: 27.722 Executing VM operation: Cleanup done
Event: 27.783 Executing VM operation: G1CollectForAllocation (G1 Evacuation Pause)
Event: 27.854 Executing VM operation: G1CollectForAllocation (G1 Evacuation Pause) done

Memory protections (0 events):
No events

Nmethod flushes (20 events):
Event: 23.413 Thread 0x000002c374bd95d0 flushing  nmethod 0x000002c3004e0210
Event: 23.413 Thread 0x000002c374bd95d0 flushing  nmethod 0x000002c3007c2190
Event: 23.413 Thread 0x000002c374bd95d0 flushing  nmethod 0x000002c3007fec10
Event: 23.413 Thread 0x000002c374bd95d0 flushing  nmethod 0x000002c300b37190
Event: 23.413 Thread 0x000002c374bd95d0 flushing  nmethod 0x000002c307ad0a10
Event: 23.413 Thread 0x000002c374bd95d0 flushing  nmethod 0x000002c307b9c710
Event: 23.413 Thread 0x000002c374bd95d0 flushing  nmethod 0x000002c307bfd010
Event: 23.413 Thread 0x000002c374bd95d0 flushing  nmethod 0x000002c307e65b90
Event: 23.413 Thread 0x000002c374bd95d0 flushing  nmethod 0x000002c307eaa590
Event: 23.413 Thread 0x000002c374bd95d0 flushing  nmethod 0x000002c300111710
Event: 23.413 Thread 0x000002c374bd95d0 flushing  nmethod 0x000002c30013e210
Event: 23.413 Thread 0x000002c374bd95d0 flushing  nmethod 0x000002c300244210
Event: 23.413 Thread 0x000002c374bd95d0 flushing  nmethod 0x000002c3003c5110
Event: 23.413 Thread 0x000002c374bd95d0 flushing  nmethod 0x000002c3003ea390
Event: 23.413 Thread 0x000002c374bd95d0 flushing  nmethod 0x000002c30049e790
Event: 23.413 Thread 0x000002c374bd95d0 flushing  nmethod 0x000002c300582f90
Event: 23.413 Thread 0x000002c374bd95d0 flushing  nmethod 0x000002c3005e0b10
Event: 23.413 Thread 0x000002c374bd95d0 flushing  nmethod 0x000002c3006d6f90
Event: 23.413 Thread 0x000002c374bd95d0 flushing  nmethod 0x000002c300973290
Event: 23.413 Thread 0x000002c374bd95d0 flushing  nmethod 0x000002c300b28610

Events (20 events):
Event: 3.839 Thread 0x000002c326b85960 Thread added: 0x000002c326b852d0
Event: 3.924 Thread 0x000002c326b85960 Thread added: 0x000002c326b83890
Event: 5.318 Thread 0x000002c326b85960 Thread added: 0x000002c32848e580
Event: 5.349 Thread 0x000002c326b85960 Thread added: 0x000002c32848be20
Event: 5.653 Thread 0x000002c326b85960 Thread added: 0x000002c32848f2a0
Event: 5.664 Thread 0x000002c326b85960 Thread added: 0x000002c32848b790
Event: 5.791 Thread 0x000002c326b85960 Thread added: 0x000002c32848a3e0
Event: 5.791 Thread 0x000002c326b85960 Thread added: 0x000002c328490650
Event: 6.498 Thread 0x000002c326b85960 Thread added: 0x000002c32848aa70
Event: 6.652 Thread 0x000002c326b85960 Thread added: 0x000002c32848c4b0
Event: 7.475 Thread 0x000002c326b85960 Thread added: 0x000002c32848cb40
Event: 7.581 Thread 0x000002c326b85960 Thread added: 0x000002c32848f930
Event: 7.858 Thread 0x000002c326b85960 Thread added: 0x000002c32848d1d0
Event: 7.936 Thread 0x000002c326b85960 Thread added: 0x000002c32848ffc0
Event: 10.626 Thread 0x000002c326b85960 Thread added: 0x000002c32848def0
Event: 10.699 Thread 0x000002c326b85960 Thread added: 0x000002c3284896c0
Event: 10.757 Thread 0x000002c326b85960 Thread added: 0x000002c328489d50
Event: 14.115 Thread 0x000002c326b85960 Thread added: 0x000002c3283f2090
Event: 14.541 Thread 0x000002c326b85960 Thread added: 0x000002c3283effc0
Event: 16.701 Thread 0x000002c326b85960 Thread added: 0x000002c3283f1370


Dynamic libraries:
0x00007ff788e50000 - 0x00007ff788e5e000 	C:\Program Files\OpenLogic\jdk-22.0.2.9-hotspot\bin\java.exe
0x00007ffbe3470000 - 0x00007ffbe3668000 	C:\Windows\SYSTEM32\ntdll.dll
0x00007ffbe29e0000 - 0x00007ffbe2aa2000 	C:\Windows\System32\KERNEL32.DLL
0x00007ffbe0c80000 - 0x00007ffbe0f76000 	C:\Windows\System32\KERNELBASE.dll
0x00007ffbe0f80000 - 0x00007ffbe1080000 	C:\Windows\System32\ucrtbase.dll
0x00007ffbced60000 - 0x00007ffbced7b000 	C:\Program Files\OpenLogic\jdk-22.0.2.9-hotspot\bin\VCRUNTIME140.dll
0x00007ffbced80000 - 0x00007ffbced97000 	C:\Program Files\OpenLogic\jdk-22.0.2.9-hotspot\bin\jli.dll
0x00007ffbe2ab0000 - 0x00007ffbe2c51000 	C:\Windows\System32\USER32.dll
0x00007ffbe1220000 - 0x00007ffbe1242000 	C:\Windows\System32\win32u.dll
0x00007ffbe1490000 - 0x00007ffbe14bb000 	C:\Windows\System32\GDI32.dll
0x00007ffbce3d0000 - 0x00007ffbce66b000 	C:\Windows\WinSxS\amd64_microsoft.windows.common-controls_6595b64144ccf1df_6.0.19041.6456_none_60b8a6cb71f64256\COMCTL32.dll
0x00007ffbe1100000 - 0x00007ffbe1219000 	C:\Windows\System32\gdi32full.dll
0x00007ffbe2fb0000 - 0x00007ffbe304e000 	C:\Windows\System32\msvcrt.dll
0x00007ffbe0b90000 - 0x00007ffbe0c2d000 	C:\Windows\System32\msvcp_win.dll
0x00007ffbe31a0000 - 0x00007ffbe31cf000 	C:\Windows\System32\IMM32.DLL
0x00007ffbda100000 - 0x00007ffbda10c000 	C:\Program Files\OpenLogic\jdk-22.0.2.9-hotspot\bin\vcruntime140_1.dll
0x00007ffbb7190000 - 0x00007ffbb721d000 	C:\Program Files\OpenLogic\jdk-22.0.2.9-hotspot\bin\msvcp140.dll
0x00007ffb7c680000 - 0x00007ffb7d450000 	C:\Program Files\OpenLogic\jdk-22.0.2.9-hotspot\bin\server\jvm.dll
0x00007ffbe14c0000 - 0x00007ffbe1571000 	C:\Windows\System32\ADVAPI32.dll
0x00007ffbe15a0000 - 0x00007ffbe163f000 	C:\Windows\System32\sechost.dll
0x00007ffbe17f0000 - 0x00007ffbe1910000 	C:\Windows\System32\RPCRT4.dll
0x00007ffbe13b0000 - 0x00007ffbe13d7000 	C:\Windows\System32\bcrypt.dll
0x00007ffbe2d40000 - 0x00007ffbe2dab000 	C:\Windows\System32\WS2_32.dll
0x00007ffbe0960000 - 0x00007ffbe09ab000 	C:\Windows\SYSTEM32\POWRPROF.dll
0x00007ffbc9c30000 - 0x00007ffbc9c57000 	C:\Windows\SYSTEM32\WINMM.dll
0x00007ffbd9910000 - 0x00007ffbd991a000 	C:\Windows\SYSTEM32\VERSION.dll
0x00007ffbe0940000 - 0x00007ffbe0952000 	C:\Windows\SYSTEM32\UMPDC.dll
0x00007ffbdf2d0000 - 0x00007ffbdf2e2000 	C:\Windows\SYSTEM32\kernel.appcore.dll
0x00007ffbd5ce0000 - 0x00007ffbd5cea000 	C:\Program Files\OpenLogic\jdk-22.0.2.9-hotspot\bin\jimage.dll
0x00007ffbde6a0000 - 0x00007ffbde8a1000 	C:\Windows\SYSTEM32\DBGHELP.DLL
0x00007ffbb3290000 - 0x00007ffbb32c4000 	C:\Windows\SYSTEM32\dbgcore.DLL
0x00007ffbe0b00000 - 0x00007ffbe0b82000 	C:\Windows\System32\bcryptPrimitives.dll
0x00007ffbcfb00000 - 0x00007ffbcfb0e000 	C:\Program Files\OpenLogic\jdk-22.0.2.9-hotspot\bin\instrument.dll
0x00007ffbced40000 - 0x00007ffbced5e000 	C:\Program Files\OpenLogic\jdk-22.0.2.9-hotspot\bin\java.dll
0x00007ffbe1da0000 - 0x00007ffbe2510000 	C:\Windows\System32\SHELL32.dll
0x00007ffbe1c70000 - 0x00007ffbe1d9b000 	C:\Windows\System32\ole32.dll
0x00007ffbe1910000 - 0x00007ffbe1c64000 	C:\Windows\System32\combase.dll
0x00007ffbdeb10000 - 0x00007ffbdf2b5000 	C:\Windows\SYSTEM32\windows.storage.dll
0x00007ffbe0450000 - 0x00007ffbe047b000 	C:\Windows\SYSTEM32\Wldp.dll
0x00007ffbe2e30000 - 0x00007ffbe2efd000 	C:\Windows\System32\OLEAUT32.dll
0x00007ffbe2f00000 - 0x00007ffbe2fad000 	C:\Windows\System32\SHCORE.dll
0x00007ffbe32f0000 - 0x00007ffbe334b000 	C:\Windows\System32\shlwapi.dll
0x00007ffbe0a30000 - 0x00007ffbe0a54000 	C:\Windows\SYSTEM32\profapi.dll
0x00007ffbb36e0000 - 0x00007ffbb37b6000 	C:\Program Files\OpenLogic\jdk-22.0.2.9-hotspot\bin\jsvml.dll
0x00007ffbce3b0000 - 0x00007ffbce3c7000 	C:\Program Files\OpenLogic\jdk-22.0.2.9-hotspot\bin\zip.dll
0x00007ffbce670000 - 0x00007ffbce680000 	C:\Program Files\OpenLogic\jdk-22.0.2.9-hotspot\bin\net.dll
0x00007ffbe0160000 - 0x00007ffbe01ca000 	C:\Windows\system32\mswsock.dll
0x00007ffbce2e0000 - 0x00007ffbce2f6000 	C:\Program Files\OpenLogic\jdk-22.0.2.9-hotspot\bin\nio.dll
0x00007ffbce120000 - 0x00007ffbce130000 	C:\Program Files\OpenLogic\jdk-22.0.2.9-hotspot\bin\verify.dll
0x00007ffbceda0000 - 0x00007ffbcedc7000 	C:\Users\DELL\.gradle\native\660c5614fbf4a5f2a75b1949f50a0caf5cd603558e7d8a26e50b933a0cfb79d1\windows-amd64\native-platform.dll
0x00007ffbb6640000 - 0x00007ffbb66b7000 	C:\Users\DELL\.gradle\native\0.2.8\x86_64-windows-gnu\gradle-fileevents.dll
0x00007ffbce3a0000 - 0x00007ffbce3a9000 	C:\Program Files\OpenLogic\jdk-22.0.2.9-hotspot\bin\management.dll
0x00007ffbce110000 - 0x00007ffbce11b000 	C:\Program Files\OpenLogic\jdk-22.0.2.9-hotspot\bin\management_ext.dll
0x00007ffbe1590000 - 0x00007ffbe1598000 	C:\Windows\System32\PSAPI.DLL
0x00007ffbdfe50000 - 0x00007ffbdfe8b000 	C:\Windows\SYSTEM32\IPHLPAPI.DLL
0x00007ffbe1580000 - 0x00007ffbe1588000 	C:\Windows\System32\NSI.dll
0x00007ffbce100000 - 0x00007ffbce109000 	C:\Program Files\OpenLogic\jdk-22.0.2.9-hotspot\bin\extnet.dll
0x00007ffbe0310000 - 0x00007ffbe0328000 	C:\Windows\SYSTEM32\CRYPTSP.dll
0x00007ffbdfa90000 - 0x00007ffbdfac8000 	C:\Windows\system32\rsaenh.dll
0x00007ffbe09b0000 - 0x00007ffbe09de000 	C:\Windows\SYSTEM32\USERENV.dll
0x00007ffbe0330000 - 0x00007ffbe033c000 	C:\Windows\SYSTEM32\CRYPTBASE.dll
0x00007ffbce0a0000 - 0x00007ffbce0ae000 	C:\Program Files\OpenLogic\jdk-22.0.2.9-hotspot\bin\sunmscapi.dll
0x00007ffbe1250000 - 0x00007ffbe13ad000 	C:\Windows\System32\CRYPT32.dll
0x00007ffbe04c0000 - 0x00007ffbe04e7000 	C:\Windows\SYSTEM32\ncrypt.dll
0x00007ffbe0480000 - 0x00007ffbe04bb000 	C:\Windows\SYSTEM32\NTASN1.dll
0x00007ffbda170000 - 0x00007ffbda177000 	C:\Windows\system32\wshunix.dll

dbghelp: loaded successfully - version: 4.0.5 - missing functions: none
symbol engine: initialized successfully - sym options: 0x614 - pdb path: .;C:\Program Files\OpenLogic\jdk-22.0.2.9-hotspot\bin;C:\Windows\SYSTEM32;C:\Windows\WinSxS\amd64_microsoft.windows.common-controls_6595b64144ccf1df_6.0.19041.6456_none_60b8a6cb71f64256;C:\Program Files\OpenLogic\jdk-22.0.2.9-hotspot\bin\server;C:\Users\DELL\.gradle\native\660c5614fbf4a5f2a75b1949f50a0caf5cd603558e7d8a26e50b933a0cfb79d1\windows-amd64;C:\Users\DELL\.gradle\native\0.2.8\x86_64-windows-gnu

VM Arguments:
jvm_args: --add-opens=java.base/java.lang=ALL-UNNAMED --add-opens=java.base/java.lang.invoke=ALL-UNNAMED --add-opens=java.base/java.util=ALL-UNNAMED --add-opens=java.prefs/java.util.prefs=ALL-UNNAMED --add-exports=jdk.compiler/com.sun.tools.javac.api=ALL-UNNAMED --add-exports=jdk.compiler/com.sun.tools.javac.util=ALL-UNNAMED --add-opens=java.base/java.util=ALL-UNNAMED --add-opens=java.prefs/java.util.prefs=ALL-UNNAMED --add-opens=java.base/java.nio.charset=ALL-UNNAMED --add-opens=java.base/java.net=ALL-UNNAMED --add-opens=java.base/java.util.concurrent=ALL-UNNAMED --add-opens=java.base/java.util.concurrent.atomic=ALL-UNNAMED --add-opens=java.xml/javax.xml.namespace=ALL-UNNAMED --add-opens=java.base/java.time=ALL-UNNAMED -XX:MaxMetaspaceSize=256m -Xmx512m -Dfile.encoding=UTF-8 -Duser.country=IN -Duser.language=en -Duser.variant -javaagent:C:\Users\DELL\.gradle\wrapper\dists\gradle-9.3.1-bin\23ovyewtku6u96viwx3xl3oks\gradle-9.3.1\lib\agents\gradle-instrumentation-agent-9.3.1.jar 
java_command: org.gradle.launcher.daemon.bootstrap.GradleDaemon 9.3.1
java_class_path (initial): C:\Users\DELL\.gradle\wrapper\dists\gradle-9.3.1-bin\23ovyewtku6u96viwx3xl3oks\gradle-9.3.1\lib\gradle-daemon-main-9.3.1.jar
Launcher Type: SUN_STANDARD

[Global flags]
     intx CICompilerCount                          = 3                                         {product} {ergonomic}
   size_t CompressedClassSpaceSize                 = 218103808                                 {product} {ergonomic}
     uint ConcGCThreads                            = 1                                         {product} {ergonomic}
     uint G1ConcRefinementThreads                  = 4                                         {product} {ergonomic}
   size_t G1HeapRegionSize                         = 1048576                                   {product} {ergonomic}
   size_t InitialHeapSize                          = 65011712                                  {product} {ergonomic}
   size_t MarkStackSize                            = 4194304                                   {product} {ergonomic}
   size_t MaxHeapSize                              = 536870912                                 {product} {command line}
   size_t MaxMetaspaceSize                         = 268435456                                 {product} {command line}
   size_t MaxNewSize                               = 321912832                                 {product} {ergonomic}
   size_t MinHeapDeltaBytes                        = 1048576                                   {product} {ergonomic}
   size_t MinHeapSize                              = 8388608                                   {product} {ergonomic}
    uintx NonNMethodCodeHeapSize                   = 5832780                                {pd product} {ergonomic}
    uintx NonProfiledCodeHeapSize                  = 122912730                              {pd product} {ergonomic}
    uintx ProfiledCodeHeapSize                     = 122912730                              {pd product} {ergonomic}
    uintx ReservedCodeCacheSize                    = 251658240                              {pd product} {ergonomic}
     bool SegmentedCodeCache                       = true                                      {product} {ergonomic}
   size_t SoftMaxHeapSize                          = 536870912                              {manageable} {ergonomic}
     bool UseCompressedOops                        = true                           {product lp64_product} {ergonomic}
     bool UseG1GC                                  = true                                      {product} {ergonomic}
     bool UseLargePagesIndividualAllocation        = false                                  {pd product} {ergonomic}

Logging:
Log output configuration:
 #0: stdout all=warning uptime,level,tags foldmultilines=false
 #1: stderr all=off uptime,level,tags foldmultilines=false

Environment Variables:
PATH=C:\Program Files\OpenLogic\jdk-22.0.2.9-hotspot\bin;C:\Windows\system32;C:\Windows;C:\Windows\System32\Wbem;C:\Windows\System32\WindowsPowerShell\v1.0\;C:\Windows\System32\OpenSSH\;C:\Program Files\dotnet\;C:\MinGW\bin;C:\Program Files\Git\cmd;C:\Users\DELL\AppData\Roaming\nvm;C:\Program Files\nodejs;C:\ProgramData\chocolatey\bin;C:\Program Files\nodejs\;C:\Users\DELL\AppData\Local\Programs\Python\Python313\Scripts;C:\Users\DELL\AppData\Local\Programs\Python\Python313\;C:\platform-tools;C:\MinGW\bin;C:\MinGW\bin;C:\Program Files\MySQL\MySQL Server 8.0\bin;C:\Users\DELL\AppData\Local\Programs\Python\Python310\Scripts\;C:\Users\DELL\AppData\Local\Programs\Python\Python310\;C:\Users\DELL\AppData\Local\Programs\Python\Python313\Scripts\;C:\Users\DELL\AppData\Local\Programs\Python\Python313\;C:\Users\DELL\AppData\Local\Programs\Python\Launcher\;C:\Users\DELL\AppData\Local\Microsoft\WindowsApps;C:\Users\DELL\AppData\Local\Programs\Microsoft VS Code\bin;C:\Users\DELL\AppData\Roaming\nvm;C:\Program Files\nodejs;C:\Users\DELL\AppData\Roaming\npm;C:\Program Files\heroku\bin;C:\Users\DELL\.dotnet\tools;C:\Users\DELL\Downloads\x64;C:\Users\DELL\AppData\Local\Programs\Python\Python310\;C:\Users\DELL\AppData\Local\Programs\Antigravity\bin
USERNAME=DELL
OS=Windows_NT
PROCESSOR_IDENTIFIER=Intel64 Family 6 Model 126 Stepping 5, GenuineIntel
TMP=C:\Users\DELL\AppData\Local\Temp
TEMP=C:\Users\DELL\AppData\Local\Temp




Periodic native trim disabled

---------------  S Y S T E M  ---------------

OS:
 Windows 10 , 64 bit Build 19041 (10.0.19041.5915)
OS uptime: 0 days 14:49 hours
Hyper-V role detected

CPU: total 4 (initial active 4) (2 cores per cpu, 2 threads per core) family 6 model 126 stepping 5 microcode 0xca, cx8, cmov, fxsr, ht, mmx, 3dnowpref, sse, sse2, sse3, ssse3, sse4.1, sse4.2, popcnt, lzcnt, tsc, tscinvbit, avx, avx2, aes, erms, clmul, bmi1, bmi2, adx, avx512f, avx512dq, avx512cd, avx512bw, avx512vl, sha, fma, vzeroupper, avx512_vpopcntdq, avx512_vpclmulqdq, avx512_vaes, avx512_vnni, clflush, clflushopt, avx512_vbmi2, avx512_vbmi, hv, rdtscp, rdpid, fsrm, gfni, avx512_bitalg, f16c, avx512_ifma
Processor Information for all 4 processors :
  Max Mhz: 1190, Current Mhz: 1190, Mhz Limit: 1190

Memory: 4k page, system-wide physical 3862M (115M free)
TotalPageFile size 15638M (AvailPageFile size 0M)
current process WorkingSet (physical memory assigned to process): 191M, peak: 248M
current process commit charge ("private bytes"): 468M, peak: 468M

vm_info: OpenJDK 64-Bit Server VM (22.0.2+9-adhoc.Administrator.jdk22u) for windows-amd64 JRE (22.0.2+9-adhoc.Administrator.jdk22u), built on 2024-10-10T20:22:04Z by "Administrator" with MS VC++ 16.10 / 16.11 (VS2019)

END.
