#
# There is insufficient memory for the Java Runtime Environment to continue.
# Native memory allocation (malloc) failed to allocate 1063760 bytes. Error detail: Chunk::new
# Possible reasons:
#   The system is out of physical RAM or swap space
#   This process is running with CompressedOops enabled, and the Java Heap may be blocking the growth of the native heap
# Possible solutions:
#   Reduce memory load on the system
#   Increase physical memory or swap space
#   Check if swap backing store is full
#   Decrease Java heap size (-Xmx/-Xms)
#   Decrease number of Java threads
#   Decrease Java thread stack sizes (-Xss)
#   Set larger code cache with -XX:ReservedCodeCacheSize=
#   JVM is running with Unscaled Compressed Oops mode in which the Java heap is
#     placed in the first 4GB address space. The Java Heap base address is the
#     maximum limit for the native heap growth. Please use -XX:HeapBaseMinAddress
#     to set the Java Heap base and to place the Java Heap above 4GB virtual address.
# This output file may be truncated or incomplete.
#
#  Out of Memory Error (arena.cpp:150), pid=16704, tid=5920
#
# JRE version: OpenJDK Runtime Environment OpenLogic-OpenJDK (22.0.2+9) (build 22.0.2+9-adhoc.Administrator.jdk22u)
# Java VM: OpenJDK 64-Bit Server VM OpenLogic-OpenJDK (22.0.2+9-adhoc.Administrator.jdk22u, mixed mode, sharing, tiered, compressed oops, compressed class ptrs, g1 gc, windows-amd64)
# No core dump will be written. Minidumps are not enabled by default on client versions of Windows
#

---------------  S U M M A R Y ------------

Command Line: --add-opens=java.base/java.lang=ALL-UNNAMED --add-opens=java.base/java.lang.invoke=ALL-UNNAMED --add-opens=java.base/java.util=ALL-UNNAMED --add-opens=java.prefs/java.util.prefs=ALL-UNNAMED --add-exports=jdk.compiler/com.sun.tools.javac.api=ALL-UNNAMED --add-exports=jdk.compiler/com.sun.tools.javac.util=ALL-UNNAMED --add-opens=java.base/java.util=ALL-UNNAMED --add-opens=java.prefs/java.util.prefs=ALL-UNNAMED --add-opens=java.base/java.nio.charset=ALL-UNNAMED --add-opens=java.base/java.net=ALL-UNNAMED --add-opens=java.base/java.util.concurrent=ALL-UNNAMED --add-opens=java.base/java.util.concurrent.atomic=ALL-UNNAMED --add-opens=java.xml/javax.xml.namespace=ALL-UNNAMED --add-opens=java.base/java.time=ALL-UNNAMED -XX:MaxMetaspaceSize=256m -Xmx512m -Dfile.encoding=UTF-8 -Duser.country=IN -Duser.language=en -Duser.variant -javaagent:C:\Users\DELL\.gradle\wrapper\dists\gradle-9.3.1-bin\23ovyewtku6u96viwx3xl3oks\gradle-9.3.1\lib\agents\gradle-instrumentation-agent-9.3.1.jar org.gradle.launcher.daemon.bootstrap.GradleDaemon 9.3.1

Host: Intel(R) Core(TM) i3-1005G1 CPU @ 1.20GHz, 4 cores, 3G,  Windows 10 , 64 bit Build 19041 (10.0.19041.5915)
Time: Fri Mar 27 02:26:14 2026 India Standard Time elapsed time: 119.881859 seconds (0d 0h 1m 59s)

---------------  T H R E A D  ---------------

Current thread (0x000001bc101352c0):  JavaThread "C2 CompilerThread0" daemon [_thread_in_native, id=5920, stack(0x0000007874500000,0x0000007874600000) (1024K)]


Current CompileTask:
C2:119882 12294   !   4       sun.reflect.annotation.AnnotationParser::parseAnnotation2 (275 bytes)

Stack: [0x0000007874500000,0x0000007874600000]
Native frames: (J=compiled Java code, j=interpreted, Vv=VM code, C=native code)
V  [jvm.dll+0x6f7a89]  (no source info available)
V  [jvm.dll+0x8dbfe5]  (no source info available)
V  [jvm.dll+0x8de24e]  (no source info available)
V  [jvm.dll+0x8de933]  (no source info available)
V  [jvm.dll+0x28d206]  (no source info available)
V  [jvm.dll+0xc500f]  (no source info available)
V  [jvm.dll+0xc526b]  (no source info available)
V  [jvm.dll+0x3cbd5b]  (no source info available)
V  [jvm.dll+0x1e9ac2]  (no source info available)
V  [jvm.dll+0x253ff4]  (no source info available)
V  [jvm.dll+0x2536c1]  (no source info available)
V  [jvm.dll+0x1cee1a]  (no source info available)
V  [jvm.dll+0x263205]  (no source info available)
V  [jvm.dll+0x2614cb]  (no source info available)
V  [jvm.dll+0x407326]  (no source info available)
V  [jvm.dll+0x883518]  (no source info available)
V  [jvm.dll+0x6f6295]  (no source info available)
C  [ucrtbase.dll+0x21bb2]  (no source info available)
C  [KERNEL32.DLL+0x17374]  (no source info available)
C  [ntdll.dll+0x4cc91]  (no source info available)


---------------  P R O C E S S  ---------------

Threads class SMR info:
_java_thread_list=0x000001bc1baf51b0, length=57, elements={
0x000001bc633b9820, 0x000001bc10122ff0, 0x000001bc10125b60, 0x000001bc10126c60,
0x000001bc101276c0, 0x000001bc10130130, 0x000001bc10133340, 0x000001bc101352c0,
0x000001bc1013da70, 0x000001bc10134060, 0x000001bc10132620, 0x000001bc10130be0,
0x000001bc10131270, 0x000001bc10131900, 0x000001bc10132cb0, 0x000001bc15e4d300,
0x000001bc15e47720, 0x000001bc15e49160, 0x000001bc15e4aba0, 0x000001bc15e4d990,
0x000001bc15e4bf50, 0x000001bc15e4b230, 0x000001bc15e497f0, 0x000001bc15e47db0,
0x000001bc15e4b8c0, 0x000001bc15e47090, 0x000001bc15e48440, 0x000001bc15e4cc70,
0x000001bc15e4e6b0, 0x000001bc15e48ad0, 0x000001bc17ecbd90, 0x000001bc17ecc420,
0x000001bc17ecd140, 0x000001bc17eca9e0, 0x000001bc17ecb070, 0x000001bc16b2f830,
0x000001bc16b32cb0, 0x000001bc16b346f0, 0x000001bc16b34d80, 0x000001bc16b31f90,
0x000001bc16b30be0, 0x000001bc16b2fec0, 0x000001bc16b35410, 0x000001bc16b2e480,
0x000001bc101339d0, 0x000001bc17eccab0, 0x000001bc16b34060, 0x000001bc17cdf9b0,
0x000001bc17cdd8e0, 0x000001bc17cdec90, 0x000001bc17cdcbc0, 0x000001bc17cdb810,
0x000001bc17cdbea0, 0x000001bc17ce13f0, 0x000001bc17ce0040, 0x000001bc17cdc530,
0x000001bc17cdd250
}

Java Threads: ( => current thread )
  0x000001bc633b9820 JavaThread "main"                              [_thread_blocked, id=13012, stack(0x0000007873700000,0x0000007873800000) (1024K)]
  0x000001bc10122ff0 JavaThread "Reference Handler"          daemon [_thread_blocked, id=9192, stack(0x0000007873f00000,0x0000007874000000) (1024K)]
  0x000001bc10125b60 JavaThread "Finalizer"                  daemon [_thread_blocked, id=18540, stack(0x0000007874000000,0x0000007874100000) (1024K)]
  0x000001bc10126c60 JavaThread "Signal Dispatcher"          daemon [_thread_blocked, id=3348, stack(0x0000007874100000,0x0000007874200000) (1024K)]
  0x000001bc101276c0 JavaThread "Attach Listener"            daemon [_thread_blocked, id=17988, stack(0x0000007874200000,0x0000007874300000) (1024K)]
  0x000001bc10130130 JavaThread "Service Thread"             daemon [_thread_blocked, id=924, stack(0x0000007874300000,0x0000007874400000) (1024K)]
  0x000001bc10133340 JavaThread "Monitor Deflation Thread"   daemon [_thread_blocked, id=1876, stack(0x0000007874400000,0x0000007874500000) (1024K)]
=>0x000001bc101352c0 JavaThread "C2 CompilerThread0"         daemon [_thread_in_native, id=5920, stack(0x0000007874500000,0x0000007874600000) (1024K)]
  0x000001bc1013da70 JavaThread "C1 CompilerThread0"         daemon [_thread_blocked, id=1868, stack(0x0000007874600000,0x0000007874700000) (1024K)]
  0x000001bc10134060 JavaThread "Common-Cleaner"             daemon [_thread_blocked, id=5752, stack(0x0000007874700000,0x0000007874800000) (1024K)]
  0x000001bc10132620 JavaThread "Notification Thread"        daemon [_thread_blocked, id=18468, stack(0x0000007874800000,0x0000007874900000) (1024K)]
  0x000001bc10130be0 JavaThread "Daemon health stats"               [_thread_blocked, id=10992, stack(0x0000007874c00000,0x0000007874d00000) (1024K)]
  0x000001bc10131270 JavaThread "Incoming local TCP Connector on port 60507"        [_thread_in_native, id=17932, stack(0x0000007874d00000,0x0000007874e00000) (1024K)]
  0x000001bc10131900 JavaThread "Daemon periodic checks"            [_thread_blocked, id=15688, stack(0x0000007874e00000,0x0000007874f00000) (1024K)]
  0x000001bc10132cb0 JavaThread "Daemon"                            [_thread_blocked, id=10576, stack(0x0000007874f00000,0x0000007875000000) (1024K)]
  0x000001bc15e4d300 JavaThread "Handler for socket connection from /127.0.0.1:60507 to /127.0.0.1:60508"        [_thread_in_native, id=15380, stack(0x0000007875000000,0x0000007875100000) (1024K)]
  0x000001bc15e47720 JavaThread "Cancel handler"                    [_thread_blocked, id=17396, stack(0x0000007875100000,0x0000007875200000) (1024K)]
  0x000001bc15e49160 JavaThread "Daemon worker"                     [_thread_in_native, id=16120, stack(0x0000007875200000,0x0000007875300000) (1024K)]
  0x000001bc15e4aba0 JavaThread "Asynchronous log dispatcher for DefaultDaemonConnection: socket connection from /127.0.0.1:60507 to /127.0.0.1:60508"        [_thread_blocked, id=17556, stack(0x0000007875300000,0x0000007875400000) (1024K)]
  0x000001bc15e4d990 JavaThread "Stdin handler"                     [_thread_blocked, id=4936, stack(0x0000007875400000,0x0000007875500000) (1024K)]
  0x000001bc15e4bf50 JavaThread "Daemon client event forwarder"        [_thread_blocked, id=9616, stack(0x0000007875500000,0x0000007875600000) (1024K)]
  0x000001bc15e4b230 JavaThread "Cache worker for journal cache (C:\Users\DELL\.gradle\caches\journal-1)"        [_thread_blocked, id=3136, stack(0x0000007875600000,0x0000007875700000) (1024K)]
  0x000001bc15e497f0 JavaThread "File lock request listener"        [_thread_in_native, id=10884, stack(0x0000007875700000,0x0000007875800000) (1024K)]
  0x000001bc15e47db0 JavaThread "File lock release action executor"        [_thread_blocked, id=17896, stack(0x0000007875800000,0x0000007875900000) (1024K)]
  0x000001bc15e4b8c0 JavaThread "Cache worker for file hash cache (C:\Users\DELL\.gradle\caches\9.3.1\fileHashes)"        [_thread_blocked, id=18412, stack(0x0000007875900000,0x0000007875a00000) (1024K)]
  0x000001bc15e47090 JavaThread "Cache worker for file hash cache (C:\Users\DELL\Desktop\kavachsecurecom\android-app\.gradle\9.3.1\fileHashes)"        [_thread_blocked, id=5200, stack(0x0000007875a00000,0x0000007875b00000) (1024K)]
  0x000001bc15e48440 JavaThread "Cache worker for Build Output Cleanup Cache (C:\Users\DELL\Desktop\kavachsecurecom\android-app\.gradle\buildOutputCleanup)"        [_thread_blocked, id=17636, stack(0x0000007875b00000,0x0000007875c00000) (1024K)]
  0x000001bc15e4cc70 JavaThread "File watcher server"        daemon [_thread_in_native, id=18376, stack(0x0000007875c00000,0x0000007875d00000) (1024K)]
  0x000001bc15e4e6b0 JavaThread "File watcher consumer"      daemon [_thread_blocked, id=8916, stack(0x0000007875d00000,0x0000007875e00000) (1024K)]
  0x000001bc15e48ad0 JavaThread "jar transforms"                    [_thread_blocked, id=10216, stack(0x0000007875e00000,0x0000007875f00000) (1024K)]
  0x000001bc17ecbd90 JavaThread "jar transforms Thread 2"           [_thread_blocked, id=7544, stack(0x0000007875f00000,0x0000007876000000) (1024K)]
  0x000001bc17ecc420 JavaThread "Cache worker for checksums cache (C:\Users\DELL\Desktop\kavachsecurecom\android-app\.gradle\9.3.1\checksums)"        [_thread_blocked, id=13988, stack(0x0000007876000000,0x0000007876100000) (1024K)]
  0x000001bc17ecd140 JavaThread "Cache worker for file content cache (C:\Users\DELL\.gradle\caches\9.3.1\fileContent)"        [_thread_blocked, id=1624, stack(0x0000007876100000,0x0000007876200000) (1024K)]
  0x000001bc17eca9e0 JavaThread "Cache worker for cache directory md-supplier (C:\Users\DELL\.gradle\caches\9.3.1\md-supplier)"        [_thread_blocked, id=11568, stack(0x0000007876200000,0x0000007876300000) (1024K)]
  0x000001bc17ecb070 JavaThread "Cache worker for cache directory md-rule (C:\Users\DELL\.gradle\caches\9.3.1\md-rule)"        [_thread_blocked, id=18132, stack(0x0000007876300000,0x0000007876400000) (1024K)]
  0x000001bc16b2f830 JavaThread "jar transforms Thread 3"           [_thread_blocked, id=13292, stack(0x0000007876400000,0x0000007876500000) (1024K)]
  0x000001bc16b32cb0 JavaThread "jar transforms Thread 4"           [_thread_blocked, id=7412, stack(0x0000007876500000,0x0000007876600000) (1024K)]
  0x000001bc16b346f0 JavaThread "Unconstrained build operations"        [_thread_blocked, id=15292, stack(0x0000007876600000,0x0000007876700000) (1024K)]
  0x000001bc16b34d80 JavaThread "Unconstrained build operations Thread 2"        [_thread_blocked, id=16680, stack(0x0000007876700000,0x0000007876800000) (1024K)]
  0x000001bc16b31f90 JavaThread "Unconstrained build operations Thread 3"        [_thread_blocked, id=1464, stack(0x0000007876800000,0x0000007876900000) (1024K)]
  0x000001bc16b30be0 JavaThread "Unconstrained build operations Thread 4"        [_thread_blocked, id=15508, stack(0x0000007876900000,0x0000007876a00000) (1024K)]
  0x000001bc16b2fec0 JavaThread "Unconstrained build operations Thread 5"        [_thread_blocked, id=10268, stack(0x0000007876a00000,0x0000007876b00000) (1024K)]
  0x000001bc16b35410 JavaThread "Unconstrained build operations Thread 6"        [_thread_blocked, id=12112, stack(0x0000007876b00000,0x0000007876c00000) (1024K)]
  0x000001bc16b2e480 JavaThread "Unconstrained build operations Thread 7"        [_thread_blocked, id=3200, stack(0x0000007876c00000,0x0000007876d00000) (1024K)]
  0x000001bc101339d0 JavaThread "Unconstrained build operations Thread 8"        [_thread_blocked, id=18096, stack(0x0000007876d00000,0x0000007876e00000) (1024K)]
  0x000001bc17eccab0 JavaThread "Unconstrained build operations Thread 9"        [_thread_blocked, id=12100, stack(0x0000007876e00000,0x0000007876f00000) (1024K)]
  0x000001bc16b34060 JavaThread "Unconstrained build operations Thread 10"        [_thread_blocked, id=2836, stack(0x0000007876f00000,0x0000007877000000) (1024K)]
  0x000001bc17cdf9b0 JavaThread "Unconstrained build operations Thread 11"        [_thread_blocked, id=17304, stack(0x0000007877000000,0x0000007877100000) (1024K)]
  0x000001bc17cdd8e0 JavaThread "Unconstrained build operations Thread 12"        [_thread_blocked, id=12044, stack(0x0000007877100000,0x0000007877200000) (1024K)]
  0x000001bc17cdec90 JavaThread "Memory manager"                    [_thread_blocked, id=16104, stack(0x0000007873400000,0x0000007873500000) (1024K)]
  0x000001bc17cdcbc0 JavaThread "build event listener"              [_thread_blocked, id=9000, stack(0x0000007873500000,0x0000007873600000) (1024K)]
  0x000001bc17cdb810 JavaThread "pool-3-thread-1"                   [_thread_blocked, id=624, stack(0x0000007873600000,0x0000007873700000) (1024K)]
  0x000001bc17cdbea0 JavaThread "included builds"                   [_thread_blocked, id=17792, stack(0x0000007877200000,0x0000007877300000) (1024K)]
  0x000001bc17ce13f0 JavaThread "Execution worker"                  [_thread_blocked, id=13320, stack(0x0000007877300000,0x0000007877400000) (1024K)]
  0x000001bc17ce0040 JavaThread "Execution worker Thread 2"         [_thread_blocked, id=2624, stack(0x0000007877400000,0x0000007877500000) (1024K)]
  0x000001bc17cdc530 JavaThread "Execution worker Thread 3"         [_thread_blocked, id=17460, stack(0x0000007877500000,0x0000007877600000) (1024K)]
  0x000001bc17cdd250 JavaThread "Cache worker for execution history cache (C:\Users\DELL\Desktop\kavachsecurecom\android-app\.gradle\9.3.1\executionHistory)"        [_thread_blocked, id=8432, stack(0x0000007877600000,0x0000007877700000) (1024K)]
Total: 57

Other Threads:
  0x000001bc635c8cb0 VMThread "VM Thread"                           [id=18416, stack(0x0000007873e00000,0x0000007873f00000) (1024K)]
  0x000001bc1011af40 WatcherThread "VM Periodic Task Thread"        [id=15552, stack(0x0000007873d00000,0x0000007873e00000) (1024K)]
  0x000001bc63545bf0 WorkerThread "GC Thread#0"                     [id=16580, stack(0x0000007873800000,0x0000007873900000) (1024K)]
  0x000001bc10593aa0 WorkerThread "GC Thread#1"                     [id=16988, stack(0x0000007874900000,0x0000007874a00000) (1024K)]
  0x000001bc10614d10 WorkerThread "GC Thread#2"                     [id=8984, stack(0x0000007874a00000,0x0000007874b00000) (1024K)]
  0x000001bc106150c0 WorkerThread "GC Thread#3"                     [id=11272, stack(0x0000007874b00000,0x0000007874c00000) (1024K)]
  0x000001bc6354a990 ConcurrentGCThread "G1 Main Marker"            [id=15960, stack(0x0000007873900000,0x0000007873a00000) (1024K)]
  0x000001bc6354b250 WorkerThread "G1 Conc#0"                       [id=9484, stack(0x0000007873a00000,0x0000007873b00000) (1024K)]
  0x000001bc635a4e40 ConcurrentGCThread "G1 Refine#0"               [id=19200, stack(0x0000007873b00000,0x0000007873c00000) (1024K)]
  0x000001bc635a5770 ConcurrentGCThread "G1 Service"                [id=13568, stack(0x0000007873c00000,0x0000007873d00000) (1024K)]
Total: 10

Threads with active compile tasks:
C2 CompilerThread0  120141 12294   !   4       sun.reflect.annotation.AnnotationParser::parseAnnotation2 (275 bytes)
Total: 1

VM state: not at safepoint (normal execution)

VM Mutex/Monitor currently owned by a thread: None

Heap address: 0x00000000e0000000, size: 512 MB, Compressed Oops mode: 32-bit

CDS archive(s) mapped at: [0x000001bc02000000-0x000001bc02c60000-0x000001bc02c60000), size 12976128, SharedBaseAddress: 0x000001bc02000000, ArchiveRelocationMode: 1.
Compressed class space mapped at: 0x000001bc03000000-0x000001bc10000000, reserved size: 218103808
Narrow klass base: 0x000001bc02000000, Narrow klass shift: 0, Narrow klass range: 0xe000000

GC Precious Log:
 CardTable entry size: 512
 Card Set container configuration: InlinePtr #cards 5 size 8 Array Of Cards #cards 12 size 40 Howl #buckets 4 coarsen threshold 1843 Howl Bitmap #cards 512 size 80 coarsen threshold 460 Card regions per heap region 1 cards per card region 2048
 CPUs: 4 total, 4 available
 Memory: 3862M
 Large Page Support: Disabled
 NUMA Support: Disabled
 Compressed Oops: Enabled (32-bit)
 Heap Region Size: 1M
 Heap Min Capacity: 8M
 Heap Initial Capacity: 62M
 Heap Max Capacity: 512M
 Pre-touch: Disabled
 Parallel Workers: 4
 Concurrent Workers: 1
 Concurrent Refinement Workers: 4
 Periodic GC: Disabled

Heap:
 garbage-first heap   total reserved 524288K, committed 160768K, used 130704K [0x00000000e0000000, 0x0000000100000000)
  region size 1024K, 37 young (37888K), 6 survivors (6144K)
 Metaspace       used 96186K, committed 98688K, reserved 344064K
  class space    used 13736K, committed 14912K, reserved 212992K

Heap Regions: E=young(eden), S=young(survivor), O=old, HS=humongous(starts), HC=humongous(continues), CS=collection set, F=free, TAMS=top-at-mark-start, PB=parsable bottom
|   0|0x00000000e0000000, 0x00000000e0100000, 0x00000000e0100000|100%|HS|  |TAMS 0x00000000e0000000| PB 0x00000000e0000000| Complete |  0
|   1|0x00000000e0100000, 0x00000000e0200000, 0x00000000e0200000|100%|HC|  |TAMS 0x00000000e0100000| PB 0x00000000e0100000| Complete |  0
|   2|0x00000000e0200000, 0x00000000e0300000, 0x00000000e0300000|100%|HC|  |TAMS 0x00000000e0200000| PB 0x00000000e0200000| Complete |  0
|   3|0x00000000e0300000, 0x00000000e0400000, 0x00000000e0400000|100%|HC|  |TAMS 0x00000000e0300000| PB 0x00000000e0300000| Complete |  0
|   4|0x00000000e0400000, 0x00000000e0500000, 0x00000000e0500000|100%| O|  |TAMS 0x00000000e0400000| PB 0x00000000e0400000| Untracked |  0
|   5|0x00000000e0500000, 0x00000000e0600000, 0x00000000e0600000|100%| O|  |TAMS 0x00000000e0500000| PB 0x00000000e0500000| Untracked |  0
|   6|0x00000000e0600000, 0x00000000e0700000, 0x00000000e0700000|100%| O|  |TAMS 0x00000000e0600000| PB 0x00000000e0600000| Untracked |  0
|   7|0x00000000e0700000, 0x00000000e0800000, 0x00000000e0800000|100%| O|  |TAMS 0x00000000e0700000| PB 0x00000000e0700000| Untracked |  0
|   8|0x00000000e0800000, 0x00000000e0900000, 0x00000000e0900000|100%| O|  |TAMS 0x00000000e0800000| PB 0x00000000e0800000| Untracked |  0
|   9|0x00000000e0900000, 0x00000000e0a00000, 0x00000000e0a00000|100%| O|  |TAMS 0x00000000e0900000| PB 0x00000000e0900000| Untracked |  0
|  10|0x00000000e0a00000, 0x00000000e0b00000, 0x00000000e0b00000|100%| O|  |TAMS 0x00000000e0a00000| PB 0x00000000e0a00000| Untracked |  0
|  11|0x00000000e0b00000, 0x00000000e0c00000, 0x00000000e0c00000|100%| O|  |TAMS 0x00000000e0b00000| PB 0x00000000e0b00000| Untracked |  0
|  12|0x00000000e0c00000, 0x00000000e0d00000, 0x00000000e0d00000|100%|HS|  |TAMS 0x00000000e0c00000| PB 0x00000000e0c00000| Complete |  0
|  13|0x00000000e0d00000, 0x00000000e0e00000, 0x00000000e0e00000|100%| O|  |TAMS 0x00000000e0d00000| PB 0x00000000e0d00000| Untracked |  0
|  14|0x00000000e0e00000, 0x00000000e0f00000, 0x00000000e0f00000|100%| O|  |TAMS 0x00000000e0e00000| PB 0x00000000e0e00000| Untracked |  0
|  15|0x00000000e0f00000, 0x00000000e1000000, 0x00000000e1000000|100%| O|  |TAMS 0x00000000e0f00000| PB 0x00000000e0f00000| Untracked |  0
|  16|0x00000000e1000000, 0x00000000e1100000, 0x00000000e1100000|100%| O|  |TAMS 0x00000000e1000000| PB 0x00000000e1000000| Untracked |  0
|  17|0x00000000e1100000, 0x00000000e1200000, 0x00000000e1200000|100%| O|  |TAMS 0x00000000e1100000| PB 0x00000000e1100000| Untracked |  0
|  18|0x00000000e1200000, 0x00000000e1300000, 0x00000000e1300000|100%| O|  |TAMS 0x00000000e1200000| PB 0x00000000e1200000| Untracked |  0
|  19|0x00000000e1300000, 0x00000000e1400000, 0x00000000e1400000|100%| O|  |TAMS 0x00000000e1300000| PB 0x00000000e1300000| Untracked |  0
|  20|0x00000000e1400000, 0x00000000e1500000, 0x00000000e1500000|100%| O|  |TAMS 0x00000000e1400000| PB 0x00000000e1400000| Untracked |  0
|  21|0x00000000e1500000, 0x00000000e1600000, 0x00000000e1600000|100%| O|  |TAMS 0x00000000e1500000| PB 0x00000000e1500000| Untracked |  0
|  22|0x00000000e1600000, 0x00000000e1700000, 0x00000000e1700000|100%| O|  |TAMS 0x00000000e1600000| PB 0x00000000e1600000| Untracked |  0
|  23|0x00000000e1700000, 0x00000000e1800000, 0x00000000e1800000|100%| O|  |TAMS 0x00000000e1700000| PB 0x00000000e1700000| Untracked |  0
|  24|0x00000000e1800000, 0x00000000e1900000, 0x00000000e1900000|100%| O|  |TAMS 0x00000000e1800000| PB 0x00000000e1800000| Untracked |  0
|  25|0x00000000e1900000, 0x00000000e1a00000, 0x00000000e1a00000|100%| O|  |TAMS 0x00000000e1900000| PB 0x00000000e1900000| Untracked |  0
|  26|0x00000000e1a00000, 0x00000000e1b00000, 0x00000000e1b00000|100%| O|  |TAMS 0x00000000e1a00000| PB 0x00000000e1a00000| Untracked |  0
|  27|0x00000000e1b00000, 0x00000000e1c00000, 0x00000000e1c00000|100%| O|  |TAMS 0x00000000e1b00000| PB 0x00000000e1b00000| Untracked |  0
|  28|0x00000000e1c00000, 0x00000000e1d00000, 0x00000000e1d00000|100%| O|  |TAMS 0x00000000e1c00000| PB 0x00000000e1c00000| Untracked |  0
|  29|0x00000000e1d00000, 0x00000000e1e00000, 0x00000000e1e00000|100%| O|  |TAMS 0x00000000e1d00000| PB 0x00000000e1d00000| Untracked |  0
|  30|0x00000000e1e00000, 0x00000000e1f00000, 0x00000000e1f00000|100%| O|  |TAMS 0x00000000e1e00000| PB 0x00000000e1e00000| Untracked |  0
|  31|0x00000000e1f00000, 0x00000000e2000000, 0x00000000e2000000|100%| O|  |TAMS 0x00000000e1f00000| PB 0x00000000e1f00000| Untracked |  0
|  32|0x00000000e2000000, 0x00000000e2100000, 0x00000000e2100000|100%| O|  |TAMS 0x00000000e2000000| PB 0x00000000e2000000| Untracked |  0
|  33|0x00000000e2100000, 0x00000000e2200000, 0x00000000e2200000|100%| O|  |TAMS 0x00000000e2100000| PB 0x00000000e2100000| Untracked |  0
|  34|0x00000000e2200000, 0x00000000e2300000, 0x00000000e2300000|100%| O|  |TAMS 0x00000000e2200000| PB 0x00000000e2200000| Untracked |  0
|  35|0x00000000e2300000, 0x00000000e2400000, 0x00000000e2400000|100%| O|  |TAMS 0x00000000e2300000| PB 0x00000000e2300000| Untracked |  0
|  36|0x00000000e2400000, 0x00000000e2500000, 0x00000000e2500000|100%| O|  |TAMS 0x00000000e2400000| PB 0x00000000e2400000| Untracked |  0
|  37|0x00000000e2500000, 0x00000000e2600000, 0x00000000e2600000|100%| O|  |TAMS 0x00000000e2500000| PB 0x00000000e2500000| Untracked |  0
|  38|0x00000000e2600000, 0x00000000e2700000, 0x00000000e2700000|100%| O|  |TAMS 0x00000000e2600000| PB 0x00000000e2600000| Untracked |  0
|  39|0x00000000e2700000, 0x00000000e2800000, 0x00000000e2800000|100%| O|  |TAMS 0x00000000e2700000| PB 0x00000000e2700000| Untracked |  0
|  40|0x00000000e2800000, 0x00000000e2900000, 0x00000000e2900000|100%|HS|  |TAMS 0x00000000e2800000| PB 0x00000000e2800000| Complete |  0
|  41|0x00000000e2900000, 0x00000000e2a00000, 0x00000000e2a00000|100%| O|  |TAMS 0x00000000e2900000| PB 0x00000000e2900000| Untracked |  0
|  42|0x00000000e2a00000, 0x00000000e2b00000, 0x00000000e2b00000|100%| O|  |TAMS 0x00000000e2a00000| PB 0x00000000e2a00000| Untracked |  0
|  43|0x00000000e2b00000, 0x00000000e2c00000, 0x00000000e2c00000|100%| O|  |TAMS 0x00000000e2b00000| PB 0x00000000e2b00000| Untracked |  0
|  44|0x00000000e2c00000, 0x00000000e2d00000, 0x00000000e2d00000|100%| O|Cm|TAMS 0x00000000e2c00000| PB 0x00000000e2c00000| Complete |  0
|  45|0x00000000e2d00000, 0x00000000e2e00000, 0x00000000e2e00000|100%| O|  |TAMS 0x00000000e2d00000| PB 0x00000000e2d00000| Untracked |  0
|  46|0x00000000e2e00000, 0x00000000e2f00000, 0x00000000e2f00000|100%| O|  |TAMS 0x00000000e2e00000| PB 0x00000000e2e00000| Untracked |  0
|  47|0x00000000e2f00000, 0x00000000e3000000, 0x00000000e3000000|100%| O|  |TAMS 0x00000000e2f00000| PB 0x00000000e2f00000| Untracked |  0
|  48|0x00000000e3000000, 0x00000000e3100000, 0x00000000e3100000|100%| O|  |TAMS 0x00000000e3000000| PB 0x00000000e3000000| Untracked |  0
|  49|0x00000000e3100000, 0x00000000e3200000, 0x00000000e3200000|100%| O|  |TAMS 0x00000000e3100000| PB 0x00000000e3100000| Untracked |  0
|  50|0x00000000e3200000, 0x00000000e3300000, 0x00000000e3300000|100%| O|  |TAMS 0x00000000e3200000| PB 0x00000000e3200000| Untracked |  0
|  51|0x00000000e3300000, 0x00000000e3400000, 0x00000000e3400000|100%| O|  |TAMS 0x00000000e3300000| PB 0x00000000e3300000| Untracked |  0
|  52|0x00000000e3400000, 0x00000000e3500000, 0x00000000e3500000|100%|HS|  |TAMS 0x00000000e3400000| PB 0x00000000e3400000| Complete |  0
|  53|0x00000000e3500000, 0x00000000e3600000, 0x00000000e3600000|100%|HS|  |TAMS 0x00000000e3500000| PB 0x00000000e3500000| Complete |  0
|  54|0x00000000e3600000, 0x00000000e3700000, 0x00000000e3700000|100%|HS|  |TAMS 0x00000000e3600000| PB 0x00000000e3600000| Complete |  0
|  55|0x00000000e3700000, 0x00000000e3800000, 0x00000000e3800000|100%|HS|  |TAMS 0x00000000e3700000| PB 0x00000000e3700000| Complete |  0
|  56|0x00000000e3800000, 0x00000000e3900000, 0x00000000e3900000|100%|HC|  |TAMS 0x00000000e3800000| PB 0x00000000e3800000| Complete |  0
|  57|0x00000000e3900000, 0x00000000e3a00000, 0x00000000e3a00000|100%|HS|  |TAMS 0x00000000e3900000| PB 0x00000000e3900000| Complete |  0
|  58|0x00000000e3a00000, 0x00000000e3b00000, 0x00000000e3b00000|100%|HS|  |TAMS 0x00000000e3a00000| PB 0x00000000e3a00000| Complete |  0
|  59|0x00000000e3b00000, 0x00000000e3c00000, 0x00000000e3c00000|100%| O|  |TAMS 0x00000000e3b00000| PB 0x00000000e3b00000| Untracked |  0
|  60|0x00000000e3c00000, 0x00000000e3d00000, 0x00000000e3d00000|100%| O|  |TAMS 0x00000000e3c00000| PB 0x00000000e3c00000| Untracked |  0
|  61|0x00000000e3d00000, 0x00000000e3e00000, 0x00000000e3e00000|100%| O|  |TAMS 0x00000000e3d00000| PB 0x00000000e3d00000| Untracked |  0
|  62|0x00000000e3e00000, 0x00000000e3f00000, 0x00000000e3f00000|100%| O|  |TAMS 0x00000000e3e00000| PB 0x00000000e3e00000| Untracked |  0
|  63|0x00000000e3f00000, 0x00000000e4000000, 0x00000000e4000000|100%| O|  |TAMS 0x00000000e3f00000| PB 0x00000000e3f00000| Untracked |  0
|  64|0x00000000e4000000, 0x00000000e4100000, 0x00000000e4100000|100%|HS|  |TAMS 0x00000000e4000000| PB 0x00000000e4000000| Complete |  0
|  65|0x00000000e4100000, 0x00000000e4200000, 0x00000000e4200000|100%|HC|  |TAMS 0x00000000e4100000| PB 0x00000000e4100000| Complete |  0
|  66|0x00000000e4200000, 0x00000000e4300000, 0x00000000e4300000|100%| O|  |TAMS 0x00000000e4200000| PB 0x00000000e4200000| Untracked |  0
|  67|0x00000000e4300000, 0x00000000e4400000, 0x00000000e4400000|100%| O|  |TAMS 0x00000000e4300000| PB 0x00000000e4300000| Untracked |  0
|  68|0x00000000e4400000, 0x00000000e4500000, 0x00000000e4500000|100%| O|  |TAMS 0x00000000e4400000| PB 0x00000000e4400000| Untracked |  0
|  69|0x00000000e4500000, 0x00000000e4600000, 0x00000000e4600000|100%| O|  |TAMS 0x00000000e4500000| PB 0x00000000e4500000| Untracked |  0
|  70|0x00000000e4600000, 0x00000000e4700000, 0x00000000e4700000|100%| O|  |TAMS 0x00000000e4600000| PB 0x00000000e4600000| Untracked |  0
|  71|0x00000000e4700000, 0x00000000e4800000, 0x00000000e4800000|100%| O|  |TAMS 0x00000000e4700000| PB 0x00000000e4700000| Untracked |  0
|  72|0x00000000e4800000, 0x00000000e4900000, 0x00000000e4900000|100%| O|  |TAMS 0x00000000e4800000| PB 0x00000000e4800000| Untracked |  0
|  73|0x00000000e4900000, 0x00000000e4a00000, 0x00000000e4a00000|100%| O|  |TAMS 0x00000000e4900000| PB 0x00000000e4900000| Untracked |  0
|  74|0x00000000e4a00000, 0x00000000e4b00000, 0x00000000e4b00000|100%| O|  |TAMS 0x00000000e4a00000| PB 0x00000000e4a00000| Untracked |  0
|  75|0x00000000e4b00000, 0x00000000e4c00000, 0x00000000e4c00000|100%|HS|  |TAMS 0x00000000e4b00000| PB 0x00000000e4b00000| Complete |  0
|  76|0x00000000e4c00000, 0x00000000e4d00000, 0x00000000e4d00000|100%| O|  |TAMS 0x00000000e4c00000| PB 0x00000000e4c00000| Untracked |  0
|  77|0x00000000e4d00000, 0x00000000e4e00000, 0x00000000e4e00000|100%| O|  |TAMS 0x00000000e4d00000| PB 0x00000000e4d00000| Untracked |  0
|  78|0x00000000e4e00000, 0x00000000e4f00000, 0x00000000e4f00000|100%| O|  |TAMS 0x00000000e4e00000| PB 0x00000000e4e00000| Untracked |  0
|  79|0x00000000e4f00000, 0x00000000e5000000, 0x00000000e5000000|100%| O|  |TAMS 0x00000000e4f00000| PB 0x00000000e4f00000| Untracked |  0
|  80|0x00000000e5000000, 0x00000000e5100000, 0x00000000e5100000|100%| O|  |TAMS 0x00000000e5000000| PB 0x00000000e5000000| Untracked |  0
|  81|0x00000000e5100000, 0x00000000e5200000, 0x00000000e5200000|100%| O|  |TAMS 0x00000000e5100000| PB 0x00000000e5100000| Untracked |  0
|  82|0x00000000e5200000, 0x00000000e5300000, 0x00000000e5300000|100%| O|  |TAMS 0x00000000e5200000| PB 0x00000000e5200000| Untracked |  0
|  83|0x00000000e5300000, 0x00000000e5400000, 0x00000000e5400000|100%| O|  |TAMS 0x00000000e5300000| PB 0x00000000e5300000| Untracked |  0
|  84|0x00000000e5400000, 0x00000000e5500000, 0x00000000e5500000|100%| O|Cm|TAMS 0x00000000e5400000| PB 0x00000000e5400000| Complete |  0
|  85|0x00000000e5500000, 0x00000000e5600000, 0x00000000e5600000|100%| O|  |TAMS 0x00000000e5500000| PB 0x00000000e5500000| Untracked |  0
|  86|0x00000000e5600000, 0x00000000e5700000, 0x00000000e5700000|100%| O|  |TAMS 0x00000000e5600000| PB 0x00000000e5600000| Untracked |  0
|  87|0x00000000e5700000, 0x00000000e5800000, 0x00000000e5800000|100%|HS|  |TAMS 0x00000000e5700000| PB 0x00000000e5700000| Complete |  0
|  88|0x00000000e5800000, 0x00000000e5800000, 0x00000000e5900000|  0%| F|  |TAMS 0x00000000e5800000| PB 0x00000000e5800000| Untracked |  0
|  89|0x00000000e5900000, 0x00000000e5a00000, 0x00000000e5a00000|100%| O|  |TAMS 0x00000000e5900000| PB 0x00000000e5900000| Untracked |  0
|  90|0x00000000e5a00000, 0x00000000e5b00000, 0x00000000e5b00000|100%| O|  |TAMS 0x00000000e5a00000| PB 0x00000000e5a00000| Untracked |  0
|  91|0x00000000e5b00000, 0x00000000e5c00000, 0x00000000e5c00000|100%| O|  |TAMS 0x00000000e5b00000| PB 0x00000000e5b00000| Untracked |  0
|  92|0x00000000e5c00000, 0x00000000e5c00000, 0x00000000e5d00000|  0%| F|  |TAMS 0x00000000e5c00000| PB 0x00000000e5c00000| Untracked |  0
|  93|0x00000000e5d00000, 0x00000000e5d00000, 0x00000000e5e00000|  0%| F|  |TAMS 0x00000000e5d00000| PB 0x00000000e5d00000| Untracked |  0
|  94|0x00000000e5e00000, 0x00000000e5e00000, 0x00000000e5f00000|  0%| F|  |TAMS 0x00000000e5e00000| PB 0x00000000e5e00000| Untracked |  0
|  95|0x00000000e5f00000, 0x00000000e5f00000, 0x00000000e6000000|  0%| F|  |TAMS 0x00000000e5f00000| PB 0x00000000e5f00000| Untracked |  0
|  96|0x00000000e6000000, 0x00000000e6000000, 0x00000000e6100000|  0%| F|  |TAMS 0x00000000e6000000| PB 0x00000000e6000000| Untracked |  0
|  97|0x00000000e6100000, 0x00000000e6100000, 0x00000000e6200000|  0%| F|  |TAMS 0x00000000e6100000| PB 0x00000000e6100000| Untracked |  0
|  98|0x00000000e6200000, 0x00000000e6200000, 0x00000000e6300000|  0%| F|  |TAMS 0x00000000e6200000| PB 0x00000000e6200000| Untracked |  0
|  99|0x00000000e6300000, 0x00000000e6300000, 0x00000000e6400000|  0%| F|  |TAMS 0x00000000e6300000| PB 0x00000000e6300000| Untracked |  0
| 100|0x00000000e6400000, 0x00000000e6400000, 0x00000000e6500000|  0%| F|  |TAMS 0x00000000e6400000| PB 0x00000000e6400000| Untracked |  0
| 101|0x00000000e6500000, 0x00000000e6500000, 0x00000000e6600000|  0%| F|  |TAMS 0x00000000e6500000| PB 0x00000000e6500000| Untracked |  0
| 102|0x00000000e6600000, 0x00000000e6600000, 0x00000000e6700000|  0%| F|  |TAMS 0x00000000e6600000| PB 0x00000000e6600000| Untracked |  0
| 103|0x00000000e6700000, 0x00000000e6700000, 0x00000000e6800000|  0%| F|  |TAMS 0x00000000e6700000| PB 0x00000000e6700000| Untracked |  0
| 104|0x00000000e6800000, 0x00000000e6800000, 0x00000000e6900000|  0%| F|  |TAMS 0x00000000e6800000| PB 0x00000000e6800000| Untracked |  0
| 105|0x00000000e6900000, 0x00000000e6900000, 0x00000000e6a00000|  0%| F|  |TAMS 0x00000000e6900000| PB 0x00000000e6900000| Untracked |  0
| 106|0x00000000e6a00000, 0x00000000e6a00000, 0x00000000e6b00000|  0%| F|  |TAMS 0x00000000e6a00000| PB 0x00000000e6a00000| Untracked |  0
| 107|0x00000000e6b00000, 0x00000000e6b00000, 0x00000000e6c00000|  0%| F|  |TAMS 0x00000000e6b00000| PB 0x00000000e6b00000| Untracked |  0
| 108|0x00000000e6c00000, 0x00000000e6c00000, 0x00000000e6d00000|  0%| F|  |TAMS 0x00000000e6c00000| PB 0x00000000e6c00000| Untracked |  0
| 109|0x00000000e6d00000, 0x00000000e6d00000, 0x00000000e6e00000|  0%| F|  |TAMS 0x00000000e6d00000| PB 0x00000000e6d00000| Untracked |  0
| 110|0x00000000e6e00000, 0x00000000e6ea41c0, 0x00000000e6f00000| 64%| S|CS|TAMS 0x00000000e6e00000| PB 0x00000000e6e00000| Complete |  0
| 111|0x00000000e6f00000, 0x00000000e7000000, 0x00000000e7000000|100%| S|CS|TAMS 0x00000000e6f00000| PB 0x00000000e6f00000| Complete |  0
| 112|0x00000000e7000000, 0x00000000e7100000, 0x00000000e7100000|100%| S|CS|TAMS 0x00000000e7000000| PB 0x00000000e7000000| Complete |  0
| 113|0x00000000e7100000, 0x00000000e7200000, 0x00000000e7200000|100%| S|CS|TAMS 0x00000000e7100000| PB 0x00000000e7100000| Complete |  0
| 114|0x00000000e7200000, 0x00000000e7300000, 0x00000000e7300000|100%| S|CS|TAMS 0x00000000e7200000| PB 0x00000000e7200000| Complete |  0
| 115|0x00000000e7300000, 0x00000000e7400000, 0x00000000e7400000|100%| S|CS|TAMS 0x00000000e7300000| PB 0x00000000e7300000| Complete |  0
| 116|0x00000000e7400000, 0x00000000e7400000, 0x00000000e7500000|  0%| F|  |TAMS 0x00000000e7400000| PB 0x00000000e7400000| Untracked |  0
| 117|0x00000000e7500000, 0x00000000e7500000, 0x00000000e7600000|  0%| F|  |TAMS 0x00000000e7500000| PB 0x00000000e7500000| Untracked |  0
| 118|0x00000000e7600000, 0x00000000e7600000, 0x00000000e7700000|  0%| F|  |TAMS 0x00000000e7600000| PB 0x00000000e7600000| Untracked |  0
| 119|0x00000000e7700000, 0x00000000e7700000, 0x00000000e7800000|  0%| F|  |TAMS 0x00000000e7700000| PB 0x00000000e7700000| Untracked |  0
| 120|0x00000000e7800000, 0x00000000e7800000, 0x00000000e7900000|  0%| F|  |TAMS 0x00000000e7800000| PB 0x00000000e7800000| Untracked |  0
| 121|0x00000000e7900000, 0x00000000e7900000, 0x00000000e7a00000|  0%| F|  |TAMS 0x00000000e7900000| PB 0x00000000e7900000| Untracked |  0
| 122|0x00000000e7a00000, 0x00000000e7a00000, 0x00000000e7b00000|  0%| F|  |TAMS 0x00000000e7a00000| PB 0x00000000e7a00000| Untracked |  0
| 123|0x00000000e7b00000, 0x00000000e7b00000, 0x00000000e7c00000|  0%| F|  |TAMS 0x00000000e7b00000| PB 0x00000000e7b00000| Untracked |  0
| 124|0x00000000e7c00000, 0x00000000e7c00000, 0x00000000e7d00000|  0%| F|  |TAMS 0x00000000e7c00000| PB 0x00000000e7c00000| Untracked |  0
| 125|0x00000000e7d00000, 0x00000000e7d80000, 0x00000000e7e00000| 50%| E|  |TAMS 0x00000000e7d00000| PB 0x00000000e7d00000| Complete |  0
| 126|0x00000000e7e00000, 0x00000000e7f00000, 0x00000000e7f00000|100%| E|CS|TAMS 0x00000000e7e00000| PB 0x00000000e7e00000| Complete |  0
| 127|0x00000000e7f00000, 0x00000000e8000000, 0x00000000e8000000|100%| E|CS|TAMS 0x00000000e7f00000| PB 0x00000000e7f00000| Complete |  0
| 128|0x00000000e8000000, 0x00000000e8100000, 0x00000000e8100000|100%| E|CS|TAMS 0x00000000e8000000| PB 0x00000000e8000000| Complete |  0
| 129|0x00000000e8100000, 0x00000000e8200000, 0x00000000e8200000|100%| E|CS|TAMS 0x00000000e8100000| PB 0x00000000e8100000| Complete |  0
| 130|0x00000000e8200000, 0x00000000e8300000, 0x00000000e8300000|100%| E|CS|TAMS 0x00000000e8200000| PB 0x00000000e8200000| Complete |  0
| 131|0x00000000e8300000, 0x00000000e8400000, 0x00000000e8400000|100%| E|CS|TAMS 0x00000000e8300000| PB 0x00000000e8300000| Complete |  0
| 132|0x00000000e8400000, 0x00000000e8500000, 0x00000000e8500000|100%| E|CS|TAMS 0x00000000e8400000| PB 0x00000000e8400000| Complete |  0
| 133|0x00000000e8500000, 0x00000000e8600000, 0x00000000e8600000|100%| E|CS|TAMS 0x00000000e8500000| PB 0x00000000e8500000| Complete |  0
| 134|0x00000000e8600000, 0x00000000e8700000, 0x00000000e8700000|100%| E|CS|TAMS 0x00000000e8600000| PB 0x00000000e8600000| Complete |  0
| 135|0x00000000e8700000, 0x00000000e8800000, 0x00000000e8800000|100%| E|CS|TAMS 0x00000000e8700000| PB 0x00000000e8700000| Complete |  0
| 136|0x00000000e8800000, 0x00000000e8900000, 0x00000000e8900000|100%| E|CS|TAMS 0x00000000e8800000| PB 0x00000000e8800000| Complete |  0
| 137|0x00000000e8900000, 0x00000000e8a00000, 0x00000000e8a00000|100%| E|CS|TAMS 0x00000000e8900000| PB 0x00000000e8900000| Complete |  0
| 138|0x00000000e8a00000, 0x00000000e8b00000, 0x00000000e8b00000|100%| E|CS|TAMS 0x00000000e8a00000| PB 0x00000000e8a00000| Complete |  0
| 139|0x00000000e8b00000, 0x00000000e8c00000, 0x00000000e8c00000|100%| E|CS|TAMS 0x00000000e8b00000| PB 0x00000000e8b00000| Complete |  0
| 140|0x00000000e8c00000, 0x00000000e8d00000, 0x00000000e8d00000|100%| E|CS|TAMS 0x00000000e8c00000| PB 0x00000000e8c00000| Complete |  0
| 141|0x00000000e8d00000, 0x00000000e8e00000, 0x00000000e8e00000|100%| E|CS|TAMS 0x00000000e8d00000| PB 0x00000000e8d00000| Complete |  0
| 142|0x00000000e8e00000, 0x00000000e8f00000, 0x00000000e8f00000|100%| E|CS|TAMS 0x00000000e8e00000| PB 0x00000000e8e00000| Complete |  0
| 143|0x00000000e8f00000, 0x00000000e9000000, 0x00000000e9000000|100%| E|CS|TAMS 0x00000000e8f00000| PB 0x00000000e8f00000| Complete |  0
| 144|0x00000000e9000000, 0x00000000e9100000, 0x00000000e9100000|100%| E|CS|TAMS 0x00000000e9000000| PB 0x00000000e9000000| Complete |  0
| 145|0x00000000e9100000, 0x00000000e9200000, 0x00000000e9200000|100%| E|CS|TAMS 0x00000000e9100000| PB 0x00000000e9100000| Complete |  0
| 146|0x00000000e9200000, 0x00000000e9300000, 0x00000000e9300000|100%| E|CS|TAMS 0x00000000e9200000| PB 0x00000000e9200000| Complete |  0
| 147|0x00000000e9300000, 0x00000000e9400000, 0x00000000e9400000|100%| E|CS|TAMS 0x00000000e9300000| PB 0x00000000e9300000| Complete |  0
| 148|0x00000000e9400000, 0x00000000e9500000, 0x00000000e9500000|100%| E|CS|TAMS 0x00000000e9400000| PB 0x00000000e9400000| Complete |  0
| 149|0x00000000e9500000, 0x00000000e9600000, 0x00000000e9600000|100%| E|CS|TAMS 0x00000000e9500000| PB 0x00000000e9500000| Complete |  0
| 150|0x00000000e9600000, 0x00000000e9700000, 0x00000000e9700000|100%| E|CS|TAMS 0x00000000e9600000| PB 0x00000000e9600000| Complete |  0
| 151|0x00000000e9700000, 0x00000000e9800000, 0x00000000e9800000|100%| E|CS|TAMS 0x00000000e9700000| PB 0x00000000e9700000| Complete |  0
| 152|0x00000000e9800000, 0x00000000e9900000, 0x00000000e9900000|100%| E|CS|TAMS 0x00000000e9800000| PB 0x00000000e9800000| Complete |  0
| 153|0x00000000e9900000, 0x00000000e9a00000, 0x00000000e9a00000|100%| E|CS|TAMS 0x00000000e9900000| PB 0x00000000e9900000| Complete |  0
| 154|0x00000000e9a00000, 0x00000000e9b00000, 0x00000000e9b00000|100%| E|CS|TAMS 0x00000000e9a00000| PB 0x00000000e9a00000| Complete |  0
| 155|0x00000000e9b00000, 0x00000000e9c00000, 0x00000000e9c00000|100%| E|CS|TAMS 0x00000000e9b00000| PB 0x00000000e9b00000| Complete |  0
| 511|0x00000000fff00000, 0x0000000100000000, 0x0000000100000000|100%| O|Cm|TAMS 0x00000000fff00000| PB 0x00000000fff00000| Complete |  0

Card table byte_map: [0x000001bc7ddf0000,0x000001bc7def0000] _byte_map_base: 0x000001bc7d6f0000

Marking Bits: (CMBitMap*) 0x000001bc635460b0
 Bits: [0x000001bc7def0000, 0x000001bc7e6f0000)

Polling page: 0x000001bc635e0000

Metaspace:

Usage:
  Non-class:     80.52 MB used.
      Class:     13.41 MB used.
       Both:     93.93 MB used.

Virtual space:
  Non-class space:      128.00 MB reserved,      81.81 MB ( 64%) committed,  2 nodes.
      Class space:      208.00 MB reserved,      14.56 MB (  7%) committed,  1 nodes.
             Both:      336.00 MB reserved,      96.38 MB ( 29%) committed. 

Chunk freelists:
   Non-Class:  14.03 MB
       Class:  1.33 MB
        Both:  15.36 MB

MaxMetaspaceSize: 256.00 MB
CompressedClassSpaceSize: 208.00 MB
Initial GC threshold: 21.00 MB
Current GC threshold: 155.75 MB
CDS: on
 - commit_granule_bytes: 65536.
 - commit_granule_words: 8192.
 - virtual_space_node_default_size: 8388608.
 - enlarge_chunks_in_place: 1.
 - use_allocation_guard: 0.


Internal statistics:

num_allocs_failed_limit: 3.
num_arena_births: 4352.
num_arena_deaths: 0.
num_vsnodes_births: 3.
num_vsnodes_deaths: 0.
num_space_committed: 1540.
num_space_uncommitted: 0.
num_chunks_returned_to_freelist: 3.
num_chunks_taken_from_freelist: 8669.
num_chunk_merges: 3.
num_chunk_splits: 5725.
num_chunks_enlarged: 3691.
num_inconsistent_stats: 0.

CodeHeap 'non-profiled nmethods': size=120000Kb used=6589Kb max_used=6589Kb free=113410Kb
 bounds [0x000001bc761a0000, 0x000001bc76810000, 0x000001bc7d6d0000]
CodeHeap 'profiled nmethods': size=120000Kb used=19373Kb max_used=19373Kb free=100626Kb
 bounds [0x000001bc6e6d0000, 0x000001bc6f9c0000, 0x000001bc75c00000]
CodeHeap 'non-nmethods': size=5760Kb used=2468Kb max_used=2496Kb free=3291Kb
 bounds [0x000001bc75c00000, 0x000001bc75e80000, 0x000001bc761a0000]
 total_blobs=11350 nmethods=10439 adapters=815
 compilation: enabled
              stopped_count=0, restarted_count=0
 full_count=0

Compilation events (20 events):
Event: 119.249 Thread 0x000001bc1013da70 12290       3       java.util.TimSort::ensureCapacity (77 bytes)
Event: 119.249 Thread 0x000001bc1013da70 nmethod 12290 0x000001bc6f9b7790 code [0x000001bc6f9b7980, 0x000001bc6f9b7f10]
Event: 119.271 Thread 0x000001bc101352c0 nmethod 12285 0x000001bc7680b390 code [0x000001bc7680b6a0, 0x000001bc7680d0d8]
Event: 119.271 Thread 0x000001bc101352c0 12286   !   4       sun.nio.ch.SocketChannelImpl::implWrite (190 bytes)
Event: 119.286 Thread 0x000001bc101352c0 nmethod 12286 0x000001bc7680e010 code [0x000001bc7680e240, 0x000001bc7680ea00]
Event: 119.416 Thread 0x000001bc1013da70 12291       3       com.google.common.base.Strings::isNullOrEmpty (5 bytes)
Event: 119.417 Thread 0x000001bc1013da70 nmethod 12291 0x000001bc6f9b8110 code [0x000001bc6f9b82c0, 0x000001bc6f9b8548]
Event: 119.417 Thread 0x000001bc1013da70 12292       3       java.util.Arrays$ArrayList::toArray (47 bytes)
Event: 119.417 Thread 0x000001bc1013da70 nmethod 12292 0x000001bc6f9b8690 code [0x000001bc6f9b8880, 0x000001bc6f9b8e30]
Event: 119.417 Thread 0x000001bc1013da70 12293       3       org.gradle.api.internal.tasks.DefaultTaskDependency::add (34 bytes)
Event: 119.418 Thread 0x000001bc1013da70 nmethod 12293 0x000001bc6f9b8f90 code [0x000001bc6f9b91e0, 0x000001bc6f9b9cb8]
Event: 119.442 Thread 0x000001bc101352c0 12294   !   4       sun.reflect.annotation.AnnotationParser::parseAnnotation2 (275 bytes)
Event: 119.447 Thread 0x000001bc1013da70 12295       1       com.google.common.collect.SingletonImmutableBiMap::isPartialView (2 bytes)
Event: 119.447 Thread 0x000001bc1013da70 nmethod 12295 0x000001bc7680f310 code [0x000001bc7680f4a0, 0x000001bc7680f568]
Event: 119.449 Thread 0x000001bc1013da70 12296       3       org.gradle.internal.instantiation.generator.ManagedObjectFactory::applyRole (12 bytes)
Event: 119.449 Thread 0x000001bc1013da70 nmethod 12296 0x000001bc6f9ba110 code [0x000001bc6f9ba2e0, 0x000001bc6f9ba7a8]
Event: 119.449 Thread 0x000001bc1013da70 12297       3       org.gradle.api.internal.tasks.properties.annotations.OutputPropertyRoleAnnotationHandler::applyRoleTo (18 bytes)
Event: 119.449 Thread 0x000001bc1013da70 nmethod 12297 0x000001bc6f9ba910 code [0x000001bc6f9baac0, 0x000001bc6f9baed0]
Event: 119.449 Thread 0x000001bc1013da70 12298       3       org.gradle.api.internal.provider.AbstractProperty::attachProducer (94 bytes)
Event: 119.450 Thread 0x000001bc1013da70 nmethod 12298 0x000001bc6f9bb010 code [0x000001bc6f9bb280, 0x000001bc6f9bbc10]

GC Heap History (20 events):
Event: 68.770 GC heap before
{Heap before GC invocations=45 (full 0):
 garbage-first heap   total reserved 524288K, committed 128000K, used 111699K [0x00000000e0000000, 0x0000000100000000)
  region size 1024K, 35 young (35840K), 4 survivors (4096K)
 Metaspace       used 71157K, committed 73344K, reserved 278528K
  class space    used 10218K, committed 11264K, reserved 212992K
}
Event: 68.795 GC heap after
{Heap after GC invocations=46 (full 0):
 garbage-first heap   total reserved 524288K, committed 128000K, used 81024K [0x00000000e0000000, 0x0000000100000000)
  region size 1024K, 5 young (5120K), 5 survivors (5120K)
 Metaspace       used 71157K, committed 73344K, reserved 278528K
  class space    used 10218K, committed 11264K, reserved 212992K
}
Event: 73.796 GC heap before
{Heap before GC invocations=46 (full 0):
 garbage-first heap   total reserved 524288K, committed 128000K, used 114816K [0x00000000e0000000, 0x0000000100000000)
  region size 1024K, 38 young (38912K), 5 survivors (5120K)
 Metaspace       used 73394K, committed 75712K, reserved 278528K
  class space    used 10503K, committed 11648K, reserved 212992K
}
Event: 73.819 GC heap after
{Heap after GC invocations=47 (full 0):
 garbage-first heap   total reserved 524288K, committed 128000K, used 82729K [0x00000000e0000000, 0x0000000100000000)
  region size 1024K, 2 young (2048K), 2 survivors (2048K)
 Metaspace       used 73394K, committed 75712K, reserved 278528K
  class space    used 10503K, committed 11648K, reserved 212992K
}
Event: 77.580 GC heap before
{Heap before GC invocations=47 (full 0):
 garbage-first heap   total reserved 524288K, committed 128000K, used 116521K [0x00000000e0000000, 0x0000000100000000)
  region size 1024K, 36 young (36864K), 2 survivors (2048K)
 Metaspace       used 75020K, committed 77376K, reserved 344064K
  class space    used 10705K, committed 11840K, reserved 212992K
}
Event: 77.601 GC heap after
{Heap after GC invocations=48 (full 0):
 garbage-first heap   total reserved 524288K, committed 128000K, used 85801K [0x00000000e0000000, 0x0000000100000000)
  region size 1024K, 5 young (5120K), 5 survivors (5120K)
 Metaspace       used 75020K, committed 77376K, reserved 344064K
  class space    used 10705K, committed 11840K, reserved 212992K
}
Event: 80.171 GC heap before
{Heap before GC invocations=49 (full 0):
 garbage-first heap   total reserved 524288K, committed 143360K, used 115497K [0x00000000e0000000, 0x0000000100000000)
  region size 1024K, 34 young (34816K), 5 survivors (5120K)
 Metaspace       used 77039K, committed 79360K, reserved 344064K
  class space    used 10978K, committed 12096K, reserved 212992K
}
Event: 80.185 GC heap after
{Heap after GC invocations=50 (full 0):
 garbage-first heap   total reserved 524288K, committed 143360K, used 85439K [0x00000000e0000000, 0x0000000100000000)
  region size 1024K, 2 young (2048K), 2 survivors (2048K)
 Metaspace       used 77039K, committed 79360K, reserved 344064K
  class space    used 10978K, committed 12096K, reserved 212992K
}
Event: 83.800 GC heap before
{Heap before GC invocations=50 (full 0):
 garbage-first heap   total reserved 524288K, committed 143360K, used 130495K [0x00000000e0000000, 0x0000000100000000)
  region size 1024K, 46 young (47104K), 2 survivors (2048K)
 Metaspace       used 80471K, committed 82816K, reserved 344064K
  class space    used 11530K, committed 12672K, reserved 212992K
}
Event: 83.834 GC heap after
{Heap after GC invocations=51 (full 0):
 garbage-first heap   total reserved 524288K, committed 143360K, used 85996K [0x00000000e0000000, 0x0000000100000000)
  region size 1024K, 3 young (3072K), 3 survivors (3072K)
 Metaspace       used 80471K, committed 82816K, reserved 344064K
  class space    used 11530K, committed 12672K, reserved 212992K
}
Event: 88.300 GC heap before
{Heap before GC invocations=51 (full 0):
 garbage-first heap   total reserved 524288K, committed 143360K, used 132076K [0x00000000e0000000, 0x0000000100000000)
  region size 1024K, 48 young (49152K), 3 survivors (3072K)
 Metaspace       used 83487K, committed 85824K, reserved 344064K
  class space    used 12063K, committed 13184K, reserved 212992K
}
Event: 88.340 GC heap after
{Heap after GC invocations=52 (full 0):
 garbage-first heap   total reserved 524288K, committed 143360K, used 87448K [0x00000000e0000000, 0x0000000100000000)
  region size 1024K, 4 young (4096K), 4 survivors (4096K)
 Metaspace       used 83487K, committed 85824K, reserved 344064K
  class space    used 12063K, committed 13184K, reserved 212992K
}
Event: 94.616 GC heap before
{Heap before GC invocations=53 (full 0):
 garbage-first heap   total reserved 524288K, committed 147456K, used 129432K [0x00000000e0000000, 0x0000000100000000)
  region size 1024K, 46 young (47104K), 4 survivors (4096K)
 Metaspace       used 85770K, committed 88192K, reserved 344064K
  class space    used 12406K, committed 13568K, reserved 212992K
}
Event: 94.676 GC heap after
{Heap after GC invocations=54 (full 0):
 garbage-first heap   total reserved 524288K, committed 147456K, used 90388K [0x00000000e0000000, 0x0000000100000000)
  region size 1024K, 5 young (5120K), 5 survivors (5120K)
 Metaspace       used 85770K, committed 88192K, reserved 344064K
  class space    used 12406K, committed 13568K, reserved 212992K
}
Event: 101.420 GC heap before
{Heap before GC invocations=54 (full 0):
 garbage-first heap   total reserved 524288K, committed 147456K, used 137492K [0x00000000e0000000, 0x0000000100000000)
  region size 1024K, 47 young (48128K), 5 survivors (5120K)
 Metaspace       used 90774K, committed 93184K, reserved 344064K
  class space    used 12919K, committed 14080K, reserved 212992K
}
Event: 101.499 GC heap after
{Heap after GC invocations=55 (full 0):
 garbage-first heap   total reserved 524288K, committed 149504K, used 92952K [0x00000000e0000000, 0x0000000100000000)
  region size 1024K, 6 young (6144K), 6 survivors (6144K)
 Metaspace       used 90774K, committed 93184K, reserved 344064K
  class space    used 12919K, committed 14080K, reserved 212992K
}
Event: 108.274 GC heap before
{Heap before GC invocations=55 (full 0):
 garbage-first heap   total reserved 524288K, committed 149504K, used 134936K [0x00000000e0000000, 0x0000000100000000)
  region size 1024K, 47 young (48128K), 6 survivors (6144K)
 Metaspace       used 93047K, committed 95488K, reserved 344064K
  class space    used 13260K, committed 14464K, reserved 212992K
}
Event: 108.350 GC heap after
{Heap after GC invocations=56 (full 0):
 garbage-first heap   total reserved 524288K, committed 149504K, used 96256K [0x00000000e0000000, 0x0000000100000000)
  region size 1024K, 3 young (3072K), 3 survivors (3072K)
 Metaspace       used 93047K, committed 95488K, reserved 344064K
  class space    used 13260K, committed 14464K, reserved 212992K
}
Event: 115.525 GC heap before
{Heap before GC invocations=57 (full 0):
 garbage-first heap   total reserved 524288K, committed 160768K, used 137216K [0x00000000e0000000, 0x0000000100000000)
  region size 1024K, 43 young (44032K), 3 survivors (3072K)
 Metaspace       used 94778K, committed 97280K, reserved 344064K
  class space    used 13515K, committed 14720K, reserved 212992K
}
Event: 115.594 GC heap after
{Heap after GC invocations=58 (full 0):
 garbage-first heap   total reserved 524288K, committed 160768K, used 98960K [0x00000000e0000000, 0x0000000100000000)
  region size 1024K, 6 young (6144K), 6 survivors (6144K)
 Metaspace       used 94778K, committed 97280K, reserved 344064K
  class space    used 13515K, committed 14720K, reserved 212992K
}

Dll operation events (16 events):
Event: 0.032 Loaded shared library C:\Program Files\OpenLogic\jdk-22.0.2.9-hotspot\bin\java.dll
Event: 0.147 Loaded shared library C:\Program Files\OpenLogic\jdk-22.0.2.9-hotspot\bin\jsvml.dll
Event: 0.251 Loaded shared library C:\Program Files\OpenLogic\jdk-22.0.2.9-hotspot\bin\zip.dll
Event: 0.269 Loaded shared library C:\Program Files\OpenLogic\jdk-22.0.2.9-hotspot\bin\instrument.dll
Event: 0.282 Loaded shared library C:\Program Files\OpenLogic\jdk-22.0.2.9-hotspot\bin\net.dll
Event: 0.291 Loaded shared library C:\Program Files\OpenLogic\jdk-22.0.2.9-hotspot\bin\nio.dll
Event: 0.297 Loaded shared library C:\Program Files\OpenLogic\jdk-22.0.2.9-hotspot\bin\zip.dll
Event: 1.030 Loaded shared library C:\Program Files\OpenLogic\jdk-22.0.2.9-hotspot\bin\jimage.dll
Event: 1.841 Loaded shared library C:\Program Files\OpenLogic\jdk-22.0.2.9-hotspot\bin\verify.dll
Event: 1.995 Loaded shared library C:\Users\DELL\.gradle\native\660c5614fbf4a5f2a75b1949f50a0caf5cd603558e7d8a26e50b933a0cfb79d1\windows-amd64\native-platform.dll
Event: 2.028 Loaded shared library C:\Users\DELL\.gradle\native\0.2.8\x86_64-windows-gnu\gradle-fileevents.dll
Event: 5.498 Loaded shared library C:\Program Files\OpenLogic\jdk-22.0.2.9-hotspot\bin\management.dll
Event: 5.511 Loaded shared library C:\Program Files\OpenLogic\jdk-22.0.2.9-hotspot\bin\management_ext.dll
Event: 5.871 Loaded shared library C:\Program Files\OpenLogic\jdk-22.0.2.9-hotspot\bin\extnet.dll
Event: 6.470 Loaded shared library C:\Program Files\OpenLogic\jdk-22.0.2.9-hotspot\bin\sunmscapi.dll
Event: 82.893 Loaded shared library C:\Program Files\OpenLogic\jdk-22.0.2.9-hotspot\bin\le.dll

Deoptimization events (20 events):
Event: 115.245 Thread 0x000001bc15e49160 Uncommon trap: trap_request=0xffffffbe fr.pc=0x000001bc767d2db8 relative=0x0000000000000658
Event: 115.245 Thread 0x000001bc15e49160 Uncommon trap: reason=profile_predicate action=maybe_recompile pc=0x000001bc767d2db8 method=java.util.TimSort.reverseRange([Ljava/lang/Object;II)V @ 5 c2
Event: 115.245 Thread 0x000001bc15e49160 DEOPT PACKING pc=0x000001bc767d2db8 sp=0x00000078752f92d0
Event: 115.245 Thread 0x000001bc15e49160 DEOPT UNPACKING pc=0x000001bc75c57da2 sp=0x00000078752f9208 mode 2
Event: 115.303 Thread 0x000001bc15e49160 DEOPT PACKING pc=0x000001bc6f78e5fe sp=0x00000078752f92f0
Event: 115.303 Thread 0x000001bc15e49160 DEOPT UNPACKING pc=0x000001bc75c588e2 sp=0x00000078752f8870 mode 0
Event: 116.198 Thread 0x000001bc15e49160 Uncommon trap: trap_request=0xffffffd6 fr.pc=0x000001bc767df99c relative=0x000000000000083c
Event: 116.198 Thread 0x000001bc15e49160 Uncommon trap: reason=array_check action=maybe_recompile pc=0x000001bc767df99c method=java.util.TimSort.reverseRange([Ljava/lang/Object;II)V @ 27 c2
Event: 116.198 Thread 0x000001bc15e49160 DEOPT PACKING pc=0x000001bc767df99c sp=0x00000078752f8b80
Event: 116.198 Thread 0x000001bc15e49160 DEOPT UNPACKING pc=0x000001bc75c57da2 sp=0x00000078752f8ab0 mode 2
Event: 116.198 Thread 0x000001bc15e49160 Uncommon trap: trap_request=0xffffffd6 fr.pc=0x000001bc767df99c relative=0x000000000000083c
Event: 116.198 Thread 0x000001bc15e49160 Uncommon trap: reason=array_check action=maybe_recompile pc=0x000001bc767df99c method=java.util.TimSort.reverseRange([Ljava/lang/Object;II)V @ 27 c2
Event: 116.198 Thread 0x000001bc15e49160 DEOPT PACKING pc=0x000001bc767df99c sp=0x00000078752f8b80
Event: 116.198 Thread 0x000001bc15e49160 DEOPT UNPACKING pc=0x000001bc75c57da2 sp=0x00000078752f8ab0 mode 2
Event: 116.805 Thread 0x000001bc15e49160 Uncommon trap: trap_request=0xfffffff4 fr.pc=0x000001bc767e43cc relative=0x000000000000164c
Event: 116.805 Thread 0x000001bc15e49160 Uncommon trap: reason=null_check action=make_not_entrant pc=0x000001bc767e43cc method=org.gradle.internal.instantiation.generator.AbstractClassGenerator.isIneligibleForConventionMapping(Lorg/gradle/internal/instantiation/generator/AbstractClassGenerator$P
Event: 116.805 Thread 0x000001bc15e49160 DEOPT PACKING pc=0x000001bc767e43cc sp=0x00000078752f9260
Event: 116.805 Thread 0x000001bc15e49160 DEOPT UNPACKING pc=0x000001bc75c57da2 sp=0x00000078752f9188 mode 2
Event: 116.821 Thread 0x000001bc15e49160 DEOPT PACKING pc=0x000001bc6f744c6a sp=0x00000078752f9db0
Event: 116.821 Thread 0x000001bc15e49160 DEOPT UNPACKING pc=0x000001bc75c588e2 sp=0x00000078752f9270 mode 0

Classes loaded (20 events):
Event: 83.641 Loading class java/io/Console$1
Event: 83.641 Loading class jdk/internal/access/JavaIOAccess
Event: 83.642 Loading class jdk/internal/access/JavaIOAccess done
Event: 83.642 Loading class java/io/Console$1 done
Event: 85.108 Loading class java/beans/PropertyChangeListener
Event: 85.108 Loading class java/beans/PropertyChangeListener done
Event: 94.150 Loading class java/lang/AbstractMethodError
Event: 94.157 Loading class java/lang/AbstractMethodError done
Event: 94.766 Loading class java/nio/charset/UnsupportedCharsetException
Event: 94.770 Loading class java/nio/charset/UnsupportedCharsetException done
Event: 97.205 Loading class sun/nio/ch/ChannelOutputStream
Event: 97.206 Loading class sun/nio/ch/ChannelOutputStream done
Event: 97.226 Loading class java/util/concurrent/ConcurrentLinkedQueue$Itr
Event: 97.228 Loading class java/util/concurrent/ConcurrentLinkedQueue$Itr done
Event: 99.594 Loading class java/util/stream/ReduceOps$5
Event: 99.595 Loading class java/util/stream/ReduceOps$5 done
Event: 99.596 Loading class java/util/stream/ReduceOps$CountingSink$OfRef
Event: 99.596 Loading class java/util/stream/ReduceOps$CountingSink
Event: 99.597 Loading class java/util/stream/ReduceOps$CountingSink done
Event: 99.597 Loading class java/util/stream/ReduceOps$CountingSink$OfRef done

Classes unloaded (0 events):
No events

Classes redefined (0 events):
No events

Internal exceptions (20 events):
Event: 94.177 Thread 0x000001bc15e49160 Implicit null exception at 0x000001bc76724927 to 0x000001bc767276fc
Event: 96.488 Thread 0x000001bc15e49160 Exception <a 'java/lang/NoSuchMethodError'{0x00000000e7896368}: static Lcom/android/build/gradle/internal/profile/ProjectData;.<clinit>()V> (0x00000000e7896368) 
thrown [s\src\hotspot\share\prims\jni.cpp, line 1111]
Event: 97.199 Thread 0x000001bc15e49160 Exception <a 'sun/nio/fs/WindowsException'{0x00000000e758b360}> (0x00000000e758b360) 
thrown [s\src\hotspot\share\prims\jni.cpp, line 520]
Event: 98.605 Thread 0x000001bc15e4bf50 Exception <a 'java/lang/NoSuchMethodError'{0x00000000e70847e8}: static Lorg/gradle/tooling/internal/provider/PhasedBuildActionResult;.<clinit>()V> (0x00000000e70847e8) 
thrown [s\src\hotspot\share\prims\jni.cpp, line 1111]
Event: 98.611 Thread 0x000001bc15e4bf50 Exception <a 'java/lang/NoSuchMethodError'{0x00000000e7089bb8}: static Lorg/gradle/tooling/internal/provider/serialization/SerializedPayload;.<clinit>()V> (0x00000000e7089bb8) 
thrown [s\src\hotspot\share\prims\jni.cpp, line 1111]
Event: 99.169 Thread 0x000001bc15e49160 Implicit null exception at 0x000001bc76685bf0 to 0x000001bc7668d278
Event: 100.656 Thread 0x000001bc17cdbea0 Exception <a 'java/lang/NoSuchMethodError'{0x00000000e6aca0c8}: 'java.lang.Object java.lang.invoke.DirectMethodHandle$Holder.newInvokeSpecial(java.lang.Object, java.lang.Object, int, java.lang.Object, java.lang.Object)'> (0x00000000e6aca0c8) 
thrown [s\src\hotspot\share\interpreter\linkResolver.cpp, line 774]
Event: 100.658 Thread 0x000001bc17cdbea0 Exception <a 'java/lang/NoSuchMethodError'{0x00000000e6acdaf0}: 'java.lang.Object java.lang.invoke.Invokers$Holder.linkToTargetMethod(java.lang.Object, int, java.lang.Object, java.lang.Object, java.lang.Object)'> (0x00000000e6acdaf0) 
thrown [s\src\hotspot\share\interpreter\linkResolver.cpp, line 774]
Event: 101.315 Thread 0x000001bc15e4bf50 Exception <a 'java/lang/NoSuchMethodError'{0x00000000e66a2870}: static Lorg/gradle/internal/build/event/types/DefaultTaskStartedProgressEvent;.<clinit>()V> (0x00000000e66a2870) 
thrown [s\src\hotspot\share\prims\jni.cpp, line 1111]
Event: 101.316 Thread 0x000001bc15e4bf50 Exception <a 'java/lang/NoSuchMethodError'{0x00000000e66a9580}: static Lorg/gradle/internal/build/event/types/DefaultTaskDescriptor;.<clinit>()V> (0x00000000e66a9580) 
thrown [s\src\hotspot\share\prims\jni.cpp, line 1111]
Event: 101.502 Thread 0x000001bc15e4bf50 Exception <a 'java/lang/NoSuchMethodError'{0x00000000e8f1dc10}: static Lorg/gradle/internal/build/event/types/DefaultTaskFinishedProgressEvent;.<clinit>()V> (0x00000000e8f1dc10) 
thrown [s\src\hotspot\share\prims\jni.cpp, line 1111]
Event: 101.503 Thread 0x000001bc15e4bf50 Exception <a 'java/lang/NoSuchMethodError'{0x00000000e8f2b250}: static Lorg/gradle/internal/build/event/types/DefaultTaskSuccessResult;.<clinit>()V> (0x00000000e8f2b250) 
thrown [s\src\hotspot\share\prims\jni.cpp, line 1111]
Event: 101.503 Thread 0x000001bc15e4bf50 Exception <a 'java/lang/NoSuchMethodError'{0x00000000e8f2c768}: static Lorg/gradle/internal/build/event/types/AbstractTaskResult;.<clinit>()V> (0x00000000e8f2c768) 
thrown [s\src\hotspot\share\prims\jni.cpp, line 1111]
Event: 111.470 Thread 0x000001bc15e49160 Implicit null exception at 0x000001bc76546a3e to 0x000001bc76546b0c
Event: 111.779 Thread 0x000001bc15e49160 Implicit null exception at 0x000001bc76545bc7 to 0x000001bc76545cf7
Event: 113.000 Thread 0x000001bc15e49160 Implicit null exception at 0x000001bc766ce047 to 0x000001bc766ce177
Event: 113.155 Thread 0x000001bc15e49160 Implicit null exception at 0x000001bc7639ccca to 0x000001bc7639d340
Event: 113.155 Thread 0x000001bc15e49160 Implicit null exception at 0x000001bc767bf9d7 to 0x000001bc767bfbec
Event: 113.721 Thread 0x000001bc15e49160 Implicit null exception at 0x000001bc767c5d27 to 0x000001bc767c6658
Event: 116.805 Thread 0x000001bc15e49160 Implicit null exception at 0x000001bc767e3743 to 0x000001bc767e43b8

ZGC Phase Switch (0 events):
No events

VM Operations (20 events):
Event: 111.551 Executing VM operation: Cleanup
Event: 111.557 Executing VM operation: Cleanup done
Event: 112.564 Executing VM operation: Cleanup
Event: 112.580 Executing VM operation: Cleanup done
Event: 113.586 Executing VM operation: Cleanup
Event: 113.602 Executing VM operation: Cleanup done
Event: 114.611 Executing VM operation: Cleanup
Event: 114.735 Executing VM operation: Cleanup done
Event: 115.019 Executing VM operation: HandshakeAllThreads (Deoptimize)
Event: 115.021 Executing VM operation: HandshakeAllThreads (Deoptimize) done
Event: 115.492 Executing VM operation: G1CollectForAllocation (G1 Evacuation Pause)
Event: 115.594 Executing VM operation: G1CollectForAllocation (G1 Evacuation Pause) done
Event: 116.605 Executing VM operation: Cleanup
Event: 116.605 Executing VM operation: Cleanup done
Event: 117.612 Executing VM operation: Cleanup
Event: 117.627 Executing VM operation: Cleanup done
Event: 118.637 Executing VM operation: Cleanup
Event: 118.638 Executing VM operation: Cleanup done
Event: 119.650 Executing VM operation: Cleanup
Event: 119.698 Executing VM operation: Cleanup done

Memory protections (0 events):
No events

Nmethod flushes (20 events):
Event: 110.283 Thread 0x000001bc635c8cb0 flushing  nmethod 0x000001bc6e91d590
Event: 110.283 Thread 0x000001bc635c8cb0 flushing  nmethod 0x000001bc6e94ae10
Event: 110.283 Thread 0x000001bc635c8cb0 flushing  nmethod 0x000001bc6e978c10
Event: 110.283 Thread 0x000001bc635c8cb0 flushing  nmethod 0x000001bc6e9d5310
Event: 110.283 Thread 0x000001bc635c8cb0 flushing  nmethod 0x000001bc6e9fe090
Event: 110.283 Thread 0x000001bc635c8cb0 flushing  nmethod 0x000001bc6ea16d90
Event: 110.283 Thread 0x000001bc635c8cb0 flushing  nmethod 0x000001bc6eab0f10
Event: 110.283 Thread 0x000001bc635c8cb0 flushing  nmethod 0x000001bc6eab1510
Event: 110.283 Thread 0x000001bc635c8cb0 flushing  nmethod 0x000001bc6ec8a690
Event: 110.283 Thread 0x000001bc635c8cb0 flushing  nmethod 0x000001bc6ee37910
Event: 110.283 Thread 0x000001bc635c8cb0 flushing  nmethod 0x000001bc6ee53c10
Event: 110.283 Thread 0x000001bc635c8cb0 flushing  nmethod 0x000001bc6ee55c10
Event: 110.283 Thread 0x000001bc635c8cb0 flushing  nmethod 0x000001bc6ef22e10
Event: 110.283 Thread 0x000001bc635c8cb0 flushing  nmethod 0x000001bc6f08c890
Event: 110.283 Thread 0x000001bc635c8cb0 flushing  nmethod 0x000001bc6f08ef90
Event: 110.283 Thread 0x000001bc635c8cb0 flushing  nmethod 0x000001bc6f32ae90
Event: 110.283 Thread 0x000001bc635c8cb0 flushing  nmethod 0x000001bc6f38a890
Event: 110.283 Thread 0x000001bc635c8cb0 flushing  nmethod 0x000001bc6f572090
Event: 110.283 Thread 0x000001bc635c8cb0 flushing  nmethod 0x000001bc6f577010
Event: 110.283 Thread 0x000001bc635c8cb0 flushing  nmethod 0x000001bc6f66cb10

Events (20 events):
Event: 32.534 Thread 0x000001bc15e49160 Thread added: 0x000001bc16b346f0
Event: 33.888 Thread 0x000001bc15e49160 Thread added: 0x000001bc16b34d80
Event: 34.027 Thread 0x000001bc15e49160 Thread added: 0x000001bc16b31f90
Event: 41.009 Thread 0x000001bc15e49160 Thread added: 0x000001bc16b30be0
Event: 41.010 Thread 0x000001bc15e49160 Thread added: 0x000001bc16b2fec0
Event: 41.010 Thread 0x000001bc15e49160 Thread added: 0x000001bc16b35410
Event: 41.349 Thread 0x000001bc15e49160 Thread added: 0x000001bc16b2e480
Event: 41.351 Thread 0x000001bc15e49160 Thread added: 0x000001bc101339d0
Event: 41.353 Thread 0x000001bc15e49160 Thread added: 0x000001bc17eccab0
Event: 45.082 Thread 0x000001bc15e49160 Thread added: 0x000001bc16b34060
Event: 45.083 Thread 0x000001bc15e49160 Thread added: 0x000001bc17cdf9b0
Event: 45.085 Thread 0x000001bc15e49160 Thread added: 0x000001bc17cdd8e0
Event: 61.890 Thread 0x000001bc15e49160 Thread added: 0x000001bc17cdec90
Event: 65.140 Thread 0x000001bc15e49160 Thread added: 0x000001bc17cdcbc0
Event: 97.222 Thread 0x000001bc15e49160 Thread added: 0x000001bc17cdb810
Event: 100.540 Thread 0x000001bc15e49160 Thread added: 0x000001bc17cdbea0
Event: 100.664 Thread 0x000001bc17cdbea0 Thread added: 0x000001bc17ce13f0
Event: 100.665 Thread 0x000001bc17cdbea0 Thread added: 0x000001bc17ce0040
Event: 100.665 Thread 0x000001bc17cdbea0 Thread added: 0x000001bc17cdc530
Event: 101.040 Thread 0x000001bc17cdbea0 Thread added: 0x000001bc17cdd250


Dynamic libraries:
0x00007ff74c130000 - 0x00007ff74c13e000 	C:\Program Files\OpenLogic\jdk-22.0.2.9-hotspot\bin\java.exe
0x00007ffbe3470000 - 0x00007ffbe3668000 	C:\Windows\SYSTEM32\ntdll.dll
0x00007ffbe29e0000 - 0x00007ffbe2aa2000 	C:\Windows\System32\KERNEL32.DLL
0x00007ffbe0c80000 - 0x00007ffbe0f76000 	C:\Windows\System32\KERNELBASE.dll
0x00007ffbe0f80000 - 0x00007ffbe1080000 	C:\Windows\System32\ucrtbase.dll
0x00007ffbcefc0000 - 0x00007ffbcefdb000 	C:\Program Files\OpenLogic\jdk-22.0.2.9-hotspot\bin\VCRUNTIME140.dll
0x00007ffbceed0000 - 0x00007ffbceee7000 	C:\Program Files\OpenLogic\jdk-22.0.2.9-hotspot\bin\jli.dll
0x00007ffbe2ab0000 - 0x00007ffbe2c51000 	C:\Windows\System32\USER32.dll
0x00007ffbe1220000 - 0x00007ffbe1242000 	C:\Windows\System32\win32u.dll
0x00007ffbe1490000 - 0x00007ffbe14bb000 	C:\Windows\System32\GDI32.dll
0x00007ffbe1100000 - 0x00007ffbe1219000 	C:\Windows\System32\gdi32full.dll
0x00007ffbce3d0000 - 0x00007ffbce66b000 	C:\Windows\WinSxS\amd64_microsoft.windows.common-controls_6595b64144ccf1df_6.0.19041.6456_none_60b8a6cb71f64256\COMCTL32.dll
0x00007ffbe0b90000 - 0x00007ffbe0c2d000 	C:\Windows\System32\msvcp_win.dll
0x00007ffbe2fb0000 - 0x00007ffbe304e000 	C:\Windows\System32\msvcrt.dll
0x00007ffbe31a0000 - 0x00007ffbe31cf000 	C:\Windows\System32\IMM32.DLL
0x00007ffbcfb00000 - 0x00007ffbcfb0c000 	C:\Program Files\OpenLogic\jdk-22.0.2.9-hotspot\bin\vcruntime140_1.dll
0x00007ffbb6bd0000 - 0x00007ffbb6c5d000 	C:\Program Files\OpenLogic\jdk-22.0.2.9-hotspot\bin\msvcp140.dll
0x00007ffb7b9e0000 - 0x00007ffb7c7b0000 	C:\Program Files\OpenLogic\jdk-22.0.2.9-hotspot\bin\server\jvm.dll
0x00007ffbe14c0000 - 0x00007ffbe1571000 	C:\Windows\System32\ADVAPI32.dll
0x00007ffbe15a0000 - 0x00007ffbe163f000 	C:\Windows\System32\sechost.dll
0x00007ffbe17f0000 - 0x00007ffbe1910000 	C:\Windows\System32\RPCRT4.dll
0x00007ffbe13b0000 - 0x00007ffbe13d7000 	C:\Windows\System32\bcrypt.dll
0x00007ffbe2d40000 - 0x00007ffbe2dab000 	C:\Windows\System32\WS2_32.dll
0x00007ffbe0960000 - 0x00007ffbe09ab000 	C:\Windows\SYSTEM32\POWRPROF.dll
0x00007ffbc9c30000 - 0x00007ffbc9c57000 	C:\Windows\SYSTEM32\WINMM.dll
0x00007ffbd9910000 - 0x00007ffbd991a000 	C:\Windows\SYSTEM32\VERSION.dll
0x00007ffbe0940000 - 0x00007ffbe0952000 	C:\Windows\SYSTEM32\UMPDC.dll
0x00007ffbdf2d0000 - 0x00007ffbdf2e2000 	C:\Windows\SYSTEM32\kernel.appcore.dll
0x00007ffbcee60000 - 0x00007ffbcee6a000 	C:\Program Files\OpenLogic\jdk-22.0.2.9-hotspot\bin\jimage.dll
0x00007ffbde6a0000 - 0x00007ffbde8a1000 	C:\Windows\SYSTEM32\DBGHELP.DLL
0x00007ffbb3290000 - 0x00007ffbb32c4000 	C:\Windows\SYSTEM32\dbgcore.DLL
0x00007ffbe0b00000 - 0x00007ffbe0b82000 	C:\Windows\System32\bcryptPrimitives.dll
0x00007ffbcee50000 - 0x00007ffbcee5e000 	C:\Program Files\OpenLogic\jdk-22.0.2.9-hotspot\bin\instrument.dll
0x00007ffbcee30000 - 0x00007ffbcee4e000 	C:\Program Files\OpenLogic\jdk-22.0.2.9-hotspot\bin\java.dll
0x00007ffbe1da0000 - 0x00007ffbe2510000 	C:\Windows\System32\SHELL32.dll
0x00007ffbe1c70000 - 0x00007ffbe1d9b000 	C:\Windows\System32\ole32.dll
0x00007ffbe1910000 - 0x00007ffbe1c64000 	C:\Windows\System32\combase.dll
0x00007ffbdeb10000 - 0x00007ffbdf2b5000 	C:\Windows\SYSTEM32\windows.storage.dll
0x00007ffbe0450000 - 0x00007ffbe047b000 	C:\Windows\SYSTEM32\Wldp.dll
0x00007ffbe2e30000 - 0x00007ffbe2efd000 	C:\Windows\System32\OLEAUT32.dll
0x00007ffbe2f00000 - 0x00007ffbe2fad000 	C:\Windows\System32\SHCORE.dll
0x00007ffbe32f0000 - 0x00007ffbe334b000 	C:\Windows\System32\shlwapi.dll
0x00007ffbe0a30000 - 0x00007ffbe0a54000 	C:\Windows\SYSTEM32\profapi.dll
0x00007ffbb67a0000 - 0x00007ffbb6876000 	C:\Program Files\OpenLogic\jdk-22.0.2.9-hotspot\bin\jsvml.dll
0x00007ffbced60000 - 0x00007ffbced77000 	C:\Program Files\OpenLogic\jdk-22.0.2.9-hotspot\bin\zip.dll
0x00007ffbcedf0000 - 0x00007ffbcee00000 	C:\Program Files\OpenLogic\jdk-22.0.2.9-hotspot\bin\net.dll
0x00007ffbe0160000 - 0x00007ffbe01ca000 	C:\Windows\system32\mswsock.dll
0x00007ffbced40000 - 0x00007ffbced56000 	C:\Program Files\OpenLogic\jdk-22.0.2.9-hotspot\bin\nio.dll
0x00007ffbce670000 - 0x00007ffbce680000 	C:\Program Files\OpenLogic\jdk-22.0.2.9-hotspot\bin\verify.dll
0x00007ffbcfb40000 - 0x00007ffbcfb67000 	C:\Users\DELL\.gradle\native\660c5614fbf4a5f2a75b1949f50a0caf5cd603558e7d8a26e50b933a0cfb79d1\windows-amd64\native-platform.dll
0x00007ffbb6c60000 - 0x00007ffbb6cd7000 	C:\Users\DELL\.gradle\native\0.2.8\x86_64-windows-gnu\gradle-fileevents.dll
0x00007ffbce3c0000 - 0x00007ffbce3c9000 	C:\Program Files\OpenLogic\jdk-22.0.2.9-hotspot\bin\management.dll
0x00007ffbce3b0000 - 0x00007ffbce3bb000 	C:\Program Files\OpenLogic\jdk-22.0.2.9-hotspot\bin\management_ext.dll
0x00007ffbe1590000 - 0x00007ffbe1598000 	C:\Windows\System32\PSAPI.DLL
0x00007ffbdfe50000 - 0x00007ffbdfe8b000 	C:\Windows\SYSTEM32\IPHLPAPI.DLL
0x00007ffbe1580000 - 0x00007ffbe1588000 	C:\Windows\System32\NSI.dll
0x00007ffbce3a0000 - 0x00007ffbce3a9000 	C:\Program Files\OpenLogic\jdk-22.0.2.9-hotspot\bin\extnet.dll
0x00007ffbe0310000 - 0x00007ffbe0328000 	C:\Windows\SYSTEM32\CRYPTSP.dll
0x00007ffbdfa90000 - 0x00007ffbdfac8000 	C:\Windows\system32\rsaenh.dll
0x00007ffbe09b0000 - 0x00007ffbe09de000 	C:\Windows\SYSTEM32\USERENV.dll
0x00007ffbe0330000 - 0x00007ffbe033c000 	C:\Windows\SYSTEM32\CRYPTBASE.dll
0x00007ffbce2f0000 - 0x00007ffbce2fe000 	C:\Program Files\OpenLogic\jdk-22.0.2.9-hotspot\bin\sunmscapi.dll
0x00007ffbe1250000 - 0x00007ffbe13ad000 	C:\Windows\System32\CRYPT32.dll
0x00007ffbe04c0000 - 0x00007ffbe04e7000 	C:\Windows\SYSTEM32\ncrypt.dll
0x00007ffbe0480000 - 0x00007ffbe04bb000 	C:\Windows\SYSTEM32\NTASN1.dll
0x00007ffbda170000 - 0x00007ffbda177000 	C:\Windows\system32\wshunix.dll
0x00007ffbdb4b0000 - 0x00007ffbdb4bb000 	C:\Program Files\OpenLogic\jdk-22.0.2.9-hotspot\bin\le.dll

dbghelp: loaded successfully - version: 4.0.5 - missing functions: none
symbol engine: initialized successfully - sym options: 0x614 - pdb path: .;C:\Program Files\OpenLogic\jdk-22.0.2.9-hotspot\bin;C:\Windows\SYSTEM32;C:\Windows\WinSxS\amd64_microsoft.windows.common-controls_6595b64144ccf1df_6.0.19041.6456_none_60b8a6cb71f64256;C:\Program Files\OpenLogic\jdk-22.0.2.9-hotspot\bin\server;C:\Users\DELL\.gradle\native\660c5614fbf4a5f2a75b1949f50a0caf5cd603558e7d8a26e50b933a0cfb79d1\windows-amd64;C:\Users\DELL\.gradle\native\0.2.8\x86_64-windows-gnu

VM Arguments:
jvm_args: --add-opens=java.base/java.lang=ALL-UNNAMED --add-opens=java.base/java.lang.invoke=ALL-UNNAMED --add-opens=java.base/java.util=ALL-UNNAMED --add-opens=java.prefs/java.util.prefs=ALL-UNNAMED --add-exports=jdk.compiler/com.sun.tools.javac.api=ALL-UNNAMED --add-exports=jdk.compiler/com.sun.tools.javac.util=ALL-UNNAMED --add-opens=java.base/java.util=ALL-UNNAMED --add-opens=java.prefs/java.util.prefs=ALL-UNNAMED --add-opens=java.base/java.nio.charset=ALL-UNNAMED --add-opens=java.base/java.net=ALL-UNNAMED --add-opens=java.base/java.util.concurrent=ALL-UNNAMED --add-opens=java.base/java.util.concurrent.atomic=ALL-UNNAMED --add-opens=java.xml/javax.xml.namespace=ALL-UNNAMED --add-opens=java.base/java.time=ALL-UNNAMED -XX:MaxMetaspaceSize=256m -Xmx512m -Dfile.encoding=UTF-8 -Duser.country=IN -Duser.language=en -Duser.variant -javaagent:C:\Users\DELL\.gradle\wrapper\dists\gradle-9.3.1-bin\23ovyewtku6u96viwx3xl3oks\gradle-9.3.1\lib\agents\gradle-instrumentation-agent-9.3.1.jar 
java_command: org.gradle.launcher.daemon.bootstrap.GradleDaemon 9.3.1
java_class_path (initial): C:\Users\DELL\.gradle\wrapper\dists\gradle-9.3.1-bin\23ovyewtku6u96viwx3xl3oks\gradle-9.3.1\lib\gradle-daemon-main-9.3.1.jar
Launcher Type: SUN_STANDARD

[Global flags]
     intx CICompilerCount                          = 3                                         {product} {ergonomic}
   size_t CompressedClassSpaceSize                 = 218103808                                 {product} {ergonomic}
     uint ConcGCThreads                            = 1                                         {product} {ergonomic}
     uint G1ConcRefinementThreads                  = 4                                         {product} {ergonomic}
   size_t G1HeapRegionSize                         = 1048576                                   {product} {ergonomic}
   size_t InitialHeapSize                          = 65011712                                  {product} {ergonomic}
   size_t MarkStackSize                            = 4194304                                   {product} {ergonomic}
   size_t MaxHeapSize                              = 536870912                                 {product} {command line}
   size_t MaxMetaspaceSize                         = 268435456                                 {product} {command line}
   size_t MaxNewSize                               = 321912832                                 {product} {ergonomic}
   size_t MinHeapDeltaBytes                        = 1048576                                   {product} {ergonomic}
   size_t MinHeapSize                              = 8388608                                   {product} {ergonomic}
    uintx NonNMethodCodeHeapSize                   = 5832780                                {pd product} {ergonomic}
    uintx NonProfiledCodeHeapSize                  = 122912730                              {pd product} {ergonomic}
    uintx ProfiledCodeHeapSize                     = 122912730                              {pd product} {ergonomic}
    uintx ReservedCodeCacheSize                    = 251658240                              {pd product} {ergonomic}
     bool SegmentedCodeCache                       = true                                      {product} {ergonomic}
   size_t SoftMaxHeapSize                          = 536870912                              {manageable} {ergonomic}
     bool UseCompressedOops                        = true                           {product lp64_product} {ergonomic}
     bool UseG1GC                                  = true                                      {product} {ergonomic}
     bool UseLargePagesIndividualAllocation        = false                                  {pd product} {ergonomic}

Logging:
Log output configuration:
 #0: stdout all=warning uptime,level,tags foldmultilines=false
 #1: stderr all=off uptime,level,tags foldmultilines=false

Environment Variables:
PATH=C:\Program Files\OpenLogic\jdk-22.0.2.9-hotspot\bin;C:\Windows\system32;C:\Windows;C:\Windows\System32\Wbem;C:\Windows\System32\WindowsPowerShell\v1.0\;C:\Windows\System32\OpenSSH\;C:\Program Files\dotnet\;C:\MinGW\bin;C:\Program Files\Git\cmd;C:\Users\DELL\AppData\Roaming\nvm;C:\Program Files\nodejs;C:\ProgramData\chocolatey\bin;C:\Program Files\nodejs\;C:\Users\DELL\AppData\Local\Programs\Python\Python313\Scripts;C:\Users\DELL\AppData\Local\Programs\Python\Python313\;C:\platform-tools;C:\MinGW\bin;C:\MinGW\bin;C:\Program Files\MySQL\MySQL Server 8.0\bin;C:\Users\DELL\AppData\Local\Programs\Python\Python310\Scripts\;C:\Users\DELL\AppData\Local\Programs\Python\Python310\;C:\Users\DELL\AppData\Local\Programs\Python\Python313\Scripts\;C:\Users\DELL\AppData\Local\Programs\Python\Python313\;C:\Users\DELL\AppData\Local\Programs\Python\Launcher\;C:\Users\DELL\AppData\Local\Microsoft\WindowsApps;C:\Users\DELL\AppData\Local\Programs\Microsoft VS Code\bin;C:\Users\DELL\AppData\Roaming\nvm;C:\Program Files\nodejs;C:\Users\DELL\AppData\Roaming\npm;C:\Program Files\heroku\bin;C:\Users\DELL\.dotnet\tools;C:\Users\DELL\Downloads\x64;C:\Users\DELL\AppData\Local\Programs\Python\Python310\;C:\Users\DELL\AppData\Local\Programs\Antigravity\bin
USERNAME=DELL
OS=Windows_NT
PROCESSOR_IDENTIFIER=Intel64 Family 6 Model 126 Stepping 5, GenuineIntel
TMP=C:\Users\DELL\AppData\Local\Temp
TEMP=C:\Users\DELL\AppData\Local\Temp




Periodic native trim disabled

---------------  S Y S T E M  ---------------

OS:
 Windows 10 , 64 bit Build 19041 (10.0.19041.5915)
OS uptime: 0 days 14:08 hours
Hyper-V role detected

CPU: total 4 (initial active 4) (2 cores per cpu, 2 threads per core) family 6 model 126 stepping 5 microcode 0xca, cx8, cmov, fxsr, ht, mmx, 3dnowpref, sse, sse2, sse3, ssse3, sse4.1, sse4.2, popcnt, lzcnt, tsc, tscinvbit, avx, avx2, aes, erms, clmul, bmi1, bmi2, adx, avx512f, avx512dq, avx512cd, avx512bw, avx512vl, sha, fma, vzeroupper, avx512_vpopcntdq, avx512_vpclmulqdq, avx512_vaes, avx512_vnni, clflush, clflushopt, avx512_vbmi2, avx512_vbmi, hv, rdtscp, rdpid, fsrm, gfni, avx512_bitalg, f16c, avx512_ifma
Processor Information for all 4 processors :
  Max Mhz: 1190, Current Mhz: 1190, Mhz Limit: 1190

Memory: 4k page, system-wide physical 3862M (61M free)
TotalPageFile size 15638M (AvailPageFile size 5M)
current process WorkingSet (physical memory assigned to process): 191M, peak: 241M
current process commit charge ("private bytes"): 450M, peak: 450M

vm_info: OpenJDK 64-Bit Server VM (22.0.2+9-adhoc.Administrator.jdk22u) for windows-amd64 JRE (22.0.2+9-adhoc.Administrator.jdk22u), built on 2024-10-10T20:22:04Z by "Administrator" with MS VC++ 16.10 / 16.11 (VS2019)

END.
