#
# There is insufficient memory for the Java Runtime Environment to continue.
# Native memory allocation (malloc) failed to allocate 1759664 bytes for Chunk::new
# Possible reasons:
#   The system is out of physical RAM or swap space
#   The process is running with CompressedOops enabled, and the Java Heap may be blocking the growth of the native heap
# Possible solutions:
#   Reduce memory load on the system
#   Increase physical memory or swap space
#   Check if swap backing store is full
#   Decrease Java heap size (-Xmx/-Xms)
#   Decrease number of Java threads
#   Decrease Java thread stack sizes (-Xss)
#   Set larger code cache with -XX:ReservedCodeCacheSize=
#   JVM is running with Unscaled Compressed Oops mode in which the Java heap is
#     placed in the first 4GB address space. The Java Heap base address is the
#     maximum limit for the native heap growth. Please use -XX:HeapBaseMinAddress
#     to set the Java Heap base and to place the Java Heap above 4GB virtual address.
# This output file may be truncated or incomplete.
#
#  Out of Memory Error (arena.cpp:189), pid=18964, tid=18000
#
# JRE version: OpenJDK Runtime Environment Temurin-17.0.4.1+1 (17.0.4.1+1) (build 17.0.4.1+1)
# Java VM: OpenJDK 64-Bit Server VM Temurin-17.0.4.1+1 (17.0.4.1+1, mixed mode, tiered, compressed oops, compressed class ptrs, parallel gc, windows-amd64)
# No core dump will be written. Minidumps are not enabled by default on client versions of Windows
#

---------------  S U M M A R Y ------------

Command Line: --add-modules=ALL-SYSTEM --add-opens=java.base/java.util=ALL-UNNAMED --add-opens=java.base/java.lang=ALL-UNNAMED --add-opens=java.base/sun.nio.fs=ALL-UNNAMED -Declipse.application=org.eclipse.jdt.ls.core.id1 -Dosgi.bundles.defaultStartLevel=4 -Declipse.product=org.eclipse.jdt.ls.core.product -Djava.import.generatesMetadataFilesAtProjectRoot=false -Dfile.encoding=utf8 -XX:+UseParallelGC -XX:GCTimeRatio=4 -XX:AdaptiveSizePolicyWeight=90 -Dsun.zip.disableMemoryMapping=true -Xmx1G -Xms100m -Xlog:disable -javaagent:c:\Users\DELL\.antigravity\extensions\redhat.java-1.12.0-win32-x64\lombok\lombok-1.18.24.jar -XX:+HeapDumpOnOutOfMemoryError -XX:HeapDumpPath=c:\Users\DELL\AppData\Roaming\Antigravity\User\workspaceStorage\59ad4cf0999b405589ff75c3213e9940\redhat.java c:\Users\DELL\.antigravity\extensions\redhat.java-1.12.0-win32-x64\server\plugins\org.eclipse.equinox.launcher_1.6.400.v20210924-0641.jar -configuration c:\Users\DELL\AppData\Roaming\Antigravity\User\globalStorage\redhat.java\1.12.0\config_win -data c:\Users\DELL\AppData\Roaming\Antigravity\User\workspaceStorage\59ad4cf0999b405589ff75c3213e9940\redhat.java\jdt_ws

Host: Intel(R) Core(TM) i3-1005G1 CPU @ 1.20GHz, 4 cores, 3G,  Windows 10 , 64 bit Build 19041 (10.0.19041.5915)
Time: Fri Mar 27 03:07:02 2026 India Standard Time elapsed time: 8.816898 seconds (0d 0h 0m 8s)

---------------  T H R E A D  ---------------

Current thread (0x000001687dcfaf90):  JavaThread "C2 CompilerThread0" daemon [_thread_in_native, id=18000, stack(0x0000005a48700000,0x0000005a48800000)]


Current CompileTask:
C2:   8817 3512       4       org.eclipse.osgi.internal.loader.BundleLoader::addExportedProvidersFor (167 bytes)

Stack: [0x0000005a48700000,0x0000005a48800000]
Native frames: (J=compiled Java code, j=interpreted, Vv=VM code, C=native code)
V  [jvm.dll+0x67731a]
V  [jvm.dll+0x832284]
V  [jvm.dll+0x833a2e]
V  [jvm.dll+0x834093]
V  [jvm.dll+0x245775]
V  [jvm.dll+0xabd7b]
V  [jvm.dll+0xac30c]
V  [jvm.dll+0x363a97]
V  [jvm.dll+0x1bbd52]
V  [jvm.dll+0x2187d9]
V  [jvm.dll+0x217aa1]
V  [jvm.dll+0x1a3f8d]
V  [jvm.dll+0x227498]
V  [jvm.dll+0x2255e5]
V  [jvm.dll+0x7e7e9b]
V  [jvm.dll+0x7e240a]
V  [jvm.dll+0x6761a5]
C  [ucrtbase.dll+0x21bb2]
C  [KERNEL32.DLL+0x17374]
C  [ntdll.dll+0x4cc91]


---------------  P R O C E S S  ---------------

Threads class SMR info:
_java_thread_list=0x0000016804aac100, length=24, elements={
0x0000016867f493e0, 0x000001687dcb6750, 0x000001687dcb91c0, 0x000001687dcf3130,
0x000001687dcf3bf0, 0x000001687dcf56c0, 0x000001687dcf7f90, 0x000001687dcfaf90,
0x000001687f6e7bd0, 0x000001687f70a850, 0x0000016868014fb0, 0x000001687f8fbc70,
0x00000168006eab10, 0x0000016800648420, 0x00000168004fb180, 0x00000168007d5860,
0x00000168004f8d10, 0x0000016801206a30, 0x00000168012a18b0, 0x0000016801235340,
0x00000168012349a0, 0x0000016801232320, 0x00000168012327f0, 0x0000016801235810
}

Java Threads: ( => current thread )
  0x0000016867f493e0 JavaThread "main" [_thread_blocked, id=18652, stack(0x0000005a47e00000,0x0000005a47f00000)]
  0x000001687dcb6750 JavaThread "Reference Handler" daemon [_thread_blocked, id=17564, stack(0x0000005a48100000,0x0000005a48200000)]
  0x000001687dcb91c0 JavaThread "Finalizer" daemon [_thread_blocked, id=11064, stack(0x0000005a48200000,0x0000005a48300000)]
  0x000001687dcf3130 JavaThread "Signal Dispatcher" daemon [_thread_blocked, id=2944, stack(0x0000005a48300000,0x0000005a48400000)]
  0x000001687dcf3bf0 JavaThread "Attach Listener" daemon [_thread_blocked, id=6408, stack(0x0000005a48400000,0x0000005a48500000)]
  0x000001687dcf56c0 JavaThread "Service Thread" daemon [_thread_blocked, id=18296, stack(0x0000005a48500000,0x0000005a48600000)]
  0x000001687dcf7f90 JavaThread "Monitor Deflation Thread" daemon [_thread_blocked, id=7116, stack(0x0000005a48600000,0x0000005a48700000)]
=>0x000001687dcfaf90 JavaThread "C2 CompilerThread0" daemon [_thread_in_native, id=18000, stack(0x0000005a48700000,0x0000005a48800000)]
  0x000001687f6e7bd0 JavaThread "C1 CompilerThread0" daemon [_thread_blocked, id=13128, stack(0x0000005a48800000,0x0000005a48900000)]
  0x000001687f70a850 JavaThread "Sweeper thread" daemon [_thread_blocked, id=8672, stack(0x0000005a48900000,0x0000005a48a00000)]
  0x0000016868014fb0 JavaThread "Common-Cleaner" daemon [_thread_blocked, id=7788, stack(0x0000005a48a00000,0x0000005a48b00000)]
  0x000001687f8fbc70 JavaThread "Notification Thread" daemon [_thread_blocked, id=948, stack(0x0000005a48b00000,0x0000005a48c00000)]
  0x00000168006eab10 JavaThread "Active Thread: Equinox Container: d7142390-f7b7-4608-b9ad-8a04fadc1eb6" [_thread_blocked, id=17832, stack(0x0000005a49000000,0x0000005a49100000)]
  0x0000016800648420 JavaThread "Framework Event Dispatcher: Equinox Container: d7142390-f7b7-4608-b9ad-8a04fadc1eb6" daemon [_thread_blocked, id=17776, stack(0x0000005a49100000,0x0000005a49200000)]
  0x00000168004fb180 JavaThread "Start Level: Equinox Container: d7142390-f7b7-4608-b9ad-8a04fadc1eb6" daemon [_thread_blocked, id=18740, stack(0x0000005a49200000,0x0000005a49300000)]
  0x00000168007d5860 JavaThread "SCR Component Actor" daemon [_thread_blocked, id=4124, stack(0x0000005a49300000,0x0000005a49400000)]
  0x00000168004f8d10 JavaThread "SCR Component Registry" daemon [_thread_blocked, id=4888, stack(0x0000005a49400000,0x0000005a49500000)]
  0x0000016801206a30 JavaThread "Worker-JM" [_thread_blocked, id=4828, stack(0x0000005a49500000,0x0000005a49600000)]
  0x00000168012a18b0 JavaThread "Worker-0: Updating Maven Dependencies" [_thread_blocked, id=17436, stack(0x0000005a49600000,0x0000005a49700000)]
  0x0000016801235340 JavaThread "Worker-1" [_thread_blocked, id=2604, stack(0x0000005a49700000,0x0000005a49800000)]
  0x00000168012349a0 JavaThread "Worker-2: Refreshing workspace" [_thread_in_native, id=6792, stack(0x0000005a49800000,0x0000005a49900000)]
  0x0000016801232320 JavaThread "Java indexing" daemon [_thread_blocked, id=18232, stack(0x0000005a49900000,0x0000005a49a00000)]
  0x00000168012327f0 JavaThread "Worker-3: Updating workspace" [_thread_blocked, id=6344, stack(0x0000005a49a00000,0x0000005a49b00000)]
  0x0000016801235810 JavaThread "Worker-4" [_thread_blocked, id=19092, stack(0x0000005a49b00000,0x0000005a49c00000)]

Other Threads:
  0x000001687dc9ecd0 VMThread "VM Thread" [stack: 0x0000005a48000000,0x0000005a48100000] [id=17472]
  0x000001687f8cdf90 WatcherThread [stack: 0x0000005a48c00000,0x0000005a48d00000] [id=11936]
  0x0000016867f6db20 GCTaskThread "GC Thread#0" [stack: 0x0000005a47f00000,0x0000005a48000000] [id=8380]
  0x000001680077a690 GCTaskThread "GC Thread#1" [stack: 0x0000005a48d00000,0x0000005a48e00000] [id=15352]
  0x0000016800541020 GCTaskThread "GC Thread#2" [stack: 0x0000005a48e00000,0x0000005a48f00000] [id=16800]
  0x00000168005412d0 GCTaskThread "GC Thread#3" [stack: 0x0000005a48f00000,0x0000005a49000000] [id=18176]

Threads with active compile tasks:
C2 CompilerThread0    10268 3512       4       org.eclipse.osgi.internal.loader.BundleLoader::addExportedProvidersFor (167 bytes)

VM state: not at safepoint (normal execution)

VM Mutex/Monitor currently owned by a thread: None

Heap address: 0x00000000c0000000, size: 1024 MB, Compressed Oops mode: 32-bit

CDS archive(s) not mapped
Compressed class space mapped at: 0x0000000100000000-0x0000000140000000, reserved size: 1073741824
Narrow klass base: 0x0000000000000000, Narrow klass shift: 3, Narrow klass range: 0x140000000

GC Precious Log:
 CPUs: 4 total, 4 available
 Memory: 3862M
 Large Page Support: Disabled
 NUMA Support: Disabled
 Compressed Oops: Enabled (32-bit)
 Alignments: Space 512K, Generation 512K, Heap 2M
 Heap Min Capacity: 100M
 Heap Initial Capacity: 100M
 Heap Max Capacity: 1G
 Pre-touch: Disabled
 Parallel Workers: 4

Heap:
 PSYoungGen      total 23552K, used 2597K [0x00000000eab00000, 0x00000000ec500000, 0x0000000100000000)
  eden space 22016K, 5% used [0x00000000eab00000,0x00000000eac33468,0x00000000ec080000)
  from space 1536K, 89% used [0x00000000ec280000,0x00000000ec3d6318,0x00000000ec400000)
  to   space 1024K, 0% used [0x00000000ec400000,0x00000000ec400000,0x00000000ec500000)
 ParOldGen       total 68608K, used 13205K [0x00000000c0000000, 0x00000000c4300000, 0x00000000eab00000)
  object space 68608K, 19% used [0x00000000c0000000,0x00000000c0ce56c8,0x00000000c4300000)
 Metaspace       used 41279K, committed 42048K, reserved 1089536K
  class space    used 4336K, committed 4672K, reserved 1048576K

Card table byte_map: [0x000001687b5c0000,0x000001687b7d0000] _byte_map_base: 0x000001687afc0000

Marking Bits: (ParMarkBitMap*) 0x00007ffb81d92cc0
 Begin Bits: [0x000001687b930000, 0x000001687c930000)
 End Bits:   [0x000001687c930000, 0x000001687d930000)

Polling page: 0x0000016867d40000

Metaspace:

Usage:
  Non-class:     36.08 MB used.
      Class:      4.24 MB used.
       Both:     40.31 MB used.

Virtual space:
  Non-class space:       40.00 MB reserved,      36.50 MB ( 91%) committed,  5 nodes.
      Class space:        1.00 GB reserved,       4.56 MB ( <1%) committed,  1 nodes.
             Both:        1.04 GB reserved,      41.06 MB (  4%) committed. 

Chunk freelists:
   Non-Class:  3.44 MB
       Class:  3.48 MB
        Both:  6.92 MB

MaxMetaspaceSize: unlimited
CompressedClassSpaceSize: 1.00 GB
Initial GC threshold: 21.00 MB
Current GC threshold: 58.38 MB
CDS: off
MetaspaceReclaimPolicy: balanced
 - commit_granule_bytes: 65536.
 - commit_granule_words: 8192.
 - virtual_space_node_default_size: 1048576.
 - enlarge_chunks_in_place: 1.
 - new_chunks_are_fully_committed: 0.
 - uncommit_free_chunks: 1.
 - use_allocation_guard: 0.
 - handle_deallocations: 1.


Internal statistics:

num_allocs_failed_limit: 6.
num_arena_births: 302.
num_arena_deaths: 14.
num_vsnodes_births: 6.
num_vsnodes_deaths: 0.
num_space_committed: 657.
num_space_uncommitted: 0.
num_chunks_returned_to_freelist: 20.
num_chunks_taken_from_freelist: 1674.
num_chunk_merges: 7.
num_chunk_splits: 1101.
num_chunks_enlarged: 728.
num_purges: 2.
num_inconsistent_stats: 0.

CodeHeap 'non-profiled nmethods': size=120000Kb used=1491Kb max_used=1491Kb free=118508Kb
 bounds [0x0000016873eb0000, 0x0000016874120000, 0x000001687b3e0000]
CodeHeap 'profiled nmethods': size=120000Kb used=8385Kb max_used=8385Kb free=111614Kb
 bounds [0x000001686c980000, 0x000001686d1c0000, 0x0000016873eb0000]
CodeHeap 'non-nmethods': size=5760Kb used=1274Kb max_used=1316Kb free=4485Kb
 bounds [0x000001686c3e0000, 0x000001686c650000, 0x000001686c980000]
 total_blobs=4760 nmethods=4179 adapters=494
 compilation: enabled
              stopped_count=0, restarted_count=0
 full_count=0

Compilation events (20 events):
Event: 8.774 Thread 0x000001687f6e7bd0 3629       1       sun.reflect.generics.reflectiveObjects.ParameterizedTypeImpl::getRawType (5 bytes)
Event: 8.775 Thread 0x000001687f6e7bd0 nmethod 3629 0x0000016874013a90 code [0x0000016874013c20, 0x0000016874013cf8]
Event: 8.775 Thread 0x000001687f6e7bd0 3630       1       com.google.inject.internal.MoreTypes$ParameterizedTypeImpl::getRawType (5 bytes)
Event: 8.775 Thread 0x000001687f6e7bd0 nmethod 3630 0x0000016874013d90 code [0x0000016874013f20, 0x0000016874013ff8]
Event: 8.782 Thread 0x000001687f6e7bd0 3631       1       java.lang.reflect.Field::getGenericSignature (5 bytes)
Event: 8.782 Thread 0x000001687f6e7bd0 nmethod 3631 0x0000016874014090 code [0x0000016874014220, 0x00000168740142f8]
Event: 8.788 Thread 0x000001687f6e7bd0 3632       3       com.google.common.cache.LocalCache$Segment::getEntry (73 bytes)
Event: 8.789 Thread 0x000001687f6e7bd0 nmethod 3632 0x000001686d0bc610 code [0x000001686d0bc8e0, 0x000001686d0bda68]
Event: 8.789 Thread 0x000001687f6e7bd0 3633       3       com.google.common.cache.LocalCache$Segment::getFirst (21 bytes)
Event: 8.790 Thread 0x000001687f6e7bd0 nmethod 3633 0x000001686d0be090 code [0x000001686d0be320, 0x000001686d0bf068]
Event: 8.790 Thread 0x000001687f6e7bd0 3634       3       java.util.Collections$EmptySet::iterator (4 bytes)
Event: 8.790 Thread 0x000001687f6e7bd0 nmethod 3634 0x000001686d0bf510 code [0x000001686d0bf6a0, 0x000001686d0bf818]
Event: 8.791 Thread 0x000001687f6e7bd0 3635       3       com.google.common.cache.LocalCache$Segment::getLiveValue (61 bytes)
Event: 8.793 Thread 0x000001687f6e7bd0 nmethod 3635 0x000001686d0bf910 code [0x000001686d0bfd40, 0x000001686d0c1e98]
Event: 8.793 Thread 0x000001687f6e7bd0 3638       3       com.google.inject.internal.MoreTypes::getGenericSupertype (135 bytes)
Event: 8.795 Thread 0x000001687f6e7bd0 nmethod 3638 0x000001686d0c2910 code [0x000001686d0c2da0, 0x000001686d0c4e58]
Event: 8.795 Thread 0x000001687f6e7bd0 3636       3       com.google.common.cache.LocalCache::isExpired (57 bytes)
Event: 8.795 Thread 0x000001687f6e7bd0 nmethod 3636 0x000001686d0c5990 code [0x000001686d0c5ba0, 0x000001686d0c62e8]
Event: 8.795 Thread 0x000001687f6e7bd0 3637       3       com.google.common.cache.LocalCache$Segment::recordRead (29 bytes)
Event: 8.796 Thread 0x000001687f6e7bd0 nmethod 3637 0x000001686d0c6610 code [0x000001686d0c6800, 0x000001686d0c6cb8]

GC Heap History (20 events):
Event: 3.712 GC heap before
{Heap before GC invocations=2 (full 0):
 PSYoungGen      total 29696K, used 28894K [0x00000000eab00000, 0x00000000ecc00000, 0x0000000100000000)
  eden space 25600K, 99% used [0x00000000eab00000,0x00000000ec3fffe8,0x00000000ec400000)
  from space 4096K, 80% used [0x00000000ec400000,0x00000000ec737b18,0x00000000ec800000)
  to   space 4096K, 0% used [0x00000000ec800000,0x00000000ec800000,0x00000000ecc00000)
 ParOldGen       total 68608K, used 16K [0x00000000c0000000, 0x00000000c4300000, 0x00000000eab00000)
  object space 68608K, 0% used [0x00000000c0000000,0x00000000c0004000,0x00000000c4300000)
 Metaspace       used 14775K, committed 15040K, reserved 1064960K
  class space    used 1501K, committed 1664K, reserved 1048576K
}
Event: 3.717 GC heap after
{Heap after GC invocations=2 (full 0):
 PSYoungGen      total 29696K, used 4073K [0x00000000eab00000, 0x00000000ecc00000, 0x0000000100000000)
  eden space 25600K, 0% used [0x00000000eab00000,0x00000000eab00000,0x00000000ec400000)
  from space 4096K, 99% used [0x00000000ec800000,0x00000000ecbfa6c0,0x00000000ecc00000)
  to   space 4096K, 0% used [0x00000000ec400000,0x00000000ec400000,0x00000000ec800000)
 ParOldGen       total 68608K, used 1510K [0x00000000c0000000, 0x00000000c4300000, 0x00000000eab00000)
  object space 68608K, 2% used [0x00000000c0000000,0x00000000c0179870,0x00000000c4300000)
 Metaspace       used 14775K, committed 15040K, reserved 1064960K
  class space    used 1501K, committed 1664K, reserved 1048576K
}
Event: 4.715 GC heap before
{Heap before GC invocations=3 (full 0):
 PSYoungGen      total 29696K, used 29673K [0x00000000eab00000, 0x00000000ecc00000, 0x0000000100000000)
  eden space 25600K, 100% used [0x00000000eab00000,0x00000000ec400000,0x00000000ec400000)
  from space 4096K, 99% used [0x00000000ec800000,0x00000000ecbfa6c0,0x00000000ecc00000)
  to   space 4096K, 0% used [0x00000000ec400000,0x00000000ec400000,0x00000000ec800000)
 ParOldGen       total 68608K, used 1510K [0x00000000c0000000, 0x00000000c4300000, 0x00000000eab00000)
  object space 68608K, 2% used [0x00000000c0000000,0x00000000c0179870,0x00000000c4300000)
 Metaspace       used 19566K, committed 19904K, reserved 1073152K
  class space    used 1988K, committed 2112K, reserved 1048576K
}
Event: 4.723 GC heap after
{Heap after GC invocations=3 (full 0):
 PSYoungGen      total 29696K, used 4085K [0x00000000eab00000, 0x00000000ecc00000, 0x0000000100000000)
  eden space 25600K, 0% used [0x00000000eab00000,0x00000000eab00000,0x00000000ec400000)
  from space 4096K, 99% used [0x00000000ec400000,0x00000000ec7fd730,0x00000000ec800000)
  to   space 4096K, 0% used [0x00000000ec800000,0x00000000ec800000,0x00000000ecc00000)
 ParOldGen       total 68608K, used 4070K [0x00000000c0000000, 0x00000000c4300000, 0x00000000eab00000)
  object space 68608K, 5% used [0x00000000c0000000,0x00000000c03f9ad0,0x00000000c4300000)
 Metaspace       used 19566K, committed 19904K, reserved 1073152K
  class space    used 1988K, committed 2112K, reserved 1048576K
}
Event: 5.221 GC heap before
{Heap before GC invocations=4 (full 0):
 PSYoungGen      total 29696K, used 13939K [0x00000000eab00000, 0x00000000ecc00000, 0x0000000100000000)
  eden space 25600K, 38% used [0x00000000eab00000,0x00000000eb49f850,0x00000000ec400000)
  from space 4096K, 99% used [0x00000000ec400000,0x00000000ec7fd730,0x00000000ec800000)
  to   space 4096K, 0% used [0x00000000ec800000,0x00000000ec800000,0x00000000ecc00000)
 ParOldGen       total 68608K, used 4070K [0x00000000c0000000, 0x00000000c4300000, 0x00000000eab00000)
  object space 68608K, 5% used [0x00000000c0000000,0x00000000c03f9ad0,0x00000000c4300000)
 Metaspace       used 21074K, committed 21504K, reserved 1073152K
  class space    used 2143K, committed 2368K, reserved 1048576K
}
Event: 5.227 GC heap after
{Heap after GC invocations=4 (full 0):
 PSYoungGen      total 29696K, used 4072K [0x00000000eab00000, 0x00000000ecc00000, 0x0000000100000000)
  eden space 25600K, 0% used [0x00000000eab00000,0x00000000eab00000,0x00000000ec400000)
  from space 4096K, 99% used [0x00000000ec800000,0x00000000ecbfa0a0,0x00000000ecc00000)
  to   space 4096K, 0% used [0x00000000ec400000,0x00000000ec400000,0x00000000ec800000)
 ParOldGen       total 68608K, used 4854K [0x00000000c0000000, 0x00000000c4300000, 0x00000000eab00000)
  object space 68608K, 7% used [0x00000000c0000000,0x00000000c04bdb00,0x00000000c4300000)
 Metaspace       used 21074K, committed 21504K, reserved 1073152K
  class space    used 2143K, committed 2368K, reserved 1048576K
}
Event: 5.227 GC heap before
{Heap before GC invocations=5 (full 1):
 PSYoungGen      total 29696K, used 4072K [0x00000000eab00000, 0x00000000ecc00000, 0x0000000100000000)
  eden space 25600K, 0% used [0x00000000eab00000,0x00000000eab00000,0x00000000ec400000)
  from space 4096K, 99% used [0x00000000ec800000,0x00000000ecbfa0a0,0x00000000ecc00000)
  to   space 4096K, 0% used [0x00000000ec400000,0x00000000ec400000,0x00000000ec800000)
 ParOldGen       total 68608K, used 4854K [0x00000000c0000000, 0x00000000c4300000, 0x00000000eab00000)
  object space 68608K, 7% used [0x00000000c0000000,0x00000000c04bdb00,0x00000000c4300000)
 Metaspace       used 21074K, committed 21504K, reserved 1073152K
  class space    used 2143K, committed 2368K, reserved 1048576K
}
Event: 5.269 GC heap after
{Heap after GC invocations=5 (full 1):
 PSYoungGen      total 29696K, used 0K [0x00000000eab00000, 0x00000000ecc00000, 0x0000000100000000)
  eden space 25600K, 0% used [0x00000000eab00000,0x00000000eab00000,0x00000000ec400000)
  from space 4096K, 0% used [0x00000000ec800000,0x00000000ec800000,0x00000000ecc00000)
  to   space 4096K, 0% used [0x00000000ec400000,0x00000000ec400000,0x00000000ec800000)
 ParOldGen       total 68608K, used 8676K [0x00000000c0000000, 0x00000000c4300000, 0x00000000eab00000)
  object space 68608K, 12% used [0x00000000c0000000,0x00000000c0879000,0x00000000c4300000)
 Metaspace       used 21061K, committed 21504K, reserved 1073152K
  class space    used 2139K, committed 2368K, reserved 1048576K
}
Event: 6.274 GC heap before
{Heap before GC invocations=6 (full 1):
 PSYoungGen      total 29696K, used 25600K [0x00000000eab00000, 0x00000000ecc00000, 0x0000000100000000)
  eden space 25600K, 100% used [0x00000000eab00000,0x00000000ec400000,0x00000000ec400000)
  from space 4096K, 0% used [0x00000000ec800000,0x00000000ec800000,0x00000000ecc00000)
  to   space 4096K, 0% used [0x00000000ec400000,0x00000000ec400000,0x00000000ec800000)
 ParOldGen       total 68608K, used 8676K [0x00000000c0000000, 0x00000000c4300000, 0x00000000eab00000)
  object space 68608K, 12% used [0x00000000c0000000,0x00000000c0879000,0x00000000c4300000)
 Metaspace       used 24455K, committed 24960K, reserved 1073152K
  class space    used 2505K, committed 2752K, reserved 1048576K
}
Event: 6.276 GC heap after
{Heap after GC invocations=6 (full 1):
 PSYoungGen      total 27648K, used 2525K [0x00000000eab00000, 0x00000000eca80000, 0x0000000100000000)
  eden space 25088K, 0% used [0x00000000eab00000,0x00000000eab00000,0x00000000ec380000)
  from space 2560K, 98% used [0x00000000ec400000,0x00000000ec677580,0x00000000ec680000)
  to   space 3584K, 0% used [0x00000000ec700000,0x00000000ec700000,0x00000000eca80000)
 ParOldGen       total 68608K, used 8684K [0x00000000c0000000, 0x00000000c4300000, 0x00000000eab00000)
  object space 68608K, 12% used [0x00000000c0000000,0x00000000c087b000,0x00000000c4300000)
 Metaspace       used 24455K, committed 24960K, reserved 1073152K
  class space    used 2505K, committed 2752K, reserved 1048576K
}
Event: 6.853 GC heap before
{Heap before GC invocations=7 (full 1):
 PSYoungGen      total 27648K, used 27613K [0x00000000eab00000, 0x00000000eca80000, 0x0000000100000000)
  eden space 25088K, 100% used [0x00000000eab00000,0x00000000ec380000,0x00000000ec380000)
  from space 2560K, 98% used [0x00000000ec400000,0x00000000ec677580,0x00000000ec680000)
  to   space 3584K, 0% used [0x00000000ec700000,0x00000000ec700000,0x00000000eca80000)
 ParOldGen       total 68608K, used 8684K [0x00000000c0000000, 0x00000000c4300000, 0x00000000eab00000)
  object space 68608K, 12% used [0x00000000c0000000,0x00000000c087b000,0x00000000c4300000)
 Metaspace       used 27749K, committed 28288K, reserved 1081344K
  class space    used 2754K, committed 3008K, reserved 1048576K
}
Event: 6.855 GC heap after
{Heap after GC invocations=7 (full 1):
 PSYoungGen      total 27648K, used 2978K [0x00000000eab00000, 0x00000000eca00000, 0x0000000100000000)
  eden space 24576K, 0% used [0x00000000eab00000,0x00000000eab00000,0x00000000ec300000)
  from space 3072K, 96% used [0x00000000ec700000,0x00000000ec9e8b98,0x00000000eca00000)
  to   space 3584K, 0% used [0x00000000ec300000,0x00000000ec300000,0x00000000ec680000)
 ParOldGen       total 68608K, used 8684K [0x00000000c0000000, 0x00000000c4300000, 0x00000000eab00000)
  object space 68608K, 12% used [0x00000000c0000000,0x00000000c087b000,0x00000000c4300000)
 Metaspace       used 27749K, committed 28288K, reserved 1081344K
  class space    used 2754K, committed 3008K, reserved 1048576K
}
Event: 7.505 GC heap before
{Heap before GC invocations=8 (full 1):
 PSYoungGen      total 27648K, used 27544K [0x00000000eab00000, 0x00000000eca00000, 0x0000000100000000)
  eden space 24576K, 99% used [0x00000000eab00000,0x00000000ec2fd568,0x00000000ec300000)
  from space 3072K, 96% used [0x00000000ec700000,0x00000000ec9e8b98,0x00000000eca00000)
  to   space 3584K, 0% used [0x00000000ec300000,0x00000000ec300000,0x00000000ec680000)
 ParOldGen       total 68608K, used 8684K [0x00000000c0000000, 0x00000000c4300000, 0x00000000eab00000)
  object space 68608K, 12% used [0x00000000c0000000,0x00000000c087b000,0x00000000c4300000)
 Metaspace       used 30699K, committed 31232K, reserved 1081344K
  class space    used 3020K, committed 3264K, reserved 1048576K
}
Event: 7.508 GC heap after
{Heap after GC invocations=8 (full 1):
 PSYoungGen      total 26624K, used 2285K [0x00000000eab00000, 0x00000000ec780000, 0x0000000100000000)
  eden space 24064K, 0% used [0x00000000eab00000,0x00000000eab00000,0x00000000ec280000)
  from space 2560K, 89% used [0x00000000ec300000,0x00000000ec53b750,0x00000000ec580000)
  to   space 2048K, 0% used [0x00000000ec580000,0x00000000ec580000,0x00000000ec780000)
 ParOldGen       total 68608K, used 8692K [0x00000000c0000000, 0x00000000c4300000, 0x00000000eab00000)
  object space 68608K, 12% used [0x00000000c0000000,0x00000000c087d000,0x00000000c4300000)
 Metaspace       used 30699K, committed 31232K, reserved 1081344K
  class space    used 3020K, committed 3264K, reserved 1048576K
}
Event: 7.984 GC heap before
{Heap before GC invocations=9 (full 1):
 PSYoungGen      total 26624K, used 26349K [0x00000000eab00000, 0x00000000ec780000, 0x0000000100000000)
  eden space 24064K, 100% used [0x00000000eab00000,0x00000000ec280000,0x00000000ec280000)
  from space 2560K, 89% used [0x00000000ec300000,0x00000000ec53b750,0x00000000ec580000)
  to   space 2048K, 0% used [0x00000000ec580000,0x00000000ec580000,0x00000000ec780000)
 ParOldGen       total 68608K, used 8692K [0x00000000c0000000, 0x00000000c4300000, 0x00000000eab00000)
  object space 68608K, 12% used [0x00000000c0000000,0x00000000c087d000,0x00000000c4300000)
 Metaspace       used 34003K, committed 34624K, reserved 1081344K
  class space    used 3426K, committed 3712K, reserved 1048576K
}
Event: 7.988 GC heap after
{Heap after GC invocations=9 (full 1):
 PSYoungGen      total 25088K, used 2044K [0x00000000eab00000, 0x00000000eca00000, 0x0000000100000000)
  eden space 23040K, 0% used [0x00000000eab00000,0x00000000eab00000,0x00000000ec180000)
  from space 2048K, 99% used [0x00000000ec580000,0x00000000ec77f1b8,0x00000000ec780000)
  to   space 4096K, 0% used [0x00000000ec180000,0x00000000ec180000,0x00000000ec580000)
 ParOldGen       total 68608K, used 10120K [0x00000000c0000000, 0x00000000c4300000, 0x00000000eab00000)
  object space 68608K, 14% used [0x00000000c0000000,0x00000000c09e20d0,0x00000000c4300000)
 Metaspace       used 34003K, committed 34624K, reserved 1081344K
  class space    used 3426K, committed 3712K, reserved 1048576K
}
Event: 8.221 GC heap before
{Heap before GC invocations=10 (full 1):
 PSYoungGen      total 25088K, used 14047K [0x00000000eab00000, 0x00000000eca00000, 0x0000000100000000)
  eden space 23040K, 52% used [0x00000000eab00000,0x00000000eb6b8a90,0x00000000ec180000)
  from space 2048K, 99% used [0x00000000ec580000,0x00000000ec77f1b8,0x00000000ec780000)
  to   space 4096K, 0% used [0x00000000ec180000,0x00000000ec180000,0x00000000ec580000)
 ParOldGen       total 68608K, used 10120K [0x00000000c0000000, 0x00000000c4300000, 0x00000000eab00000)
  object space 68608K, 14% used [0x00000000c0000000,0x00000000c09e20d0,0x00000000c4300000)
 Metaspace       used 35259K, committed 35840K, reserved 1081344K
  class space    used 3578K, committed 3840K, reserved 1048576K
}
Event: 8.226 GC heap after
{Heap after GC invocations=10 (full 1):
 PSYoungGen      total 25088K, used 1754K [0x00000000eab00000, 0x00000000ec700000, 0x0000000100000000)
  eden space 23040K, 0% used [0x00000000eab00000,0x00000000eab00000,0x00000000ec180000)
  from space 2048K, 85% used [0x00000000ec180000,0x00000000ec336a88,0x00000000ec380000)
  to   space 2560K, 0% used [0x00000000ec480000,0x00000000ec480000,0x00000000ec700000)
 ParOldGen       total 68608K, used 10976K [0x00000000c0000000, 0x00000000c4300000, 0x00000000eab00000)
  object space 68608K, 15% used [0x00000000c0000000,0x00000000c0ab8030,0x00000000c4300000)
 Metaspace       used 35259K, committed 35840K, reserved 1081344K
  class space    used 3578K, committed 3840K, reserved 1048576K
}
Event: 8.226 GC heap before
{Heap before GC invocations=11 (full 2):
 PSYoungGen      total 25088K, used 1754K [0x00000000eab00000, 0x00000000ec700000, 0x0000000100000000)
  eden space 23040K, 0% used [0x00000000eab00000,0x00000000eab00000,0x00000000ec180000)
  from space 2048K, 85% used [0x00000000ec180000,0x00000000ec336a88,0x00000000ec380000)
  to   space 2560K, 0% used [0x00000000ec480000,0x00000000ec480000,0x00000000ec700000)
 ParOldGen       total 68608K, used 10976K [0x00000000c0000000, 0x00000000c4300000, 0x00000000eab00000)
  object space 68608K, 15% used [0x00000000c0000000,0x00000000c0ab8030,0x00000000c4300000)
 Metaspace       used 35259K, committed 35840K, reserved 1081344K
  class space    used 3578K, committed 3840K, reserved 1048576K
}
Event: 8.259 GC heap after
{Heap after GC invocations=11 (full 2):
 PSYoungGen      total 25088K, used 0K [0x00000000eab00000, 0x00000000ec700000, 0x0000000100000000)
  eden space 23040K, 0% used [0x00000000eab00000,0x00000000eab00000,0x00000000ec180000)
  from space 2048K, 0% used [0x00000000ec180000,0x00000000ec180000,0x00000000ec380000)
  to   space 2560K, 0% used [0x00000000ec480000,0x00000000ec480000,0x00000000ec700000)
 ParOldGen       total 68608K, used 12385K [0x00000000c0000000, 0x00000000c4300000, 0x00000000eab00000)
  object space 68608K, 18% used [0x00000000c0000000,0x00000000c0c185d8,0x00000000c4300000)
 Metaspace       used 35259K, committed 35840K, reserved 1081344K
  class space    used 3578K, committed 3840K, reserved 1048576K
}

Deoptimization events (20 events):
Event: 8.314 Thread 0x00000168012a18b0 Uncommon trap: trap_request=0xffffffde fr.pc=0x0000016873f86334 relative=0x0000000000000294
Event: 8.314 Thread 0x00000168012a18b0 Uncommon trap: reason=class_check action=maybe_recompile pc=0x0000016873f86334 method=java.io.FilterInputStream.read()I @ 4 c2
Event: 8.314 Thread 0x00000168012a18b0 DEOPT PACKING pc=0x0000016873f86334 sp=0x0000005a496fe040
Event: 8.314 Thread 0x00000168012a18b0 DEOPT UNPACKING pc=0x000001686c435923 sp=0x0000005a496fe000 mode 2
Event: 8.316 Thread 0x00000168012a18b0 Uncommon trap: trap_request=0xffffffde fr.pc=0x0000016873f86334 relative=0x0000000000000294
Event: 8.316 Thread 0x00000168012a18b0 Uncommon trap: reason=class_check action=maybe_recompile pc=0x0000016873f86334 method=java.io.FilterInputStream.read()I @ 4 c2
Event: 8.316 Thread 0x00000168012a18b0 DEOPT PACKING pc=0x0000016873f86334 sp=0x0000005a496fe040
Event: 8.316 Thread 0x00000168012a18b0 DEOPT UNPACKING pc=0x000001686c435923 sp=0x0000005a496fe000 mode 2
Event: 8.319 Thread 0x00000168004fb180 DEOPT PACKING pc=0x000001686d03bc3b sp=0x0000005a492fc850
Event: 8.319 Thread 0x00000168004fb180 DEOPT UNPACKING pc=0x000001686c436463 sp=0x0000005a492fbcd8 mode 0
Event: 8.342 Thread 0x00000168012a18b0 Uncommon trap: trap_request=0xffffff45 fr.pc=0x0000016873ff9870 relative=0x0000000000000450
Event: 8.343 Thread 0x00000168012a18b0 Uncommon trap: reason=unstable_if action=reinterpret pc=0x0000016873ff9870 method=java.util.HashMap.putVal(ILjava/lang/Object;Ljava/lang/Object;ZZ)Ljava/lang/Object; @ 94 c2
Event: 8.343 Thread 0x00000168012a18b0 DEOPT PACKING pc=0x0000016873ff9870 sp=0x0000005a496fdc20
Event: 8.343 Thread 0x00000168012a18b0 DEOPT UNPACKING pc=0x000001686c435923 sp=0x0000005a496fdb98 mode 2
Event: 8.354 Thread 0x00000168012349a0 Uncommon trap: trap_request=0xffffff45 fr.pc=0x0000016873ee5a08 relative=0x0000000000000688
Event: 8.354 Thread 0x00000168012349a0 Uncommon trap: reason=unstable_if action=reinterpret pc=0x0000016873ee5a08 method=java.lang.String.replace(Ljava/lang/CharSequence;Ljava/lang/CharSequence;)Ljava/lang/String; @ 42 c2
Event: 8.354 Thread 0x00000168012349a0 DEOPT PACKING pc=0x0000016873ee5a08 sp=0x0000005a498fbce0
Event: 8.354 Thread 0x00000168012349a0 DEOPT UNPACKING pc=0x000001686c435923 sp=0x0000005a498fbc70 mode 2
Event: 8.399 Thread 0x00000168012a18b0 DEOPT PACKING pc=0x000001686d044dd9 sp=0x0000005a496fde70
Event: 8.399 Thread 0x00000168012a18b0 DEOPT UNPACKING pc=0x000001686c436463 sp=0x0000005a496fd2c8 mode 0

Classes unloaded (7 events):
Event: 5.235 Thread 0x000001687dc9ecd0 Unloading class 0x000000010021d400 'java/lang/invoke/LambdaForm$MH+0x000000010021d400'
Event: 5.235 Thread 0x000001687dc9ecd0 Unloading class 0x000000010021d000 'java/lang/invoke/LambdaForm$MH+0x000000010021d000'
Event: 5.235 Thread 0x000001687dc9ecd0 Unloading class 0x000000010021cc00 'java/lang/invoke/LambdaForm$MH+0x000000010021cc00'
Event: 5.235 Thread 0x000001687dc9ecd0 Unloading class 0x000000010021c800 'java/lang/invoke/LambdaForm$MH+0x000000010021c800'
Event: 5.235 Thread 0x000001687dc9ecd0 Unloading class 0x000000010021c000 'java/lang/invoke/LambdaForm$BMH+0x000000010021c000'
Event: 5.235 Thread 0x000001687dc9ecd0 Unloading class 0x000000010021bc00 'java/lang/invoke/LambdaForm$DMH+0x000000010021bc00'
Event: 5.235 Thread 0x000001687dc9ecd0 Unloading class 0x0000000100218400 'java/lang/invoke/LambdaForm$DMH+0x0000000100218400'

Classes redefined (0 events):
No events

Internal exceptions (20 events):
Event: 4.705 Thread 0x00000168004fb180 Exception <a 'java/lang/NoSuchMethodError'{0x00000000ec3bc110}: 'int java.lang.invoke.DirectMethodHandle$Holder.invokeSpecial(java.lang.Object, java.lang.Object, java.lang.Object, int)'> (0x00000000ec3bc110) 
thrown [s\src\hotspot\share\interpreter\linkResolver.cpp, line 759]
Event: 4.708 Thread 0x00000168004fb180 Exception <a 'java/lang/NoSuchMethodError'{0x00000000ec3d6b90}: 'java.lang.Object java.lang.invoke.DirectMethodHandle$Holder.invokeStatic(java.lang.Object, java.lang.Object, java.lang.Object, java.lang.Object, int)'> (0x00000000ec3d6b90) 
thrown [s\src\hotspot\share\interpreter\linkResolver.cpp, line 759]
Event: 4.710 Thread 0x00000168004fb180 Exception <a 'java/lang/NoSuchMethodError'{0x00000000ec3e2b88}: 'java.lang.Object java.lang.invoke.DelegatingMethodHandle$Holder.reinvoke_L(java.lang.Object, java.lang.Object, java.lang.Object, java.lang.Object, int, int)'> (0x00000000ec3e2b88) 
thrown [s\src\hotspot\share\interpreter\linkResolver.cpp, line 759]
Event: 4.714 Thread 0x00000168004fb180 Exception <a 'java/lang/NoSuchMethodError'{0x00000000ec3fab28}: 'java.lang.Object java.lang.invoke.Invokers$Holder.invokeExact_MT(java.lang.Object, java.lang.Object, java.lang.Object, java.lang.Object)'> (0x00000000ec3fab28) 
thrown [s\src\hotspot\share\interpreter\linkResolver.cpp, line 759]
Event: 5.294 Thread 0x00000168004fb180 Exception <a 'java/lang/NoSuchMethodError'{0x00000000eabb7a20}: 'int java.lang.invoke.DirectMethodHandle$Holder.invokeStaticInit(java.lang.Object, java.lang.Object, java.lang.Object)'> (0x00000000eabb7a20) 
thrown [s\src\hotspot\share\interpreter\linkResolver.cpp, line 759]
Event: 5.304 Thread 0x00000168004fb180 Exception <a 'java/lang/IncompatibleClassChangeError'{0x00000000eac3e7b0}: Found class java.lang.Object, but interface was expected> (0x00000000eac3e7b0) 
thrown [s\src\hotspot\share\interpreter\linkResolver.cpp, line 826]
Event: 5.815 Thread 0x00000168004fb180 Exception <a 'java/io/FileNotFoundException'{0x00000000eb3d30a0}> (0x00000000eb3d30a0) 
thrown [s\src\hotspot\share\prims\jni.cpp, line 516]
Event: 5.954 Thread 0x00000168004fb180 Exception <a 'java/lang/NoSuchMethodError'{0x00000000eb894e70}: 'void java.lang.invoke.DirectMethodHandle$Holder.invokeSpecial(java.lang.Object, java.lang.Object, java.lang.Object, int)'> (0x00000000eb894e70) 
thrown [s\src\hotspot\share\interpreter\linkResolver.cpp, line 759]
Event: 6.077 Thread 0x00000168012349a0 Exception <a 'java/lang/NoSuchMethodError'{0x00000000eacd0860}: 'int java.lang.invoke.DirectMethodHandle$Holder.invokeVirtual(java.lang.Object, java.lang.Object)'> (0x00000000eacd0860) 
thrown [s\src\hotspot\share\interpreter\linkResolver.cpp, line 759]
Event: 6.078 Thread 0x0000016801235340 Exception <a 'java/io/FileNotFoundException'{0x00000000eacad200}> (0x00000000eacad200) 
thrown [s\src\hotspot\share\prims\jni.cpp, line 516]
Event: 7.050 Thread 0x00000168012a18b0 Exception <a 'java/lang/NoSuchMethodError'{0x00000000eaf6f400}: 'java.lang.Object java.lang.invoke.DirectMethodHandle$Holder.newInvokeSpecial(java.lang.Object, java.lang.Object, java.lang.Object, java.lang.Object, java.lang.Object)'> (0x00000000eaf6f400) 
thrown [s\src\hotspot\share\interpreter\linkResolver.cpp, line 759]
Event: 7.234 Thread 0x00000168004fb180 Exception <a 'java/lang/ClassNotFoundException'{0x00000000ebfd2a60}: com/sun/org/apache/xerces/internal/impl/msg/spi/DOMMessagesProvider> (0x00000000ebfd2a60) 
thrown [s\src\hotspot\share\classfile\systemDictionary.cpp, line 256]
Event: 7.239 Thread 0x00000168004fb180 Exception <a 'java/lang/ClassNotFoundException'{0x00000000ec01a7b0}: com/sun/org/apache/xerces/internal/impl/msg/spi/XMLSerializerMessagesProvider> (0x00000000ec01a7b0) 
thrown [s\src\hotspot\share\classfile\systemDictionary.cpp, line 256]
Event: 7.241 Thread 0x00000168004fb180 Exception <a 'java/lang/ClassNotFoundException'{0x00000000ec027a38}: com/sun/org/apache/xerces/internal/impl/msg/spi/XMLMessagesProvider> (0x00000000ec027a38) 
thrown [s\src\hotspot\share\classfile\systemDictionary.cpp, line 256]
Event: 7.583 Thread 0x00000168004fb180 Exception <a 'sun/nio/fs/WindowsException'{0x00000000eadcdc70}> (0x00000000eadcdc70) 
thrown [s\src\hotspot\share\prims\jni.cpp, line 516]
Event: 7.687 Thread 0x00000168004fb180 Exception <a 'java/lang/NoSuchMethodError'{0x00000000eb3d4fe8}: 'java.lang.Object java.lang.invoke.DirectMethodHandle$Holder.invokeStaticInit(java.lang.Object, int, int, int, int)'> (0x00000000eb3d4fe8) 
thrown [s\src\hotspot\share\interpreter\linkResolver.cpp, line 759]
Event: 7.912 Thread 0x00000168012a18b0 Exception <a 'java/lang/NoClassDefFoundError'{0x00000000ebead2a8}: javax/enterprise/inject/Typed> (0x00000000ebead2a8) 
thrown [s\src\hotspot\share\classfile\systemDictionary.cpp, line 245]
Event: 8.063 Thread 0x00000168004fb180 Exception <a 'java/lang/NoSuchMethodError'{0x00000000eb056238}: 'java.lang.Object java.lang.invoke.DirectMethodHandle$Holder.invokeStaticInit(java.lang.Object, java.lang.Object, int, int, int, int)'> (0x00000000eb056238) 
thrown [s\src\hotspot\share\interpreter\linkResolver.cpp, line 759]
Event: 8.186 Thread 0x00000168012349a0 Exception <a 'java/io/FileNotFoundException'{0x00000000eb3d9c38}> (0x00000000eb3d9c38) 
thrown [s\src\hotspot\share\prims\jni.cpp, line 516]
Event: 8.263 Thread 0x00000168004fb180 Exception <a 'java/lang/ClassNotFoundException'{0x00000000eab4bd00}: com/sun/org/apache/xml/internal/serializer/spi/XMLEntitiesProvider> (0x00000000eab4bd00) 
thrown [s\src\hotspot\share\classfile\systemDictionary.cpp, line 256]

VM Operations (20 events):
Event: 7.078 Executing VM operation: HandshakeAllThreads
Event: 7.079 Executing VM operation: HandshakeAllThreads done
Event: 7.323 Executing VM operation: ParallelGCFailedAllocation
Event: 7.555 Executing VM operation: ParallelGCFailedAllocation done
Event: 7.651 Executing VM operation: HandshakeAllThreads
Event: 7.651 Executing VM operation: HandshakeAllThreads done
Event: 7.871 Executing VM operation: HandshakeAllThreads
Event: 7.871 Executing VM operation: HandshakeAllThreads done
Event: 7.984 Executing VM operation: ParallelGCFailedAllocation
Event: 7.989 Executing VM operation: ParallelGCFailedAllocation done
Event: 8.022 Executing VM operation: HandshakeAllThreads
Event: 8.022 Executing VM operation: HandshakeAllThreads done
Event: 8.158 Executing VM operation: HandshakeAllThreads
Event: 8.159 Executing VM operation: HandshakeAllThreads done
Event: 8.221 Executing VM operation: CollectForMetadataAllocation
Event: 8.260 Executing VM operation: CollectForMetadataAllocation done
Event: 8.361 Executing VM operation: HandshakeAllThreads
Event: 8.361 Executing VM operation: HandshakeAllThreads done
Event: 8.674 Executing VM operation: HandshakeAllThreads
Event: 8.674 Executing VM operation: HandshakeAllThreads done

Events (20 events):
Event: 8.413 loading class com/sun/org/apache/xml/internal/serializer/NamespaceMappings$MappingRecord
Event: 8.413 loading class com/sun/org/apache/xml/internal/serializer/NamespaceMappings$MappingRecord done
Event: 8.413 loading class javax/xml/transform/stream/StreamSource
Event: 8.413 loading class javax/xml/transform/stream/StreamSource done
Event: 8.413 loading class javax/xml/transform/sax/SAXSource
Event: 8.414 loading class javax/xml/transform/sax/SAXSource done
Event: 8.414 loading class javax/xml/transform/stax/StAXSource
Event: 8.414 loading class javax/xml/transform/stax/StAXSource done
Event: 8.414 loading class com/sun/org/apache/xalan/internal/xsltc/trax/DOM2TO
Event: 8.414 loading class com/sun/org/apache/xalan/internal/xsltc/trax/DOM2TO done
Event: 8.419 loading class com/sun/org/apache/xml/internal/serializer/WriterToUTF8Buffered
Event: 8.419 loading class com/sun/org/apache/xml/internal/serializer/WriterChain
Event: 8.419 loading class com/sun/org/apache/xml/internal/serializer/WriterChain done
Event: 8.419 loading class com/sun/org/apache/xml/internal/serializer/WriterToUTF8Buffered done
Event: 8.419 loading class com/sun/org/apache/xml/internal/serializer/WriterToASCI
Event: 8.419 loading class com/sun/org/apache/xml/internal/serializer/WriterToASCI done
Event: 8.680 loading class java/lang/Deprecated
Event: 8.680 loading class java/lang/Deprecated done
Event: 8.799 loading class java/util/concurrent/CompletionService
Event: 8.799 loading class java/util/concurrent/CompletionService done


Dynamic libraries:
0x00007ff6b6f50000 - 0x00007ff6b6f5e000 	c:\Users\DELL\.antigravity\extensions\redhat.java-1.12.0-win32-x64\jre\17.0.4.1-win32-x86_64\bin\java.exe
0x00007ffbe3470000 - 0x00007ffbe3668000 	C:\Windows\SYSTEM32\ntdll.dll
0x00007ffbe29e0000 - 0x00007ffbe2aa2000 	C:\Windows\System32\KERNEL32.DLL
0x00007ffbe0c80000 - 0x00007ffbe0f76000 	C:\Windows\System32\KERNELBASE.dll
0x00007ffbe0f80000 - 0x00007ffbe1080000 	C:\Windows\System32\ucrtbase.dll
0x00007ffbd94e0000 - 0x00007ffbd94f8000 	c:\Users\DELL\.antigravity\extensions\redhat.java-1.12.0-win32-x64\jre\17.0.4.1-win32-x86_64\bin\jli.dll
0x00007ffbe2ab0000 - 0x00007ffbe2c51000 	C:\Windows\System32\USER32.dll
0x00007ffbe1220000 - 0x00007ffbe1242000 	C:\Windows\System32\win32u.dll
0x00007ffbe1490000 - 0x00007ffbe14bb000 	C:\Windows\System32\GDI32.dll
0x00007ffbe1100000 - 0x00007ffbe1219000 	C:\Windows\System32\gdi32full.dll
0x00007ffbe0b90000 - 0x00007ffbe0c2d000 	C:\Windows\System32\msvcp_win.dll
0x00007ffbd0e70000 - 0x00007ffbd0e89000 	c:\Users\DELL\.antigravity\extensions\redhat.java-1.12.0-win32-x64\jre\17.0.4.1-win32-x86_64\bin\VCRUNTIME140.dll
0x00007ffbce3d0000 - 0x00007ffbce66b000 	C:\Windows\WinSxS\amd64_microsoft.windows.common-controls_6595b64144ccf1df_6.0.19041.6456_none_60b8a6cb71f64256\COMCTL32.dll
0x00007ffbe2fb0000 - 0x00007ffbe304e000 	C:\Windows\System32\msvcrt.dll
0x00007ffbe31a0000 - 0x00007ffbe31cf000 	C:\Windows\System32\IMM32.DLL
0x00007ffbdb4d0000 - 0x00007ffbdb4dc000 	c:\Users\DELL\.antigravity\extensions\redhat.java-1.12.0-win32-x64\jre\17.0.4.1-win32-x86_64\bin\vcruntime140_1.dll
0x00007ffbb6980000 - 0x00007ffbb6a11000 	c:\Users\DELL\.antigravity\extensions\redhat.java-1.12.0-win32-x64\jre\17.0.4.1-win32-x86_64\bin\msvcp140.dll
0x00007ffb81210000 - 0x00007ffb81e56000 	c:\Users\DELL\.antigravity\extensions\redhat.java-1.12.0-win32-x64\jre\17.0.4.1-win32-x86_64\bin\server\jvm.dll
0x00007ffbe14c0000 - 0x00007ffbe1571000 	C:\Windows\System32\ADVAPI32.dll
0x00007ffbe15a0000 - 0x00007ffbe163f000 	C:\Windows\System32\sechost.dll
0x00007ffbe17f0000 - 0x00007ffbe1910000 	C:\Windows\System32\RPCRT4.dll
0x00007ffbe13b0000 - 0x00007ffbe13d7000 	C:\Windows\System32\bcrypt.dll
0x00007ffbe1590000 - 0x00007ffbe1598000 	C:\Windows\System32\PSAPI.DLL
0x00007ffbda830000 - 0x00007ffbda839000 	C:\Windows\SYSTEM32\WSOCK32.dll
0x00007ffbe2d40000 - 0x00007ffbe2dab000 	C:\Windows\System32\WS2_32.dll
0x00007ffbc9c30000 - 0x00007ffbc9c57000 	C:\Windows\SYSTEM32\WINMM.dll
0x00007ffbd9910000 - 0x00007ffbd991a000 	C:\Windows\SYSTEM32\VERSION.dll
0x00007ffbdf2d0000 - 0x00007ffbdf2e2000 	C:\Windows\SYSTEM32\kernel.appcore.dll
0x00007ffbdaf30000 - 0x00007ffbdaf3a000 	c:\Users\DELL\.antigravity\extensions\redhat.java-1.12.0-win32-x64\jre\17.0.4.1-win32-x86_64\bin\jimage.dll
0x00007ffbde6a0000 - 0x00007ffbde8a1000 	C:\Windows\SYSTEM32\DBGHELP.DLL
0x00007ffbb3290000 - 0x00007ffbb32c4000 	C:\Windows\SYSTEM32\dbgcore.DLL
0x00007ffbe0b00000 - 0x00007ffbe0b82000 	C:\Windows\System32\bcryptPrimitives.dll
0x00007ffbddd20000 - 0x00007ffbddd2e000 	c:\Users\DELL\.antigravity\extensions\redhat.java-1.12.0-win32-x64\jre\17.0.4.1-win32-x86_64\bin\instrument.dll
0x00007ffbb8270000 - 0x00007ffbb8295000 	c:\Users\DELL\.antigravity\extensions\redhat.java-1.12.0-win32-x64\jre\17.0.4.1-win32-x86_64\bin\java.dll
0x00007ffbd0070000 - 0x00007ffbd0088000 	c:\Users\DELL\.antigravity\extensions\redhat.java-1.12.0-win32-x64\jre\17.0.4.1-win32-x86_64\bin\zip.dll
0x00007ffbe1da0000 - 0x00007ffbe2510000 	C:\Windows\System32\SHELL32.dll
0x00007ffbdeb10000 - 0x00007ffbdf2b5000 	C:\Windows\SYSTEM32\windows.storage.dll
0x00007ffbe1910000 - 0x00007ffbe1c64000 	C:\Windows\System32\combase.dll
0x00007ffbe0450000 - 0x00007ffbe047b000 	C:\Windows\SYSTEM32\Wldp.dll
0x00007ffbe2e30000 - 0x00007ffbe2efd000 	C:\Windows\System32\OLEAUT32.dll
0x00007ffbe2f00000 - 0x00007ffbe2fad000 	C:\Windows\System32\SHCORE.dll
0x00007ffbe32f0000 - 0x00007ffbe334b000 	C:\Windows\System32\shlwapi.dll
0x00007ffbe0a30000 - 0x00007ffbe0a54000 	C:\Windows\SYSTEM32\profapi.dll
0x00007ffbcefc0000 - 0x00007ffbcefd9000 	C:\Users\DELL\.antigravity\extensions\redhat.java-1.12.0-win32-x64\jre\17.0.4.1-win32-x86_64\bin\net.dll
0x00007ffbd5a40000 - 0x00007ffbd5b4a000 	C:\Windows\SYSTEM32\WINHTTP.dll
0x00007ffbe0160000 - 0x00007ffbe01ca000 	C:\Windows\system32\mswsock.dll
0x00007ffbceed0000 - 0x00007ffbceee5000 	C:\Users\DELL\.antigravity\extensions\redhat.java-1.12.0-win32-x64\jre\17.0.4.1-win32-x86_64\bin\nio.dll
0x00007ffbdb4b0000 - 0x00007ffbdb4c0000 	c:\Users\DELL\.antigravity\extensions\redhat.java-1.12.0-win32-x64\jre\17.0.4.1-win32-x86_64\bin\verify.dll
0x00007ffbdaa80000 - 0x00007ffbdaabe000 	C:\Users\DELL\AppData\Roaming\Antigravity\User\globalStorage\redhat.java\1.12.0\config_win\org.eclipse.equinox.launcher\org.eclipse.equinox.launcher.win32.win32.x86_64_1.2.600.v20220720-1916\eclipse_11700.dll
0x00007ffbe1c70000 - 0x00007ffbe1d9b000 	C:\Windows\System32\ole32.dll
0x00007ffbe0310000 - 0x00007ffbe0328000 	C:\Windows\SYSTEM32\CRYPTSP.dll
0x00007ffbdfa90000 - 0x00007ffbdfac8000 	C:\Windows\system32\rsaenh.dll
0x00007ffbe09b0000 - 0x00007ffbe09de000 	C:\Windows\SYSTEM32\USERENV.dll
0x00007ffbe0330000 - 0x00007ffbe033c000 	C:\Windows\SYSTEM32\CRYPTBASE.dll
0x00007ffbdfe50000 - 0x00007ffbdfe8b000 	C:\Windows\SYSTEM32\IPHLPAPI.DLL
0x00007ffbe1580000 - 0x00007ffbe1588000 	C:\Windows\System32\NSI.dll
0x00007ffbd6540000 - 0x00007ffbd6557000 	C:\Windows\SYSTEM32\dhcpcsvc6.DLL
0x00007ffbd7100000 - 0x00007ffbd711d000 	C:\Windows\SYSTEM32\dhcpcsvc.DLL
0x00007ffbdfe90000 - 0x00007ffbdff5a000 	C:\Windows\SYSTEM32\DNSAPI.dll
0x00007ffbbef50000 - 0x00007ffbbef90000 	C:\Users\DELL\AppData\Local\Temp\jna-2094529\jna16341773896632460350.dll

dbghelp: loaded successfully - version: 4.0.5 - missing functions: none
symbol engine: initialized successfully - sym options: 0x614 - pdb path: .;c:\Users\DELL\.antigravity\extensions\redhat.java-1.12.0-win32-x64\jre\17.0.4.1-win32-x86_64\bin;C:\Windows\SYSTEM32;C:\Windows\WinSxS\amd64_microsoft.windows.common-controls_6595b64144ccf1df_6.0.19041.6456_none_60b8a6cb71f64256;c:\Users\DELL\.antigravity\extensions\redhat.java-1.12.0-win32-x64\jre\17.0.4.1-win32-x86_64\bin\server;C:\Users\DELL\AppData\Roaming\Antigravity\User\globalStorage\redhat.java\1.12.0\config_win\org.eclipse.equinox.launcher\org.eclipse.equinox.launcher.win32.win32.x86_64_1.2.600.v20220720-1916;C:\Users\DELL\AppData\Local\Temp\jna-2094529

VM Arguments:
jvm_args: --add-modules=ALL-SYSTEM --add-opens=java.base/java.util=ALL-UNNAMED --add-opens=java.base/java.lang=ALL-UNNAMED --add-opens=java.base/sun.nio.fs=ALL-UNNAMED -Declipse.application=org.eclipse.jdt.ls.core.id1 -Dosgi.bundles.defaultStartLevel=4 -Declipse.product=org.eclipse.jdt.ls.core.product -Djava.import.generatesMetadataFilesAtProjectRoot=false -Dfile.encoding=utf8 -XX:+UseParallelGC -XX:GCTimeRatio=4 -XX:AdaptiveSizePolicyWeight=90 -Dsun.zip.disableMemoryMapping=true -Xmx1G -Xms100m -Xlog:disable -javaagent:c:\Users\DELL\.antigravity\extensions\redhat.java-1.12.0-win32-x64\lombok\lombok-1.18.24.jar -XX:+HeapDumpOnOutOfMemoryError -XX:HeapDumpPath=c:\Users\DELL\AppData\Roaming\Antigravity\User\workspaceStorage\59ad4cf0999b405589ff75c3213e9940\redhat.java 
java_command: c:\Users\DELL\.antigravity\extensions\redhat.java-1.12.0-win32-x64\server\plugins\org.eclipse.equinox.launcher_1.6.400.v20210924-0641.jar -configuration c:\Users\DELL\AppData\Roaming\Antigravity\User\globalStorage\redhat.java\1.12.0\config_win -data c:\Users\DELL\AppData\Roaming\Antigravity\User\workspaceStorage\59ad4cf0999b405589ff75c3213e9940\redhat.java\jdt_ws
java_class_path (initial): c:\Users\DELL\.antigravity\extensions\redhat.java-1.12.0-win32-x64\server\plugins\org.eclipse.equinox.launcher_1.6.400.v20210924-0641.jar
Launcher Type: SUN_STANDARD

[Global flags]
    uintx AdaptiveSizePolicyWeight                 = 90                                        {product} {command line}
     intx CICompilerCount                          = 3                                         {product} {ergonomic}
    uintx GCTimeRatio                              = 4                                         {product} {command line}
     bool HeapDumpOnOutOfMemoryError               = true                                   {manageable} {command line}
    ccstr HeapDumpPath                             = c:\Users\DELL\AppData\Roaming\Antigravity\User\workspaceStorage\59ad4cf0999b405589ff75c3213e9940\redhat.java         {manageable} {command line}
   size_t InitialHeapSize                          = 104857600                                 {product} {command line}
   size_t MaxHeapSize                              = 1073741824                                {product} {command line}
   size_t MaxNewSize                               = 357564416                                 {product} {ergonomic}
   size_t MinHeapDeltaBytes                        = 524288                                    {product} {ergonomic}
   size_t MinHeapSize                              = 104857600                                 {product} {command line}
   size_t NewSize                                  = 34603008                                  {product} {ergonomic}
    uintx NonNMethodCodeHeapSize                   = 5832780                                {pd product} {ergonomic}
    uintx NonProfiledCodeHeapSize                  = 122912730                              {pd product} {ergonomic}
   size_t OldSize                                  = 70254592                                  {product} {ergonomic}
    uintx ProfiledCodeHeapSize                     = 122912730                              {pd product} {ergonomic}
    uintx ReservedCodeCacheSize                    = 251658240                              {pd product} {ergonomic}
     bool SegmentedCodeCache                       = true                                      {product} {ergonomic}
   size_t SoftMaxHeapSize                          = 1073741824                             {manageable} {ergonomic}
     bool UseCompressedClassPointers               = true                           {product lp64_product} {ergonomic}
     bool UseCompressedOops                        = true                           {product lp64_product} {ergonomic}
     bool UseLargePagesIndividualAllocation        = false                                  {pd product} {ergonomic}
     bool UseParallelGC                            = true                                      {product} {command line}

Logging:
Log output configuration:
 #0: stdout all=off uptime,level,tags
 #1: stderr all=off uptime,level,tags

Environment Variables:
PATH=C:\Program Files\OpenLogic\jdk-22.0.2.9-hotspot\bin;C:\Windows\system32;C:\Windows;C:\Windows\System32\Wbem;C:\Windows\System32\WindowsPowerShell\v1.0\;C:\Windows\System32\OpenSSH\;C:\Program Files\dotnet\;C:\MinGW\bin;C:\Program Files\Git\cmd;C:\Users\DELL\AppData\Roaming\nvm;C:\Program Files\nodejs;C:\ProgramData\chocolatey\bin;C:\Program Files\nodejs\;C:\Users\DELL\AppData\Local\Programs\Python\Python313\Scripts;C:\Users\DELL\AppData\Local\Programs\Python\Python313\;C:\platform-tools;C:\MinGW\bin;C:\MinGW\bin;C:\Program Files\MySQL\MySQL Server 8.0\bin;C:\Users\DELL\AppData\Local\Programs\Python\Python310\Scripts\;C:\Users\DELL\AppData\Local\Programs\Python\Python310\;C:\Users\DELL\AppData\Local\Programs\Python\Python313\Scripts\;C:\Users\DELL\AppData\Local\Programs\Python\Python313\;C:\Users\DELL\AppData\Local\Programs\Python\Launcher\;C:\Users\DELL\AppData\Local\Microsoft\WindowsApps;C:\Users\DELL\AppData\Local\Programs\Microsoft VS Code\bin;C:\Users\DELL\AppData\Roaming\nvm;C:\Program Files\nodejs;C:\Users\DELL\AppData\Roaming\npm;C:\Program Files\heroku\bin;C:\Users\DELL\.dotnet\tools;C:\Users\DELL\Downloads\x64;C:\Users\DELL\AppData\Local\Programs\Python\Python310\;C:\Users\DELL\AppData\Local\Programs\Antigravity\bin
USERNAME=DELL
OS=Windows_NT
PROCESSOR_IDENTIFIER=Intel64 Family 6 Model 126 Stepping 5, GenuineIntel
TMP=C:\Users\DELL\AppData\Local\Temp
TEMP=C:\Users\DELL\AppData\Local\Temp



---------------  S Y S T E M  ---------------

OS:
 Windows 10 , 64 bit Build 19041 (10.0.19041.5915)
OS uptime: 0 days 14:48 hours
Hyper-V role detected

CPU: total 4 (initial active 4) (2 cores per cpu, 2 threads per core) family 6 model 126 stepping 5 microcode 0xca, cx8, cmov, fxsr, ht, mmx, 3dnowpref, sse, sse2, sse3, ssse3, sse4.1, sse4.2, popcnt, lzcnt, tsc, tscinvbit, avx, avx2, aes, erms, clmul, bmi1, bmi2, adx, avx512f, avx512dq, avx512cd, avx512bw, avx512vl, sha, fma, vzeroupper, avx512_vpopcntdq, avx512_vpclmulqdq, avx512_vaes, avx512_vnni, clflush, clflushopt, avx512_vbmi2, avx512_vbmi, hv

Memory: 4k page, system-wide physical 3862M (47M free)
TotalPageFile size 15638M (AvailPageFile size 1M)
current process WorkingSet (physical memory assigned to process): 170M, peak: 170M
current process commit charge ("private bytes"): 261M, peak: 261M

vm_info: OpenJDK 64-Bit Server VM (17.0.4.1+1) for windows-amd64 JRE (17.0.4.1+1), built on Aug 17 2022 07:42:43 by "temurin" with MS VC++ 16.7 (VS2019)

END.
