#
# There is insufficient memory for the Java Runtime Environment to continue.
# Native memory allocation (malloc) failed to allocate 32784 bytes for Chunk::new
# Possible reasons:
#   The system is out of physical RAM or swap space
#   The process is running with CompressedOops enabled, and the Java Heap may be blocking the growth of the native heap
# Possible solutions:
#   Reduce memory load on the system
#   Increase physical memory or swap space
#   Check if swap backing store is full
#   Decrease Java heap size (-Xmx/-Xms)
#   Decrease number of Java threads
#   Decrease Java thread stack sizes (-Xss)
#   Set larger code cache with -XX:ReservedCodeCacheSize=
#   JVM is running with Unscaled Compressed Oops mode in which the Java heap is
#     placed in the first 4GB address space. The Java Heap base address is the
#     maximum limit for the native heap growth. Please use -XX:HeapBaseMinAddress
#     to set the Java Heap base and to place the Java Heap above 4GB virtual address.
# This output file may be truncated or incomplete.
#
#  Out of Memory Error (arena.cpp:189), pid=17904, tid=1708
#
# JRE version: OpenJDK Runtime Environment Temurin-17.0.4.1+1 (17.0.4.1+1) (build 17.0.4.1+1)
# Java VM: OpenJDK 64-Bit Server VM Temurin-17.0.4.1+1 (17.0.4.1+1, mixed mode, tiered, compressed oops, compressed class ptrs, parallel gc, windows-amd64)
# No core dump will be written. Minidumps are not enabled by default on client versions of Windows
#

---------------  S U M M A R Y ------------

Command Line: --add-modules=ALL-SYSTEM --add-opens=java.base/java.util=ALL-UNNAMED --add-opens=java.base/java.lang=ALL-UNNAMED --add-opens=java.base/sun.nio.fs=ALL-UNNAMED -Declipse.application=org.eclipse.jdt.ls.core.id1 -Dosgi.bundles.defaultStartLevel=4 -Declipse.product=org.eclipse.jdt.ls.core.product -Djava.import.generatesMetadataFilesAtProjectRoot=false -Dfile.encoding=utf8 -XX:+UseParallelGC -XX:GCTimeRatio=4 -XX:AdaptiveSizePolicyWeight=90 -Dsun.zip.disableMemoryMapping=true -Xmx1G -Xms100m -Xlog:disable -javaagent:c:\Users\DELL\.antigravity\extensions\redhat.java-1.12.0-win32-x64\lombok\lombok-1.18.24.jar c:\Users\DELL\.antigravity\extensions\redhat.java-1.12.0-win32-x64\server\plugins\org.eclipse.equinox.launcher_1.6.400.v20210924-0641.jar -configuration c:\Users\DELL\AppData\Roaming\Antigravity\User\globalStorage\redhat.java\1.12.0\config_ss_win -data c:\Users\DELL\AppData\Roaming\Antigravity\User\workspaceStorage\59ad4cf0999b405589ff75c3213e9940\redhat.java\ss_ws

Host: Intel(R) Core(TM) i3-1005G1 CPU @ 1.20GHz, 4 cores, 3G,  Windows 10 , 64 bit Build 19041 (10.0.19041.5915)
Time: Thu Mar 26 22:59:59 2026 India Standard Time elapsed time: 7.856518 seconds (0d 0h 0m 7s)

---------------  T H R E A D  ---------------

Current thread (0x00000278f663b8f0):  JavaThread "C2 CompilerThread0" daemon [_thread_in_native, id=1708, stack(0x000000ae94700000,0x000000ae94800000)]


Current CompileTask:
C2:   7856 1297   !   4       lombok.patcher.ScriptManager$OurClassFileTransformer::transform (364 bytes)

Stack: [0x000000ae94700000,0x000000ae94800000]
Native frames: (J=compiled Java code, j=interpreted, Vv=VM code, C=native code)
V  [jvm.dll+0x67731a]
V  [jvm.dll+0x832284]
V  [jvm.dll+0x833a2e]
V  [jvm.dll+0x834093]
V  [jvm.dll+0x245775]
V  [jvm.dll+0xabd7b]
V  [jvm.dll+0xac30c]
V  [jvm.dll+0xabe8b]
V  [jvm.dll+0x6548dc]
V  [jvm.dll+0x603107]
V  [jvm.dll+0x608a4b]
V  [jvm.dll+0x609812]
V  [jvm.dll+0x607d74]
V  [jvm.dll+0x2184f8]
V  [jvm.dll+0x217aa1]
V  [jvm.dll+0x1a3f8d]
V  [jvm.dll+0x227498]
V  [jvm.dll+0x2255e5]
V  [jvm.dll+0x7e7e9b]
V  [jvm.dll+0x7e240a]
V  [jvm.dll+0x6761a5]
C  [ucrtbase.dll+0x21bb2]
C  [KERNEL32.DLL+0x17374]
C  [ntdll.dll+0x4cc91]


---------------  P R O C E S S  ---------------

Threads class SMR info:
_java_thread_list=0x00000278f88c0d10, length=13, elements={
0x00000278e27dea80, 0x00000278f65f8760, 0x00000278f65fafc0, 0x00000278f6608a10,
0x00000278f66094d0, 0x00000278f660b3a0, 0x00000278f6639020, 0x00000278f663b8f0,
0x00000278f666e250, 0x00000278f8032f70, 0x00000278f80be1e0, 0x00000278f82f8be0,
0x00000278f88b3040
}

Java Threads: ( => current thread )
  0x00000278e27dea80 JavaThread "main" [_thread_in_vm, id=7688, stack(0x000000ae93e00000,0x000000ae93f00000)]
  0x00000278f65f8760 JavaThread "Reference Handler" daemon [_thread_blocked, id=12532, stack(0x000000ae94100000,0x000000ae94200000)]
  0x00000278f65fafc0 JavaThread "Finalizer" daemon [_thread_blocked, id=14880, stack(0x000000ae94200000,0x000000ae94300000)]
  0x00000278f6608a10 JavaThread "Signal Dispatcher" daemon [_thread_blocked, id=14912, stack(0x000000ae94300000,0x000000ae94400000)]
  0x00000278f66094d0 JavaThread "Attach Listener" daemon [_thread_blocked, id=4236, stack(0x000000ae94400000,0x000000ae94500000)]
  0x00000278f660b3a0 JavaThread "Service Thread" daemon [_thread_blocked, id=11092, stack(0x000000ae94500000,0x000000ae94600000)]
  0x00000278f6639020 JavaThread "Monitor Deflation Thread" daemon [_thread_blocked, id=14876, stack(0x000000ae94600000,0x000000ae94700000)]
=>0x00000278f663b8f0 JavaThread "C2 CompilerThread0" daemon [_thread_in_native, id=1708, stack(0x000000ae94700000,0x000000ae94800000)]
  0x00000278f666e250 JavaThread "C1 CompilerThread0" daemon [_thread_blocked, id=4616, stack(0x000000ae94800000,0x000000ae94900000)]
  0x00000278f8032f70 JavaThread "Sweeper thread" daemon [_thread_blocked, id=11508, stack(0x000000ae94900000,0x000000ae94a00000)]
  0x00000278f80be1e0 JavaThread "Common-Cleaner" daemon [_thread_blocked, id=384, stack(0x000000ae94a00000,0x000000ae94b00000)]
  0x00000278f82f8be0 JavaThread "Notification Thread" daemon [_thread_blocked, id=13116, stack(0x000000ae94b00000,0x000000ae94c00000)]
  0x00000278f88b3040 JavaThread "Active Thread: Equinox Container: b95200cc-9116-4d68-adfc-841ff67651d9" [_thread_blocked, id=18784, stack(0x000000ae95000000,0x000000ae95100000)]

Other Threads:
  0x00000278f6507190 VMThread "VM Thread" [stack: 0x000000ae94000000,0x000000ae94100000] [id=17124]
  0x00000278f82f90b0 WatcherThread [stack: 0x000000ae94c00000,0x000000ae94d00000] [id=17436]
  0x00000278e27f39b0 GCTaskThread "GC Thread#0" [stack: 0x000000ae93f00000,0x000000ae94000000] [id=16460]
  0x00000278f84e6bd0 GCTaskThread "GC Thread#1" [stack: 0x000000ae94d00000,0x000000ae94e00000] [id=4600]
  0x00000278f8874260 GCTaskThread "GC Thread#2" [stack: 0x000000ae94e00000,0x000000ae94f00000] [id=18456]
  0x00000278f8874510 GCTaskThread "GC Thread#3" [stack: 0x000000ae94f00000,0x000000ae95000000] [id=8008]

Threads with active compile tasks:
C2 CompilerThread0     7906 1297   !   4       lombok.patcher.ScriptManager$OurClassFileTransformer::transform (364 bytes)

VM state: not at safepoint (normal execution)

VM Mutex/Monitor currently owned by a thread: None

Heap address: 0x00000000c0000000, size: 1024 MB, Compressed Oops mode: 32-bit

CDS archive(s) not mapped
Compressed class space mapped at: 0x0000000100000000-0x0000000140000000, reserved size: 1073741824
Narrow klass base: 0x0000000000000000, Narrow klass shift: 3, Narrow klass range: 0x140000000

GC Precious Log:
 CPUs: 4 total, 4 available
 Memory: 3862M
 Large Page Support: Disabled
 NUMA Support: Disabled
 Compressed Oops: Enabled (32-bit)
 Alignments: Space 512K, Generation 512K, Heap 2M
 Heap Min Capacity: 100M
 Heap Initial Capacity: 100M
 Heap Max Capacity: 1G
 Pre-touch: Disabled
 Parallel Workers: 4

Heap:
 PSYoungGen      total 29696K, used 13676K [0x00000000eab00000, 0x00000000ecc00000, 0x0000000100000000)
  eden space 25600K, 40% used [0x00000000eab00000,0x00000000eb531050,0x00000000ec400000)
  from space 4096K, 79% used [0x00000000ec400000,0x00000000ec72a208,0x00000000ec800000)
  to   space 4096K, 0% used [0x00000000ec800000,0x00000000ec800000,0x00000000ecc00000)
 ParOldGen       total 68608K, used 0K [0x00000000c0000000, 0x00000000c4300000, 0x00000000eab00000)
  object space 68608K, 0% used [0x00000000c0000000,0x00000000c0000000,0x00000000c4300000)
 Metaspace       used 12451K, committed 12608K, reserved 1064960K
  class space    used 1223K, committed 1280K, reserved 1048576K

Card table byte_map: [0x00000278e2190000,0x00000278e23a0000] _byte_map_base: 0x00000278e1b90000

Marking Bits: (ParMarkBitMap*) 0x00007ffb6bf22cc0
 Begin Bits: [0x00000278f4470000, 0x00000278f5470000)
 End Bits:   [0x00000278f5470000, 0x00000278f6470000)

Polling page: 0x00000278e0630000

Metaspace:

Usage:
  Non-class:     10.97 MB used.
      Class:      1.20 MB used.
       Both:     12.16 MB used.

Virtual space:
  Non-class space:       16.00 MB reserved,      11.06 MB ( 69%) committed,  2 nodes.
      Class space:        1.00 GB reserved,       1.25 MB ( <1%) committed,  1 nodes.
             Both:        1.02 GB reserved,      12.31 MB (  1%) committed. 

Chunk freelists:
   Non-Class:  960.00 KB
       Class:  2.57 MB
        Both:  3.50 MB

MaxMetaspaceSize: unlimited
CompressedClassSpaceSize: 1.00 GB
Initial GC threshold: 21.00 MB
Current GC threshold: 21.00 MB
CDS: off
MetaspaceReclaimPolicy: balanced
 - commit_granule_bytes: 65536.
 - commit_granule_words: 8192.
 - virtual_space_node_default_size: 1048576.
 - enlarge_chunks_in_place: 1.
 - new_chunks_are_fully_committed: 0.
 - uncommit_free_chunks: 1.
 - use_allocation_guard: 0.
 - handle_deallocations: 1.


Internal statistics:

num_allocs_failed_limit: 0.
num_arena_births: 42.
num_arena_deaths: 0.
num_vsnodes_births: 3.
num_vsnodes_deaths: 0.
num_space_committed: 197.
num_space_uncommitted: 0.
num_chunks_returned_to_freelist: 0.
num_chunks_taken_from_freelist: 167.
num_chunk_merges: 0.
num_chunk_splits: 116.
num_chunks_enlarged: 98.
num_purges: 0.
num_inconsistent_stats: 0.

CodeHeap 'non-profiled nmethods': size=120000Kb used=467Kb max_used=467Kb free=119532Kb
 bounds [0x00000278ecf40000, 0x00000278ed1b0000, 0x00000278f4470000]
CodeHeap 'profiled nmethods': size=120000Kb used=2330Kb max_used=2330Kb free=117669Kb
 bounds [0x00000278e5a10000, 0x00000278e5c80000, 0x00000278ecf40000]
CodeHeap 'non-nmethods': size=5760Kb used=1155Kb max_used=1168Kb free=4605Kb
 bounds [0x00000278e5470000, 0x00000278e56e0000, 0x00000278e5a10000]
 total_blobs=1736 nmethods=1299 adapters=352
 compilation: enabled
              stopped_count=0, restarted_count=0
 full_count=0

Compilation events (20 events):
Event: 7.790 Thread 0x00000278f666e250 nmethod 1287 0x00000278ecfb3a90 code [0x00000278ecfb3c20, 0x00000278ecfb3cf8]
Event: 7.791 Thread 0x00000278f666e250 1288       1       org.eclipse.osgi.container.ModuleCapability::getDirectives (5 bytes)
Event: 7.791 Thread 0x00000278f666e250 nmethod 1288 0x00000278ecfb3d90 code [0x00000278ecfb3f20, 0x00000278ecfb3ff8]
Event: 7.791 Thread 0x00000278f666e250 1289       3       java.util.ArrayList$SubList$1::hasNext (20 bytes)
Event: 7.792 Thread 0x00000278f666e250 nmethod 1289 0x00000278e5c52990 code [0x00000278e5c52b20, 0x00000278e5c52c98]
Event: 7.792 Thread 0x00000278f666e250 1290       3       java.util.ArrayList$SubList$1::next (85 bytes)
Event: 7.792 Thread 0x00000278f666e250 nmethod 1290 0x00000278e5c52d90 code [0x00000278e5c52f80, 0x00000278e5c533a8]
Event: 7.792 Thread 0x00000278f666e250 1291       3       java.util.ArrayList$SubList$1::checkForComodification (26 bytes)
Event: 7.792 Thread 0x00000278f666e250 nmethod 1291 0x00000278e5c53610 code [0x00000278e5c537c0, 0x00000278e5c53988]
Event: 7.792 Thread 0x00000278f666e250 1292       3       org.eclipse.osgi.internal.loader.BundleLoaderSources::forceSourceCreation (31 bytes)
Event: 7.792 Thread 0x00000278f666e250 nmethod 1292 0x00000278e5c53a90 code [0x00000278e5c53c60, 0x00000278e5c53fd8]
Event: 7.793 Thread 0x00000278f666e250 1293       3       java.net.URLClassLoader::getAndVerifyPackage (110 bytes)
Event: 7.802 Thread 0x00000278f666e250 nmethod 1293 0x00000278e5c54110 code [0x00000278e5c54480, 0x00000278e5c55668]
Event: 7.802 Thread 0x00000278f666e250 1294       3       jdk.internal.perf.PerfCounter::getReadClassBytesTime (4 bytes)
Event: 7.803 Thread 0x00000278f666e250 nmethod 1294 0x00000278e5c55c90 code [0x00000278e5c55e20, 0x00000278e5c55f18]
Event: 7.819 Thread 0x00000278f666e250 1295       3       java.security.CodeSigner::equals (75 bytes)
Event: 7.820 Thread 0x00000278f666e250 nmethod 1295 0x00000278e5c55f90 code [0x00000278e5c56180, 0x00000278e5c567f8]
Event: 7.820 Thread 0x00000278f663b8f0 1296       4       java.util.ArrayList::iterator (9 bytes)
Event: 7.821 Thread 0x00000278f663b8f0 nmethod 1296 0x00000278ecfb4090 code [0x00000278ecfb4220, 0x00000278ecfb4318]
Event: 7.826 Thread 0x00000278f663b8f0 1297   !   4       lombok.patcher.ScriptManager$OurClassFileTransformer::transform (364 bytes)

GC Heap History (2 events):
Event: 5.435 GC heap before
{Heap before GC invocations=1 (full 0):
 PSYoungGen      total 29696K, used 25600K [0x00000000eab00000, 0x00000000ecc00000, 0x0000000100000000)
  eden space 25600K, 100% used [0x00000000eab00000,0x00000000ec400000,0x00000000ec400000)
  from space 4096K, 0% used [0x00000000ec800000,0x00000000ec800000,0x00000000ecc00000)
  to   space 4096K, 0% used [0x00000000ec400000,0x00000000ec400000,0x00000000ec800000)
 ParOldGen       total 68608K, used 0K [0x00000000c0000000, 0x00000000c4300000, 0x00000000eab00000)
  object space 68608K, 0% used [0x00000000c0000000,0x00000000c0000000,0x00000000c4300000)
 Metaspace       used 10855K, committed 11008K, reserved 1064960K
  class space    used 1089K, committed 1152K, reserved 1048576K
}
Event: 5.532 GC heap after
{Heap after GC invocations=1 (full 0):
 PSYoungGen      total 29696K, used 3240K [0x00000000eab00000, 0x00000000ecc00000, 0x0000000100000000)
  eden space 25600K, 0% used [0x00000000eab00000,0x00000000eab00000,0x00000000ec400000)
  from space 4096K, 79% used [0x00000000ec400000,0x00000000ec72a208,0x00000000ec800000)
  to   space 4096K, 0% used [0x00000000ec800000,0x00000000ec800000,0x00000000ecc00000)
 ParOldGen       total 68608K, used 0K [0x00000000c0000000, 0x00000000c4300000, 0x00000000eab00000)
  object space 68608K, 0% used [0x00000000c0000000,0x00000000c0000000,0x00000000c4300000)
 Metaspace       used 10855K, committed 11008K, reserved 1064960K
  class space    used 1089K, committed 1152K, reserved 1048576K
}

Deoptimization events (20 events):
Event: 4.498 Thread 0x00000278e27dea80 DEOPT PACKING pc=0x00000278ecf904e8 sp=0x000000ae93efdf70
Event: 4.498 Thread 0x00000278e27dea80 DEOPT UNPACKING pc=0x00000278e54c5923 sp=0x000000ae93efde08 mode 2
Event: 4.498 Thread 0x00000278e27dea80 Uncommon trap: trap_request=0xffffff45 fr.pc=0x00000278ecf89274 relative=0x0000000000000254
Event: 4.498 Thread 0x00000278e27dea80 Uncommon trap: reason=unstable_if action=reinterpret pc=0x00000278ecf89274 method=java.util.HashMap.hash(Ljava/lang/Object;)I @ 1 c2
Event: 4.498 Thread 0x00000278e27dea80 DEOPT PACKING pc=0x00000278ecf89274 sp=0x000000ae93efe010
Event: 4.498 Thread 0x00000278e27dea80 DEOPT UNPACKING pc=0x00000278e54c5923 sp=0x000000ae93efdf18 mode 2
Event: 4.498 Thread 0x00000278e27dea80 Uncommon trap: trap_request=0xffffff45 fr.pc=0x00000278ecf7c094 relative=0x0000000000000094
Event: 4.498 Thread 0x00000278e27dea80 Uncommon trap: reason=unstable_if action=reinterpret pc=0x00000278ecf7c094 method=java.util.HashMap.hash(Ljava/lang/Object;)I @ 1 c2
Event: 4.498 Thread 0x00000278e27dea80 DEOPT PACKING pc=0x00000278ecf7c094 sp=0x000000ae93efde70
Event: 4.498 Thread 0x00000278e27dea80 DEOPT UNPACKING pc=0x00000278e54c5923 sp=0x000000ae93efde08 mode 2
Event: 5.243 Thread 0x00000278e27dea80 DEOPT PACKING pc=0x00000278e5a5c152 sp=0x000000ae93ef9940
Event: 5.243 Thread 0x00000278e27dea80 DEOPT UNPACKING pc=0x00000278e54c6463 sp=0x000000ae93ef8da0 mode 0
Event: 5.918 Thread 0x00000278e27dea80 Uncommon trap: trap_request=0xffffff45 fr.pc=0x00000278ecf6fb60 relative=0x0000000000000bc0
Event: 5.918 Thread 0x00000278e27dea80 Uncommon trap: reason=unstable_if action=reinterpret pc=0x00000278ecf6fb60 method=lombok.patcher.PatchScript.classMatches(Ljava/lang/String;Ljava/util/Collection;)Z @ 25 c2
Event: 5.918 Thread 0x00000278e27dea80 DEOPT PACKING pc=0x00000278ecf6fb60 sp=0x000000ae93ef8160
Event: 5.918 Thread 0x00000278e27dea80 DEOPT UNPACKING pc=0x00000278e54c5923 sp=0x000000ae93ef80b8 mode 2
Event: 7.509 Thread 0x00000278e27dea80 Uncommon trap: trap_request=0xffffff45 fr.pc=0x00000278ecf83698 relative=0x00000000000002d8
Event: 7.509 Thread 0x00000278e27dea80 Uncommon trap: reason=unstable_if action=reinterpret pc=0x00000278ecf83698 method=java.lang.invoke.VarHandle.checkExactAccessMode(Ljava/lang/invoke/VarHandle$AccessDescriptor;)V @ 4 c2
Event: 7.509 Thread 0x00000278e27dea80 DEOPT PACKING pc=0x00000278ecf83698 sp=0x000000ae93efdfd0
Event: 7.509 Thread 0x00000278e27dea80 DEOPT UNPACKING pc=0x00000278e54c5923 sp=0x000000ae93efdfa0 mode 2

Classes unloaded (0 events):
No events

Classes redefined (0 events):
No events

Internal exceptions (20 events):
Event: 2.951 Thread 0x00000278e27dea80 Exception <a 'java/io/FileNotFoundException'{0x00000000eb72a230}> (0x00000000eb72a230) 
thrown [s\src\hotspot\share\prims\jni.cpp, line 516]
Event: 2.952 Thread 0x00000278e27dea80 Exception <a 'java/io/FileNotFoundException'{0x00000000eb72af38}> (0x00000000eb72af38) 
thrown [s\src\hotspot\share\prims\jni.cpp, line 516]
Event: 2.954 Thread 0x00000278e27dea80 Exception <a 'java/io/FileNotFoundException'{0x00000000eb72bc38}> (0x00000000eb72bc38) 
thrown [s\src\hotspot\share\prims\jni.cpp, line 516]
Event: 2.962 Thread 0x00000278e27dea80 Implicit null exception at 0x00000278ecf731f2 to 0x00000278ecf73768
Event: 2.967 Thread 0x00000278e27dea80 Exception <a 'java/io/FileNotFoundException'{0x00000000eb76a430}> (0x00000000eb76a430) 
thrown [s\src\hotspot\share\prims\jni.cpp, line 516]
Event: 4.161 Thread 0x00000278e27dea80 Exception <a 'java/lang/ClassNotFoundException'{0x00000000ebf63b10}: sun/net/www/protocol/c/Handler> (0x00000000ebf63b10) 
thrown [s\src\hotspot\share\classfile\systemDictionary.cpp, line 256]
Event: 4.161 Thread 0x00000278e27dea80 Exception <a 'java/lang/ClassNotFoundException'{0x00000000ebf64e58}: sun/net/www/protocol/c/Handler> (0x00000000ebf64e58) 
thrown [s\src\hotspot\share\classfile\systemDictionary.cpp, line 256]
Event: 4.162 Thread 0x00000278e27dea80 Exception <a 'java/lang/ClassNotFoundException'{0x00000000ebf65fd8}: sun/net/www/protocol/c/Handler> (0x00000000ebf65fd8) 
thrown [s\src\hotspot\share\classfile\systemDictionary.cpp, line 256]
Event: 4.179 Thread 0x00000278e27dea80 Exception <a 'java/io/FileNotFoundException'{0x00000000ebf84f30}> (0x00000000ebf84f30) 
thrown [s\src\hotspot\share\prims\jni.cpp, line 516]
Event: 4.497 Thread 0x00000278e27dea80 Implicit null exception at 0x00000278ecf7a65b to 0x00000278ecf7afc0
Event: 4.498 Thread 0x00000278e27dea80 Implicit null exception at 0x00000278ecf902f1 to 0x00000278ecf904d0
Event: 4.498 Thread 0x00000278e27dea80 Implicit null exception at 0x00000278ecf89071 to 0x00000278ecf8925c
Event: 4.498 Thread 0x00000278e27dea80 Implicit null exception at 0x00000278ecf7c00f to 0x00000278ecf7c085
Event: 4.922 Thread 0x00000278e27dea80 Exception <a 'java/lang/NoSuchMethodError'{0x00000000ec250898}: 'int java.lang.invoke.DirectMethodHandle$Holder.invokeStaticInit(java.lang.Object, java.lang.Object, java.lang.Object, java.lang.Object)'> (0x00000000ec250898) 
thrown [s\src\hotspot\share\interpreter\linkResolver.cpp, line 759]
Event: 4.924 Thread 0x00000278e27dea80 Exception <a 'java/lang/NoSuchMethodError'{0x00000000ec25af08}: 'java.lang.Object java.lang.invoke.DirectMethodHandle$Holder.invokeInterface(java.lang.Object, java.lang.Object)'> (0x00000000ec25af08) 
thrown [s\src\hotspot\share\interpreter\linkResolver.cpp, line 759]
Event: 4.925 Thread 0x00000278e27dea80 Exception <a 'java/lang/IncompatibleClassChangeError'{0x00000000ec25e700}: Found class java.lang.Object, but interface was expected> (0x00000000ec25e700) 
thrown [s\src\hotspot\share\interpreter\linkResolver.cpp, line 826]
Event: 4.927 Thread 0x00000278e27dea80 Exception <a 'java/lang/NoSuchMethodError'{0x00000000ec262bf8}: 'void java.lang.invoke.DirectMethodHandle$Holder.invokeStatic(java.lang.Object, java.lang.Object)'> (0x00000000ec262bf8) 
thrown [s\src\hotspot\share\interpreter\linkResolver.cpp, line 759]
Event: 4.928 Thread 0x00000278e27dea80 Exception <a 'java/lang/NoSuchMethodError'{0x00000000ec2663f8}: 'void java.lang.invoke.DirectMethodHandle$Holder.invokeStaticInit(java.lang.Object, java.lang.Object)'> (0x00000000ec2663f8) 
thrown [s\src\hotspot\share\interpreter\linkResolver.cpp, line 759]
Event: 4.930 Thread 0x00000278e27dea80 Exception <a 'java/lang/NoSuchMethodError'{0x00000000ec26f2f8}: 'int java.lang.invoke.DirectMethodHandle$Holder.invokeStaticInit(java.lang.Object, java.lang.Object)'> (0x00000000ec26f2f8) 
thrown [s\src\hotspot\share\interpreter\linkResolver.cpp, line 759]
Event: 5.259 Thread 0x00000278e27dea80 Exception <a 'java/lang/NoSuchMethodError'{0x00000000ec393b20}: 'void java.lang.invoke.DirectMethodHandle$Holder.invokeSpecial(java.lang.Object, java.lang.Object, java.lang.Object)'> (0x00000000ec393b20) 
thrown [s\src\hotspot\share\interpreter\linkResolver.cpp, line 759]

VM Operations (20 events):
Event: 2.633 Executing VM operation: HandshakeAllThreads
Event: 2.633 Executing VM operation: HandshakeAllThreads done
Event: 2.810 Executing VM operation: HandshakeAllThreads
Event: 2.810 Executing VM operation: HandshakeAllThreads done
Event: 3.821 Executing VM operation: Cleanup
Event: 3.838 Executing VM operation: Cleanup done
Event: 3.998 Executing VM operation: HandshakeAllThreads
Event: 3.998 Executing VM operation: HandshakeAllThreads done
Event: 5.001 Executing VM operation: Cleanup
Event: 5.001 Executing VM operation: Cleanup done
Event: 5.435 Executing VM operation: ParallelGCFailedAllocation
Event: 5.532 Executing VM operation: ParallelGCFailedAllocation done
Event: 6.538 Executing VM operation: Cleanup
Event: 6.538 Executing VM operation: Cleanup done
Event: 7.540 Executing VM operation: Cleanup
Event: 7.542 Executing VM operation: Cleanup done
Event: 7.794 Executing VM operation: HandshakeAllThreads
Event: 7.801 Executing VM operation: HandshakeAllThreads done
Event: 7.803 Executing VM operation: HandshakeAllThreads
Event: 7.816 Executing VM operation: HandshakeAllThreads done

Events (20 events):
Event: 7.757 loading class java/lang/ApplicationShutdownHooks$1
Event: 7.757 loading class java/lang/ApplicationShutdownHooks$1 done
Event: 7.781 loading class java/util/regex/Pattern$BnM
Event: 7.781 loading class java/util/regex/Pattern$BnM done
Event: 7.781 loading class java/util/regex/Pattern$SliceS
Event: 7.781 loading class java/util/regex/Pattern$SliceS done
Event: 7.800 loading class java/util/concurrent/TimeUnit$1
Event: 7.807 loading class java/util/concurrent/TimeUnit$1 done
Event: 7.819 loading class java/time/temporal/ChronoUnit
Event: 7.826 loading class java/time/temporal/TemporalUnit
Event: 7.826 loading class java/time/temporal/TemporalUnit done
Event: 7.826 loading class java/time/temporal/ChronoUnit done
Event: 7.826 loading class java/time/Duration
Event: 7.832 loading class java/time/temporal/TemporalAmount
Event: 7.832 loading class java/time/temporal/TemporalAmount done
Event: 7.832 loading class java/time/Duration done
Event: 7.836 loading class java/util/concurrent/locks/AbstractQueuedSynchronizer$ConditionNode
Event: 7.840 loading class java/util/concurrent/locks/AbstractQueuedSynchronizer$Node
Event: 7.840 loading class java/util/concurrent/locks/AbstractQueuedSynchronizer$Node done
Event: 7.840 loading class java/util/concurrent/locks/AbstractQueuedSynchronizer$ConditionNode done


Dynamic libraries:
0x00007ff7f0000000 - 0x00007ff7f000e000 	c:\Users\DELL\.antigravity\extensions\redhat.java-1.12.0-win32-x64\jre\17.0.4.1-win32-x86_64\bin\java.exe
0x00007ffbe3470000 - 0x00007ffbe3668000 	C:\Windows\SYSTEM32\ntdll.dll
0x00007ffbe29e0000 - 0x00007ffbe2aa2000 	C:\Windows\System32\KERNEL32.DLL
0x00007ffbe0c80000 - 0x00007ffbe0f76000 	C:\Windows\System32\KERNELBASE.dll
0x00007ffbe0f80000 - 0x00007ffbe1080000 	C:\Windows\System32\ucrtbase.dll
0x00007ffbba070000 - 0x00007ffbba088000 	c:\Users\DELL\.antigravity\extensions\redhat.java-1.12.0-win32-x64\jre\17.0.4.1-win32-x86_64\bin\jli.dll
0x00007ffbe2ab0000 - 0x00007ffbe2c51000 	C:\Windows\System32\USER32.dll
0x00007ffbe1220000 - 0x00007ffbe1242000 	C:\Windows\System32\win32u.dll
0x00007ffbe1490000 - 0x00007ffbe14bb000 	C:\Windows\System32\GDI32.dll
0x00007ffbe1100000 - 0x00007ffbe1219000 	C:\Windows\System32\gdi32full.dll
0x00007ffbe0b90000 - 0x00007ffbe0c2d000 	C:\Windows\System32\msvcp_win.dll
0x00007ffbb7420000 - 0x00007ffbb7439000 	c:\Users\DELL\.antigravity\extensions\redhat.java-1.12.0-win32-x64\jre\17.0.4.1-win32-x86_64\bin\VCRUNTIME140.dll
0x00007ffbce3d0000 - 0x00007ffbce66b000 	C:\Windows\WinSxS\amd64_microsoft.windows.common-controls_6595b64144ccf1df_6.0.19041.6456_none_60b8a6cb71f64256\COMCTL32.dll
0x00007ffbe2fb0000 - 0x00007ffbe304e000 	C:\Windows\System32\msvcrt.dll
0x00007ffbe31a0000 - 0x00007ffbe31cf000 	C:\Windows\System32\IMM32.DLL
0x00007ffbdaf30000 - 0x00007ffbdaf3c000 	c:\Users\DELL\.antigravity\extensions\redhat.java-1.12.0-win32-x64\jre\17.0.4.1-win32-x86_64\bin\vcruntime140_1.dll
0x00007ffb9d3b0000 - 0x00007ffb9d441000 	c:\Users\DELL\.antigravity\extensions\redhat.java-1.12.0-win32-x64\jre\17.0.4.1-win32-x86_64\bin\msvcp140.dll
0x00007ffb6b3a0000 - 0x00007ffb6bfe6000 	c:\Users\DELL\.antigravity\extensions\redhat.java-1.12.0-win32-x64\jre\17.0.4.1-win32-x86_64\bin\server\jvm.dll
0x00007ffbe14c0000 - 0x00007ffbe1571000 	C:\Windows\System32\ADVAPI32.dll
0x00007ffbe15a0000 - 0x00007ffbe163f000 	C:\Windows\System32\sechost.dll
0x00007ffbe17f0000 - 0x00007ffbe1910000 	C:\Windows\System32\RPCRT4.dll
0x00007ffbe13b0000 - 0x00007ffbe13d7000 	C:\Windows\System32\bcrypt.dll
0x00007ffbe1590000 - 0x00007ffbe1598000 	C:\Windows\System32\PSAPI.DLL
0x00007ffbda830000 - 0x00007ffbda839000 	C:\Windows\SYSTEM32\WSOCK32.dll
0x00007ffbe2d40000 - 0x00007ffbe2dab000 	C:\Windows\System32\WS2_32.dll
0x00007ffbd9910000 - 0x00007ffbd991a000 	C:\Windows\SYSTEM32\VERSION.dll
0x00007ffbc9c30000 - 0x00007ffbc9c57000 	C:\Windows\SYSTEM32\WINMM.dll
0x00007ffbdf2d0000 - 0x00007ffbdf2e2000 	C:\Windows\SYSTEM32\kernel.appcore.dll
0x00007ffbdabd0000 - 0x00007ffbdabda000 	c:\Users\DELL\.antigravity\extensions\redhat.java-1.12.0-win32-x64\jre\17.0.4.1-win32-x86_64\bin\jimage.dll
0x00007ffbde6a0000 - 0x00007ffbde8a1000 	C:\Windows\SYSTEM32\DBGHELP.DLL
0x00007ffbb3290000 - 0x00007ffbb32c4000 	C:\Windows\SYSTEM32\dbgcore.DLL
0x00007ffbe0b00000 - 0x00007ffbe0b82000 	C:\Windows\System32\bcryptPrimitives.dll
0x00007ffbdaa10000 - 0x00007ffbdaa1e000 	c:\Users\DELL\.antigravity\extensions\redhat.java-1.12.0-win32-x64\jre\17.0.4.1-win32-x86_64\bin\instrument.dll
0x00007ffbb7310000 - 0x00007ffbb7335000 	c:\Users\DELL\.antigravity\extensions\redhat.java-1.12.0-win32-x64\jre\17.0.4.1-win32-x86_64\bin\java.dll
0x00007ffbb7400000 - 0x00007ffbb7418000 	c:\Users\DELL\.antigravity\extensions\redhat.java-1.12.0-win32-x64\jre\17.0.4.1-win32-x86_64\bin\zip.dll
0x00007ffbe1da0000 - 0x00007ffbe2510000 	C:\Windows\System32\SHELL32.dll
0x00007ffbdeb10000 - 0x00007ffbdf2b5000 	C:\Windows\SYSTEM32\windows.storage.dll
0x00007ffbe1910000 - 0x00007ffbe1c64000 	C:\Windows\System32\combase.dll
0x00007ffbe0450000 - 0x00007ffbe047b000 	C:\Windows\SYSTEM32\Wldp.dll
0x00007ffbe2e30000 - 0x00007ffbe2efd000 	C:\Windows\System32\OLEAUT32.dll
0x00007ffbe2f00000 - 0x00007ffbe2fad000 	C:\Windows\System32\SHCORE.dll
0x00007ffbe32f0000 - 0x00007ffbe334b000 	C:\Windows\System32\shlwapi.dll
0x00007ffbe0a30000 - 0x00007ffbe0a54000 	C:\Windows\SYSTEM32\profapi.dll
0x00007ffbab450000 - 0x00007ffbab469000 	C:\Users\DELL\.antigravity\extensions\redhat.java-1.12.0-win32-x64\jre\17.0.4.1-win32-x86_64\bin\net.dll
0x00007ffbd5a40000 - 0x00007ffbd5b4a000 	C:\Windows\SYSTEM32\WINHTTP.dll
0x00007ffbe0160000 - 0x00007ffbe01ca000 	C:\Windows\system32\mswsock.dll
0x00007ffbab410000 - 0x00007ffbab425000 	C:\Users\DELL\.antigravity\extensions\redhat.java-1.12.0-win32-x64\jre\17.0.4.1-win32-x86_64\bin\nio.dll
0x00007ffbd5800000 - 0x00007ffbd5810000 	c:\Users\DELL\.antigravity\extensions\redhat.java-1.12.0-win32-x64\jre\17.0.4.1-win32-x86_64\bin\verify.dll

dbghelp: loaded successfully - version: 4.0.5 - missing functions: none
symbol engine: initialized successfully - sym options: 0x614 - pdb path: .;c:\Users\DELL\.antigravity\extensions\redhat.java-1.12.0-win32-x64\jre\17.0.4.1-win32-x86_64\bin;C:\Windows\SYSTEM32;C:\Windows\WinSxS\amd64_microsoft.windows.common-controls_6595b64144ccf1df_6.0.19041.6456_none_60b8a6cb71f64256;c:\Users\DELL\.antigravity\extensions\redhat.java-1.12.0-win32-x64\jre\17.0.4.1-win32-x86_64\bin\server

VM Arguments:
jvm_args: --add-modules=ALL-SYSTEM --add-opens=java.base/java.util=ALL-UNNAMED --add-opens=java.base/java.lang=ALL-UNNAMED --add-opens=java.base/sun.nio.fs=ALL-UNNAMED -Declipse.application=org.eclipse.jdt.ls.core.id1 -Dosgi.bundles.defaultStartLevel=4 -Declipse.product=org.eclipse.jdt.ls.core.product -Djava.import.generatesMetadataFilesAtProjectRoot=false -Dfile.encoding=utf8 -XX:+UseParallelGC -XX:GCTimeRatio=4 -XX:AdaptiveSizePolicyWeight=90 -Dsun.zip.disableMemoryMapping=true -Xmx1G -Xms100m -Xlog:disable -javaagent:c:\Users\DELL\.antigravity\extensions\redhat.java-1.12.0-win32-x64\lombok\lombok-1.18.24.jar 
java_command: c:\Users\DELL\.antigravity\extensions\redhat.java-1.12.0-win32-x64\server\plugins\org.eclipse.equinox.launcher_1.6.400.v20210924-0641.jar -configuration c:\Users\DELL\AppData\Roaming\Antigravity\User\globalStorage\redhat.java\1.12.0\config_ss_win -data c:\Users\DELL\AppData\Roaming\Antigravity\User\workspaceStorage\59ad4cf0999b405589ff75c3213e9940\redhat.java\ss_ws
java_class_path (initial): c:\Users\DELL\.antigravity\extensions\redhat.java-1.12.0-win32-x64\server\plugins\org.eclipse.equinox.launcher_1.6.400.v20210924-0641.jar
Launcher Type: SUN_STANDARD

[Global flags]
    uintx AdaptiveSizePolicyWeight                 = 90                                        {product} {command line}
     intx CICompilerCount                          = 3                                         {product} {ergonomic}
    uintx GCTimeRatio                              = 4                                         {product} {command line}
   size_t InitialHeapSize                          = 104857600                                 {product} {command line}
   size_t MaxHeapSize                              = 1073741824                                {product} {command line}
   size_t MaxNewSize                               = 357564416                                 {product} {ergonomic}
   size_t MinHeapDeltaBytes                        = 524288                                    {product} {ergonomic}
   size_t MinHeapSize                              = 104857600                                 {product} {command line}
   size_t NewSize                                  = 34603008                                  {product} {ergonomic}
    uintx NonNMethodCodeHeapSize                   = 5832780                                {pd product} {ergonomic}
    uintx NonProfiledCodeHeapSize                  = 122912730                              {pd product} {ergonomic}
   size_t OldSize                                  = 70254592                                  {product} {ergonomic}
    uintx ProfiledCodeHeapSize                     = 122912730                              {pd product} {ergonomic}
    uintx ReservedCodeCacheSize                    = 251658240                              {pd product} {ergonomic}
     bool SegmentedCodeCache                       = true                                      {product} {ergonomic}
   size_t SoftMaxHeapSize                          = 1073741824                             {manageable} {ergonomic}
     bool UseCompressedClassPointers               = true                           {product lp64_product} {ergonomic}
     bool UseCompressedOops                        = true                           {product lp64_product} {ergonomic}
     bool UseLargePagesIndividualAllocation        = false                                  {pd product} {ergonomic}
     bool UseParallelGC                            = true                                      {product} {command line}

Logging:
Log output configuration:
 #0: stdout all=off uptime,level,tags
 #1: stderr all=off uptime,level,tags

Environment Variables:
PATH=C:\Program Files\OpenLogic\jdk-22.0.2.9-hotspot\bin;C:\Windows\system32;C:\Windows;C:\Windows\System32\Wbem;C:\Windows\System32\WindowsPowerShell\v1.0\;C:\Windows\System32\OpenSSH\;C:\Program Files\dotnet\;C:\MinGW\bin;C:\Program Files\Git\cmd;C:\Users\DELL\AppData\Roaming\nvm;C:\Program Files\nodejs;C:\ProgramData\chocolatey\bin;C:\Program Files\nodejs\;C:\Users\DELL\AppData\Local\Programs\Python\Python313\Scripts;C:\Users\DELL\AppData\Local\Programs\Python\Python313\;C:\platform-tools;C:\MinGW\bin;C:\MinGW\bin;C:\Program Files\MySQL\MySQL Server 8.0\bin;C:\Users\DELL\AppData\Local\Programs\Python\Python310\Scripts\;C:\Users\DELL\AppData\Local\Programs\Python\Python310\;C:\Users\DELL\AppData\Local\Programs\Python\Python313\Scripts\;C:\Users\DELL\AppData\Local\Programs\Python\Python313\;C:\Users\DELL\AppData\Local\Programs\Python\Launcher\;C:\Users\DELL\AppData\Local\Microsoft\WindowsApps;C:\Users\DELL\AppData\Local\Programs\Microsoft VS Code\bin;C:\Users\DELL\AppData\Roaming\nvm;C:\Program Files\nodejs;C:\Users\DELL\AppData\Roaming\npm;C:\Program Files\heroku\bin;C:\Users\DELL\.dotnet\tools;C:\Users\DELL\Downloads\x64;C:\Users\DELL\AppData\Local\Programs\Python\Python310\;C:\Users\DELL\AppData\Local\Programs\Antigravity\bin
USERNAME=DELL
OS=Windows_NT
PROCESSOR_IDENTIFIER=Intel64 Family 6 Model 126 Stepping 5, GenuineIntel
TMP=C:\Users\DELL\AppData\Local\Temp
TEMP=C:\Users\DELL\AppData\Local\Temp



---------------  S Y S T E M  ---------------

OS:
 Windows 10 , 64 bit Build 19041 (10.0.19041.5915)
OS uptime: 0 days 10:41 hours
Hyper-V role detected

CPU: total 4 (initial active 4) (2 cores per cpu, 2 threads per core) family 6 model 126 stepping 5 microcode 0xca, cx8, cmov, fxsr, ht, mmx, 3dnowpref, sse, sse2, sse3, ssse3, sse4.1, sse4.2, popcnt, lzcnt, tsc, tscinvbit, avx, avx2, aes, erms, clmul, bmi1, bmi2, adx, avx512f, avx512dq, avx512cd, avx512bw, avx512vl, sha, fma, vzeroupper, avx512_vpopcntdq, avx512_vpclmulqdq, avx512_vaes, avx512_vnni, clflush, clflushopt, avx512_vbmi2, avx512_vbmi, hv

Memory: 4k page, system-wide physical 3862M (113M free)
TotalPageFile size 15638M (AvailPageFile size 44M)
current process WorkingSet (physical memory assigned to process): 76M, peak: 76M
current process commit charge ("private bytes"): 186M, peak: 186M

vm_info: OpenJDK 64-Bit Server VM (17.0.4.1+1) for windows-amd64 JRE (17.0.4.1+1), built on Aug 17 2022 07:42:43 by "temurin" with MS VC++ 16.7 (VS2019)

END.
