#
# There is insufficient memory for the Java Runtime Environment to continue.
# Native memory allocation (malloc) failed to allocate 610560 bytes. Error detail: Chunk::new
# Possible reasons:
#   The system is out of physical RAM or swap space
#   This process is running with CompressedOops enabled, and the Java Heap may be blocking the growth of the native heap
# Possible solutions:
#   Reduce memory load on the system
#   Increase physical memory or swap space
#   Check if swap backing store is full
#   Decrease Java heap size (-Xmx/-Xms)
#   Decrease number of Java threads
#   Decrease Java thread stack sizes (-Xss)
#   Set larger code cache with -XX:ReservedCodeCacheSize=
#   JVM is running with Unscaled Compressed Oops mode in which the Java heap is
#     placed in the first 4GB address space. The Java Heap base address is the
#     maximum limit for the native heap growth. Please use -XX:HeapBaseMinAddress
#     to set the Java Heap base and to place the Java Heap above 4GB virtual address.
# This output file may be truncated or incomplete.
#
#  Out of Memory Error (arena.cpp:168), pid=11928, tid=16496
#
# JRE version: OpenJDK Runtime Environment Temurin-21.0.7+6 (21.0.7+6) (build 21.0.7+6-LTS)
# Java VM: OpenJDK 64-Bit Server VM Temurin-21.0.7+6 (21.0.7+6-LTS, mixed mode, sharing, tiered, compressed oops, compressed class ptrs, g1 gc, windows-amd64)
# No core dump will be written. Minidumps are not enabled by default on client versions of Windows
#

---------------  S U M M A R Y ------------

Command Line: --add-opens=java.base/java.lang=ALL-UNNAMED --add-opens=java.base/java.lang.invoke=ALL-UNNAMED --add-opens=java.base/java.util=ALL-UNNAMED --add-opens=java.prefs/java.util.prefs=ALL-UNNAMED --add-exports=jdk.compiler/com.sun.tools.javac.api=ALL-UNNAMED --add-exports=jdk.compiler/com.sun.tools.javac.util=ALL-UNNAMED --add-opens=java.base/java.util=ALL-UNNAMED --add-opens=java.prefs/java.util.prefs=ALL-UNNAMED --add-opens=java.base/java.nio.charset=ALL-UNNAMED --add-opens=java.base/java.net=ALL-UNNAMED --add-opens=java.base/java.util.concurrent=ALL-UNNAMED --add-opens=java.base/java.util.concurrent.atomic=ALL-UNNAMED --add-opens=java.xml/javax.xml.namespace=ALL-UNNAMED --add-opens=java.base/java.time=ALL-UNNAMED -XX:MaxMetaspaceSize=256m -Xmx1024m -Dfile.encoding=UTF-8 -Duser.country=IN -Duser.language=en -Duser.variant -javaagent:C:\Users\DELL\.gradle\wrapper\dists\gradle-9.3.1-bin\23ovyewtku6u96viwx3xl3oks\gradle-9.3.1\lib\agents\gradle-instrumentation-agent-9.3.1.jar org.gradle.launcher.daemon.bootstrap.GradleDaemon 9.3.1

Host: Intel(R) Core(TM) i3-1005G1 CPU @ 1.20GHz, 4 cores, 3G,  Windows 10 , 64 bit Build 19041 (10.0.19041.5915)
Time: Fri Mar 27 03:00:16 2026 India Standard Time elapsed time: 28.199474 seconds (0d 0h 0m 28s)

---------------  T H R E A D  ---------------

Current thread (0x0000024f64b0d5c0):  JavaThread "C2 CompilerThread0" daemon [_thread_in_native, id=16496, stack(0x00000096d5700000,0x00000096d5800000) (1024K)]


Current CompileTask:
C2:28199 8299       4       sun.util.locale.BaseLocale::getInstance (150 bytes)

Stack: [0x00000096d5700000,0x00000096d5800000]
Native frames: (J=compiled Java code, j=interpreted, Vv=VM code, C=native code)
V  [jvm.dll+0x6ce119]
V  [jvm.dll+0x8a84a1]
V  [jvm.dll+0x8aa9ce]
V  [jvm.dll+0x8ab0b3]
V  [jvm.dll+0x27f8a6]
V  [jvm.dll+0xc507d]
V  [jvm.dll+0xc55b3]
V  [jvm.dll+0x3b692c]
V  [jvm.dll+0x382aa5]
V  [jvm.dll+0x381f0a]
V  [jvm.dll+0x247af0]
V  [jvm.dll+0x2470cf]
V  [jvm.dll+0x1c760e]
V  [jvm.dll+0x25695a]
V  [jvm.dll+0x254efa]
V  [jvm.dll+0x3f03f6]
V  [jvm.dll+0x851f6b]
V  [jvm.dll+0x6cc7dd]
C  [ucrtbase.dll+0x21bb2]
C  [KERNEL32.DLL+0x17374]
C  [ntdll.dll+0x4cc91]


---------------  P R O C E S S  ---------------

Threads class SMR info:
_java_thread_list=0x0000024f49c07df0, length=38, elements={
0x0000024f49b999b0, 0x0000024f64af8b70, 0x0000024f64afbd90, 0x0000024f64afdd80,
0x0000024f64aff7e0, 0x0000024f64b04670, 0x0000024f64b07870, 0x0000024f64b0d5c0,
0x0000024f64b0e050, 0x0000024f64bcb140, 0x0000024f64cf2ad0, 0x0000024f784aec70,
0x0000024f786ad020, 0x0000024f78c234b0, 0x0000024f78797530, 0x0000024f7879c0b0,
0x0000024f7879f5a0, 0x0000024f786090a0, 0x0000024f78647e50, 0x0000024f787bbff0,
0x0000024f787bac40, 0x0000024f787bb2d0, 0x0000024f787bcd10, 0x0000024f787b9890,
0x0000024f787bb960, 0x0000024f787bc680, 0x0000024f787b9f20, 0x0000024f787ba5b0,
0x0000024f78ef96d0, 0x0000024f78efa3f0, 0x0000024f78efffd0, 0x0000024f78ef9040,
0x0000024f78f00660, 0x0000024f78efaa80, 0x0000024f78efdf00, 0x0000024f78eff940,
0x0000024f78efe590, 0x0000024f78efec20
}

Java Threads: ( => current thread )
  0x0000024f49b999b0 JavaThread "main"                              [_thread_blocked, id=14668, stack(0x00000096d4900000,0x00000096d4a00000) (1024K)]
  0x0000024f64af8b70 JavaThread "Reference Handler"          daemon [_thread_blocked, id=18448, stack(0x00000096d5100000,0x00000096d5200000) (1024K)]
  0x0000024f64afbd90 JavaThread "Finalizer"                  daemon [_thread_blocked, id=9044, stack(0x00000096d5200000,0x00000096d5300000) (1024K)]
  0x0000024f64afdd80 JavaThread "Signal Dispatcher"          daemon [_thread_blocked, id=18964, stack(0x00000096d5300000,0x00000096d5400000) (1024K)]
  0x0000024f64aff7e0 JavaThread "Attach Listener"            daemon [_thread_blocked, id=600, stack(0x00000096d5400000,0x00000096d5500000) (1024K)]
  0x0000024f64b04670 JavaThread "Service Thread"             daemon [_thread_blocked, id=4208, stack(0x00000096d5500000,0x00000096d5600000) (1024K)]
  0x0000024f64b07870 JavaThread "Monitor Deflation Thread"   daemon [_thread_blocked, id=17188, stack(0x00000096d5600000,0x00000096d5700000) (1024K)]
=>0x0000024f64b0d5c0 JavaThread "C2 CompilerThread0"         daemon [_thread_in_native, id=16496, stack(0x00000096d5700000,0x00000096d5800000) (1024K)]
  0x0000024f64b0e050 JavaThread "C1 CompilerThread0"         daemon [_thread_blocked, id=16084, stack(0x00000096d5800000,0x00000096d5900000) (1024K)]
  0x0000024f64bcb140 JavaThread "Common-Cleaner"             daemon [_thread_blocked, id=10532, stack(0x00000096d5900000,0x00000096d5a00000) (1024K)]
  0x0000024f64cf2ad0 JavaThread "Notification Thread"        daemon [_thread_blocked, id=16536, stack(0x00000096d5a00000,0x00000096d5b00000) (1024K)]
  0x0000024f784aec70 JavaThread "Daemon health stats"               [_thread_in_Java, id=14180, stack(0x00000096d5e00000,0x00000096d5f00000) (1024K)]
  0x0000024f786ad020 JavaThread "Incoming local TCP Connector on port 61191"        [_thread_in_native, id=17024, stack(0x00000096d5f00000,0x00000096d6000000) (1024K)]
  0x0000024f78c234b0 JavaThread "Daemon periodic checks"            [_thread_blocked, id=4928, stack(0x00000096d6000000,0x00000096d6100000) (1024K)]
  0x0000024f78797530 JavaThread "Daemon"                            [_thread_blocked, id=15260, stack(0x00000096d6100000,0x00000096d6200000) (1024K)]
  0x0000024f7879c0b0 JavaThread "Handler for socket connection from /127.0.0.1:61191 to /127.0.0.1:61192"        [_thread_in_native, id=18612, stack(0x00000096d6200000,0x00000096d6300000) (1024K)]
  0x0000024f7879f5a0 JavaThread "Cancel handler"                    [_thread_blocked, id=15232, stack(0x00000096d6300000,0x00000096d6400000) (1024K)]
  0x0000024f786090a0 JavaThread "Daemon worker"                     [_thread_in_native, id=10200, stack(0x00000096d6400000,0x00000096d6500000) (1024K)]
  0x0000024f78647e50 JavaThread "Asynchronous log dispatcher for DefaultDaemonConnection: socket connection from /127.0.0.1:61191 to /127.0.0.1:61192"        [_thread_blocked, id=8008, stack(0x00000096d6500000,0x00000096d6600000) (1024K)]
  0x0000024f787bbff0 JavaThread "Stdin handler"                     [_thread_blocked, id=11412, stack(0x00000096d6600000,0x00000096d6700000) (1024K)]
  0x0000024f787bac40 JavaThread "Daemon client event forwarder"        [_thread_blocked, id=9088, stack(0x00000096d6700000,0x00000096d6800000) (1024K)]
  0x0000024f787bb2d0 JavaThread "Cache worker for journal cache (C:\Users\DELL\.gradle\caches\journal-1)"        [_thread_blocked, id=9732, stack(0x00000096d6800000,0x00000096d6900000) (1024K)]
  0x0000024f787bcd10 JavaThread "File lock request listener"        [_thread_in_native, id=17560, stack(0x00000096d6900000,0x00000096d6a00000) (1024K)]
  0x0000024f787b9890 JavaThread "Cache worker for file hash cache (C:\Users\DELL\.gradle\caches\9.3.1\fileHashes)"        [_thread_blocked, id=12000, stack(0x00000096d6a00000,0x00000096d6b00000) (1024K)]
  0x0000024f787bb960 JavaThread "Cache worker for file hash cache (C:\Users\DELL\Desktop\kavachsecurecom\android-app\.gradle\9.3.1\fileHashes)"        [_thread_blocked, id=7776, stack(0x00000096d6b00000,0x00000096d6c00000) (1024K)]
  0x0000024f787bc680 JavaThread "Cache worker for Build Output Cleanup Cache (C:\Users\DELL\Desktop\kavachsecurecom\android-app\.gradle\buildOutputCleanup)"        [_thread_blocked, id=16416, stack(0x00000096d6c00000,0x00000096d6d00000) (1024K)]
  0x0000024f787b9f20 JavaThread "File watcher server"        daemon [_thread_in_native, id=16368, stack(0x00000096d6d00000,0x00000096d6e00000) (1024K)]
  0x0000024f787ba5b0 JavaThread "File watcher consumer"      daemon [_thread_blocked, id=2536, stack(0x00000096d6e00000,0x00000096d6f00000) (1024K)]
  0x0000024f78ef96d0 JavaThread "Cache worker for checksums cache (C:\Users\DELL\Desktop\kavachsecurecom\android-app\.gradle\9.3.1\checksums)"        [_thread_blocked, id=10372, stack(0x00000096d6f00000,0x00000096d7000000) (1024K)]
  0x0000024f78efa3f0 JavaThread "Cache worker for file content cache (C:\Users\DELL\.gradle\caches\9.3.1\fileContent)"        [_thread_blocked, id=15696, stack(0x00000096d7000000,0x00000096d7100000) (1024K)]
  0x0000024f78efffd0 JavaThread "Cache worker for cache directory md-supplier (C:\Users\DELL\.gradle\caches\9.3.1\md-supplier)"        [_thread_blocked, id=4128, stack(0x00000096d7100000,0x00000096d7200000) (1024K)]
  0x0000024f78ef9040 JavaThread "Cache worker for cache directory md-rule (C:\Users\DELL\.gradle\caches\9.3.1\md-rule)"        [_thread_blocked, id=19300, stack(0x00000096d7200000,0x00000096d7300000) (1024K)]
  0x0000024f78f00660 JavaThread "Unconstrained build operations"        [_thread_blocked, id=3360, stack(0x00000096d7300000,0x00000096d7400000) (1024K)]
  0x0000024f78efaa80 JavaThread "Unconstrained build operations Thread 2"        [_thread_blocked, id=1580, stack(0x00000096d7400000,0x00000096d7500000) (1024K)]
  0x0000024f78efdf00 JavaThread "Unconstrained build operations Thread 3"        [_thread_blocked, id=19348, stack(0x00000096d7500000,0x00000096d7600000) (1024K)]
  0x0000024f78eff940 JavaThread "Unconstrained build operations Thread 4"        [_thread_blocked, id=14816, stack(0x00000096d7600000,0x00000096d7700000) (1024K)]
  0x0000024f78efe590 JavaThread "Unconstrained build operations Thread 5"        [_thread_blocked, id=12580, stack(0x00000096d7700000,0x00000096d7800000) (1024K)]
  0x0000024f78efec20 JavaThread "Unconstrained build operations Thread 6"        [_thread_blocked, id=8644, stack(0x00000096d7800000,0x00000096d7900000) (1024K)]
Total: 38

Other Threads:
  0x0000024f49c52370 VMThread "VM Thread"                           [id=8216, stack(0x00000096d5000000,0x00000096d5100000) (1024K)]
  0x0000024f49c42bb0 WatcherThread "VM Periodic Task Thread"        [id=16456, stack(0x00000096d4f00000,0x00000096d5000000) (1024K)]
  0x0000024f49bd2b60 WorkerThread "GC Thread#0"                     [id=10692, stack(0x00000096d4a00000,0x00000096d4b00000) (1024K)]
  0x0000024f64db7100 WorkerThread "GC Thread#1"                     [id=18920, stack(0x00000096d5b00000,0x00000096d5c00000) (1024K)]
  0x0000024f64e2ee90 WorkerThread "GC Thread#2"                     [id=16900, stack(0x00000096d5c00000,0x00000096d5d00000) (1024K)]
  0x0000024f771a8030 WorkerThread "GC Thread#3"                     [id=6436, stack(0x00000096d5d00000,0x00000096d5e00000) (1024K)]
  0x0000024f49bdbc00 ConcurrentGCThread "G1 Main Marker"            [id=7356, stack(0x00000096d4b00000,0x00000096d4c00000) (1024K)]
  0x0000024f4792b5b0 WorkerThread "G1 Conc#0"                       [id=11800, stack(0x00000096d4c00000,0x00000096d4d00000) (1024K)]
  0x0000024f49c323d0 ConcurrentGCThread "G1 Refine#0"               [id=17508, stack(0x00000096d4d00000,0x00000096d4e00000) (1024K)]
  0x0000024f49c32bf0 ConcurrentGCThread "G1 Service"                [id=6732, stack(0x00000096d4e00000,0x00000096d4f00000) (1024K)]
Total: 10

Threads with active compile tasks:
C2 CompilerThread0  28266 8299       4       sun.util.locale.BaseLocale::getInstance (150 bytes)
Total: 1

VM state: not at safepoint (normal execution)

VM Mutex/Monitor currently owned by a thread: None

Heap address: 0x00000000c0000000, size: 1024 MB, Compressed Oops mode: 32-bit

CDS archive(s) mapped at: [0x0000024f65000000-0x0000024f65c80000-0x0000024f65c80000), size 13107200, SharedBaseAddress: 0x0000024f65000000, ArchiveRelocationMode: 1.
Compressed class space mapped at: 0x0000024f66000000-0x0000024f73000000, reserved size: 218103808
Narrow klass base: 0x0000024f65000000, Narrow klass shift: 0, Narrow klass range: 0x100000000

GC Precious Log:
 CardTable entry size: 512
 Card Set container configuration: InlinePtr #cards 5 size 8 Array Of Cards #cards 12 size 40 Howl #buckets 4 coarsen threshold 1843 Howl Bitmap #cards 512 size 80 coarsen threshold 460 Card regions per heap region 1 cards per card region 2048
 CPUs: 4 total, 4 available
 Memory: 3862M
 Large Page Support: Disabled
 NUMA Support: Disabled
 Compressed Oops: Enabled (32-bit)
 Heap Region Size: 1M
 Heap Min Capacity: 8M
 Heap Initial Capacity: 62M
 Heap Max Capacity: 1G
 Pre-touch: Disabled
 Parallel Workers: 4
 Concurrent Workers: 1
 Concurrent Refinement Workers: 4
 Periodic GC: Disabled

Heap:
 garbage-first heap   total 107520K, used 64424K [0x00000000c0000000, 0x0000000100000000)
  region size 1024K, 3 young (3072K), 1 survivors (1024K)
 Metaspace       used 58529K, committed 60480K, reserved 278528K
  class space    used 8158K, committed 9152K, reserved 212992K

Heap Regions: E=young(eden), S=young(survivor), O=old, HS=humongous(starts), HC=humongous(continues), CS=collection set, F=free, TAMS=top-at-mark-start, PB=parsable bottom
|   0|0x00000000c0000000, 0x00000000c0100000, 0x00000000c0100000|100%|HS|  |TAMS 0x00000000c0000000| PB 0x00000000c0000000| Complete 
|   1|0x00000000c0100000, 0x00000000c0200000, 0x00000000c0200000|100%|HC|  |TAMS 0x00000000c0100000| PB 0x00000000c0100000| Complete 
|   2|0x00000000c0200000, 0x00000000c0300000, 0x00000000c0300000|100%|HC|  |TAMS 0x00000000c0200000| PB 0x00000000c0200000| Complete 
|   3|0x00000000c0300000, 0x00000000c0400000, 0x00000000c0400000|100%|HC|  |TAMS 0x00000000c0300000| PB 0x00000000c0300000| Complete 
|   4|0x00000000c0400000, 0x00000000c0500000, 0x00000000c0500000|100%| O|  |TAMS 0x00000000c0400000| PB 0x00000000c0400000| Untracked 
|   5|0x00000000c0500000, 0x00000000c0600000, 0x00000000c0600000|100%| O|  |TAMS 0x00000000c0500000| PB 0x00000000c0500000| Untracked 
|   6|0x00000000c0600000, 0x00000000c0700000, 0x00000000c0700000|100%| O|  |TAMS 0x00000000c0600000| PB 0x00000000c0600000| Untracked 
|   7|0x00000000c0700000, 0x00000000c0800000, 0x00000000c0800000|100%| O|  |TAMS 0x00000000c0700000| PB 0x00000000c0700000| Untracked 
|   8|0x00000000c0800000, 0x00000000c0900000, 0x00000000c0900000|100%|HS|  |TAMS 0x00000000c0800000| PB 0x00000000c0800000| Complete 
|   9|0x00000000c0900000, 0x00000000c0a00000, 0x00000000c0a00000|100%| O|  |TAMS 0x00000000c0900000| PB 0x00000000c0900000| Untracked 
|  10|0x00000000c0a00000, 0x00000000c0b00000, 0x00000000c0b00000|100%| O|  |TAMS 0x00000000c0a00000| PB 0x00000000c0a00000| Untracked 
|  11|0x00000000c0b00000, 0x00000000c0c00000, 0x00000000c0c00000|100%| O|  |TAMS 0x00000000c0b00000| PB 0x00000000c0b00000| Untracked 
|  12|0x00000000c0c00000, 0x00000000c0d00000, 0x00000000c0d00000|100%| O|  |TAMS 0x00000000c0c00000| PB 0x00000000c0c00000| Untracked 
|  13|0x00000000c0d00000, 0x00000000c0e00000, 0x00000000c0e00000|100%| O|  |TAMS 0x00000000c0d00000| PB 0x00000000c0d00000| Untracked 
|  14|0x00000000c0e00000, 0x00000000c0f00000, 0x00000000c0f00000|100%| O|  |TAMS 0x00000000c0e00000| PB 0x00000000c0e00000| Untracked 
|  15|0x00000000c0f00000, 0x00000000c1000000, 0x00000000c1000000|100%| O|  |TAMS 0x00000000c0f00000| PB 0x00000000c0f00000| Untracked 
|  16|0x00000000c1000000, 0x00000000c1100000, 0x00000000c1100000|100%| O|  |TAMS 0x00000000c1000000| PB 0x00000000c1000000| Untracked 
|  17|0x00000000c1100000, 0x00000000c1200000, 0x00000000c1200000|100%| O|  |TAMS 0x00000000c1100000| PB 0x00000000c1100000| Untracked 
|  18|0x00000000c1200000, 0x00000000c1300000, 0x00000000c1300000|100%| O|  |TAMS 0x00000000c1200000| PB 0x00000000c1200000| Untracked 
|  19|0x00000000c1300000, 0x00000000c1400000, 0x00000000c1400000|100%| O|  |TAMS 0x00000000c1300000| PB 0x00000000c1300000| Untracked 
|  20|0x00000000c1400000, 0x00000000c1500000, 0x00000000c1500000|100%| O|  |TAMS 0x00000000c1400000| PB 0x00000000c1400000| Untracked 
|  21|0x00000000c1500000, 0x00000000c1600000, 0x00000000c1600000|100%| O|  |TAMS 0x00000000c1500000| PB 0x00000000c1500000| Untracked 
|  22|0x00000000c1600000, 0x00000000c1700000, 0x00000000c1700000|100%| O|  |TAMS 0x00000000c1600000| PB 0x00000000c1600000| Untracked 
|  23|0x00000000c1700000, 0x00000000c1800000, 0x00000000c1800000|100%| O|  |TAMS 0x00000000c1700000| PB 0x00000000c1700000| Untracked 
|  24|0x00000000c1800000, 0x00000000c1900000, 0x00000000c1900000|100%| O|  |TAMS 0x00000000c1800000| PB 0x00000000c1800000| Untracked 
|  25|0x00000000c1900000, 0x00000000c1a00000, 0x00000000c1a00000|100%| O|  |TAMS 0x00000000c1900000| PB 0x00000000c1900000| Untracked 
|  26|0x00000000c1a00000, 0x00000000c1b00000, 0x00000000c1b00000|100%| O|  |TAMS 0x00000000c1a00000| PB 0x00000000c1a00000| Untracked 
|  27|0x00000000c1b00000, 0x00000000c1c00000, 0x00000000c1c00000|100%| O|  |TAMS 0x00000000c1b00000| PB 0x00000000c1b00000| Untracked 
|  28|0x00000000c1c00000, 0x00000000c1d00000, 0x00000000c1d00000|100%| O|  |TAMS 0x00000000c1c00000| PB 0x00000000c1c00000| Untracked 
|  29|0x00000000c1d00000, 0x00000000c1e00000, 0x00000000c1e00000|100%| O|  |TAMS 0x00000000c1d00000| PB 0x00000000c1d00000| Untracked 
|  30|0x00000000c1e00000, 0x00000000c1f00000, 0x00000000c1f00000|100%| O|  |TAMS 0x00000000c1e00000| PB 0x00000000c1e00000| Untracked 
|  31|0x00000000c1f00000, 0x00000000c2000000, 0x00000000c2000000|100%| O|  |TAMS 0x00000000c1f00000| PB 0x00000000c1f00000| Untracked 
|  32|0x00000000c2000000, 0x00000000c2100000, 0x00000000c2100000|100%| O|  |TAMS 0x00000000c2000000| PB 0x00000000c2000000| Untracked 
|  33|0x00000000c2100000, 0x00000000c2200000, 0x00000000c2200000|100%| O|  |TAMS 0x00000000c2100000| PB 0x00000000c2100000| Untracked 
|  34|0x00000000c2200000, 0x00000000c2300000, 0x00000000c2300000|100%| O|  |TAMS 0x00000000c2200000| PB 0x00000000c2200000| Untracked 
|  35|0x00000000c2300000, 0x00000000c2400000, 0x00000000c2400000|100%| O|  |TAMS 0x00000000c2300000| PB 0x00000000c2300000| Untracked 
|  36|0x00000000c2400000, 0x00000000c2500000, 0x00000000c2500000|100%| O|  |TAMS 0x00000000c2400000| PB 0x00000000c2400000| Untracked 
|  37|0x00000000c2500000, 0x00000000c2600000, 0x00000000c2600000|100%| O|  |TAMS 0x00000000c2500000| PB 0x00000000c2500000| Untracked 
|  38|0x00000000c2600000, 0x00000000c2700000, 0x00000000c2700000|100%| O|  |TAMS 0x00000000c2600000| PB 0x00000000c2600000| Untracked 
|  39|0x00000000c2700000, 0x00000000c2800000, 0x00000000c2800000|100%| O|  |TAMS 0x00000000c2700000| PB 0x00000000c2700000| Untracked 
|  40|0x00000000c2800000, 0x00000000c2900000, 0x00000000c2900000|100%|HS|  |TAMS 0x00000000c2800000| PB 0x00000000c2800000| Complete 
|  41|0x00000000c2900000, 0x00000000c2a00000, 0x00000000c2a00000|100%| O|  |TAMS 0x00000000c2900000| PB 0x00000000c2900000| Untracked 
|  42|0x00000000c2a00000, 0x00000000c2b00000, 0x00000000c2b00000|100%| O|  |TAMS 0x00000000c2a00000| PB 0x00000000c2a00000| Untracked 
|  43|0x00000000c2b00000, 0x00000000c2c00000, 0x00000000c2c00000|100%|HS|  |TAMS 0x00000000c2b00000| PB 0x00000000c2b00000| Complete 
|  44|0x00000000c2c00000, 0x00000000c2d00000, 0x00000000c2d00000|100%|HS|  |TAMS 0x00000000c2c00000| PB 0x00000000c2c00000| Complete 
|  45|0x00000000c2d00000, 0x00000000c2e00000, 0x00000000c2e00000|100%|HC|  |TAMS 0x00000000c2d00000| PB 0x00000000c2d00000| Complete 
|  46|0x00000000c2e00000, 0x00000000c2f00000, 0x00000000c2f00000|100%| O|  |TAMS 0x00000000c2e00000| PB 0x00000000c2e00000| Untracked 
|  47|0x00000000c2f00000, 0x00000000c3000000, 0x00000000c3000000|100%|HS|  |TAMS 0x00000000c2f00000| PB 0x00000000c2f00000| Complete 
|  48|0x00000000c3000000, 0x00000000c3100000, 0x00000000c3100000|100%| O|  |TAMS 0x00000000c3000000| PB 0x00000000c3000000| Untracked 
|  49|0x00000000c3100000, 0x00000000c3200000, 0x00000000c3200000|100%|HS|  |TAMS 0x00000000c3100000| PB 0x00000000c3100000| Complete 
|  50|0x00000000c3200000, 0x00000000c3300000, 0x00000000c3300000|100%| O|  |TAMS 0x00000000c3200000| PB 0x00000000c3200000| Untracked 
|  51|0x00000000c3300000, 0x00000000c3400000, 0x00000000c3400000|100%| O|Cm|TAMS 0x00000000c3300000| PB 0x00000000c3300000| Complete 
|  52|0x00000000c3400000, 0x00000000c3500000, 0x00000000c3500000|100%|HS|  |TAMS 0x00000000c3400000| PB 0x00000000c3400000| Complete 
|  53|0x00000000c3500000, 0x00000000c3600000, 0x00000000c3600000|100%|HS|  |TAMS 0x00000000c3500000| PB 0x00000000c3500000| Complete 
|  54|0x00000000c3600000, 0x00000000c3700000, 0x00000000c3700000|100%| O|Cm|TAMS 0x00000000c3600000| PB 0x00000000c3600000| Complete 
|  55|0x00000000c3700000, 0x00000000c3800000, 0x00000000c3800000|100%| O|  |TAMS 0x00000000c3700000| PB 0x00000000c3700000| Untracked 
|  56|0x00000000c3800000, 0x00000000c3900000, 0x00000000c3900000|100%| O|  |TAMS 0x00000000c3800000| PB 0x00000000c3800000| Untracked 
|  57|0x00000000c3900000, 0x00000000c3a00000, 0x00000000c3a00000|100%| O|  |TAMS 0x00000000c3900000| PB 0x00000000c3900000| Untracked 
|  58|0x00000000c3a00000, 0x00000000c3b00000, 0x00000000c3b00000|100%| O|  |TAMS 0x00000000c3a00000| PB 0x00000000c3a00000| Untracked 
|  59|0x00000000c3b00000, 0x00000000c3b48560, 0x00000000c3c00000| 28%| O|  |TAMS 0x00000000c3b00000| PB 0x00000000c3b00000| Untracked 
|  60|0x00000000c3c00000, 0x00000000c3c00000, 0x00000000c3d00000|  0%| F|  |TAMS 0x00000000c3c00000| PB 0x00000000c3c00000| Untracked 
|  61|0x00000000c3d00000, 0x00000000c3d00000, 0x00000000c3e00000|  0%| F|  |TAMS 0x00000000c3d00000| PB 0x00000000c3d00000| Untracked 
|  62|0x00000000c3e00000, 0x00000000c3e00000, 0x00000000c3f00000|  0%| F|  |TAMS 0x00000000c3e00000| PB 0x00000000c3e00000| Untracked 
|  63|0x00000000c3f00000, 0x00000000c3f00000, 0x00000000c4000000|  0%| F|  |TAMS 0x00000000c3f00000| PB 0x00000000c3f00000| Untracked 
|  64|0x00000000c4000000, 0x00000000c4000000, 0x00000000c4100000|  0%| F|  |TAMS 0x00000000c4000000| PB 0x00000000c4000000| Untracked 
|  65|0x00000000c4100000, 0x00000000c4100000, 0x00000000c4200000|  0%| F|  |TAMS 0x00000000c4100000| PB 0x00000000c4100000| Untracked 
|  66|0x00000000c4200000, 0x00000000c4200000, 0x00000000c4300000|  0%| F|  |TAMS 0x00000000c4200000| PB 0x00000000c4200000| Untracked 
|  67|0x00000000c4300000, 0x00000000c4300000, 0x00000000c4400000|  0%| F|  |TAMS 0x00000000c4300000| PB 0x00000000c4300000| Untracked 
|  68|0x00000000c4400000, 0x00000000c4400000, 0x00000000c4500000|  0%| F|  |TAMS 0x00000000c4400000| PB 0x00000000c4400000| Untracked 
|  69|0x00000000c4500000, 0x00000000c4500000, 0x00000000c4600000|  0%| F|  |TAMS 0x00000000c4500000| PB 0x00000000c4500000| Untracked 
|  70|0x00000000c4600000, 0x00000000c4600000, 0x00000000c4700000|  0%| F|  |TAMS 0x00000000c4600000| PB 0x00000000c4600000| Untracked 
|  71|0x00000000c4700000, 0x00000000c4700000, 0x00000000c4800000|  0%| F|  |TAMS 0x00000000c4700000| PB 0x00000000c4700000| Untracked 
|  72|0x00000000c4800000, 0x00000000c4800000, 0x00000000c4900000|  0%| F|  |TAMS 0x00000000c4800000| PB 0x00000000c4800000| Untracked 
|  73|0x00000000c4900000, 0x00000000c4900000, 0x00000000c4a00000|  0%| F|  |TAMS 0x00000000c4900000| PB 0x00000000c4900000| Untracked 
|  74|0x00000000c4a00000, 0x00000000c4a00000, 0x00000000c4b00000|  0%| F|  |TAMS 0x00000000c4a00000| PB 0x00000000c4a00000| Untracked 
|  75|0x00000000c4b00000, 0x00000000c4ba1d08, 0x00000000c4c00000| 63%| S|CS|TAMS 0x00000000c4b00000| PB 0x00000000c4b00000| Complete 
|  76|0x00000000c4c00000, 0x00000000c4c00000, 0x00000000c4d00000|  0%| F|  |TAMS 0x00000000c4c00000| PB 0x00000000c4c00000| Untracked 
|  77|0x00000000c4d00000, 0x00000000c4d00000, 0x00000000c4e00000|  0%| F|  |TAMS 0x00000000c4d00000| PB 0x00000000c4d00000| Untracked 
|  78|0x00000000c4e00000, 0x00000000c4e00000, 0x00000000c4f00000|  0%| F|  |TAMS 0x00000000c4e00000| PB 0x00000000c4e00000| Untracked 
|  79|0x00000000c4f00000, 0x00000000c4f00000, 0x00000000c5000000|  0%| F|  |TAMS 0x00000000c4f00000| PB 0x00000000c4f00000| Untracked 
|  80|0x00000000c5000000, 0x00000000c5000000, 0x00000000c5100000|  0%| F|  |TAMS 0x00000000c5000000| PB 0x00000000c5000000| Untracked 
|  81|0x00000000c5100000, 0x00000000c5100000, 0x00000000c5200000|  0%| F|  |TAMS 0x00000000c5100000| PB 0x00000000c5100000| Untracked 
|  82|0x00000000c5200000, 0x00000000c5200000, 0x00000000c5300000|  0%| F|  |TAMS 0x00000000c5200000| PB 0x00000000c5200000| Untracked 
|  83|0x00000000c5300000, 0x00000000c5300000, 0x00000000c5400000|  0%| F|  |TAMS 0x00000000c5300000| PB 0x00000000c5300000| Untracked 
|  84|0x00000000c5400000, 0x00000000c5400000, 0x00000000c5500000|  0%| F|  |TAMS 0x00000000c5400000| PB 0x00000000c5400000| Untracked 
|  85|0x00000000c5500000, 0x00000000c5500000, 0x00000000c5600000|  0%| F|  |TAMS 0x00000000c5500000| PB 0x00000000c5500000| Untracked 
|  86|0x00000000c5600000, 0x00000000c5600000, 0x00000000c5700000|  0%| F|  |TAMS 0x00000000c5600000| PB 0x00000000c5600000| Untracked 
|  87|0x00000000c5700000, 0x00000000c5700000, 0x00000000c5800000|  0%| F|  |TAMS 0x00000000c5700000| PB 0x00000000c5700000| Untracked 
|  88|0x00000000c5800000, 0x00000000c5800000, 0x00000000c5900000|  0%| F|  |TAMS 0x00000000c5800000| PB 0x00000000c5800000| Untracked 
|  89|0x00000000c5900000, 0x00000000c5900000, 0x00000000c5a00000|  0%| F|  |TAMS 0x00000000c5900000| PB 0x00000000c5900000| Untracked 
|  90|0x00000000c5a00000, 0x00000000c5a00000, 0x00000000c5b00000|  0%| F|  |TAMS 0x00000000c5a00000| PB 0x00000000c5a00000| Untracked 
|  91|0x00000000c5b00000, 0x00000000c5b00000, 0x00000000c5c00000|  0%| F|  |TAMS 0x00000000c5b00000| PB 0x00000000c5b00000| Untracked 
|  92|0x00000000c5c00000, 0x00000000c5c00000, 0x00000000c5d00000|  0%| F|  |TAMS 0x00000000c5c00000| PB 0x00000000c5c00000| Untracked 
|  93|0x00000000c5d00000, 0x00000000c5d00000, 0x00000000c5e00000|  0%| F|  |TAMS 0x00000000c5d00000| PB 0x00000000c5d00000| Untracked 
|  94|0x00000000c5e00000, 0x00000000c5e00000, 0x00000000c5f00000|  0%| F|  |TAMS 0x00000000c5e00000| PB 0x00000000c5e00000| Untracked 
|  95|0x00000000c5f00000, 0x00000000c5f00000, 0x00000000c6000000|  0%| F|  |TAMS 0x00000000c5f00000| PB 0x00000000c5f00000| Untracked 
|  96|0x00000000c6000000, 0x00000000c6000000, 0x00000000c6100000|  0%| F|  |TAMS 0x00000000c6000000| PB 0x00000000c6000000| Untracked 
|  97|0x00000000c6100000, 0x00000000c6100000, 0x00000000c6200000|  0%| F|  |TAMS 0x00000000c6100000| PB 0x00000000c6100000| Untracked 
|  98|0x00000000c6200000, 0x00000000c6200000, 0x00000000c6300000|  0%| F|  |TAMS 0x00000000c6200000| PB 0x00000000c6200000| Untracked 
|  99|0x00000000c6300000, 0x00000000c6300000, 0x00000000c6400000|  0%| F|  |TAMS 0x00000000c6300000| PB 0x00000000c6300000| Untracked 
| 100|0x00000000c6400000, 0x00000000c6400000, 0x00000000c6500000|  0%| F|  |TAMS 0x00000000c6400000| PB 0x00000000c6400000| Untracked 
| 101|0x00000000c6500000, 0x00000000c65d1fe8, 0x00000000c6600000| 82%| E|  |TAMS 0x00000000c6500000| PB 0x00000000c6500000| Complete 
|1021|0x00000000ffd00000, 0x00000000ffe00000, 0x00000000ffe00000|100%| E|CS|TAMS 0x00000000ffd00000| PB 0x00000000ffd00000| Complete 
|1022|0x00000000ffe00000, 0x00000000fff00000, 0x00000000fff00000|100%| O|  |TAMS 0x00000000ffe00000| PB 0x00000000ffe00000| Untracked 
|1023|0x00000000fff00000, 0x0000000100000000, 0x0000000100000000|100%| O|  |TAMS 0x00000000fff00000| PB 0x00000000fff00000| Untracked 

Card table byte_map: [0x0000024f61490000,0x0000024f61690000] _byte_map_base: 0x0000024f60e90000

Marking Bits: (CMBitMap*) 0x0000024f49bd3170
 Bits: [0x0000024f61690000, 0x0000024f62690000)

Polling page: 0x0000024f47a90000

Metaspace:

Usage:
  Non-class:     49.19 MB used.
      Class:      7.97 MB used.
       Both:     57.16 MB used.

Virtual space:
  Non-class space:       64.00 MB reserved,      50.12 MB ( 78%) committed,  1 nodes.
      Class space:      208.00 MB reserved,       8.94 MB (  4%) committed,  1 nodes.
             Both:      272.00 MB reserved,      59.06 MB ( 22%) committed. 

Chunk freelists:
   Non-Class:  13.58 MB
       Class:  7.09 MB
        Both:  20.67 MB

MaxMetaspaceSize: 256.00 MB
CompressedClassSpaceSize: 208.00 MB
Initial GC threshold: 21.00 MB
Current GC threshold: 98.38 MB
CDS: on
 - commit_granule_bytes: 65536.
 - commit_granule_words: 8192.
 - virtual_space_node_default_size: 8388608.
 - enlarge_chunks_in_place: 1.
 - use_allocation_guard: 0.


Internal statistics:

num_allocs_failed_limit: 6.
num_arena_births: 3332.
num_arena_deaths: 0.
num_vsnodes_births: 2.
num_vsnodes_deaths: 0.
num_space_committed: 945.
num_space_uncommitted: 0.
num_chunks_returned_to_freelist: 6.
num_chunks_taken_from_freelist: 6189.
num_chunk_merges: 3.
num_chunk_splits: 4017.
num_chunks_enlarged: 2459.
num_inconsistent_stats: 0.

CodeHeap 'non-profiled nmethods': size=120000Kb used=3589Kb max_used=3618Kb free=116410Kb
 bounds [0x0000024f59d60000, 0x0000024f5a100000, 0x0000024f61290000]
CodeHeap 'profiled nmethods': size=120000Kb used=13051Kb max_used=13643Kb free=106949Kb
 bounds [0x0000024f52290000, 0x0000024f53000000, 0x0000024f597c0000]
CodeHeap 'non-nmethods': size=5760Kb used=2251Kb max_used=2291Kb free=3508Kb
 bounds [0x0000024f597c0000, 0x0000024f59a30000, 0x0000024f59d60000]
 total_blobs=7849 nmethods=7075 adapters=677
 compilation: enabled
              stopped_count=0, restarted_count=0
 full_count=0

Compilation events (20 events):
Event: 27.768 Thread 0x0000024f64b0e050 8298       3       java.util.Iterator::forEachRemaining (30 bytes)
Event: 27.769 Thread 0x0000024f64b0e050 nmethod 8298 0x0000024f52375e90 code [0x0000024f523760a0, 0x0000024f52376610]
Event: 27.769 Thread 0x0000024f64b0e050 8300       3       sun.util.locale.BaseLocale::equals (71 bytes)
Event: 27.769 Thread 0x0000024f64b0e050 nmethod 8300 0x0000024f524e3d10 code [0x0000024f524e3ee0, 0x0000024f524e4390]
Event: 27.781 Thread 0x0000024f64b0e050 8301   !   3       java.util.zip.InflaterInputStream::read (129 bytes)
Event: 27.782 Thread 0x0000024f64b0e050 nmethod 8301 0x0000024f52832490 code [0x0000024f52832760, 0x0000024f52833490]
Event: 27.786 Thread 0x0000024f64b0e050 8302       3       java.lang.reflect.Constructor::setAccessible (21 bytes)
Event: 27.786 Thread 0x0000024f64b0e050 nmethod 8302 0x0000024f52cb1d10 code [0x0000024f52cb1f20, 0x0000024f52cb2500]
Event: 27.786 Thread 0x0000024f64b0e050 8303       3       java.lang.reflect.Constructor::checkCanSetAccessible (29 bytes)
Event: 27.786 Thread 0x0000024f64b0e050 nmethod 8303 0x0000024f5258c290 code [0x0000024f5258c460, 0x0000024f5258c738]
Event: 27.816 Thread 0x0000024f64b0e050 8304       3       org.gradle.internal.io.StreamByteBuffer::readFully (27 bytes)
Event: 27.817 Thread 0x0000024f64b0e050 nmethod 8304 0x0000024f52890110 code [0x0000024f528902e0, 0x0000024f52890538]
Event: 27.817 Thread 0x0000024f64b0e050 8305       3       org.gradle.internal.io.StreamByteBuffer::readAsByteArray (21 bytes)
Event: 27.817 Thread 0x0000024f64b0e050 nmethod 8305 0x0000024f52909910 code [0x0000024f52909ae0, 0x0000024f52909d28]
Event: 27.966 Thread 0x0000024f64b0e050 8306       3       com.google.common.collect.MapMakerInternalMap$StrongKeyWeakValueEntry::getValue (10 bytes)
Event: 27.966 Thread 0x0000024f64b0e050 nmethod 8306 0x0000024f52868510 code [0x0000024f528686c0, 0x0000024f52868898]
Event: 28.110 Thread 0x0000024f64b0d5c0 nmethod 8221 0x0000024f5a0e7290 code [0x0000024f5a0e7b60, 0x0000024f5a0efe20]
Event: 28.112 Thread 0x0000024f64b0d5c0 8297       4       sun.util.locale.LocaleUtils::toLowerString (95 bytes)
Event: 28.123 Thread 0x0000024f64b0d5c0 nmethod 8297 0x0000024f59ea4d10 code [0x0000024f59ea4f00, 0x0000024f59ea56c8]
Event: 28.123 Thread 0x0000024f64b0d5c0 8299       4       sun.util.locale.BaseLocale::getInstance (150 bytes)

GC Heap History (20 events):
Event: 14.208 GC heap before
{Heap before GC invocations=19 (full 0):
 garbage-first heap   total 76800K, used 65502K [0x00000000c0000000, 0x0000000100000000)
  region size 1024K, 32 young (32768K), 4 survivors (4096K)
 Metaspace       used 52388K, committed 54272K, reserved 278528K
  class space    used 7554K, committed 8512K, reserved 212992K
}
Event: 14.214 GC heap after
{Heap after GC invocations=20 (full 0):
 garbage-first heap   total 76800K, used 39384K [0x00000000c0000000, 0x0000000100000000)
  region size 1024K, 3 young (3072K), 3 survivors (3072K)
 Metaspace       used 52388K, committed 54272K, reserved 278528K
  class space    used 7554K, committed 8512K, reserved 212992K
}
Event: 16.315 GC heap before
{Heap before GC invocations=21 (full 0):
 garbage-first heap   total 76800K, used 67032K [0x00000000c0000000, 0x0000000100000000)
  region size 1024K, 31 young (31744K), 3 survivors (3072K)
 Metaspace       used 53697K, committed 55552K, reserved 278528K
  class space    used 7668K, committed 8576K, reserved 212992K
}
Event: 16.323 GC heap after
{Heap after GC invocations=22 (full 0):
 garbage-first heap   total 76800K, used 42649K [0x00000000c0000000, 0x0000000100000000)
  region size 1024K, 4 young (4096K), 4 survivors (4096K)
 Metaspace       used 53697K, committed 55552K, reserved 278528K
  class space    used 7668K, committed 8576K, reserved 212992K
}
Event: 19.406 GC heap before
{Heap before GC invocations=22 (full 0):
 garbage-first heap   total 76800K, used 66201K [0x00000000c0000000, 0x0000000100000000)
  region size 1024K, 28 young (28672K), 4 survivors (4096K)
 Metaspace       used 54008K, committed 55872K, reserved 278528K
  class space    used 7669K, committed 8576K, reserved 212992K
}
Event: 19.413 GC heap after
{Heap after GC invocations=23 (full 0):
 garbage-first heap   total 76800K, used 44379K [0x00000000c0000000, 0x0000000100000000)
  region size 1024K, 2 young (2048K), 2 survivors (2048K)
 Metaspace       used 54008K, committed 55872K, reserved 278528K
  class space    used 7669K, committed 8576K, reserved 212992K
}
Event: 22.477 GC heap before
{Heap before GC invocations=23 (full 0):
 garbage-first heap   total 76800K, used 68955K [0x00000000c0000000, 0x0000000100000000)
  region size 1024K, 26 young (26624K), 2 survivors (2048K)
 Metaspace       used 54233K, committed 56064K, reserved 278528K
  class space    used 7669K, committed 8576K, reserved 212992K
}
Event: 22.481 GC heap after
{Heap after GC invocations=24 (full 0):
 garbage-first heap   total 76800K, used 45314K [0x00000000c0000000, 0x0000000100000000)
  region size 1024K, 3 young (3072K), 3 survivors (3072K)
 Metaspace       used 54233K, committed 56064K, reserved 278528K
  class space    used 7669K, committed 8576K, reserved 212992K
}
Event: 25.181 GC heap before
{Heap before GC invocations=25 (full 0):
 garbage-first heap   total 76800K, used 67842K [0x00000000c0000000, 0x0000000100000000)
  region size 1024K, 25 young (25600K), 3 survivors (3072K)
 Metaspace       used 54275K, committed 56128K, reserved 278528K
  class space    used 7669K, committed 8576K, reserved 212992K
}
Event: 25.185 GC heap after
{Heap after GC invocations=26 (full 0):
 garbage-first heap   total 76800K, used 46578K [0x00000000c0000000, 0x0000000100000000)
  region size 1024K, 3 young (3072K), 3 survivors (3072K)
 Metaspace       used 54275K, committed 56128K, reserved 278528K
  class space    used 7669K, committed 8576K, reserved 212992K
}
Event: 26.657 GC heap before
{Heap before GC invocations=26 (full 0):
 garbage-first heap   total 76800K, used 72178K [0x00000000c0000000, 0x0000000100000000)
  region size 1024K, 24 young (24576K), 3 survivors (3072K)
 Metaspace       used 54821K, committed 56640K, reserved 278528K
  class space    used 7758K, committed 8640K, reserved 212992K
}
Event: 26.664 GC heap after
{Heap after GC invocations=27 (full 0):
 garbage-first heap   total 80896K, used 54802K [0x00000000c0000000, 0x0000000100000000)
  region size 1024K, 3 young (3072K), 3 survivors (3072K)
 Metaspace       used 54821K, committed 56640K, reserved 278528K
  class space    used 7758K, committed 8640K, reserved 212992K
}
Event: 26.706 GC heap before
{Heap before GC invocations=27 (full 0):
 garbage-first heap   total 80896K, used 54802K [0x00000000c0000000, 0x0000000100000000)
  region size 1024K, 5 young (5120K), 3 survivors (3072K)
 Metaspace       used 54821K, committed 56640K, reserved 278528K
  class space    used 7758K, committed 8640K, reserved 212992K
}
Event: 26.708 GC heap after
{Heap after GC invocations=28 (full 0):
 garbage-first heap   total 80896K, used 56779K [0x00000000c0000000, 0x0000000100000000)
  region size 1024K, 2 young (2048K), 2 survivors (2048K)
 Metaspace       used 54821K, committed 56640K, reserved 278528K
  class space    used 7758K, committed 8640K, reserved 212992K
}
Event: 27.079 GC heap before
{Heap before GC invocations=29 (full 0):
 garbage-first heap   total 99328K, used 69067K [0x00000000c0000000, 0x0000000100000000)
  region size 1024K, 12 young (12288K), 2 survivors (2048K)
 Metaspace       used 55372K, committed 57216K, reserved 278528K
  class space    used 7812K, committed 8704K, reserved 212992K
}
Event: 27.086 GC heap after
{Heap after GC invocations=30 (full 0):
 garbage-first heap   total 99328K, used 60426K [0x00000000c0000000, 0x0000000100000000)
  region size 1024K, 2 young (2048K), 2 survivors (2048K)
 Metaspace       used 55372K, committed 57216K, reserved 278528K
  class space    used 7812K, committed 8704K, reserved 212992K
}
Event: 27.550 GC heap before
{Heap before GC invocations=30 (full 0):
 garbage-first heap   total 99328K, used 79882K [0x00000000c0000000, 0x0000000100000000)
  region size 1024K, 21 young (21504K), 2 survivors (2048K)
 Metaspace       used 56670K, committed 58560K, reserved 278528K
  class space    used 7980K, committed 8896K, reserved 212992K
}
Event: 27.554 GC heap after
{Heap after GC invocations=31 (full 0):
 garbage-first heap   total 99328K, used 63004K [0x00000000c0000000, 0x0000000100000000)
  region size 1024K, 3 young (3072K), 3 survivors (3072K)
 Metaspace       used 56670K, committed 58560K, reserved 278528K
  class space    used 7980K, committed 8896K, reserved 212992K
}
Event: 28.001 GC heap before
{Heap before GC invocations=31 (full 0):
 garbage-first heap   total 99328K, used 82460K [0x00000000c0000000, 0x0000000100000000)
  region size 1024K, 22 young (22528K), 3 survivors (3072K)
 Metaspace       used 58437K, committed 60416K, reserved 278528K
  class space    used 8145K, committed 9152K, reserved 212992K
}
Event: 28.008 GC heap after
{Heap after GC invocations=32 (full 0):
 garbage-first heap   total 99328K, used 63400K [0x00000000c0000000, 0x0000000100000000)
  region size 1024K, 1 young (1024K), 1 survivors (1024K)
 Metaspace       used 58437K, committed 60416K, reserved 278528K
  class space    used 8145K, committed 9152K, reserved 212992K
}

Dll operation events (15 events):
Event: 0.016 Loaded shared library C:\Users\DELL\.gradle\jdks\eclipse_adoptium-21-amd64-windows.2\bin\java.dll
Event: 0.179 Loaded shared library C:\Users\DELL\.gradle\jdks\eclipse_adoptium-21-amd64-windows.2\bin\jsvml.dll
Event: 0.243 Loaded shared library C:\Users\DELL\.gradle\jdks\eclipse_adoptium-21-amd64-windows.2\bin\zip.dll
Event: 0.253 Loaded shared library C:\Users\DELL\.gradle\jdks\eclipse_adoptium-21-amd64-windows.2\bin\instrument.dll
Event: 0.283 Loaded shared library C:\Users\DELL\.gradle\jdks\eclipse_adoptium-21-amd64-windows.2\bin\net.dll
Event: 0.298 Loaded shared library C:\Users\DELL\.gradle\jdks\eclipse_adoptium-21-amd64-windows.2\bin\nio.dll
Event: 0.305 Loaded shared library C:\Users\DELL\.gradle\jdks\eclipse_adoptium-21-amd64-windows.2\bin\zip.dll
Event: 0.778 Loaded shared library C:\Users\DELL\.gradle\jdks\eclipse_adoptium-21-amd64-windows.2\bin\jimage.dll
Event: 1.252 Loaded shared library C:\Users\DELL\.gradle\jdks\eclipse_adoptium-21-amd64-windows.2\bin\verify.dll
Event: 1.296 Loaded shared library C:\Users\DELL\.gradle\native\660c5614fbf4a5f2a75b1949f50a0caf5cd603558e7d8a26e50b933a0cfb79d1\windows-amd64\native-platform.dll
Event: 1.316 Loaded shared library C:\Users\DELL\.gradle\native\0.2.8\x86_64-windows-gnu\gradle-fileevents.dll
Event: 3.192 Loaded shared library C:\Users\DELL\.gradle\jdks\eclipse_adoptium-21-amd64-windows.2\bin\management.dll
Event: 3.200 Loaded shared library C:\Users\DELL\.gradle\jdks\eclipse_adoptium-21-amd64-windows.2\bin\management_ext.dll
Event: 3.423 Loaded shared library C:\Users\DELL\.gradle\jdks\eclipse_adoptium-21-amd64-windows.2\bin\extnet.dll
Event: 3.920 Loaded shared library C:\Users\DELL\.gradle\jdks\eclipse_adoptium-21-amd64-windows.2\bin\sunmscapi.dll

Deoptimization events (20 events):
Event: 27.669 Thread 0x0000024f786090a0 Uncommon trap: trap_request=0xffffffd6 fr.pc=0x0000024f5a075eec relative=0x00000000000003ac
Event: 27.669 Thread 0x0000024f786090a0 Uncommon trap: reason=array_check action=maybe_recompile pc=0x0000024f5a075eec method=java.util.LinkedHashMap.keysToArray([Ljava/lang/Object;Z)[Ljava/lang/Object; @ 67 c2
Event: 27.669 Thread 0x0000024f786090a0 DEOPT PACKING pc=0x0000024f5a075eec sp=0x00000096d64f4f70
Event: 27.669 Thread 0x0000024f786090a0 DEOPT UNPACKING pc=0x0000024f59817da2 sp=0x00000096d64f4f10 mode 2
Event: 27.695 Thread 0x0000024f786090a0 Uncommon trap: trap_request=0xffffffde fr.pc=0x0000024f59f63bf8 relative=0x0000000000000238
Event: 27.695 Thread 0x0000024f786090a0 Uncommon trap: reason=class_check action=maybe_recompile pc=0x0000024f59f63bf8 method=com.google.common.collect.NaturalOrdering.compare(Ljava/lang/Object;Ljava/lang/Object;)I @ 2 c2
Event: 27.695 Thread 0x0000024f786090a0 DEOPT PACKING pc=0x0000024f59f63bf8 sp=0x00000096d64f6690
Event: 27.695 Thread 0x0000024f786090a0 DEOPT UNPACKING pc=0x0000024f59817da2 sp=0x00000096d64f6610 mode 2
Event: 27.695 Thread 0x0000024f786090a0 Uncommon trap: trap_request=0xffffffde fr.pc=0x0000024f59f63bf8 relative=0x0000000000000238
Event: 27.695 Thread 0x0000024f786090a0 Uncommon trap: reason=class_check action=maybe_recompile pc=0x0000024f59f63bf8 method=com.google.common.collect.NaturalOrdering.compare(Ljava/lang/Object;Ljava/lang/Object;)I @ 2 c2
Event: 27.695 Thread 0x0000024f786090a0 DEOPT PACKING pc=0x0000024f59f63bf8 sp=0x00000096d64f6820
Event: 27.695 Thread 0x0000024f786090a0 DEOPT UNPACKING pc=0x0000024f59817da2 sp=0x00000096d64f67b8 mode 2
Event: 27.746 Thread 0x0000024f786090a0 Uncommon trap: trap_request=0xffffff45 fr.pc=0x0000024f59e80b88 relative=0x0000000000001d28
Event: 27.746 Thread 0x0000024f786090a0 Uncommon trap: reason=unstable_if action=reinterpret pc=0x0000024f59e80b88 method=java.util.zip.InflaterInputStream.read([BII)I @ 94 c2
Event: 27.746 Thread 0x0000024f786090a0 DEOPT PACKING pc=0x0000024f59e80b88 sp=0x00000096d64f4cc0
Event: 27.746 Thread 0x0000024f786090a0 DEOPT UNPACKING pc=0x0000024f59817da2 sp=0x00000096d64f4d20 mode 2
Event: 28.119 Thread 0x0000024f64bcb140 Uncommon trap: trap_request=0xffffffde fr.pc=0x0000024f5a0b4f3c relative=0x00000000000004dc
Event: 28.119 Thread 0x0000024f64bcb140 Uncommon trap: reason=class_check action=maybe_recompile pc=0x0000024f5a0b4f3c method=jdk.internal.ref.PhantomCleanable.clean()V @ 12 c2
Event: 28.119 Thread 0x0000024f64bcb140 DEOPT PACKING pc=0x0000024f5a0b4f3c sp=0x00000096d59ff1c0
Event: 28.119 Thread 0x0000024f64bcb140 DEOPT UNPACKING pc=0x0000024f59817da2 sp=0x00000096d59ff1a0 mode 2

Classes loaded (20 events):
Event: 14.325 Loading class jdk/internal/access/JavaObjectInputFilterAccess
Event: 14.325 Loading class jdk/internal/access/JavaObjectInputFilterAccess done
Event: 14.326 Loading class jdk/internal/event/DeserializationEvent
Event: 14.327 Loading class jdk/internal/event/DeserializationEvent done
Event: 14.327 Loading class java/io/ObjectInputStream$FieldValues
Event: 14.328 Loading class java/io/ObjectInputStream$GetField
Event: 14.328 Loading class java/io/ObjectInputStream$GetField done
Event: 14.328 Loading class java/io/ObjectInputStream$FieldValues done
Event: 14.889 Loading class java/util/LinkedList$LLSpliterator
Event: 14.889 Loading class java/util/LinkedList$LLSpliterator done
Event: 18.677 Loading class java/lang/foreign/MemorySegment
Event: 18.678 Loading class java/lang/foreign/MemorySegment done
Event: 26.501 Loading class java/lang/ProcessBuilder
Event: 26.502 Loading class java/lang/ProcessBuilder done
Event: 27.674 Loading class java/util/Comparators$NullComparator
Event: 27.675 Loading class java/util/Comparators$NullComparator done
Event: 27.760 Loading class java/io/StringReader
Event: 27.760 Loading class java/io/StringReader done
Event: 27.769 Loading class sun/text/resources/cldr/FormatData_en_US
Event: 27.769 Loading class sun/text/resources/cldr/FormatData_en_US done

Classes unloaded (0 events):
No events

Classes redefined (0 events):
No events

Internal exceptions (20 events):
Event: 14.289 Thread 0x0000024f786090a0 Exception <a 'java/lang/NoSuchMethodError'{0x00000000c499a640}: static Lorg/gradle/api/internal/catalog/DefaultVersionCatalog;.<clinit>()V> (0x00000000c499a640) 
thrown [s\src\hotspot\share\prims\jni.cpp, line 1111]
Event: 14.292 Thread 0x0000024f786090a0 Exception <a 'java/lang/NoSuchMethodError'{0x00000000c49be300}: 'long java.lang.invoke.DirectMethodHandle$Holder.invokeSpecial(java.lang.Object, java.lang.Object)'> (0x00000000c49be300) 
thrown [s\src\hotspot\share\interpreter\linkResolver.cpp, line 773]
Event: 14.292 Thread 0x0000024f786090a0 Exception <a 'java/lang/NoSuchMethodError'{0x00000000c49c2788}: 'long java.lang.invoke.Invokers$Holder.invokeExact_MT(java.lang.Object, java.lang.Object)'> (0x00000000c49c2788) 
thrown [s\src\hotspot\share\interpreter\linkResolver.cpp, line 773]
Event: 14.297 Thread 0x0000024f786090a0 Exception <a 'java/lang/NoSuchMethodError'{0x00000000c49f7f20}: static [Ljava/lang/Object;.<clinit>()V> (0x00000000c49f7f20) 
thrown [s\src\hotspot\share\prims\jni.cpp, line 1111]
Event: 14.303 Thread 0x0000024f786090a0 Exception <a 'java/lang/NoSuchMethodError'{0x00000000c4836088}: static Lorg/gradle/api/internal/catalog/DependencyModel;.<clinit>()V> (0x00000000c4836088) 
thrown [s\src\hotspot\share\prims\jni.cpp, line 1111]
Event: 14.303 Thread 0x0000024f786090a0 Exception <a 'java/lang/NoSuchMethodError'{0x00000000c483a138}: static Lorg/gradle/api/internal/catalog/AbstractContextAwareModel;.<clinit>()V> (0x00000000c483a138) 
thrown [s\src\hotspot\share\prims\jni.cpp, line 1111]
Event: 14.305 Thread 0x0000024f786090a0 Exception <a 'java/lang/NoSuchMethodError'{0x00000000c4853d80}: static Lorg/gradle/api/internal/artifacts/dependencies/AbstractVersionConstraint;.<clinit>()V> (0x00000000c4853d80) 
thrown [s\src\hotspot\share\prims\jni.cpp, line 1111]
Event: 14.312 Thread 0x0000024f786090a0 Exception <a 'java/lang/NoSuchMethodError'{0x00000000c48b1b98}: static Lorg/gradle/api/internal/catalog/PluginModel;.<clinit>()V> (0x00000000c48b1b98) 
thrown [s\src\hotspot\share\prims\jni.cpp, line 1111]
Event: 14.314 Thread 0x0000024f786090a0 Exception <a 'java/lang/NoSuchMethodError'{0x00000000c48c9130}: static Lorg/gradle/api/internal/catalog/VersionModel;.<clinit>()V> (0x00000000c48c9130) 
thrown [s\src\hotspot\share\prims\jni.cpp, line 1111]
Event: 14.318 Thread 0x0000024f786090a0 Exception <a 'java/lang/NoSuchMethodError'{0x00000000c48d2c38}: 'void java.lang.invoke.DirectMethodHandle$Holder.invokeSpecial(java.lang.Object, java.lang.Object, java.lang.Object, int)'> (0x00000000c48d2c38) 
thrown [s\src\hotspot\share\interpreter\linkResolver.cpp, line 773]
Event: 14.890 Thread 0x0000024f786090a0 Exception <a 'java/lang/IncompatibleClassChangeError'{0x00000000c3d843e0}: Found class java.lang.Object, but interface was expected> (0x00000000c3d843e0) 
thrown [s\src\hotspot\share\interpreter\linkResolver.cpp, line 840]
Event: 26.300 Thread 0x0000024f786090a0 Exception <a 'java/lang/NoSuchMethodError'{0x00000000c41eb538}: 'void java.lang.invoke.DirectMethodHandle$Holder.invokeInterface(java.lang.Object, java.lang.Object, java.lang.Object, java.lang.Object)'> (0x00000000c41eb538) 
thrown [s\src\hotspot\share\interpreter\linkResolver.cpp, line 773]
Event: 26.366 Thread 0x0000024f786090a0 Implicit null exception at 0x0000024f5a03cebd to 0x0000024f5a03d3b7
Event: 26.366 Thread 0x0000024f786090a0 Implicit null exception at 0x0000024f5a03e43f to 0x0000024f5a03e934
Event: 26.492 Thread 0x0000024f786090a0 Exception <a 'java/lang/NoSuchMethodError'{0x00000000c3bf1738}: 'void java.lang.invoke.Invokers$Holder.invoke_MT(java.lang.Object, java.lang.Object, java.lang.Object, java.lang.Object)'> (0x00000000c3bf1738) 
thrown [s\src\hotspot\share\interpreter\linkResolver.cpp, line 773]
Event: 26.501 Thread 0x0000024f786090a0 Exception <a 'java/lang/NoSuchMethodError'{0x00000000c3a60ca0}: 'java.lang.Object java.lang.invoke.DirectMethodHandle$Holder.invokeStaticInit(java.lang.Object, java.lang.Object, java.lang.Object, java.lang.Object, java.lang.Object, java.lang.Object, java.lang.Object)'> (0x00000000c3a60ca0) 
thrown [s\src\hotspot\share\interpreter\linkResolver.cpp, line 773]
Event: 26.507 Thread 0x0000024f786090a0 Exception <a 'java/lang/NoSuchMethodError'{0x00000000c3a896f8}: 'java.lang.Object java.lang.invoke.DirectMethodHandle$Holder.invokeSpecial(java.lang.Object, java.lang.Object, java.lang.Object, int, java.lang.Object, java.lang.Object)'> (0x00000000c3a896f8) 
thrown [s\src\hotspot\share\interpreter\linkResolver.cpp, line 773]
Event: 26.825 Thread 0x0000024f786090a0 Exception <a 'java/lang/ClassNotFoundException'{0x00000000c5d580d8}: org/gradle/api/internal/plugins/DefaultObjectConfigurationActionBeanInfo> (0x00000000c5d580d8) 
thrown [s\src\hotspot\share\classfile\systemDictionary.cpp, line 312]
Event: 26.826 Thread 0x0000024f786090a0 Exception <a 'java/lang/ClassNotFoundException'{0x00000000c5d70170}: org/gradle/api/internal/plugins/DefaultObjectConfigurationActionCustomizer> (0x00000000c5d70170) 
thrown [s\src\hotspot\share\classfile\systemDictionary.cpp, line 312]
Event: 27.673 Thread 0x0000024f786090a0 Exception <a 'java/lang/NoSuchMethodError'{0x00000000c5b96f50}: 'int java.lang.invoke.DirectMethodHandle$Holder.invokeSpecialIFC(java.lang.Object, java.lang.Object, java.lang.Object, java.lang.Object, java.lang.Object)'> (0x00000000c5b96f50) 
thrown [s\src\hotspot\share\interpreter\linkResolver.cpp, line 773]

ZGC Phase Switch (0 events):
No events

VM Operations (20 events):
Event: 25.181 Executing VM operation: G1CollectForAllocation (G1 Evacuation Pause)
Event: 25.185 Executing VM operation: G1CollectForAllocation (G1 Evacuation Pause) done
Event: 26.198 Executing VM operation: Cleanup
Event: 26.198 Executing VM operation: Cleanup done
Event: 26.657 Executing VM operation: G1CollectForAllocation (G1 Evacuation Pause)
Event: 26.664 Executing VM operation: G1CollectForAllocation (G1 Evacuation Pause) done
Event: 26.706 Executing VM operation: G1TryInitiateConcMark (G1 Humongous Allocation)
Event: 26.709 Executing VM operation: G1TryInitiateConcMark (G1 Humongous Allocation) done
Event: 26.783 Executing VM operation: G1PauseRemark
Event: 26.789 Executing VM operation: G1PauseRemark done
Event: 26.823 Executing VM operation: G1PauseCleanup
Event: 26.823 Executing VM operation: G1PauseCleanup done
Event: 27.079 Executing VM operation: G1CollectForAllocation (G1 Evacuation Pause)
Event: 27.086 Executing VM operation: G1CollectForAllocation (G1 Evacuation Pause) done
Event: 27.550 Executing VM operation: G1CollectForAllocation (G1 Evacuation Pause)
Event: 27.554 Executing VM operation: G1CollectForAllocation (G1 Evacuation Pause) done
Event: 28.001 Executing VM operation: G1CollectForAllocation (G1 Evacuation Pause)
Event: 28.008 Executing VM operation: G1CollectForAllocation (G1 Evacuation Pause) done
Event: 28.129 Executing VM operation: G1PauseRemark
Event: 28.139 Executing VM operation: G1PauseRemark done

Memory protections (0 events):
No events

Nmethod flushes (20 events):
Event: 28.136 Thread 0x0000024f49c52370 flushing  nmethod 0x0000024f52e4a690
Event: 28.136 Thread 0x0000024f49c52370 flushing  nmethod 0x0000024f59e77d90
Event: 28.136 Thread 0x0000024f49c52370 flushing  nmethod 0x0000024f5a0d3490
Event: 28.136 Thread 0x0000024f49c52370 flushing  nmethod 0x0000024f52324290
Event: 28.136 Thread 0x0000024f49c52370 flushing  nmethod 0x0000024f524ebe10
Event: 28.136 Thread 0x0000024f49c52370 flushing  nmethod 0x0000024f5258b410
Event: 28.136 Thread 0x0000024f49c52370 flushing  nmethod 0x0000024f5258c890
Event: 28.136 Thread 0x0000024f49c52370 flushing  nmethod 0x0000024f526bf510
Event: 28.136 Thread 0x0000024f49c52370 flushing  nmethod 0x0000024f52703d10
Event: 28.136 Thread 0x0000024f49c52370 flushing  nmethod 0x0000024f52a7a010
Event: 28.136 Thread 0x0000024f49c52370 flushing  nmethod 0x0000024f52aa5290
Event: 28.136 Thread 0x0000024f49c52370 flushing  nmethod 0x0000024f52aa8a90
Event: 28.136 Thread 0x0000024f49c52370 flushing  nmethod 0x0000024f52aab790
Event: 28.136 Thread 0x0000024f49c52370 flushing  nmethod 0x0000024f52b29e10
Event: 28.136 Thread 0x0000024f49c52370 flushing  nmethod 0x0000024f52b2bd90
Event: 28.136 Thread 0x0000024f49c52370 flushing  nmethod 0x0000024f52b48b90
Event: 28.136 Thread 0x0000024f49c52370 flushing  nmethod 0x0000024f52bccb90
Event: 28.136 Thread 0x0000024f49c52370 flushing  nmethod 0x0000024f52cfcc90
Event: 28.136 Thread 0x0000024f49c52370 flushing  nmethod 0x0000024f52e3e110
Event: 28.136 Thread 0x0000024f49c52370 flushing  nmethod 0x0000024f52e71990

Events (20 events):
Event: 4.101 Thread 0x0000024f786090a0 Thread added: 0x0000024f78647e50
Event: 4.108 Thread 0x0000024f786090a0 Thread added: 0x0000024f787bbff0
Event: 4.119 Thread 0x0000024f786090a0 Thread added: 0x0000024f787bac40
Event: 4.644 Thread 0x0000024f786090a0 Thread added: 0x0000024f787bb2d0
Event: 4.674 Thread 0x0000024f786090a0 Thread added: 0x0000024f787bcd10
Event: 4.755 Thread 0x0000024f786090a0 Thread added: 0x0000024f787b9890
Event: 7.515 Thread 0x0000024f786090a0 Thread added: 0x0000024f787bb960
Event: 7.585 Thread 0x0000024f786090a0 Thread added: 0x0000024f787bc680
Event: 8.006 Thread 0x0000024f786090a0 Thread added: 0x0000024f787b9f20
Event: 8.011 Thread 0x0000024f786090a0 Thread added: 0x0000024f787ba5b0
Event: 8.240 Thread 0x0000024f786090a0 Thread added: 0x0000024f78ef96d0
Event: 8.320 Thread 0x0000024f786090a0 Thread added: 0x0000024f78efa3f0
Event: 8.678 Thread 0x0000024f786090a0 Thread added: 0x0000024f78efffd0
Event: 8.760 Thread 0x0000024f786090a0 Thread added: 0x0000024f78ef9040
Event: 11.855 Thread 0x0000024f786090a0 Thread added: 0x0000024f78f00660
Event: 11.928 Thread 0x0000024f786090a0 Thread added: 0x0000024f78efaa80
Event: 12.027 Thread 0x0000024f786090a0 Thread added: 0x0000024f78efdf00
Event: 14.912 Thread 0x0000024f786090a0 Thread added: 0x0000024f78eff940
Event: 15.083 Thread 0x0000024f786090a0 Thread added: 0x0000024f78efe590
Event: 17.394 Thread 0x0000024f786090a0 Thread added: 0x0000024f78efec20


Dynamic libraries:
0x00007ff7c50b0000 - 0x00007ff7c50be000 	C:\Users\DELL\.gradle\jdks\eclipse_adoptium-21-amd64-windows.2\bin\java.exe
0x00007ffbe3470000 - 0x00007ffbe3668000 	C:\Windows\SYSTEM32\ntdll.dll
0x00007ffbe29e0000 - 0x00007ffbe2aa2000 	C:\Windows\System32\KERNEL32.DLL
0x00007ffbe0c80000 - 0x00007ffbe0f76000 	C:\Windows\System32\KERNELBASE.dll
0x00007ffbe0f80000 - 0x00007ffbe1080000 	C:\Windows\System32\ucrtbase.dll
0x00007ffbccc00000 - 0x00007ffbccc18000 	C:\Users\DELL\.gradle\jdks\eclipse_adoptium-21-amd64-windows.2\bin\jli.dll
0x00007ffbe2ab0000 - 0x00007ffbe2c51000 	C:\Windows\System32\USER32.dll
0x00007ffbbef70000 - 0x00007ffbbef8e000 	C:\Users\DELL\.gradle\jdks\eclipse_adoptium-21-amd64-windows.2\bin\VCRUNTIME140.dll
0x00007ffbe1220000 - 0x00007ffbe1242000 	C:\Windows\System32\win32u.dll
0x00007ffbce3d0000 - 0x00007ffbce66b000 	C:\Windows\WinSxS\amd64_microsoft.windows.common-controls_6595b64144ccf1df_6.0.19041.6456_none_60b8a6cb71f64256\COMCTL32.dll
0x00007ffbe1490000 - 0x00007ffbe14bb000 	C:\Windows\System32\GDI32.dll
0x00007ffbe2fb0000 - 0x00007ffbe304e000 	C:\Windows\System32\msvcrt.dll
0x00007ffbe1100000 - 0x00007ffbe1219000 	C:\Windows\System32\gdi32full.dll
0x00007ffbe0b90000 - 0x00007ffbe0c2d000 	C:\Windows\System32\msvcp_win.dll
0x00007ffbe31a0000 - 0x00007ffbe31cf000 	C:\Windows\System32\IMM32.DLL
0x00007ffbda840000 - 0x00007ffbda84c000 	C:\Users\DELL\.gradle\jdks\eclipse_adoptium-21-amd64-windows.2\bin\vcruntime140_1.dll
0x00007ffbb6ac0000 - 0x00007ffbb6b4d000 	C:\Users\DELL\.gradle\jdks\eclipse_adoptium-21-amd64-windows.2\bin\msvcp140.dll
0x00007ffb79870000 - 0x00007ffb7a600000 	C:\Users\DELL\.gradle\jdks\eclipse_adoptium-21-amd64-windows.2\bin\server\jvm.dll
0x00007ffbe14c0000 - 0x00007ffbe1571000 	C:\Windows\System32\ADVAPI32.dll
0x00007ffbe15a0000 - 0x00007ffbe163f000 	C:\Windows\System32\sechost.dll
0x00007ffbe17f0000 - 0x00007ffbe1910000 	C:\Windows\System32\RPCRT4.dll
0x00007ffbe13b0000 - 0x00007ffbe13d7000 	C:\Windows\System32\bcrypt.dll
0x00007ffbe2d40000 - 0x00007ffbe2dab000 	C:\Windows\System32\WS2_32.dll
0x00007ffbe0960000 - 0x00007ffbe09ab000 	C:\Windows\SYSTEM32\POWRPROF.dll
0x00007ffbd9910000 - 0x00007ffbd991a000 	C:\Windows\SYSTEM32\VERSION.dll
0x00007ffbc9c30000 - 0x00007ffbc9c57000 	C:\Windows\SYSTEM32\WINMM.dll
0x00007ffbe0940000 - 0x00007ffbe0952000 	C:\Windows\SYSTEM32\UMPDC.dll
0x00007ffbdf2d0000 - 0x00007ffbdf2e2000 	C:\Windows\SYSTEM32\kernel.appcore.dll
0x00007ffbcd970000 - 0x00007ffbcd97a000 	C:\Users\DELL\.gradle\jdks\eclipse_adoptium-21-amd64-windows.2\bin\jimage.dll
0x00007ffbde6a0000 - 0x00007ffbde8a1000 	C:\Windows\SYSTEM32\DBGHELP.DLL
0x00007ffbb3290000 - 0x00007ffbb32c4000 	C:\Windows\SYSTEM32\dbgcore.DLL
0x00007ffbe0b00000 - 0x00007ffbe0b82000 	C:\Windows\System32\bcryptPrimitives.dll
0x00007ffbcd7e0000 - 0x00007ffbcd7ef000 	C:\Users\DELL\.gradle\jdks\eclipse_adoptium-21-amd64-windows.2\bin\instrument.dll
0x00007ffbbef50000 - 0x00007ffbbef6f000 	C:\Users\DELL\.gradle\jdks\eclipse_adoptium-21-amd64-windows.2\bin\java.dll
0x00007ffbe1da0000 - 0x00007ffbe2510000 	C:\Windows\System32\SHELL32.dll
0x00007ffbdeb10000 - 0x00007ffbdf2b5000 	C:\Windows\SYSTEM32\windows.storage.dll
0x00007ffbe1910000 - 0x00007ffbe1c64000 	C:\Windows\System32\combase.dll
0x00007ffbe0450000 - 0x00007ffbe047b000 	C:\Windows\SYSTEM32\Wldp.dll
0x00007ffbe2e30000 - 0x00007ffbe2efd000 	C:\Windows\System32\OLEAUT32.dll
0x00007ffbe2f00000 - 0x00007ffbe2fad000 	C:\Windows\System32\SHCORE.dll
0x00007ffbe32f0000 - 0x00007ffbe334b000 	C:\Windows\System32\shlwapi.dll
0x00007ffbe0a30000 - 0x00007ffbe0a54000 	C:\Windows\SYSTEM32\profapi.dll
0x00007ffbb67a0000 - 0x00007ffbb6877000 	C:\Users\DELL\.gradle\jdks\eclipse_adoptium-21-amd64-windows.2\bin\jsvml.dll
0x00007ffbb8020000 - 0x00007ffbb8038000 	C:\Users\DELL\.gradle\jdks\eclipse_adoptium-21-amd64-windows.2\bin\zip.dll
0x00007ffbcbe50000 - 0x00007ffbcbe60000 	C:\Users\DELL\.gradle\jdks\eclipse_adoptium-21-amd64-windows.2\bin\net.dll
0x00007ffbd5a40000 - 0x00007ffbd5b4a000 	C:\Windows\SYSTEM32\WINHTTP.dll
0x00007ffbe0160000 - 0x00007ffbe01ca000 	C:\Windows\system32\mswsock.dll
0x00007ffbb8000000 - 0x00007ffbb8016000 	C:\Users\DELL\.gradle\jdks\eclipse_adoptium-21-amd64-windows.2\bin\nio.dll
0x00007ffbbd910000 - 0x00007ffbbd920000 	C:\Users\DELL\.gradle\jdks\eclipse_adoptium-21-amd64-windows.2\bin\verify.dll
0x00007ffbceda0000 - 0x00007ffbcedc7000 	C:\Users\DELL\.gradle\native\660c5614fbf4a5f2a75b1949f50a0caf5cd603558e7d8a26e50b933a0cfb79d1\windows-amd64\native-platform.dll
0x00007ffbb6640000 - 0x00007ffbb66b7000 	C:\Users\DELL\.gradle\native\0.2.8\x86_64-windows-gnu\gradle-fileevents.dll
0x00007ffbbbe90000 - 0x00007ffbbbe9a000 	C:\Users\DELL\.gradle\jdks\eclipse_adoptium-21-amd64-windows.2\bin\management.dll
0x00007ffbbb3a0000 - 0x00007ffbbb3ab000 	C:\Users\DELL\.gradle\jdks\eclipse_adoptium-21-amd64-windows.2\bin\management_ext.dll
0x00007ffbe1590000 - 0x00007ffbe1598000 	C:\Windows\System32\PSAPI.DLL
0x00007ffbdfe50000 - 0x00007ffbdfe8b000 	C:\Windows\SYSTEM32\IPHLPAPI.DLL
0x00007ffbe1580000 - 0x00007ffbe1588000 	C:\Windows\System32\NSI.dll
0x00007ffbbb140000 - 0x00007ffbbb149000 	C:\Users\DELL\.gradle\jdks\eclipse_adoptium-21-amd64-windows.2\bin\extnet.dll
0x00007ffbe0310000 - 0x00007ffbe0328000 	C:\Windows\SYSTEM32\CRYPTSP.dll
0x00007ffbdfa90000 - 0x00007ffbdfac8000 	C:\Windows\system32\rsaenh.dll
0x00007ffbe09b0000 - 0x00007ffbe09de000 	C:\Windows\SYSTEM32\USERENV.dll
0x00007ffbe0330000 - 0x00007ffbe033c000 	C:\Windows\SYSTEM32\CRYPTBASE.dll
0x00007ffbb9ca0000 - 0x00007ffbb9cae000 	C:\Users\DELL\.gradle\jdks\eclipse_adoptium-21-amd64-windows.2\bin\sunmscapi.dll
0x00007ffbe1250000 - 0x00007ffbe13ad000 	C:\Windows\System32\CRYPT32.dll
0x00007ffbe04c0000 - 0x00007ffbe04e7000 	C:\Windows\SYSTEM32\ncrypt.dll
0x00007ffbe0480000 - 0x00007ffbe04bb000 	C:\Windows\SYSTEM32\NTASN1.dll
0x00007ffbda170000 - 0x00007ffbda177000 	C:\Windows\system32\wshunix.dll

dbghelp: loaded successfully - version: 4.0.5 - missing functions: none
symbol engine: initialized successfully - sym options: 0x614 - pdb path: .;C:\Users\DELL\.gradle\jdks\eclipse_adoptium-21-amd64-windows.2\bin;C:\Windows\SYSTEM32;C:\Windows\WinSxS\amd64_microsoft.windows.common-controls_6595b64144ccf1df_6.0.19041.6456_none_60b8a6cb71f64256;C:\Users\DELL\.gradle\jdks\eclipse_adoptium-21-amd64-windows.2\bin\server;C:\Users\DELL\.gradle\native\660c5614fbf4a5f2a75b1949f50a0caf5cd603558e7d8a26e50b933a0cfb79d1\windows-amd64;C:\Users\DELL\.gradle\native\0.2.8\x86_64-windows-gnu

VM Arguments:
jvm_args: --add-opens=java.base/java.lang=ALL-UNNAMED --add-opens=java.base/java.lang.invoke=ALL-UNNAMED --add-opens=java.base/java.util=ALL-UNNAMED --add-opens=java.prefs/java.util.prefs=ALL-UNNAMED --add-exports=jdk.compiler/com.sun.tools.javac.api=ALL-UNNAMED --add-exports=jdk.compiler/com.sun.tools.javac.util=ALL-UNNAMED --add-opens=java.base/java.util=ALL-UNNAMED --add-opens=java.prefs/java.util.prefs=ALL-UNNAMED --add-opens=java.base/java.nio.charset=ALL-UNNAMED --add-opens=java.base/java.net=ALL-UNNAMED --add-opens=java.base/java.util.concurrent=ALL-UNNAMED --add-opens=java.base/java.util.concurrent.atomic=ALL-UNNAMED --add-opens=java.xml/javax.xml.namespace=ALL-UNNAMED --add-opens=java.base/java.time=ALL-UNNAMED -XX:MaxMetaspaceSize=256m -Xmx1024m -Dfile.encoding=UTF-8 -Duser.country=IN -Duser.language=en -Duser.variant -javaagent:C:\Users\DELL\.gradle\wrapper\dists\gradle-9.3.1-bin\23ovyewtku6u96viwx3xl3oks\gradle-9.3.1\lib\agents\gradle-instrumentation-agent-9.3.1.jar 
java_command: org.gradle.launcher.daemon.bootstrap.GradleDaemon 9.3.1
java_class_path (initial): C:\Users\DELL\.gradle\wrapper\dists\gradle-9.3.1-bin\23ovyewtku6u96viwx3xl3oks\gradle-9.3.1\lib\gradle-daemon-main-9.3.1.jar
Launcher Type: SUN_STANDARD

[Global flags]
     intx CICompilerCount                          = 3                                         {product} {ergonomic}
   size_t CompressedClassSpaceSize                 = 218103808                                 {product} {ergonomic}
     uint ConcGCThreads                            = 1                                         {product} {ergonomic}
     uint G1ConcRefinementThreads                  = 4                                         {product} {ergonomic}
   size_t G1HeapRegionSize                         = 1048576                                   {product} {ergonomic}
    uintx GCDrainStackTargetSize                   = 64                                        {product} {ergonomic}
   size_t InitialHeapSize                          = 65011712                                  {product} {ergonomic}
   size_t MarkStackSize                            = 4194304                                   {product} {ergonomic}
   size_t MaxHeapSize                              = 1073741824                                {product} {command line}
   size_t MaxMetaspaceSize                         = 268435456                                 {product} {command line}
   size_t MaxNewSize                               = 643825664                                 {product} {ergonomic}
   size_t MinHeapDeltaBytes                        = 1048576                                   {product} {ergonomic}
   size_t MinHeapSize                              = 8388608                                   {product} {ergonomic}
    uintx NonNMethodCodeHeapSize                   = 5832780                                {pd product} {ergonomic}
    uintx NonProfiledCodeHeapSize                  = 122912730                              {pd product} {ergonomic}
    uintx ProfiledCodeHeapSize                     = 122912730                              {pd product} {ergonomic}
    uintx ReservedCodeCacheSize                    = 251658240                              {pd product} {ergonomic}
     bool SegmentedCodeCache                       = true                                      {product} {ergonomic}
   size_t SoftMaxHeapSize                          = 1073741824                             {manageable} {ergonomic}
     bool UseCompressedOops                        = true                           {product lp64_product} {ergonomic}
     bool UseG1GC                                  = true                                      {product} {ergonomic}
     bool UseLargePagesIndividualAllocation        = false                                  {pd product} {ergonomic}

Logging:
Log output configuration:
 #0: stdout all=warning uptime,level,tags foldmultilines=false
 #1: stderr all=off uptime,level,tags foldmultilines=false

Environment Variables:
PATH=C:\Program Files\OpenLogic\jdk-22.0.2.9-hotspot\bin;C:\Windows\system32;C:\Windows;C:\Windows\System32\Wbem;C:\Windows\System32\WindowsPowerShell\v1.0\;C:\Windows\System32\OpenSSH\;C:\Program Files\dotnet\;C:\MinGW\bin;C:\Program Files\Git\cmd;C:\Users\DELL\AppData\Roaming\nvm;C:\Program Files\nodejs;C:\ProgramData\chocolatey\bin;C:\Program Files\nodejs\;C:\Users\DELL\AppData\Local\Programs\Python\Python313\Scripts;C:\Users\DELL\AppData\Local\Programs\Python\Python313\;C:\platform-tools;C:\MinGW\bin;C:\MinGW\bin;C:\Program Files\MySQL\MySQL Server 8.0\bin;C:\Users\DELL\AppData\Local\Programs\Python\Python310\Scripts\;C:\Users\DELL\AppData\Local\Programs\Python\Python310\;C:\Users\DELL\AppData\Local\Programs\Python\Python313\Scripts\;C:\Users\DELL\AppData\Local\Programs\Python\Python313\;C:\Users\DELL\AppData\Local\Programs\Python\Launcher\;C:\Users\DELL\AppData\Local\Microsoft\WindowsApps;C:\Users\DELL\AppData\Local\Programs\Microsoft VS Code\bin;C:\Users\DELL\AppData\Roaming\nvm;C:\Program Files\nodejs;C:\Users\DELL\AppData\Roaming\npm;C:\Program Files\heroku\bin;C:\Users\DELL\.dotnet\tools;C:\Users\DELL\Downloads\x64;C:\Users\DELL\AppData\Local\Programs\Python\Python310\;C:\Users\DELL\AppData\Local\Programs\Antigravity\bin
USERNAME=DELL
OS=Windows_NT
PROCESSOR_IDENTIFIER=Intel64 Family 6 Model 126 Stepping 5, GenuineIntel
TMP=C:\Users\DELL\AppData\Local\Temp
TEMP=C:\Users\DELL\AppData\Local\Temp




Periodic native trim disabled

---------------  S Y S T E M  ---------------

OS:
 Windows 10 , 64 bit Build 19041 (10.0.19041.5915)
OS uptime: 0 days 14:42 hours
Hyper-V role detected

CPU: total 4 (initial active 4) (2 cores per cpu, 2 threads per core) family 6 model 126 stepping 5 microcode 0xca, cx8, cmov, fxsr, ht, mmx, 3dnowpref, sse, sse2, sse3, ssse3, sse4.1, sse4.2, popcnt, lzcnt, tsc, tscinvbit, avx, avx2, aes, erms, clmul, bmi1, bmi2, adx, avx512f, avx512dq, avx512cd, avx512bw, avx512vl, sha, fma, vzeroupper, avx512_vpopcntdq, avx512_vpclmulqdq, avx512_vaes, avx512_vnni, clflush, clflushopt, avx512_vbmi2, avx512_vbmi, hv, rdtscp, rdpid, fsrm, gfni, avx512_bitalg, f16c, avx512_ifma
Processor Information for the first 4 processors :
  Max Mhz: 1190, Current Mhz: 1190, Mhz Limit: 1190

Memory: 4k page, system-wide physical 3862M (98M free)
TotalPageFile size 15638M (AvailPageFile size 4M)
current process WorkingSet (physical memory assigned to process): 200M, peak: 223M
current process commit charge ("private bytes"): 326M, peak: 327M

vm_info: OpenJDK 64-Bit Server VM (21.0.7+6-LTS) for windows-amd64 JRE (21.0.7+6-LTS), built on 2025-04-15T00:00:00Z by "admin" with MS VC++ 17.7 (VS2022)

END.
