#
# There is insufficient memory for the Java Runtime Environment to continue.
# Native memory allocation (mmap) failed to map 173015040 bytes. Error detail: G1 virtual space
# Possible reasons:
#   The system is out of physical RAM or swap space
#   This process is running with CompressedOops enabled, and the Java Heap may be blocking the growth of the native heap
# Possible solutions:
#   Reduce memory load on the system
#   Increase physical memory or swap space
#   Check if swap backing store is full
#   Decrease Java heap size (-Xmx/-Xms)
#   Decrease number of Java threads
#   Decrease Java thread stack sizes (-Xss)
#   Set larger code cache with -XX:ReservedCodeCacheSize=
#   JVM is running with Unscaled Compressed Oops mode in which the Java heap is
#     placed in the first 4GB address space. The Java Heap base address is the
#     maximum limit for the native heap growth. Please use -XX:HeapBaseMinAddress
#     to set the Java Heap base and to place the Java Heap above 4GB virtual address.
# This output file may be truncated or incomplete.
#
#  Out of Memory Error (os_windows.cpp:3686), pid=5736, tid=15592
#
# JRE version: OpenJDK Runtime Environment Temurin-21.0.7+6 (21.0.7+6) (build 21.0.7+6-LTS)
# Java VM: OpenJDK 64-Bit Server VM Temurin-21.0.7+6 (21.0.7+6-LTS, mixed mode, sharing, tiered, compressed oops, compressed class ptrs, g1 gc, windows-amd64)
# No core dump will be written. Minidumps are not enabled by default on client versions of Windows
#

---------------  S U M M A R Y ------------

Command Line: --add-opens=java.base/java.lang=ALL-UNNAMED --add-opens=java.base/java.lang.invoke=ALL-UNNAMED --add-opens=java.base/java.util=ALL-UNNAMED --add-opens=java.prefs/java.util.prefs=ALL-UNNAMED --add-exports=jdk.compiler/com.sun.tools.javac.api=ALL-UNNAMED --add-exports=jdk.compiler/com.sun.tools.javac.util=ALL-UNNAMED --add-opens=java.base/java.util=ALL-UNNAMED --add-opens=java.prefs/java.util.prefs=ALL-UNNAMED --add-opens=java.base/java.nio.charset=ALL-UNNAMED --add-opens=java.base/java.net=ALL-UNNAMED --add-opens=java.base/java.util.concurrent=ALL-UNNAMED --add-opens=java.base/java.util.concurrent.atomic=ALL-UNNAMED --add-opens=java.xml/javax.xml.namespace=ALL-UNNAMED --add-opens=java.base/java.time=ALL-UNNAMED -XX:MaxMetaspaceSize=256m -Xmx768m -Dfile.encoding=UTF-8 -Duser.country=IN -Duser.language=en -Duser.variant -javaagent:C:\Users\DELL\.gradle\wrapper\dists\gradle-9.3.1-bin\23ovyewtku6u96viwx3xl3oks\gradle-9.3.1\lib\agents\gradle-instrumentation-agent-9.3.1.jar org.gradle.launcher.daemon.bootstrap.GradleDaemon 9.3.1

Host: Intel(R) Core(TM) i3-1005G1 CPU @ 1.20GHz, 4 cores, 3G,  Windows 10 , 64 bit Build 19041 (10.0.19041.5915)
Time: Tue Mar 31 23:48:33 2026 India Standard Time elapsed time: 49.939117 seconds (0d 0h 0m 49s)

---------------  T H R E A D  ---------------

Current thread (0x000002f571d06fd0):  VMThread "VM Thread"          [id=15592, stack(0x000000fa8ba00000,0x000000fa8bb00000) (1024K)]

Stack: [0x000000fa8ba00000,0x000000fa8bb00000]
Native frames: (J=compiled Java code, j=interpreted, Vv=VM code, C=native code)
V  [jvm.dll+0x6ce119]
V  [jvm.dll+0x8a84a1]
V  [jvm.dll+0x8aa9ce]
V  [jvm.dll+0x8ab0b3]
V  [jvm.dll+0x27f8a6]
V  [jvm.dll+0x6ca945]
V  [jvm.dll+0x6bebea]
V  [jvm.dll+0x355eca]
V  [jvm.dll+0x35da96]
V  [jvm.dll+0x3af72e]
V  [jvm.dll+0x3af9d8]
V  [jvm.dll+0x32a05c]
V  [jvm.dll+0x32a0e7]
V  [jvm.dll+0x36deac]
V  [jvm.dll+0x36c6f8]
V  [jvm.dll+0x329821]
V  [jvm.dll+0x36bd6a]
V  [jvm.dll+0x8b0dcf]
V  [jvm.dll+0x8b2154]
V  [jvm.dll+0x8b2690]
V  [jvm.dll+0x8b2933]
V  [jvm.dll+0x851f6b]
V  [jvm.dll+0x6cc7dd]
C  [ucrtbase.dll+0x21bb2]
C  [KERNEL32.DLL+0x17374]
C  [ntdll.dll+0x4cc91]

VM_Operation (0x000000fa8cef3140): G1CollectForAllocation, mode: safepoint, requested by thread 0x000002f57f1b3ff0


---------------  P R O C E S S  ---------------

Threads class SMR info:
_java_thread_list=0x000002f53f32ae70, length=38, elements={
0x000002f571c54e50, 0x000002f571d1c490, 0x000002f571d1d0e0, 0x000002f571d1dd50,
0x000002f57d636fb0, 0x000002f57d63b630, 0x000002f57d63db10, 0x000002f57d64dcd0,
0x000002f57d64e760, 0x000002f57d63e830, 0x000002f57d63eec0, 0x000002f57d63f550,
0x000002f57d63cdf0, 0x000002f57d63d480, 0x000002f57d63e1a0, 0x000002f57d63c0d0,
0x000002f57f1b4d10, 0x000002f57f1b3ff0, 0x000002f57f1afe50, 0x000002f57f1af130,
0x000002f57f1b25b0, 0x000002f57f1b53a0, 0x000002f57f1b1f20, 0x000002f57f1b6750,
0x000002f57f1b2c40, 0x000002f57f1b04e0, 0x000002f57f1b32d0, 0x000002f57f1b0b70,
0x000002f57f1b5a30, 0x000002f57f1af7c0, 0x000002f57f1b1200, 0x000002f57f1b1890,
0x000002f57f1b3960, 0x000002f57f1b4680, 0x000002f52201ef10, 0x000002f5236c67c0,
0x000002f5236c6e50, 0x000002f5236c8200
}

Java Threads: ( => current thread )
  0x000002f571c54e50 JavaThread "main"                              [_thread_blocked, id=15712, stack(0x000000fa8b300000,0x000000fa8b400000) (1024K)]
  0x000002f571d1c490 JavaThread "Reference Handler"          daemon [_thread_blocked, id=9304, stack(0x000000fa8bb00000,0x000000fa8bc00000) (1024K)]
  0x000002f571d1d0e0 JavaThread "Finalizer"                  daemon [_thread_blocked, id=17492, stack(0x000000fa8bc00000,0x000000fa8bd00000) (1024K)]
  0x000002f571d1dd50 JavaThread "Signal Dispatcher"          daemon [_thread_blocked, id=3864, stack(0x000000fa8bd00000,0x000000fa8be00000) (1024K)]
  0x000002f57d636fb0 JavaThread "Attach Listener"            daemon [_thread_blocked, id=1656, stack(0x000000fa8be00000,0x000000fa8bf00000) (1024K)]
  0x000002f57d63b630 JavaThread "Service Thread"             daemon [_thread_blocked, id=16412, stack(0x000000fa8bf00000,0x000000fa8c000000) (1024K)]
  0x000002f57d63db10 JavaThread "Monitor Deflation Thread"   daemon [_thread_blocked, id=15676, stack(0x000000fa8c000000,0x000000fa8c100000) (1024K)]
  0x000002f57d64dcd0 JavaThread "C2 CompilerThread0"         daemon [_thread_blocked, id=12180, stack(0x000000fa8c100000,0x000000fa8c200000) (1024K)]
  0x000002f57d64e760 JavaThread "C1 CompilerThread0"         daemon [_thread_blocked, id=13420, stack(0x000000fa8c200000,0x000000fa8c300000) (1024K)]
  0x000002f57d63e830 JavaThread "Common-Cleaner"             daemon [_thread_blocked, id=1168, stack(0x000000fa8c300000,0x000000fa8c400000) (1024K)]
  0x000002f57d63eec0 JavaThread "Notification Thread"        daemon [_thread_blocked, id=5104, stack(0x000000fa8c400000,0x000000fa8c500000) (1024K)]
  0x000002f57d63f550 JavaThread "Daemon health stats"               [_thread_blocked, id=11112, stack(0x000000fa8c800000,0x000000fa8c900000) (1024K)]
  0x000002f57d63cdf0 JavaThread "Incoming local TCP Connector on port 61252"        [_thread_in_native, id=16548, stack(0x000000fa8c900000,0x000000fa8ca00000) (1024K)]
  0x000002f57d63d480 JavaThread "Daemon periodic checks"            [_thread_blocked, id=8912, stack(0x000000fa8ca00000,0x000000fa8cb00000) (1024K)]
  0x000002f57d63e1a0 JavaThread "Daemon"                            [_thread_blocked, id=16996, stack(0x000000fa8cb00000,0x000000fa8cc00000) (1024K)]
  0x000002f57d63c0d0 JavaThread "Handler for socket connection from /127.0.0.1:61252 to /127.0.0.1:61253"        [_thread_in_native, id=15424, stack(0x000000fa8cc00000,0x000000fa8cd00000) (1024K)]
  0x000002f57f1b4d10 JavaThread "Cancel handler"                    [_thread_blocked, id=17684, stack(0x000000fa8cd00000,0x000000fa8ce00000) (1024K)]
  0x000002f57f1b3ff0 JavaThread "Daemon worker"                     [_thread_blocked, id=16604, stack(0x000000fa8ce00000,0x000000fa8cf00000) (1024K)]
  0x000002f57f1afe50 JavaThread "Asynchronous log dispatcher for DefaultDaemonConnection: socket connection from /127.0.0.1:61252 to /127.0.0.1:61253"        [_thread_blocked, id=6688, stack(0x000000fa8cf00000,0x000000fa8d000000) (1024K)]
  0x000002f57f1af130 JavaThread "Stdin handler"                     [_thread_blocked, id=8500, stack(0x000000fa8d000000,0x000000fa8d100000) (1024K)]
  0x000002f57f1b25b0 JavaThread "Daemon client event forwarder"        [_thread_blocked, id=11324, stack(0x000000fa8d100000,0x000000fa8d200000) (1024K)]
  0x000002f57f1b53a0 JavaThread "Cache worker for journal cache (C:\Users\DELL\.gradle\caches\journal-1)"        [_thread_blocked, id=9076, stack(0x000000fa8d200000,0x000000fa8d300000) (1024K)]
  0x000002f57f1b1f20 JavaThread "File lock request listener"        [_thread_in_native, id=9196, stack(0x000000fa8d300000,0x000000fa8d400000) (1024K)]
  0x000002f57f1b6750 JavaThread "Cache worker for file hash cache (C:\Users\DELL\.gradle\caches\9.3.1\fileHashes)"        [_thread_blocked, id=13712, stack(0x000000fa8d400000,0x000000fa8d500000) (1024K)]
  0x000002f57f1b2c40 JavaThread "Cache worker for file hash cache (C:\Users\DELL\Desktop\kavachsecurecom\android-app\.gradle\9.3.1\fileHashes)"        [_thread_blocked, id=2256, stack(0x000000fa8d500000,0x000000fa8d600000) (1024K)]
  0x000002f57f1b04e0 JavaThread "Cache worker for Build Output Cleanup Cache (C:\Users\DELL\Desktop\kavachsecurecom\android-app\.gradle\buildOutputCleanup)"        [_thread_blocked, id=11352, stack(0x000000fa8d600000,0x000000fa8d700000) (1024K)]
  0x000002f57f1b32d0 JavaThread "File watcher server"        daemon [_thread_in_native, id=2840, stack(0x000000fa8d700000,0x000000fa8d800000) (1024K)]
  0x000002f57f1b0b70 JavaThread "File watcher consumer"      daemon [_thread_blocked, id=5048, stack(0x000000fa8d800000,0x000000fa8d900000) (1024K)]
  0x000002f57f1b5a30 JavaThread "Cache worker for checksums cache (C:\Users\DELL\Desktop\kavachsecurecom\android-app\.gradle\9.3.1\checksums)"        [_thread_blocked, id=11648, stack(0x000000fa8d900000,0x000000fa8da00000) (1024K)]
  0x000002f57f1af7c0 JavaThread "Cache worker for file content cache (C:\Users\DELL\.gradle\caches\9.3.1\fileContent)"        [_thread_blocked, id=4924, stack(0x000000fa8da00000,0x000000fa8db00000) (1024K)]
  0x000002f57f1b1200 JavaThread "Cache worker for cache directory md-supplier (C:\Users\DELL\.gradle\caches\9.3.1\md-supplier)"        [_thread_blocked, id=1464, stack(0x000000fa8db00000,0x000000fa8dc00000) (1024K)]
  0x000002f57f1b1890 JavaThread "Cache worker for cache directory md-rule (C:\Users\DELL\.gradle\caches\9.3.1\md-rule)"        [_thread_blocked, id=4112, stack(0x000000fa8dc00000,0x000000fa8dd00000) (1024K)]
  0x000002f57f1b3960 JavaThread "Unconstrained build operations"        [_thread_blocked, id=5160, stack(0x000000fa8dd00000,0x000000fa8de00000) (1024K)]
  0x000002f57f1b4680 JavaThread "Unconstrained build operations Thread 2"        [_thread_blocked, id=2352, stack(0x000000fa8de00000,0x000000fa8df00000) (1024K)]
  0x000002f52201ef10 JavaThread "Unconstrained build operations Thread 3"        [_thread_blocked, id=17564, stack(0x000000fa8df00000,0x000000fa8e000000) (1024K)]
  0x000002f5236c67c0 JavaThread "Unconstrained build operations Thread 4"        [_thread_blocked, id=13016, stack(0x000000fa8e100000,0x000000fa8e200000) (1024K)]
  0x000002f5236c6e50 JavaThread "Unconstrained build operations Thread 5"        [_thread_blocked, id=14416, stack(0x000000fa8e200000,0x000000fa8e300000) (1024K)]
  0x000002f5236c8200 JavaThread "Unconstrained build operations Thread 6"        [_thread_blocked, id=10356, stack(0x000000fa8e300000,0x000000fa8e400000) (1024K)]
Total: 38

Other Threads:
=>0x000002f571d06fd0 VMThread "VM Thread"                           [id=15592, stack(0x000000fa8ba00000,0x000000fa8bb00000) (1024K)]
  0x000002f57d62c510 WatcherThread "VM Periodic Task Thread"        [id=18292, stack(0x000000fa8b900000,0x000000fa8ba00000) (1024K)]
  0x000002f571c87680 WorkerThread "GC Thread#0"                     [id=14288, stack(0x000000fa8b400000,0x000000fa8b500000) (1024K)]
  0x000002f57d9a9680 WorkerThread "GC Thread#1"                     [id=13432, stack(0x000000fa8c500000,0x000000fa8c600000) (1024K)]
  0x000002f57da04950 WorkerThread "GC Thread#2"                     [id=12336, stack(0x000000fa8c600000,0x000000fa8c700000) (1024K)]
  0x000002f57d92d9b0 WorkerThread "GC Thread#3"                     [id=3228, stack(0x000000fa8c700000,0x000000fa8c800000) (1024K)]
  0x000002f571c8ec20 ConcurrentGCThread "G1 Main Marker"            [id=10380, stack(0x000000fa8b500000,0x000000fa8b600000) (1024K)]
  0x000002f571c8f680 WorkerThread "G1 Conc#0"                       [id=8864, stack(0x000000fa8b600000,0x000000fa8b700000) (1024K)]
  0x000002f571ce6f30 ConcurrentGCThread "G1 Refine#0"               [id=11412, stack(0x000000fa8b700000,0x000000fa8b800000) (1024K)]
  0x000002f571ce7850 ConcurrentGCThread "G1 Service"                [id=4892, stack(0x000000fa8b800000,0x000000fa8b900000) (1024K)]
Total: 10

Threads with active compile tasks:
C2 CompilerThread0  50007 12492   !   4       org.jetbrains.kotlin.cli.jvm.index.JvmDependenciesIndexImpl::traverseDirectoriesInPackage (405 bytes)
Total: 1

VM state: at safepoint (normal execution)

VM Mutex/Monitor currently owned by a thread:  ([mutex/lock_event])
[0x00007ffbf462e308] Threads_lock - owner thread: 0x000002f571d06fd0
[0x00007ffbf462e408] Heap_lock - owner thread: 0x000002f57f1b3ff0

Heap address: 0x00000000d0000000, size: 768 MB, Compressed Oops mode: 32-bit

CDS archive(s) mapped at: [0x000002f50f000000-0x000002f50fc80000-0x000002f50fc80000), size 13107200, SharedBaseAddress: 0x000002f50f000000, ArchiveRelocationMode: 1.
Compressed class space mapped at: 0x000002f510000000-0x000002f51d000000, reserved size: 218103808
Narrow klass base: 0x000002f50f000000, Narrow klass shift: 0, Narrow klass range: 0x100000000

GC Precious Log:
 CardTable entry size: 512
 Card Set container configuration: InlinePtr #cards 5 size 8 Array Of Cards #cards 12 size 40 Howl #buckets 4 coarsen threshold 1843 Howl Bitmap #cards 512 size 80 coarsen threshold 460 Card regions per heap region 1 cards per card region 2048
 CPUs: 4 total, 4 available
 Memory: 3862M
 Large Page Support: Disabled
 NUMA Support: Disabled
 Compressed Oops: Enabled (32-bit)
 Heap Region Size: 1M
 Heap Min Capacity: 8M
 Heap Initial Capacity: 62M
 Heap Max Capacity: 768M
 Pre-touch: Disabled
 Parallel Workers: 4
 Concurrent Workers: 1
 Concurrent Refinement Workers: 4
 Periodic GC: Disabled

Heap:
 garbage-first heap   total 220160K, used 137216K [0x00000000d0000000, 0x0000000100000000)
  region size 1024K, 6 young (6144K), 6 survivors (6144K)
 Metaspace       used 123929K, committed 126016K, reserved 344064K
  class space    used 15829K, committed 16832K, reserved 212992K

Heap Regions: E=young(eden), S=young(survivor), O=old, HS=humongous(starts), HC=humongous(continues), CS=collection set, F=free, TAMS=top-at-mark-start, PB=parsable bottom
|   0|0x00000000d0000000, 0x00000000d0100000, 0x00000000d0100000|100%|HS|  |TAMS 0x00000000d0000000| PB 0x00000000d0000000| Complete 
|   1|0x00000000d0100000, 0x00000000d0200000, 0x00000000d0200000|100%|HC|  |TAMS 0x00000000d0100000| PB 0x00000000d0100000| Complete 
|   2|0x00000000d0200000, 0x00000000d0300000, 0x00000000d0300000|100%|HC|  |TAMS 0x00000000d0200000| PB 0x00000000d0200000| Complete 
|   3|0x00000000d0300000, 0x00000000d0400000, 0x00000000d0400000|100%|HC|  |TAMS 0x00000000d0300000| PB 0x00000000d0300000| Complete 
|   4|0x00000000d0400000, 0x00000000d0500000, 0x00000000d0500000|100%| O|  |TAMS 0x00000000d0400000| PB 0x00000000d0400000| Untracked 
|   5|0x00000000d0500000, 0x00000000d0600000, 0x00000000d0600000|100%| O|  |TAMS 0x00000000d0500000| PB 0x00000000d0500000| Untracked 
|   6|0x00000000d0600000, 0x00000000d0700000, 0x00000000d0700000|100%| O|  |TAMS 0x00000000d0600000| PB 0x00000000d0600000| Untracked 
|   7|0x00000000d0700000, 0x00000000d0800000, 0x00000000d0800000|100%| O|  |TAMS 0x00000000d0700000| PB 0x00000000d0700000| Untracked 
|   8|0x00000000d0800000, 0x00000000d0900000, 0x00000000d0900000|100%| O|  |TAMS 0x00000000d0800000| PB 0x00000000d0800000| Untracked 
|   9|0x00000000d0900000, 0x00000000d0a00000, 0x00000000d0a00000|100%| O|  |TAMS 0x00000000d0900000| PB 0x00000000d0900000| Untracked 
|  10|0x00000000d0a00000, 0x00000000d0b00000, 0x00000000d0b00000|100%| O|  |TAMS 0x00000000d0a00000| PB 0x00000000d0a00000| Untracked 
|  11|0x00000000d0b00000, 0x00000000d0c00000, 0x00000000d0c00000|100%| O|  |TAMS 0x00000000d0b00000| PB 0x00000000d0b00000| Untracked 
|  12|0x00000000d0c00000, 0x00000000d0d00000, 0x00000000d0d00000|100%|HS|  |TAMS 0x00000000d0c00000| PB 0x00000000d0c00000| Complete 
|  13|0x00000000d0d00000, 0x00000000d0e00000, 0x00000000d0e00000|100%| O|  |TAMS 0x00000000d0d00000| PB 0x00000000d0d00000| Untracked 
|  14|0x00000000d0e00000, 0x00000000d0f00000, 0x00000000d0f00000|100%| O|  |TAMS 0x00000000d0e00000| PB 0x00000000d0e00000| Untracked 
|  15|0x00000000d0f00000, 0x00000000d1000000, 0x00000000d1000000|100%| O|  |TAMS 0x00000000d0f00000| PB 0x00000000d0f00000| Untracked 
|  16|0x00000000d1000000, 0x00000000d1100000, 0x00000000d1100000|100%| O|  |TAMS 0x00000000d1000000| PB 0x00000000d1000000| Untracked 
|  17|0x00000000d1100000, 0x00000000d1200000, 0x00000000d1200000|100%| O|  |TAMS 0x00000000d1100000| PB 0x00000000d1100000| Untracked 
|  18|0x00000000d1200000, 0x00000000d1300000, 0x00000000d1300000|100%| O|  |TAMS 0x00000000d1200000| PB 0x00000000d1200000| Untracked 
|  19|0x00000000d1300000, 0x00000000d1400000, 0x00000000d1400000|100%| O|  |TAMS 0x00000000d1300000| PB 0x00000000d1300000| Untracked 
|  20|0x00000000d1400000, 0x00000000d1500000, 0x00000000d1500000|100%| O|  |TAMS 0x00000000d1400000| PB 0x00000000d1400000| Untracked 
|  21|0x00000000d1500000, 0x00000000d1600000, 0x00000000d1600000|100%| O|  |TAMS 0x00000000d1500000| PB 0x00000000d1500000| Untracked 
|  22|0x00000000d1600000, 0x00000000d1700000, 0x00000000d1700000|100%| O|  |TAMS 0x00000000d1600000| PB 0x00000000d1600000| Untracked 
|  23|0x00000000d1700000, 0x00000000d1800000, 0x00000000d1800000|100%| O|  |TAMS 0x00000000d1700000| PB 0x00000000d1700000| Untracked 
|  24|0x00000000d1800000, 0x00000000d1900000, 0x00000000d1900000|100%| O|  |TAMS 0x00000000d1800000| PB 0x00000000d1800000| Untracked 
|  25|0x00000000d1900000, 0x00000000d1a00000, 0x00000000d1a00000|100%| O|  |TAMS 0x00000000d1900000| PB 0x00000000d1900000| Untracked 
|  26|0x00000000d1a00000, 0x00000000d1b00000, 0x00000000d1b00000|100%| O|  |TAMS 0x00000000d1a00000| PB 0x00000000d1a00000| Untracked 
|  27|0x00000000d1b00000, 0x00000000d1c00000, 0x00000000d1c00000|100%| O|  |TAMS 0x00000000d1b00000| PB 0x00000000d1b00000| Untracked 
|  28|0x00000000d1c00000, 0x00000000d1d00000, 0x00000000d1d00000|100%| O|  |TAMS 0x00000000d1c00000| PB 0x00000000d1c00000| Untracked 
|  29|0x00000000d1d00000, 0x00000000d1e00000, 0x00000000d1e00000|100%| O|  |TAMS 0x00000000d1d00000| PB 0x00000000d1d00000| Untracked 
|  30|0x00000000d1e00000, 0x00000000d1f00000, 0x00000000d1f00000|100%| O|  |TAMS 0x00000000d1e00000| PB 0x00000000d1e00000| Untracked 
|  31|0x00000000d1f00000, 0x00000000d2000000, 0x00000000d2000000|100%| O|  |TAMS 0x00000000d1f00000| PB 0x00000000d1f00000| Untracked 
|  32|0x00000000d2000000, 0x00000000d2100000, 0x00000000d2100000|100%| O|  |TAMS 0x00000000d2000000| PB 0x00000000d2000000| Untracked 
|  33|0x00000000d2100000, 0x00000000d2200000, 0x00000000d2200000|100%| O|  |TAMS 0x00000000d2100000| PB 0x00000000d2100000| Untracked 
|  34|0x00000000d2200000, 0x00000000d2300000, 0x00000000d2300000|100%| O|Cm|TAMS 0x00000000d2200000| PB 0x00000000d2200000| Complete 
|  35|0x00000000d2300000, 0x00000000d2400000, 0x00000000d2400000|100%| O|  |TAMS 0x00000000d2300000| PB 0x00000000d2300000| Untracked 
|  36|0x00000000d2400000, 0x00000000d2500000, 0x00000000d2500000|100%| O|  |TAMS 0x00000000d2400000| PB 0x00000000d2400000| Untracked 
|  37|0x00000000d2500000, 0x00000000d2600000, 0x00000000d2600000|100%| O|  |TAMS 0x00000000d2500000| PB 0x00000000d2500000| Untracked 
|  38|0x00000000d2600000, 0x00000000d2700000, 0x00000000d2700000|100%| O|  |TAMS 0x00000000d2600000| PB 0x00000000d2600000| Untracked 
|  39|0x00000000d2700000, 0x00000000d2800000, 0x00000000d2800000|100%| O|  |TAMS 0x00000000d2700000| PB 0x00000000d2700000| Untracked 
|  40|0x00000000d2800000, 0x00000000d2900000, 0x00000000d2900000|100%| O|  |TAMS 0x00000000d2800000| PB 0x00000000d2800000| Untracked 
|  41|0x00000000d2900000, 0x00000000d2900000, 0x00000000d2a00000|  0%| F|  |TAMS 0x00000000d2900000| PB 0x00000000d2900000| Untracked 
|  42|0x00000000d2a00000, 0x00000000d2b00000, 0x00000000d2b00000|100%| O|  |TAMS 0x00000000d2a00000| PB 0x00000000d2a00000| Untracked 
|  43|0x00000000d2b00000, 0x00000000d2b00000, 0x00000000d2c00000|  0%| F|  |TAMS 0x00000000d2b00000| PB 0x00000000d2b00000| Untracked 
|  44|0x00000000d2c00000, 0x00000000d2c00000, 0x00000000d2d00000|  0%| F|  |TAMS 0x00000000d2c00000| PB 0x00000000d2c00000| Untracked 
|  45|0x00000000d2d00000, 0x00000000d2e00000, 0x00000000d2e00000|100%| O|  |TAMS 0x00000000d2d00000| PB 0x00000000d2d00000| Untracked 
|  46|0x00000000d2e00000, 0x00000000d2e00000, 0x00000000d2f00000|  0%| F|  |TAMS 0x00000000d2e00000| PB 0x00000000d2e00000| Untracked 
|  47|0x00000000d2f00000, 0x00000000d3000000, 0x00000000d3000000|100%| O|Cm|TAMS 0x00000000d2f00000| PB 0x00000000d2f00000| Complete 
|  48|0x00000000d3000000, 0x00000000d3000000, 0x00000000d3100000|  0%| F|  |TAMS 0x00000000d3000000| PB 0x00000000d3000000| Untracked 
|  49|0x00000000d3100000, 0x00000000d3200000, 0x00000000d3200000|100%| O|  |TAMS 0x00000000d3100000| PB 0x00000000d3100000| Untracked 
|  50|0x00000000d3200000, 0x00000000d3200000, 0x00000000d3300000|  0%| F|  |TAMS 0x00000000d3200000| PB 0x00000000d3200000| Untracked 
|  51|0x00000000d3300000, 0x00000000d3400000, 0x00000000d3400000|100%| O|Cm|TAMS 0x00000000d3300000| PB 0x00000000d3300000| Complete 
|  52|0x00000000d3400000, 0x00000000d3500000, 0x00000000d3500000|100%| O|Cm|TAMS 0x00000000d3400000| PB 0x00000000d3400000| Complete 
|  53|0x00000000d3500000, 0x00000000d3600000, 0x00000000d3600000|100%| O|Cm|TAMS 0x00000000d3500000| PB 0x00000000d3500000| Complete 
|  54|0x00000000d3600000, 0x00000000d3700000, 0x00000000d3700000|100%| O|  |TAMS 0x00000000d3600000| PB 0x00000000d3600000| Untracked 
|  55|0x00000000d3700000, 0x00000000d3800000, 0x00000000d3800000|100%| O|  |TAMS 0x00000000d3700000| PB 0x00000000d3700000| Untracked 
|  56|0x00000000d3800000, 0x00000000d3900000, 0x00000000d3900000|100%| O|  |TAMS 0x00000000d3800000| PB 0x00000000d3800000| Untracked 
|  57|0x00000000d3900000, 0x00000000d3a00000, 0x00000000d3a00000|100%| O|  |TAMS 0x00000000d3900000| PB 0x00000000d3900000| Untracked 
|  58|0x00000000d3a00000, 0x00000000d3a00000, 0x00000000d3b00000|  0%| F|  |TAMS 0x00000000d3a00000| PB 0x00000000d3a00000| Untracked 
|  59|0x00000000d3b00000, 0x00000000d3c00000, 0x00000000d3c00000|100%| O|  |TAMS 0x00000000d3b00000| PB 0x00000000d3b00000| Untracked 
|  60|0x00000000d3c00000, 0x00000000d3c00000, 0x00000000d3d00000|  0%| F|  |TAMS 0x00000000d3c00000| PB 0x00000000d3c00000| Untracked 
|  61|0x00000000d3d00000, 0x00000000d3d00000, 0x00000000d3e00000|  0%| F|  |TAMS 0x00000000d3d00000| PB 0x00000000d3d00000| Untracked 
|  62|0x00000000d3e00000, 0x00000000d3e00000, 0x00000000d3f00000|  0%| F|  |TAMS 0x00000000d3e00000| PB 0x00000000d3e00000| Untracked 
|  63|0x00000000d3f00000, 0x00000000d4000000, 0x00000000d4000000|100%| O|  |TAMS 0x00000000d3f00000| PB 0x00000000d3f00000| Untracked 
|  64|0x00000000d4000000, 0x00000000d4000000, 0x00000000d4100000|  0%| F|  |TAMS 0x00000000d4000000| PB 0x00000000d4000000| Untracked 
|  65|0x00000000d4100000, 0x00000000d4200000, 0x00000000d4200000|100%| O|  |TAMS 0x00000000d4100000| PB 0x00000000d4100000| Untracked 
|  66|0x00000000d4200000, 0x00000000d4200000, 0x00000000d4300000|  0%| F|  |TAMS 0x00000000d4200000| PB 0x00000000d4200000| Untracked 
|  67|0x00000000d4300000, 0x00000000d4400000, 0x00000000d4400000|100%| O|  |TAMS 0x00000000d4300000| PB 0x00000000d4300000| Untracked 
|  68|0x00000000d4400000, 0x00000000d4400000, 0x00000000d4500000|  0%| F|  |TAMS 0x00000000d4400000| PB 0x00000000d4400000| Untracked 
|  69|0x00000000d4500000, 0x00000000d4500000, 0x00000000d4600000|  0%| F|  |TAMS 0x00000000d4500000| PB 0x00000000d4500000| Untracked 
|  70|0x00000000d4600000, 0x00000000d4600000, 0x00000000d4700000|  0%| F|  |TAMS 0x00000000d4600000| PB 0x00000000d4600000| Untracked 
|  71|0x00000000d4700000, 0x00000000d4800000, 0x00000000d4800000|100%| O|  |TAMS 0x00000000d4700000| PB 0x00000000d4700000| Untracked 
|  72|0x00000000d4800000, 0x00000000d4900000, 0x00000000d4900000|100%| O|  |TAMS 0x00000000d4800000| PB 0x00000000d4800000| Untracked 
|  73|0x00000000d4900000, 0x00000000d4a00000, 0x00000000d4a00000|100%| O|  |TAMS 0x00000000d4900000| PB 0x00000000d4900000| Untracked 
|  74|0x00000000d4a00000, 0x00000000d4a00000, 0x00000000d4b00000|  0%| F|  |TAMS 0x00000000d4a00000| PB 0x00000000d4a00000| Untracked 
|  75|0x00000000d4b00000, 0x00000000d4c00000, 0x00000000d4c00000|100%| O|  |TAMS 0x00000000d4b00000| PB 0x00000000d4b00000| Untracked 
|  76|0x00000000d4c00000, 0x00000000d4d00000, 0x00000000d4d00000|100%| O|  |TAMS 0x00000000d4c00000| PB 0x00000000d4c00000| Untracked 
|  77|0x00000000d4d00000, 0x00000000d4e00000, 0x00000000d4e00000|100%| O|  |TAMS 0x00000000d4d00000| PB 0x00000000d4d00000| Untracked 
|  78|0x00000000d4e00000, 0x00000000d4f00000, 0x00000000d4f00000|100%| O|  |TAMS 0x00000000d4e00000| PB 0x00000000d4e00000| Untracked 
|  79|0x00000000d4f00000, 0x00000000d4f00000, 0x00000000d5000000|  0%| F|  |TAMS 0x00000000d4f00000| PB 0x00000000d4f00000| Untracked 
|  80|0x00000000d5000000, 0x00000000d5000000, 0x00000000d5100000|  0%| F|  |TAMS 0x00000000d5000000| PB 0x00000000d5000000| Untracked 
|  81|0x00000000d5100000, 0x00000000d5200000, 0x00000000d5200000|100%| O|  |TAMS 0x00000000d5100000| PB 0x00000000d5100000| Untracked 
|  82|0x00000000d5200000, 0x00000000d5200000, 0x00000000d5300000|  0%| F|  |TAMS 0x00000000d5200000| PB 0x00000000d5200000| Untracked 
|  83|0x00000000d5300000, 0x00000000d5400000, 0x00000000d5400000|100%| O|  |TAMS 0x00000000d5300000| PB 0x00000000d5300000| Untracked 
|  84|0x00000000d5400000, 0x00000000d5500000, 0x00000000d5500000|100%| O|  |TAMS 0x00000000d5400000| PB 0x00000000d5400000| Untracked 
|  85|0x00000000d5500000, 0x00000000d5600000, 0x00000000d5600000|100%| O|  |TAMS 0x00000000d5500000| PB 0x00000000d5500000| Untracked 
|  86|0x00000000d5600000, 0x00000000d5700000, 0x00000000d5700000|100%| O|  |TAMS 0x00000000d5600000| PB 0x00000000d5600000| Untracked 
|  87|0x00000000d5700000, 0x00000000d5800000, 0x00000000d5800000|100%| O|  |TAMS 0x00000000d5700000| PB 0x00000000d5700000| Untracked 
|  88|0x00000000d5800000, 0x00000000d5900000, 0x00000000d5900000|100%| O|  |TAMS 0x00000000d5800000| PB 0x00000000d5800000| Untracked 
|  89|0x00000000d5900000, 0x00000000d5a00000, 0x00000000d5a00000|100%| O|  |TAMS 0x00000000d5900000| PB 0x00000000d5900000| Untracked 
|  90|0x00000000d5a00000, 0x00000000d5b00000, 0x00000000d5b00000|100%| O|  |TAMS 0x00000000d5a00000| PB 0x00000000d5a00000| Untracked 
|  91|0x00000000d5b00000, 0x00000000d5c00000, 0x00000000d5c00000|100%| O|Cm|TAMS 0x00000000d5b00000| PB 0x00000000d5b00000| Complete 
|  92|0x00000000d5c00000, 0x00000000d5d00000, 0x00000000d5d00000|100%| O|  |TAMS 0x00000000d5c00000| PB 0x00000000d5c00000| Untracked 
|  93|0x00000000d5d00000, 0x00000000d5d00000, 0x00000000d5e00000|  0%| F|  |TAMS 0x00000000d5d00000| PB 0x00000000d5d00000| Untracked 
|  94|0x00000000d5e00000, 0x00000000d5f00000, 0x00000000d5f00000|100%| O|  |TAMS 0x00000000d5e00000| PB 0x00000000d5e00000| Untracked 
|  95|0x00000000d5f00000, 0x00000000d6000000, 0x00000000d6000000|100%| O|  |TAMS 0x00000000d5f00000| PB 0x00000000d5f00000| Untracked 
|  96|0x00000000d6000000, 0x00000000d6100000, 0x00000000d6100000|100%| O|  |TAMS 0x00000000d6000000| PB 0x00000000d6000000| Untracked 
|  97|0x00000000d6100000, 0x00000000d6100000, 0x00000000d6200000|  0%| F|  |TAMS 0x00000000d6100000| PB 0x00000000d6100000| Untracked 
|  98|0x00000000d6200000, 0x00000000d6300000, 0x00000000d6300000|100%| O|  |TAMS 0x00000000d6200000| PB 0x00000000d6200000| Untracked 
|  99|0x00000000d6300000, 0x00000000d6400000, 0x00000000d6400000|100%| O|  |TAMS 0x00000000d6300000| PB 0x00000000d6300000| Untracked 
| 100|0x00000000d6400000, 0x00000000d6500000, 0x00000000d6500000|100%| O|  |TAMS 0x00000000d6400000| PB 0x00000000d6400000| Untracked 
| 101|0x00000000d6500000, 0x00000000d6600000, 0x00000000d6600000|100%| O|  |TAMS 0x00000000d6500000| PB 0x00000000d6500000| Untracked 
| 102|0x00000000d6600000, 0x00000000d6700000, 0x00000000d6700000|100%|HS|  |TAMS 0x00000000d6600000| PB 0x00000000d6600000| Complete 
| 103|0x00000000d6700000, 0x00000000d6800000, 0x00000000d6800000|100%| O|  |TAMS 0x00000000d6700000| PB 0x00000000d6700000| Untracked 
| 104|0x00000000d6800000, 0x00000000d6900000, 0x00000000d6900000|100%| O|  |TAMS 0x00000000d6800000| PB 0x00000000d6800000| Untracked 
| 105|0x00000000d6900000, 0x00000000d6a00000, 0x00000000d6a00000|100%| O|  |TAMS 0x00000000d6900000| PB 0x00000000d6900000| Untracked 
| 106|0x00000000d6a00000, 0x00000000d6b00000, 0x00000000d6b00000|100%| O|  |TAMS 0x00000000d6a00000| PB 0x00000000d6a00000| Untracked 
| 107|0x00000000d6b00000, 0x00000000d6c00000, 0x00000000d6c00000|100%| O|  |TAMS 0x00000000d6b00000| PB 0x00000000d6b00000| Untracked 
| 108|0x00000000d6c00000, 0x00000000d6d00000, 0x00000000d6d00000|100%| O|  |TAMS 0x00000000d6c00000| PB 0x00000000d6c00000| Untracked 
| 109|0x00000000d6d00000, 0x00000000d6e00000, 0x00000000d6e00000|100%|HS|  |TAMS 0x00000000d6d00000| PB 0x00000000d6d00000| Complete 
| 110|0x00000000d6e00000, 0x00000000d6f00000, 0x00000000d6f00000|100%| O|  |TAMS 0x00000000d6e00000| PB 0x00000000d6e00000| Untracked 
| 111|0x00000000d6f00000, 0x00000000d7000000, 0x00000000d7000000|100%| O|  |TAMS 0x00000000d6f00000| PB 0x00000000d6f00000| Untracked 
| 112|0x00000000d7000000, 0x00000000d7100000, 0x00000000d7100000|100%| O|  |TAMS 0x00000000d7000000| PB 0x00000000d7000000| Untracked 
| 113|0x00000000d7100000, 0x00000000d7200000, 0x00000000d7200000|100%| O|  |TAMS 0x00000000d7100000| PB 0x00000000d7100000| Untracked 
| 114|0x00000000d7200000, 0x00000000d7300000, 0x00000000d7300000|100%| O|  |TAMS 0x00000000d7200000| PB 0x00000000d7200000| Untracked 
| 115|0x00000000d7300000, 0x00000000d7400000, 0x00000000d7400000|100%| O|  |TAMS 0x00000000d7300000| PB 0x00000000d7300000| Untracked 
| 116|0x00000000d7400000, 0x00000000d7500000, 0x00000000d7500000|100%| O|  |TAMS 0x00000000d7400000| PB 0x00000000d7400000| Untracked 
| 117|0x00000000d7500000, 0x00000000d7600000, 0x00000000d7600000|100%| O|  |TAMS 0x00000000d7500000| PB 0x00000000d7500000| Untracked 
| 118|0x00000000d7600000, 0x00000000d7700000, 0x00000000d7700000|100%| O|  |TAMS 0x00000000d7600000| PB 0x00000000d7600000| Untracked 
| 119|0x00000000d7700000, 0x00000000d7800000, 0x00000000d7800000|100%| O|  |TAMS 0x00000000d7700000| PB 0x00000000d7700000| Untracked 
| 120|0x00000000d7800000, 0x00000000d7900000, 0x00000000d7900000|100%| O|  |TAMS 0x00000000d7800000| PB 0x00000000d7800000| Untracked 
| 121|0x00000000d7900000, 0x00000000d7a00000, 0x00000000d7a00000|100%| O|  |TAMS 0x00000000d7900000| PB 0x00000000d7900000| Untracked 
| 122|0x00000000d7a00000, 0x00000000d7b00000, 0x00000000d7b00000|100%| O|  |TAMS 0x00000000d7a00000| PB 0x00000000d7a00000| Untracked 
| 123|0x00000000d7b00000, 0x00000000d7c00000, 0x00000000d7c00000|100%| O|  |TAMS 0x00000000d7b00000| PB 0x00000000d7b00000| Untracked 
| 124|0x00000000d7c00000, 0x00000000d7d00000, 0x00000000d7d00000|100%| O|  |TAMS 0x00000000d7c00000| PB 0x00000000d7c00000| Untracked 
| 125|0x00000000d7d00000, 0x00000000d7e00000, 0x00000000d7e00000|100%| O|  |TAMS 0x00000000d7d00000| PB 0x00000000d7d00000| Untracked 
| 126|0x00000000d7e00000, 0x00000000d7f00000, 0x00000000d7f00000|100%| O|  |TAMS 0x00000000d7e00000| PB 0x00000000d7e00000| Untracked 
| 127|0x00000000d7f00000, 0x00000000d8000000, 0x00000000d8000000|100%| O|  |TAMS 0x00000000d7f00000| PB 0x00000000d7f00000| Untracked 
| 128|0x00000000d8000000, 0x00000000d8100000, 0x00000000d8100000|100%| O|  |TAMS 0x00000000d8000000| PB 0x00000000d8000000| Untracked 
| 129|0x00000000d8100000, 0x00000000d8200000, 0x00000000d8200000|100%| O|  |TAMS 0x00000000d8100000| PB 0x00000000d8100000| Untracked 
| 130|0x00000000d8200000, 0x00000000d8300000, 0x00000000d8300000|100%| O|  |TAMS 0x00000000d8200000| PB 0x00000000d8200000| Untracked 
| 131|0x00000000d8300000, 0x00000000d8400000, 0x00000000d8400000|100%| O|  |TAMS 0x00000000d8300000| PB 0x00000000d8300000| Untracked 
| 132|0x00000000d8400000, 0x00000000d8500000, 0x00000000d8500000|100%| O|  |TAMS 0x00000000d8400000| PB 0x00000000d8400000| Untracked 
| 133|0x00000000d8500000, 0x00000000d8600000, 0x00000000d8600000|100%| O|  |TAMS 0x00000000d8500000| PB 0x00000000d8500000| Untracked 
| 134|0x00000000d8600000, 0x00000000d8700000, 0x00000000d8700000|100%| O|  |TAMS 0x00000000d8600000| PB 0x00000000d8600000| Untracked 
| 135|0x00000000d8700000, 0x00000000d8800000, 0x00000000d8800000|100%| O|  |TAMS 0x00000000d8700000| PB 0x00000000d8700000| Untracked 
| 136|0x00000000d8800000, 0x00000000d8900000, 0x00000000d8900000|100%| O|  |TAMS 0x00000000d8800000| PB 0x00000000d8800000| Untracked 
| 137|0x00000000d8900000, 0x00000000d8a00000, 0x00000000d8a00000|100%| O|  |TAMS 0x00000000d8900000| PB 0x00000000d8900000| Untracked 
| 138|0x00000000d8a00000, 0x00000000d8b00000, 0x00000000d8b00000|100%| O|  |TAMS 0x00000000d8a00000| PB 0x00000000d8a00000| Untracked 
| 139|0x00000000d8b00000, 0x00000000d8b00000, 0x00000000d8c00000|  0%| F|  |TAMS 0x00000000d8b00000| PB 0x00000000d8b00000| Untracked 
| 140|0x00000000d8c00000, 0x00000000d8c00000, 0x00000000d8d00000|  0%| F|  |TAMS 0x00000000d8c00000| PB 0x00000000d8c00000| Untracked 
| 141|0x00000000d8d00000, 0x00000000d8d00000, 0x00000000d8e00000|  0%| F|  |TAMS 0x00000000d8d00000| PB 0x00000000d8d00000| Untracked 
| 142|0x00000000d8e00000, 0x00000000d8e00000, 0x00000000d8f00000|  0%| F|  |TAMS 0x00000000d8e00000| PB 0x00000000d8e00000| Untracked 
| 143|0x00000000d8f00000, 0x00000000d8f00000, 0x00000000d9000000|  0%| F|  |TAMS 0x00000000d8f00000| PB 0x00000000d8f00000| Untracked 
| 144|0x00000000d9000000, 0x00000000d9000000, 0x00000000d9100000|  0%| F|  |TAMS 0x00000000d9000000| PB 0x00000000d9000000| Untracked 
| 145|0x00000000d9100000, 0x00000000d9100000, 0x00000000d9200000|  0%| F|  |TAMS 0x00000000d9100000| PB 0x00000000d9100000| Untracked 
| 146|0x00000000d9200000, 0x00000000d9200000, 0x00000000d9300000|  0%| F|  |TAMS 0x00000000d9200000| PB 0x00000000d9200000| Untracked 
| 147|0x00000000d9300000, 0x00000000d9300000, 0x00000000d9400000|  0%| F|  |TAMS 0x00000000d9300000| PB 0x00000000d9300000| Untracked 
| 148|0x00000000d9400000, 0x00000000d9400000, 0x00000000d9500000|  0%| F|  |TAMS 0x00000000d9400000| PB 0x00000000d9400000| Untracked 
| 149|0x00000000d9500000, 0x00000000d9500000, 0x00000000d9600000|  0%| F|  |TAMS 0x00000000d9500000| PB 0x00000000d9500000| Untracked 
| 150|0x00000000d9600000, 0x00000000d9600000, 0x00000000d9700000|  0%| F|  |TAMS 0x00000000d9600000| PB 0x00000000d9600000| Untracked 
| 151|0x00000000d9700000, 0x00000000d9700000, 0x00000000d9800000|  0%| F|  |TAMS 0x00000000d9700000| PB 0x00000000d9700000| Untracked 
| 152|0x00000000d9800000, 0x00000000d9900000, 0x00000000d9900000|100%| S|CS|TAMS 0x00000000d9800000| PB 0x00000000d9800000| Complete 
| 153|0x00000000d9900000, 0x00000000d9a00000, 0x00000000d9a00000|100%| S|CS|TAMS 0x00000000d9900000| PB 0x00000000d9900000| Complete 
| 154|0x00000000d9a00000, 0x00000000d9b00000, 0x00000000d9b00000|100%| S|CS|TAMS 0x00000000d9a00000| PB 0x00000000d9a00000| Complete 
| 155|0x00000000d9b00000, 0x00000000d9c00000, 0x00000000d9c00000|100%| S|CS|TAMS 0x00000000d9b00000| PB 0x00000000d9b00000| Complete 
| 156|0x00000000d9c00000, 0x00000000d9d00000, 0x00000000d9d00000|100%| S|CS|TAMS 0x00000000d9c00000| PB 0x00000000d9c00000| Complete 
| 157|0x00000000d9d00000, 0x00000000d9e00000, 0x00000000d9e00000|100%| S|CS|TAMS 0x00000000d9d00000| PB 0x00000000d9d00000| Complete 
| 158|0x00000000d9e00000, 0x00000000d9e00000, 0x00000000d9f00000|  0%| F|  |TAMS 0x00000000d9e00000| PB 0x00000000d9e00000| Untracked 
| 159|0x00000000d9f00000, 0x00000000d9f00000, 0x00000000da000000|  0%| F|  |TAMS 0x00000000d9f00000| PB 0x00000000d9f00000| Untracked 
| 160|0x00000000da000000, 0x00000000da000000, 0x00000000da100000|  0%| F|  |TAMS 0x00000000da000000| PB 0x00000000da000000| Untracked 
| 161|0x00000000da100000, 0x00000000da100000, 0x00000000da200000|  0%| F|  |TAMS 0x00000000da100000| PB 0x00000000da100000| Untracked 
| 162|0x00000000da200000, 0x00000000da200000, 0x00000000da300000|  0%| F|  |TAMS 0x00000000da200000| PB 0x00000000da200000| Untracked 
| 163|0x00000000da300000, 0x00000000da300000, 0x00000000da400000|  0%| F|  |TAMS 0x00000000da300000| PB 0x00000000da300000| Untracked 
| 164|0x00000000da400000, 0x00000000da400000, 0x00000000da500000|  0%| F|  |TAMS 0x00000000da400000| PB 0x00000000da400000| Untracked 
| 165|0x00000000da500000, 0x00000000da500000, 0x00000000da600000|  0%| F|  |TAMS 0x00000000da500000| PB 0x00000000da500000| Untracked 
| 166|0x00000000da600000, 0x00000000da600000, 0x00000000da700000|  0%| F|  |TAMS 0x00000000da600000| PB 0x00000000da600000| Untracked 
| 167|0x00000000da700000, 0x00000000da700000, 0x00000000da800000|  0%| F|  |TAMS 0x00000000da700000| PB 0x00000000da700000| Untracked 
| 168|0x00000000da800000, 0x00000000da800000, 0x00000000da900000|  0%| F|  |TAMS 0x00000000da800000| PB 0x00000000da800000| Untracked 
| 169|0x00000000da900000, 0x00000000da900000, 0x00000000daa00000|  0%| F|  |TAMS 0x00000000da900000| PB 0x00000000da900000| Untracked 
| 170|0x00000000daa00000, 0x00000000daa00000, 0x00000000dab00000|  0%| F|  |TAMS 0x00000000daa00000| PB 0x00000000daa00000| Untracked 
| 171|0x00000000dab00000, 0x00000000dab00000, 0x00000000dac00000|  0%| F|  |TAMS 0x00000000dab00000| PB 0x00000000dab00000| Untracked 
| 172|0x00000000dac00000, 0x00000000dac00000, 0x00000000dad00000|  0%| F|  |TAMS 0x00000000dac00000| PB 0x00000000dac00000| Untracked 
| 173|0x00000000dad00000, 0x00000000dad00000, 0x00000000dae00000|  0%| F|  |TAMS 0x00000000dad00000| PB 0x00000000dad00000| Untracked 
| 174|0x00000000dae00000, 0x00000000dae00000, 0x00000000daf00000|  0%| F|  |TAMS 0x00000000dae00000| PB 0x00000000dae00000| Untracked 
| 175|0x00000000daf00000, 0x00000000daf00000, 0x00000000db000000|  0%| F|  |TAMS 0x00000000daf00000| PB 0x00000000daf00000| Untracked 
| 176|0x00000000db000000, 0x00000000db000000, 0x00000000db100000|  0%| F|  |TAMS 0x00000000db000000| PB 0x00000000db000000| Untracked 
| 177|0x00000000db100000, 0x00000000db100000, 0x00000000db200000|  0%| F|  |TAMS 0x00000000db100000| PB 0x00000000db100000| Untracked 
| 178|0x00000000db200000, 0x00000000db200000, 0x00000000db300000|  0%| F|  |TAMS 0x00000000db200000| PB 0x00000000db200000| Untracked 
| 179|0x00000000db300000, 0x00000000db300000, 0x00000000db400000|  0%| F|  |TAMS 0x00000000db300000| PB 0x00000000db300000| Untracked 
| 180|0x00000000db400000, 0x00000000db400000, 0x00000000db500000|  0%| F|  |TAMS 0x00000000db400000| PB 0x00000000db400000| Untracked 
| 181|0x00000000db500000, 0x00000000db500000, 0x00000000db600000|  0%| F|  |TAMS 0x00000000db500000| PB 0x00000000db500000| Untracked 
| 182|0x00000000db600000, 0x00000000db600000, 0x00000000db700000|  0%| F|  |TAMS 0x00000000db600000| PB 0x00000000db600000| Untracked 
| 183|0x00000000db700000, 0x00000000db700000, 0x00000000db800000|  0%| F|  |TAMS 0x00000000db700000| PB 0x00000000db700000| Untracked 
| 184|0x00000000db800000, 0x00000000db800000, 0x00000000db900000|  0%| F|  |TAMS 0x00000000db800000| PB 0x00000000db800000| Untracked 
| 185|0x00000000db900000, 0x00000000db900000, 0x00000000dba00000|  0%| F|  |TAMS 0x00000000db900000| PB 0x00000000db900000| Untracked 
| 186|0x00000000dba00000, 0x00000000dba00000, 0x00000000dbb00000|  0%| F|  |TAMS 0x00000000dba00000| PB 0x00000000dba00000| Untracked 
| 187|0x00000000dbb00000, 0x00000000dbb00000, 0x00000000dbc00000|  0%| F|  |TAMS 0x00000000dbb00000| PB 0x00000000dbb00000| Untracked 
| 188|0x00000000dbc00000, 0x00000000dbc00000, 0x00000000dbd00000|  0%| F|  |TAMS 0x00000000dbc00000| PB 0x00000000dbc00000| Untracked 
| 189|0x00000000dbd00000, 0x00000000dbd00000, 0x00000000dbe00000|  0%| F|  |TAMS 0x00000000dbd00000| PB 0x00000000dbd00000| Untracked 
| 190|0x00000000dbe00000, 0x00000000dbe00000, 0x00000000dbf00000|  0%| F|  |TAMS 0x00000000dbe00000| PB 0x00000000dbe00000| Untracked 
| 191|0x00000000dbf00000, 0x00000000dbf00000, 0x00000000dc000000|  0%| F|  |TAMS 0x00000000dbf00000| PB 0x00000000dbf00000| Untracked 
| 192|0x00000000dc000000, 0x00000000dc000000, 0x00000000dc100000|  0%| F|  |TAMS 0x00000000dc000000| PB 0x00000000dc000000| Untracked 
| 193|0x00000000dc100000, 0x00000000dc100000, 0x00000000dc200000|  0%| F|  |TAMS 0x00000000dc100000| PB 0x00000000dc100000| Untracked 
| 747|0x00000000feb00000, 0x00000000fec00000, 0x00000000fec00000|100%| O|  |TAMS 0x00000000feb00000| PB 0x00000000feb00000| Untracked 
| 748|0x00000000fec00000, 0x00000000fed00000, 0x00000000fed00000|100%| O|  |TAMS 0x00000000fec00000| PB 0x00000000fec00000| Untracked 
| 749|0x00000000fed00000, 0x00000000fee00000, 0x00000000fee00000|100%| O|  |TAMS 0x00000000fed00000| PB 0x00000000fed00000| Untracked 
| 750|0x00000000fee00000, 0x00000000fef00000, 0x00000000fef00000|100%| O|  |TAMS 0x00000000fee00000| PB 0x00000000fee00000| Untracked 
| 751|0x00000000fef00000, 0x00000000fef00000, 0x00000000ff000000|  0%| F|  |TAMS 0x00000000fef00000| PB 0x00000000fef00000| Untracked 
| 752|0x00000000ff000000, 0x00000000ff100000, 0x00000000ff100000|100%| O|  |TAMS 0x00000000ff000000| PB 0x00000000ff000000| Untracked 
| 753|0x00000000ff100000, 0x00000000ff200000, 0x00000000ff200000|100%| O|  |TAMS 0x00000000ff100000| PB 0x00000000ff100000| Untracked 
| 754|0x00000000ff200000, 0x00000000ff300000, 0x00000000ff300000|100%| O|  |TAMS 0x00000000ff200000| PB 0x00000000ff200000| Untracked 
| 755|0x00000000ff300000, 0x00000000ff400000, 0x00000000ff400000|100%| O|  |TAMS 0x00000000ff300000| PB 0x00000000ff300000| Untracked 
| 756|0x00000000ff400000, 0x00000000ff500000, 0x00000000ff500000|100%| O|  |TAMS 0x00000000ff400000| PB 0x00000000ff400000| Untracked 
| 757|0x00000000ff500000, 0x00000000ff500000, 0x00000000ff600000|  0%| F|  |TAMS 0x00000000ff500000| PB 0x00000000ff500000| Untracked 
| 758|0x00000000ff600000, 0x00000000ff600000, 0x00000000ff700000|  0%| F|  |TAMS 0x00000000ff600000| PB 0x00000000ff600000| Untracked 
| 759|0x00000000ff700000, 0x00000000ff800000, 0x00000000ff800000|100%| O|  |TAMS 0x00000000ff700000| PB 0x00000000ff700000| Untracked 
| 760|0x00000000ff800000, 0x00000000ff800000, 0x00000000ff900000|  0%| F|  |TAMS 0x00000000ff800000| PB 0x00000000ff800000| Untracked 
| 761|0x00000000ff900000, 0x00000000ff900000, 0x00000000ffa00000|  0%| F|  |TAMS 0x00000000ff900000| PB 0x00000000ff900000| Untracked 
| 762|0x00000000ffa00000, 0x00000000ffa00000, 0x00000000ffb00000|  0%| F|  |TAMS 0x00000000ffa00000| PB 0x00000000ffa00000| Untracked 
| 763|0x00000000ffb00000, 0x00000000ffb00000, 0x00000000ffc00000|  0%| F|  |TAMS 0x00000000ffb00000| PB 0x00000000ffb00000| Untracked 
| 764|0x00000000ffc00000, 0x00000000ffc00000, 0x00000000ffd00000|  0%| F|  |TAMS 0x00000000ffc00000| PB 0x00000000ffc00000| Untracked 
| 765|0x00000000ffd00000, 0x00000000ffd00000, 0x00000000ffe00000|  0%| F|  |TAMS 0x00000000ffd00000| PB 0x00000000ffd00000| Untracked 
| 766|0x00000000ffe00000, 0x00000000ffe00000, 0x00000000fff00000|  0%| F|  |TAMS 0x00000000ffe00000| PB 0x00000000ffe00000| Untracked 
| 767|0x00000000fff00000, 0x00000000fff00000, 0x0000000100000000|  0%| F|  |TAMS 0x00000000fff00000| PB 0x00000000fff00000| Untracked 

Card table byte_map: [0x000002f57a350000,0x000002f57a4d0000] _byte_map_base: 0x000002f579cd0000

Marking Bits: (CMBitMap*) 0x000002f571c88340
 Bits: [0x000002f57a4d0000, 0x000002f57b0d0000)

Polling page: 0x000002f56fca0000

Metaspace:

Usage:
  Non-class:    105.57 MB used.
      Class:     15.46 MB used.
       Both:    121.02 MB used.

Virtual space:
  Non-class space:      128.00 MB reserved,     106.62 MB ( 83%) committed,  2 nodes.
      Class space:      208.00 MB reserved,      16.44 MB (  8%) committed,  1 nodes.
             Both:      336.00 MB reserved,     123.06 MB ( 37%) committed. 

Chunk freelists:
   Non-Class:  5.23 MB
       Class:  15.60 MB
        Both:  20.84 MB

MaxMetaspaceSize: 256.00 MB
CompressedClassSpaceSize: 208.00 MB
Initial GC threshold: 21.00 MB
Current GC threshold: 204.38 MB
CDS: on
 - commit_granule_bytes: 65536.
 - commit_granule_words: 8192.
 - virtual_space_node_default_size: 8388608.
 - enlarge_chunks_in_place: 1.
 - use_allocation_guard: 0.


Internal statistics:

num_allocs_failed_limit: 6.
num_arena_births: 3482.
num_arena_deaths: 0.
num_vsnodes_births: 3.
num_vsnodes_deaths: 0.
num_space_committed: 1969.
num_space_uncommitted: 0.
num_chunks_returned_to_freelist: 6.
num_chunks_taken_from_freelist: 8340.
num_chunk_merges: 3.
num_chunk_splits: 5895.
num_chunks_enlarged: 4258.
num_inconsistent_stats: 0.

CodeHeap 'non-profiled nmethods': size=120000Kb used=5511Kb max_used=5511Kb free=114488Kb
 bounds [0x000002f507ad0000, 0x000002f508040000, 0x000002f50f000000]
CodeHeap 'profiled nmethods': size=120000Kb used=21932Kb max_used=21932Kb free=98067Kb
 bounds [0x000002f500000000, 0x000002f501570000, 0x000002f507530000]
CodeHeap 'non-nmethods': size=5760Kb used=2756Kb max_used=2804Kb free=3003Kb
 bounds [0x000002f507530000, 0x000002f507800000, 0x000002f507ad0000]
 total_blobs=11861 nmethods=10774 adapters=990
 compilation: enabled
              stopped_count=0, restarted_count=0
 full_count=0

Compilation events (20 events):
Event: 49.808 Thread 0x000002f57d64e760 12500       1       org.jetbrains.kotlin.ir.declarations.impl.IrFunctionImpl::getAnnotations (5 bytes)
Event: 49.808 Thread 0x000002f57d64e760 nmethod 12500 0x000002f507ebde10 code [0x000002f507ebdfa0, 0x000002f507ebe068]
Event: 49.808 Thread 0x000002f57d64e760 12491       1       org.jetbrains.kotlin.ir.expressions.impl.IrCallImpl::getTypeArguments (5 bytes)
Event: 49.809 Thread 0x000002f57d64e760 nmethod 12491 0x000002f507ebdb10 code [0x000002f507ebdca0, 0x000002f507ebdd68]
Event: 49.809 Thread 0x000002f57d64e760 12490       1       org.jetbrains.kotlin.fir.declarations.FirDeclarationOrigin::getGeneratedAnyMethod (5 bytes)
Event: 49.809 Thread 0x000002f57d64e760 nmethod 12490 0x000002f507ebd810 code [0x000002f507ebd9a0, 0x000002f507ebda70]
Event: 49.809 Thread 0x000002f57d64e760 12499       1       org.jetbrains.kotlin.fir.scopes.impl.AbstractFirUseSiteMemberScope::getPropertiesFromSupertypes (5 bytes)
Event: 49.809 Thread 0x000002f57d64e760 nmethod 12499 0x000002f507ebd490 code [0x000002f507ebd620, 0x000002f507ebd6e8]
Event: 49.809 Thread 0x000002f57d64e760 12496       1       org.jetbrains.kotlin.load.java.structure.impl.classFiles.BinaryJavaMethodBase::getAnnotations (5 bytes)
Event: 49.809 Thread 0x000002f57d64e760 nmethod 12496 0x000002f507c46410 code [0x000002f507c465a0, 0x000002f507c46668]
Event: 49.809 Thread 0x000002f57d64e760 12483       1       org.jetbrains.kotlin.fir.expressions.impl.FirAnnotationImpl::getUseSiteTarget (5 bytes)
Event: 49.809 Thread 0x000002f57d64e760 nmethod 12483 0x000002f507c46110 code [0x000002f507c462a0, 0x000002f507c46368]
Event: 49.809 Thread 0x000002f57d64e760 12477       1       org.jetbrains.kotlin.fir.expressions.builder.FirArgumentListBuilder::getArguments (5 bytes)
Event: 49.809 Thread 0x000002f57d64e760 nmethod 12477 0x000002f507c45e10 code [0x000002f507c45fa0, 0x000002f507c46068]
Event: 49.809 Thread 0x000002f57d64e760 12486       1       org.jetbrains.kotlin.fir.java.declarations.FirJavaClass::getSource (5 bytes)
Event: 49.809 Thread 0x000002f57d64e760 nmethod 12486 0x000002f507c45b10 code [0x000002f507c45ca0, 0x000002f507c45d68]
Event: 49.809 Thread 0x000002f57d64e760 12485       1       org.jetbrains.kotlin.fir.deserialization.FirDeserializationContext::getConstDeserializer (5 bytes)
Event: 49.809 Thread 0x000002f57d64e760 nmethod 12485 0x000002f507c45810 code [0x000002f507c459a0, 0x000002f507c45a68]
Event: 49.818 Thread 0x000002f57d64e760 12504   !   3       org.jetbrains.kotlin.metadata.jvm.JvmProtoBuf$JvmPropertySignature::<init> (647 bytes)
Event: 49.822 Thread 0x000002f57d64e760 nmethod 12504 0x000002f501569090 code [0x000002f5015697c0, 0x000002f50156d9f0]

GC Heap History (20 events):
Event: 23.899 GC heap after
{Heap after GC invocations=46 (full 0):
 garbage-first heap   total 147456K, used 90596K [0x00000000d0000000, 0x0000000100000000)
  region size 1024K, 3 young (3072K), 3 survivors (3072K)
 Metaspace       used 97876K, committed 99776K, reserved 344064K
  class space    used 13069K, committed 14016K, reserved 212992K
}
Event: 25.306 GC heap before
{Heap before GC invocations=46 (full 0):
 garbage-first heap   total 147456K, used 127460K [0x00000000d0000000, 0x0000000100000000)
  region size 1024K, 40 young (40960K), 3 survivors (3072K)
 Metaspace       used 102404K, committed 104320K, reserved 344064K
  class space    used 13480K, committed 14464K, reserved 212992K
}
Event: 25.371 GC heap after
{Heap after GC invocations=47 (full 0):
 garbage-first heap   total 147456K, used 93184K [0x00000000d0000000, 0x0000000100000000)
  region size 1024K, 5 young (5120K), 5 survivors (5120K)
 Metaspace       used 102404K, committed 104320K, reserved 344064K
  class space    used 13480K, committed 14464K, reserved 212992K
}
Event: 26.849 GC heap before
{Heap before GC invocations=47 (full 0):
 garbage-first heap   total 147456K, used 133120K [0x00000000d0000000, 0x0000000100000000)
  region size 1024K, 44 young (45056K), 5 survivors (5120K)
 Metaspace       used 107210K, committed 109184K, reserved 344064K
  class space    used 14119K, committed 15104K, reserved 212992K
}
Event: 26.898 GC heap after
{Heap after GC invocations=48 (full 0):
 garbage-first heap   total 147456K, used 95817K [0x00000000d0000000, 0x0000000100000000)
  region size 1024K, 6 young (6144K), 6 survivors (6144K)
 Metaspace       used 107210K, committed 109184K, reserved 344064K
  class space    used 14119K, committed 15104K, reserved 212992K
}
Event: 28.944 GC heap before
{Heap before GC invocations=49 (full 0):
 garbage-first heap   total 162816K, used 129609K [0x00000000d0000000, 0x0000000100000000)
  region size 1024K, 40 young (40960K), 6 survivors (6144K)
 Metaspace       used 112000K, committed 113984K, reserved 344064K
  class space    used 14589K, committed 15552K, reserved 212992K
}
Event: 28.990 GC heap after
{Heap after GC invocations=50 (full 0):
 garbage-first heap   total 162816K, used 97191K [0x00000000d0000000, 0x0000000100000000)
  region size 1024K, 4 young (4096K), 4 survivors (4096K)
 Metaspace       used 112000K, committed 113984K, reserved 344064K
  class space    used 14589K, committed 15552K, reserved 212992K
}
Event: 33.904 GC heap before
{Heap before GC invocations=50 (full 0):
 garbage-first heap   total 162816K, used 148391K [0x00000000d0000000, 0x0000000100000000)
  region size 1024K, 54 young (55296K), 4 survivors (4096K)
 Metaspace       used 122214K, committed 124224K, reserved 344064K
  class space    used 15789K, committed 16768K, reserved 212992K
}
Event: 34.014 GC heap after
{Heap after GC invocations=51 (full 0):
 garbage-first heap   total 162816K, used 102127K [0x00000000d0000000, 0x0000000100000000)
  region size 1024K, 7 young (7168K), 7 survivors (7168K)
 Metaspace       used 122214K, committed 124224K, reserved 344064K
  class space    used 15789K, committed 16768K, reserved 212992K
}
Event: 38.886 GC heap before
{Heap before GC invocations=51 (full 0):
 garbage-first heap   total 162816K, used 145135K [0x00000000d0000000, 0x0000000100000000)
  region size 1024K, 50 young (51200K), 7 survivors (7168K)
 Metaspace       used 123094K, committed 125120K, reserved 344064K
  class space    used 15810K, committed 16768K, reserved 212992K
}
Event: 38.942 GC heap after
{Heap after GC invocations=52 (full 0):
 garbage-first heap   total 162816K, used 107517K [0x00000000d0000000, 0x0000000100000000)
  region size 1024K, 5 young (5120K), 5 survivors (5120K)
 Metaspace       used 123094K, committed 125120K, reserved 344064K
  class space    used 15810K, committed 16768K, reserved 212992K
}
Event: 43.879 GC heap before
{Heap before GC invocations=53 (full 0):
 garbage-first heap   total 181248K, used 146429K [0x00000000d0000000, 0x0000000100000000)
  region size 1024K, 43 young (44032K), 5 survivors (5120K)
 Metaspace       used 123272K, committed 125248K, reserved 344064K
  class space    used 15811K, committed 16768K, reserved 212992K
}
Event: 43.936 GC heap after
{Heap after GC invocations=54 (full 0):
 garbage-first heap   total 181248K, used 110138K [0x00000000d0000000, 0x0000000100000000)
  region size 1024K, 3 young (3072K), 3 survivors (3072K)
 Metaspace       used 123272K, committed 125248K, reserved 344064K
  class space    used 15811K, committed 16768K, reserved 212992K
}
Event: 47.141 GC heap before
{Heap before GC invocations=54 (full 0):
 garbage-first heap   total 181248K, used 166458K [0x00000000d0000000, 0x0000000100000000)
  region size 1024K, 58 young (59392K), 3 survivors (3072K)
 Metaspace       used 123431K, committed 125440K, reserved 344064K
  class space    used 15828K, committed 16832K, reserved 212992K
}
Event: 47.199 GC heap after
{Heap after GC invocations=55 (full 0):
 garbage-first heap   total 187392K, used 124928K [0x00000000d0000000, 0x0000000100000000)
  region size 1024K, 8 young (8192K), 8 survivors (8192K)
 Metaspace       used 123431K, committed 125440K, reserved 344064K
  class space    used 15828K, committed 16832K, reserved 212992K
}
Event: 47.562 GC heap before
{Heap before GC invocations=55 (full 0):
 garbage-first heap   total 187392K, used 164864K [0x00000000d0000000, 0x0000000100000000)
  region size 1024K, 47 young (48128K), 8 survivors (8192K)
 Metaspace       used 123441K, committed 125440K, reserved 344064K
  class space    used 15828K, committed 16832K, reserved 212992K
}
Event: 47.587 GC heap after
{Heap after GC invocations=56 (full 0):
 garbage-first heap   total 191488K, used 143360K [0x00000000d0000000, 0x0000000100000000)
  region size 1024K, 6 young (6144K), 6 survivors (6144K)
 Metaspace       used 123441K, committed 125440K, reserved 344064K
  class space    used 15828K, committed 16832K, reserved 212992K
}
Event: 48.830 GC heap before
{Heap before GC invocations=57 (full 0):
 garbage-first heap   total 220160K, used 157696K [0x00000000d0000000, 0x0000000100000000)
  region size 1024K, 31 young (31744K), 6 survivors (6144K)
 Metaspace       used 123627K, committed 125632K, reserved 344064K
  class space    used 15829K, committed 16832K, reserved 212992K
}
Event: 48.893 GC heap after
{Heap after GC invocations=58 (full 0):
 garbage-first heap   total 220160K, used 141312K [0x00000000d0000000, 0x0000000100000000)
  region size 1024K, 4 young (4096K), 4 survivors (4096K)
 Metaspace       used 123627K, committed 125632K, reserved 344064K
  class space    used 15829K, committed 16832K, reserved 212992K
}
Event: 49.843 GC heap before
{Heap before GC invocations=58 (full 0):
 garbage-first heap   total 220160K, used 184320K [0x00000000d0000000, 0x0000000100000000)
  region size 1024K, 46 young (47104K), 4 survivors (4096K)
 Metaspace       used 123929K, committed 126016K, reserved 344064K
  class space    used 15829K, committed 16832K, reserved 212992K
}

Dll operation events (15 events):
Event: 0.015 Loaded shared library C:\Users\DELL\.gradle\jdks\eclipse_adoptium-21-amd64-windows.2\bin\java.dll
Event: 0.054 Loaded shared library C:\Users\DELL\.gradle\jdks\eclipse_adoptium-21-amd64-windows.2\bin\jsvml.dll
Event: 0.110 Loaded shared library C:\Users\DELL\.gradle\jdks\eclipse_adoptium-21-amd64-windows.2\bin\zip.dll
Event: 0.116 Loaded shared library C:\Users\DELL\.gradle\jdks\eclipse_adoptium-21-amd64-windows.2\bin\instrument.dll
Event: 0.123 Loaded shared library C:\Users\DELL\.gradle\jdks\eclipse_adoptium-21-amd64-windows.2\bin\net.dll
Event: 0.127 Loaded shared library C:\Users\DELL\.gradle\jdks\eclipse_adoptium-21-amd64-windows.2\bin\nio.dll
Event: 0.131 Loaded shared library C:\Users\DELL\.gradle\jdks\eclipse_adoptium-21-amd64-windows.2\bin\zip.dll
Event: 0.551 Loaded shared library C:\Users\DELL\.gradle\jdks\eclipse_adoptium-21-amd64-windows.2\bin\jimage.dll
Event: 0.979 Loaded shared library C:\Users\DELL\.gradle\jdks\eclipse_adoptium-21-amd64-windows.2\bin\verify.dll
Event: 1.049 Loaded shared library C:\Users\DELL\.gradle\native\660c5614fbf4a5f2a75b1949f50a0caf5cd603558e7d8a26e50b933a0cfb79d1\windows-amd64\native-platform.dll
Event: 1.074 Loaded shared library C:\Users\DELL\.gradle\native\0.2.8\x86_64-windows-gnu\gradle-fileevents.dll
Event: 2.823 Loaded shared library C:\Users\DELL\.gradle\jdks\eclipse_adoptium-21-amd64-windows.2\bin\management.dll
Event: 2.832 Loaded shared library C:\Users\DELL\.gradle\jdks\eclipse_adoptium-21-amd64-windows.2\bin\management_ext.dll
Event: 3.115 Loaded shared library C:\Users\DELL\.gradle\jdks\eclipse_adoptium-21-amd64-windows.2\bin\extnet.dll
Event: 4.350 Loaded shared library C:\Users\DELL\.gradle\jdks\eclipse_adoptium-21-amd64-windows.2\bin\sunmscapi.dll

Deoptimization events (20 events):
Event: 48.995 Thread 0x000002f57f1b3ff0 DEOPT PACKING pc=0x000002f507bdacac sp=0x000000fa8ceefc40
Event: 48.995 Thread 0x000002f57f1b3ff0 DEOPT UNPACKING pc=0x000002f507587da2 sp=0x000000fa8ceefbd0 mode 2
Event: 48.996 Thread 0x000002f57f1b3ff0 Uncommon trap: trap_request=0xffffffbe fr.pc=0x000002f507bdacac relative=0x000000000000024c
Event: 48.996 Thread 0x000002f57f1b3ff0 Uncommon trap: reason=profile_predicate action=maybe_recompile pc=0x000002f507bdacac method=org.jetbrains.kotlin.com.intellij.openapi.util.text.StringUtilRt.lastIndexOf(Ljava/lang/CharSequence;CII)I @ 32 c2
Event: 48.996 Thread 0x000002f57f1b3ff0 DEOPT PACKING pc=0x000002f507bdacac sp=0x000000fa8ceefc40
Event: 48.996 Thread 0x000002f57f1b3ff0 DEOPT UNPACKING pc=0x000002f507587da2 sp=0x000000fa8ceefbd0 mode 2
Event: 48.996 Thread 0x000002f57f1b3ff0 Uncommon trap: trap_request=0xffffffbe fr.pc=0x000002f507bdacac relative=0x000000000000024c
Event: 48.996 Thread 0x000002f57f1b3ff0 Uncommon trap: reason=profile_predicate action=maybe_recompile pc=0x000002f507bdacac method=org.jetbrains.kotlin.com.intellij.openapi.util.text.StringUtilRt.lastIndexOf(Ljava/lang/CharSequence;CII)I @ 32 c2
Event: 48.996 Thread 0x000002f57f1b3ff0 DEOPT PACKING pc=0x000002f507bdacac sp=0x000000fa8ceefc40
Event: 48.996 Thread 0x000002f57f1b3ff0 DEOPT UNPACKING pc=0x000002f507587da2 sp=0x000000fa8ceefbd0 mode 2
Event: 48.997 Thread 0x000002f57f1b3ff0 Uncommon trap: trap_request=0xffffffbe fr.pc=0x000002f507bdacac relative=0x000000000000024c
Event: 48.997 Thread 0x000002f57f1b3ff0 Uncommon trap: reason=profile_predicate action=maybe_recompile pc=0x000002f507bdacac method=org.jetbrains.kotlin.com.intellij.openapi.util.text.StringUtilRt.lastIndexOf(Ljava/lang/CharSequence;CII)I @ 32 c2
Event: 48.997 Thread 0x000002f57f1b3ff0 DEOPT PACKING pc=0x000002f507bdacac sp=0x000000fa8ceefc40
Event: 48.997 Thread 0x000002f57f1b3ff0 DEOPT UNPACKING pc=0x000002f507587da2 sp=0x000000fa8ceefbd0 mode 2
Event: 49.001 Thread 0x000002f57f1b3ff0 DEOPT PACKING pc=0x000002f500a337ca sp=0x000000fa8ceefca0
Event: 49.001 Thread 0x000002f57f1b3ff0 DEOPT UNPACKING pc=0x000002f5075888e2 sp=0x000000fa8ceef138 mode 0
Event: 49.158 Thread 0x000002f57f1b3ff0 DEOPT PACKING pc=0x000002f500a337ca sp=0x000000fa8ceed330
Event: 49.158 Thread 0x000002f57f1b3ff0 DEOPT UNPACKING pc=0x000002f5075888e2 sp=0x000000fa8ceec7c8 mode 0
Event: 49.765 Thread 0x000002f57f1b3ff0 DEOPT PACKING pc=0x000002f5009d4c17 sp=0x000000fa8cef3a50
Event: 49.765 Thread 0x000002f57f1b3ff0 DEOPT UNPACKING pc=0x000002f5075888e2 sp=0x000000fa8cef2f70 mode 0

Classes loaded (20 events):
Event: 33.171 Loading class org/w3c/dom/CharacterData
Event: 33.171 Loading class org/w3c/dom/CharacterData done
Event: 33.171 Loading class org/w3c/dom/Text
Event: 33.171 Loading class org/w3c/dom/Text done
Event: 33.172 Loading class com/sun/org/apache/xerces/internal/dom/CharacterDataImpl
Event: 33.172 Loading class com/sun/org/apache/xerces/internal/dom/CharacterDataImpl done
Event: 33.172 Loading class com/sun/org/apache/xerces/internal/dom/TextImpl done
Event: 33.172 Loading class com/sun/org/apache/xerces/internal/dom/DeferredTextImpl done
Event: 33.172 Loading class com/sun/org/apache/xerces/internal/dom/CharacterDataImpl$1
Event: 33.172 Loading class com/sun/org/apache/xerces/internal/dom/CharacterDataImpl$1 done
Event: 33.192 Loading class org/w3c/dom/Comment
Event: 33.192 Loading class org/w3c/dom/Comment done
Event: 34.057 Loading class sun/security/ssl/Alert
Event: 34.059 Loading class sun/security/ssl/Alert done
Event: 34.063 Loading class sun/security/ssl/Alert$AlertConsumer
Event: 34.064 Loading class sun/security/ssl/Alert$AlertConsumer done
Event: 34.064 Loading class sun/security/ssl/Alert$Level
Event: 34.064 Loading class sun/security/ssl/Alert$Level done
Event: 34.380 Loading class java/util/LinkedList$LLSpliterator
Event: 34.381 Loading class java/util/LinkedList$LLSpliterator done

Classes unloaded (0 events):
No events

Classes redefined (0 events):
No events

Internal exceptions (20 events):
Event: 30.120 Thread 0x000002f57f1b3ff0 Exception <a 'sun/nio/fs/WindowsException'{0x00000000d8d1c810}> (0x00000000d8d1c810) 
thrown [s\src\hotspot\share\prims\jni.cpp, line 520]
Event: 30.340 Thread 0x000002f57f1b3ff0 Exception <a 'java/lang/NoSuchMethodError'{0x00000000d8ba0be0}: static Lorg/gradle/api/internal/catalog/DefaultVersionCatalog;.<clinit>()V> (0x00000000d8ba0be0) 
thrown [s\src\hotspot\share\prims\jni.cpp, line 1111]
Event: 30.368 Thread 0x000002f57f1b3ff0 Exception <a 'java/lang/NoSuchMethodError'{0x00000000d8bc41c8}: 'long java.lang.invoke.DirectMethodHandle$Holder.invokeSpecial(java.lang.Object, java.lang.Object)'> (0x00000000d8bc41c8) 
thrown [s\src\hotspot\share\interpreter\linkResolver.cpp, line 773]
Event: 30.368 Thread 0x000002f57f1b3ff0 Exception <a 'java/lang/NoSuchMethodError'{0x00000000d8bc8650}: 'long java.lang.invoke.Invokers$Holder.invokeExact_MT(java.lang.Object, java.lang.Object)'> (0x00000000d8bc8650) 
thrown [s\src\hotspot\share\interpreter\linkResolver.cpp, line 773]
Event: 30.373 Thread 0x000002f57f1b3ff0 Exception <a 'java/lang/NoSuchMethodError'{0x00000000d8bfdce8}: static [Ljava/lang/Object;.<clinit>()V> (0x00000000d8bfdce8) 
thrown [s\src\hotspot\share\prims\jni.cpp, line 1111]
Event: 30.377 Thread 0x000002f57f1b3ff0 Exception <a 'java/lang/NoSuchMethodError'{0x00000000d8a381a0}: static Lorg/gradle/api/internal/catalog/DependencyModel;.<clinit>()V> (0x00000000d8a381a0) 
thrown [s\src\hotspot\share\prims\jni.cpp, line 1111]
Event: 30.378 Thread 0x000002f57f1b3ff0 Exception <a 'java/lang/NoSuchMethodError'{0x00000000d8a3bf08}: static Lorg/gradle/api/internal/catalog/AbstractContextAwareModel;.<clinit>()V> (0x00000000d8a3bf08) 
thrown [s\src\hotspot\share\prims\jni.cpp, line 1111]
Event: 30.380 Thread 0x000002f57f1b3ff0 Exception <a 'java/lang/NoSuchMethodError'{0x00000000d8a55728}: static Lorg/gradle/api/internal/artifacts/dependencies/AbstractVersionConstraint;.<clinit>()V> (0x00000000d8a55728) 
thrown [s\src\hotspot\share\prims\jni.cpp, line 1111]
Event: 30.386 Thread 0x000002f57f1b3ff0 Exception <a 'java/lang/NoSuchMethodError'{0x00000000d8ab2d50}: static Lorg/gradle/api/internal/catalog/PluginModel;.<clinit>()V> (0x00000000d8ab2d50) 
thrown [s\src\hotspot\share\prims\jni.cpp, line 1111]
Event: 30.388 Thread 0x000002f57f1b3ff0 Exception <a 'java/lang/NoSuchMethodError'{0x00000000d8aca0c8}: static Lorg/gradle/api/internal/catalog/VersionModel;.<clinit>()V> (0x00000000d8aca0c8) 
thrown [s\src\hotspot\share\prims\jni.cpp, line 1111]
Event: 30.392 Thread 0x000002f57f1b3ff0 Exception <a 'java/lang/NoSuchMethodError'{0x00000000d8ad3a98}: 'void java.lang.invoke.DirectMethodHandle$Holder.invokeSpecial(java.lang.Object, java.lang.Object, java.lang.Object, int)'> (0x00000000d8ad3a98) 
thrown [s\src\hotspot\share\interpreter\linkResolver.cpp, line 773]
Event: 30.771 Thread 0x000002f57f1b3ff0 Exception <a 'sun/nio/fs/WindowsException'{0x00000000d86728d8}> (0x00000000d86728d8) 
thrown [s\src\hotspot\share\prims\jni.cpp, line 520]
Event: 32.483 Thread 0x000002f57f1b3ff0 Exception <a 'java/lang/NoSuchMethodError'{0x00000000d6904f18}: 'void java.lang.invoke.DirectMethodHandle$Holder.invokeVirtual(java.lang.Object, java.lang.Object, long)'> (0x00000000d6904f18) 
thrown [s\src\hotspot\share\interpreter\linkResolver.cpp, line 773]
Event: 32.484 Thread 0x000002f57f1b3ff0 Implicit null exception at 0x000002f507e8f7e7 to 0x000002f507e8f988
Event: 32.943 Thread 0x000002f57f1b3ff0 Exception <a 'java/lang/NoSuchMethodError'{0x00000000d685d1f8}: 'int java.lang.invoke.DirectMethodHandle$Holder.invokeSpecial(java.lang.Object, java.lang.Object, int)'> (0x00000000d685d1f8) 
thrown [s\src\hotspot\share\interpreter\linkResolver.cpp, line 773]
Event: 34.065 Thread 0x000002f571d1d0e0 Implicit null exception at 0x000002f507d1ff9c to 0x000002f507d20060
Event: 34.386 Thread 0x000002f57f1b3ff0 Exception <a 'java/lang/IncompatibleClassChangeError'{0x00000000d926cea0}: Found class java.lang.Object, but interface was expected> (0x00000000d926cea0) 
thrown [s\src\hotspot\share\interpreter\linkResolver.cpp, line 840]
Event: 46.194 Thread 0x000002f57f1b3ff0 Exception <a 'sun/nio/fs/WindowsException'{0x00000000d93ed160}> (0x00000000d93ed160) 
thrown [s\src\hotspot\share\prims\jni.cpp, line 520]
Event: 46.308 Thread 0x000002f57f1b3ff0 Exception <a 'sun/nio/fs/WindowsException'{0x00000000d923fcf0}> (0x00000000d923fcf0) 
thrown [s\src\hotspot\share\prims\jni.cpp, line 520]
Event: 46.308 Thread 0x000002f57f1b3ff0 Exception <a 'sun/nio/fs/WindowsException'{0x00000000d9241b58}> (0x00000000d9241b58) 
thrown [s\src\hotspot\share\prims\jni.cpp, line 520]

ZGC Phase Switch (0 events):
No events

VM Operations (20 events):
Event: 43.936 Executing VM operation: G1CollectForAllocation (G1 Evacuation Pause) done
Event: 44.936 Executing VM operation: Cleanup
Event: 44.936 Executing VM operation: Cleanup done
Event: 45.942 Executing VM operation: Cleanup
Event: 45.942 Executing VM operation: Cleanup done
Event: 46.952 Executing VM operation: Cleanup
Event: 46.953 Executing VM operation: Cleanup done
Event: 47.139 Executing VM operation: G1CollectForAllocation (G1 Evacuation Pause)
Event: 47.200 Executing VM operation: G1CollectForAllocation (G1 Evacuation Pause) done
Event: 47.562 Executing VM operation: G1CollectForAllocation (G1 Evacuation Pause)
Event: 47.588 Executing VM operation: G1CollectForAllocation (G1 Evacuation Pause) done
Event: 48.221 Executing VM operation: G1PauseRemark
Event: 48.475 Executing VM operation: G1PauseRemark done
Event: 48.815 Executing VM operation: G1PauseCleanup
Event: 48.815 Executing VM operation: G1PauseCleanup done
Event: 48.830 Executing VM operation: G1CollectForAllocation (G1 Evacuation Pause)
Event: 48.893 Executing VM operation: G1CollectForAllocation (G1 Evacuation Pause) done
Event: 49.713 Executing VM operation: ICBufferFull
Event: 49.713 Executing VM operation: ICBufferFull done
Event: 49.842 Executing VM operation: G1CollectForAllocation (G1 Evacuation Pause)

Memory protections (0 events):
No events

Nmethod flushes (20 events):
Event: 48.464 Thread 0x000002f571d06fd0 flushing  nmethod 0x000002f500f39810
Event: 48.464 Thread 0x000002f571d06fd0 flushing  nmethod 0x000002f500f39e10
Event: 48.464 Thread 0x000002f571d06fd0 flushing  nmethod 0x000002f500f3a190
Event: 48.464 Thread 0x000002f571d06fd0 flushing  nmethod 0x000002f500f45b90
Event: 48.464 Thread 0x000002f571d06fd0 flushing  nmethod 0x000002f500f47390
Event: 48.464 Thread 0x000002f571d06fd0 flushing  nmethod 0x000002f500f49090
Event: 48.464 Thread 0x000002f571d06fd0 flushing  nmethod 0x000002f500f79290
Event: 48.464 Thread 0x000002f571d06fd0 flushing  nmethod 0x000002f500f7b810
Event: 48.464 Thread 0x000002f571d06fd0 flushing  nmethod 0x000002f500f7be10
Event: 48.464 Thread 0x000002f571d06fd0 flushing  nmethod 0x000002f500f7c410
Event: 48.464 Thread 0x000002f571d06fd0 flushing  nmethod 0x000002f500f96e90
Event: 48.464 Thread 0x000002f571d06fd0 flushing osr nmethod 0x000002f500f97410
Event: 48.464 Thread 0x000002f571d06fd0 flushing  nmethod 0x000002f500f97a90
Event: 48.464 Thread 0x000002f571d06fd0 flushing  nmethod 0x000002f500f98410
Event: 48.464 Thread 0x000002f571d06fd0 flushing  nmethod 0x000002f500f99890
Event: 48.464 Thread 0x000002f571d06fd0 flushing  nmethod 0x000002f500fe5390
Event: 48.464 Thread 0x000002f571d06fd0 flushing  nmethod 0x000002f501004c90
Event: 48.464 Thread 0x000002f571d06fd0 flushing  nmethod 0x000002f501145790
Event: 48.464 Thread 0x000002f571d06fd0 flushing  nmethod 0x000002f501145b10
Event: 48.464 Thread 0x000002f571d06fd0 flushing  nmethod 0x000002f5011ac690

Events (20 events):
Event: 4.693 Thread 0x000002f57f1b3ff0 Thread added: 0x000002f57f1afe50
Event: 4.698 Thread 0x000002f57f1b3ff0 Thread added: 0x000002f57f1af130
Event: 4.732 Thread 0x000002f57f1b3ff0 Thread added: 0x000002f57f1b25b0
Event: 5.481 Thread 0x000002f57f1b3ff0 Thread added: 0x000002f57f1b53a0
Event: 5.513 Thread 0x000002f57f1b3ff0 Thread added: 0x000002f57f1b1f20
Event: 5.621 Thread 0x000002f57f1b3ff0 Thread added: 0x000002f57f1b6750
Event: 7.627 Thread 0x000002f57f1b3ff0 Thread added: 0x000002f57f1b2c40
Event: 7.685 Thread 0x000002f57f1b3ff0 Thread added: 0x000002f57f1b04e0
Event: 8.079 Thread 0x000002f57f1b3ff0 Thread added: 0x000002f57f1b32d0
Event: 8.087 Thread 0x000002f57f1b3ff0 Thread added: 0x000002f57f1b0b70
Event: 8.459 Thread 0x000002f57f1b3ff0 Thread added: 0x000002f57f1b5a30
Event: 8.605 Thread 0x000002f57f1b3ff0 Thread added: 0x000002f57f1af7c0
Event: 9.081 Thread 0x000002f57f1b3ff0 Thread added: 0x000002f57f1b1200
Event: 9.173 Thread 0x000002f57f1b3ff0 Thread added: 0x000002f57f1b1890
Event: 11.995 Thread 0x000002f57f1b3ff0 Thread added: 0x000002f57f1b3960
Event: 12.081 Thread 0x000002f57f1b3ff0 Thread added: 0x000002f57f1b4680
Event: 12.195 Thread 0x000002f57f1b3ff0 Thread added: 0x000002f52201ef10
Event: 34.455 Thread 0x000002f57f1b3ff0 Thread added: 0x000002f5236c67c0
Event: 34.727 Thread 0x000002f57f1b3ff0 Thread added: 0x000002f5236c6e50
Event: 37.000 Thread 0x000002f57f1b3ff0 Thread added: 0x000002f5236c8200


Dynamic libraries:
0x00007ff78b780000 - 0x00007ff78b78e000 	C:\Users\DELL\.gradle\jdks\eclipse_adoptium-21-amd64-windows.2\bin\java.exe
0x00007ffc5c9f0000 - 0x00007ffc5cbe8000 	C:\Windows\SYSTEM32\ntdll.dll
0x00007ffc5aa10000 - 0x00007ffc5aad2000 	C:\Windows\System32\KERNEL32.DLL
0x00007ffc5a080000 - 0x00007ffc5a376000 	C:\Windows\System32\KERNELBASE.dll
0x00007ffc5a850000 - 0x00007ffc5a950000 	C:\Windows\System32\ucrtbase.dll
0x00007ffc484d0000 - 0x00007ffc484e8000 	C:\Users\DELL\.gradle\jdks\eclipse_adoptium-21-amd64-windows.2\bin\jli.dll
0x00007ffc4f910000 - 0x00007ffc4f92e000 	C:\Users\DELL\.gradle\jdks\eclipse_adoptium-21-amd64-windows.2\bin\VCRUNTIME140.dll
0x00007ffc5b0d0000 - 0x00007ffc5b271000 	C:\Windows\System32\USER32.dll
0x00007ffc476b0000 - 0x00007ffc4794b000 	C:\Windows\WinSxS\amd64_microsoft.windows.common-controls_6595b64144ccf1df_6.0.19041.6456_none_60b8a6cb71f64256\COMCTL32.dll
0x00007ffc5a590000 - 0x00007ffc5a5b2000 	C:\Windows\System32\win32u.dll
0x00007ffc5bb00000 - 0x00007ffc5bb9e000 	C:\Windows\System32\msvcrt.dll
0x00007ffc5bc50000 - 0x00007ffc5bc7b000 	C:\Windows\System32\GDI32.dll
0x00007ffc5a730000 - 0x00007ffc5a849000 	C:\Windows\System32\gdi32full.dll
0x00007ffc5a5c0000 - 0x00007ffc5a65d000 	C:\Windows\System32\msvcp_win.dll
0x00007ffc5b500000 - 0x00007ffc5b52f000 	C:\Windows\System32\IMM32.DLL
0x00007ffc53e40000 - 0x00007ffc53e4c000 	C:\Users\DELL\.gradle\jdks\eclipse_adoptium-21-amd64-windows.2\bin\vcruntime140_1.dll
0x00007ffc1f4e0000 - 0x00007ffc1f56d000 	C:\Users\DELL\.gradle\jdks\eclipse_adoptium-21-amd64-windows.2\bin\msvcp140.dll
0x00007ffbf3980000 - 0x00007ffbf4710000 	C:\Users\DELL\.gradle\jdks\eclipse_adoptium-21-amd64-windows.2\bin\server\jvm.dll
0x00007ffc5b290000 - 0x00007ffc5b341000 	C:\Windows\System32\ADVAPI32.dll
0x00007ffc5b530000 - 0x00007ffc5b5cf000 	C:\Windows\System32\sechost.dll
0x00007ffc5aae0000 - 0x00007ffc5ac00000 	C:\Windows\System32\RPCRT4.dll
0x00007ffc5a9e0000 - 0x00007ffc5aa07000 	C:\Windows\System32\bcrypt.dll
0x00007ffc5b5d0000 - 0x00007ffc5b63b000 	C:\Windows\System32\WS2_32.dll
0x00007ffc59ee0000 - 0x00007ffc59f2b000 	C:\Windows\SYSTEM32\POWRPROF.dll
0x00007ffc53320000 - 0x00007ffc5332a000 	C:\Windows\SYSTEM32\VERSION.dll
0x00007ffc440a0000 - 0x00007ffc440c7000 	C:\Windows\SYSTEM32\WINMM.dll
0x00007ffc59ec0000 - 0x00007ffc59ed2000 	C:\Windows\SYSTEM32\UMPDC.dll
0x00007ffc58850000 - 0x00007ffc58862000 	C:\Windows\SYSTEM32\kernel.appcore.dll
0x00007ffc538c0000 - 0x00007ffc538ca000 	C:\Users\DELL\.gradle\jdks\eclipse_adoptium-21-amd64-windows.2\bin\jimage.dll
0x00007ffc57c20000 - 0x00007ffc57e21000 	C:\Windows\SYSTEM32\DBGHELP.DLL
0x00007ffc2cea0000 - 0x00007ffc2ced4000 	C:\Windows\SYSTEM32\dbgcore.DLL
0x00007ffc5a950000 - 0x00007ffc5a9d2000 	C:\Windows\System32\bcryptPrimitives.dll
0x00007ffc4a370000 - 0x00007ffc4a37f000 	C:\Users\DELL\.gradle\jdks\eclipse_adoptium-21-amd64-windows.2\bin\instrument.dll
0x00007ffc47010000 - 0x00007ffc4702f000 	C:\Users\DELL\.gradle\jdks\eclipse_adoptium-21-amd64-windows.2\bin\java.dll
0x00007ffc5c0c0000 - 0x00007ffc5c830000 	C:\Windows\System32\SHELL32.dll
0x00007ffc58090000 - 0x00007ffc58835000 	C:\Windows\SYSTEM32\windows.storage.dll
0x00007ffc5bc80000 - 0x00007ffc5bfd4000 	C:\Windows\System32\combase.dll
0x00007ffc599d0000 - 0x00007ffc599fb000 	C:\Windows\SYSTEM32\Wldp.dll
0x00007ffc5c8e0000 - 0x00007ffc5c9ad000 	C:\Windows\System32\OLEAUT32.dll
0x00007ffc5bba0000 - 0x00007ffc5bc4d000 	C:\Windows\System32\SHCORE.dll
0x00007ffc5b6c0000 - 0x00007ffc5b71b000 	C:\Windows\System32\shlwapi.dll
0x00007ffc59fb0000 - 0x00007ffc59fd4000 	C:\Windows\SYSTEM32\profapi.dll
0x00007ffc0f200000 - 0x00007ffc0f2d7000 	C:\Users\DELL\.gradle\jdks\eclipse_adoptium-21-amd64-windows.2\bin\jsvml.dll
0x00007ffc46980000 - 0x00007ffc46998000 	C:\Users\DELL\.gradle\jdks\eclipse_adoptium-21-amd64-windows.2\bin\zip.dll
0x00007ffc4a0d0000 - 0x00007ffc4a0e0000 	C:\Users\DELL\.gradle\jdks\eclipse_adoptium-21-amd64-windows.2\bin\net.dll
0x00007ffc50530000 - 0x00007ffc5063a000 	C:\Windows\SYSTEM32\WINHTTP.dll
0x00007ffc596e0000 - 0x00007ffc5974a000 	C:\Windows\system32\mswsock.dll
0x00007ffc20240000 - 0x00007ffc20256000 	C:\Users\DELL\.gradle\jdks\eclipse_adoptium-21-amd64-windows.2\bin\nio.dll
0x00007ffc46fa0000 - 0x00007ffc46fb0000 	C:\Users\DELL\.gradle\jdks\eclipse_adoptium-21-amd64-windows.2\bin\verify.dll
0x00007ffc26030000 - 0x00007ffc26057000 	C:\Users\DELL\.gradle\native\660c5614fbf4a5f2a75b1949f50a0caf5cd603558e7d8a26e50b933a0cfb79d1\windows-amd64\native-platform.dll
0x00007ffc1b1a0000 - 0x00007ffc1b217000 	C:\Users\DELL\.gradle\native\0.2.8\x86_64-windows-gnu\gradle-fileevents.dll
0x00007ffc46a40000 - 0x00007ffc46a4a000 	C:\Users\DELL\.gradle\jdks\eclipse_adoptium-21-amd64-windows.2\bin\management.dll
0x00007ffc46160000 - 0x00007ffc4616b000 	C:\Users\DELL\.gradle\jdks\eclipse_adoptium-21-amd64-windows.2\bin\management_ext.dll
0x00007ffc5b280000 - 0x00007ffc5b288000 	C:\Windows\System32\PSAPI.DLL
0x00007ffc593d0000 - 0x00007ffc5940b000 	C:\Windows\SYSTEM32\IPHLPAPI.DLL
0x00007ffc5ba60000 - 0x00007ffc5ba68000 	C:\Windows\System32\NSI.dll
0x00007ffc460b0000 - 0x00007ffc460b9000 	C:\Users\DELL\.gradle\jdks\eclipse_adoptium-21-amd64-windows.2\bin\extnet.dll
0x00007ffc598a0000 - 0x00007ffc598b8000 	C:\Windows\SYSTEM32\CRYPTSP.dll
0x00007ffc59010000 - 0x00007ffc59048000 	C:\Windows\system32\rsaenh.dll
0x00007ffc59f30000 - 0x00007ffc59f5e000 	C:\Windows\SYSTEM32\USERENV.dll
0x00007ffc598c0000 - 0x00007ffc598cc000 	C:\Windows\SYSTEM32\CRYPTBASE.dll
0x00007ffc45e10000 - 0x00007ffc45e1e000 	C:\Users\DELL\.gradle\jdks\eclipse_adoptium-21-amd64-windows.2\bin\sunmscapi.dll
0x00007ffc5a380000 - 0x00007ffc5a4dd000 	C:\Windows\System32\CRYPT32.dll
0x00007ffc59a40000 - 0x00007ffc59a67000 	C:\Windows\SYSTEM32\ncrypt.dll
0x00007ffc59a00000 - 0x00007ffc59a3b000 	C:\Windows\SYSTEM32\NTASN1.dll
0x00007ffc33480000 - 0x00007ffc33487000 	C:\Windows\system32\wshunix.dll
0x00007ffc59420000 - 0x00007ffc594ea000 	C:\Windows\SYSTEM32\DNSAPI.dll
0x00007ffc51e60000 - 0x00007ffc51e6a000 	C:\Windows\System32\rasadhlp.dll
0x00007ffc47bb0000 - 0x00007ffc47c30000 	C:\Windows\System32\fwpuclnt.dll

dbghelp: loaded successfully - version: 4.0.5 - missing functions: none
symbol engine: initialized successfully - sym options: 0x614 - pdb path: .;C:\Users\DELL\.gradle\jdks\eclipse_adoptium-21-amd64-windows.2\bin;C:\Windows\SYSTEM32;C:\Windows\WinSxS\amd64_microsoft.windows.common-controls_6595b64144ccf1df_6.0.19041.6456_none_60b8a6cb71f64256;C:\Users\DELL\.gradle\jdks\eclipse_adoptium-21-amd64-windows.2\bin\server;C:\Users\DELL\.gradle\native\660c5614fbf4a5f2a75b1949f50a0caf5cd603558e7d8a26e50b933a0cfb79d1\windows-amd64;C:\Users\DELL\.gradle\native\0.2.8\x86_64-windows-gnu

VM Arguments:
jvm_args: --add-opens=java.base/java.lang=ALL-UNNAMED --add-opens=java.base/java.lang.invoke=ALL-UNNAMED --add-opens=java.base/java.util=ALL-UNNAMED --add-opens=java.prefs/java.util.prefs=ALL-UNNAMED --add-exports=jdk.compiler/com.sun.tools.javac.api=ALL-UNNAMED --add-exports=jdk.compiler/com.sun.tools.javac.util=ALL-UNNAMED --add-opens=java.base/java.util=ALL-UNNAMED --add-opens=java.prefs/java.util.prefs=ALL-UNNAMED --add-opens=java.base/java.nio.charset=ALL-UNNAMED --add-opens=java.base/java.net=ALL-UNNAMED --add-opens=java.base/java.util.concurrent=ALL-UNNAMED --add-opens=java.base/java.util.concurrent.atomic=ALL-UNNAMED --add-opens=java.xml/javax.xml.namespace=ALL-UNNAMED --add-opens=java.base/java.time=ALL-UNNAMED -XX:MaxMetaspaceSize=256m -Xmx768m -Dfile.encoding=UTF-8 -Duser.country=IN -Duser.language=en -Duser.variant -javaagent:C:\Users\DELL\.gradle\wrapper\dists\gradle-9.3.1-bin\23ovyewtku6u96viwx3xl3oks\gradle-9.3.1\lib\agents\gradle-instrumentation-agent-9.3.1.jar 
java_command: org.gradle.launcher.daemon.bootstrap.GradleDaemon 9.3.1
java_class_path (initial): C:\Users\DELL\.gradle\wrapper\dists\gradle-9.3.1-bin\23ovyewtku6u96viwx3xl3oks\gradle-9.3.1\lib\gradle-daemon-main-9.3.1.jar
Launcher Type: SUN_STANDARD

[Global flags]
     intx CICompilerCount                          = 3                                         {product} {ergonomic}
   size_t CompressedClassSpaceSize                 = 218103808                                 {product} {ergonomic}
     uint ConcGCThreads                            = 1                                         {product} {ergonomic}
     uint G1ConcRefinementThreads                  = 4                                         {product} {ergonomic}
   size_t G1HeapRegionSize                         = 1048576                                   {product} {ergonomic}
    uintx GCDrainStackTargetSize                   = 64                                        {product} {ergonomic}
   size_t InitialHeapSize                          = 65011712                                  {product} {ergonomic}
   size_t MarkStackSize                            = 4194304                                   {product} {ergonomic}
   size_t MaxHeapSize                              = 805306368                                 {product} {command line}
   size_t MaxMetaspaceSize                         = 268435456                                 {product} {command line}
   size_t MaxNewSize                               = 482344960                                 {product} {ergonomic}
   size_t MinHeapDeltaBytes                        = 1048576                                   {product} {ergonomic}
   size_t MinHeapSize                              = 8388608                                   {product} {ergonomic}
    uintx NonNMethodCodeHeapSize                   = 5832780                                {pd product} {ergonomic}
    uintx NonProfiledCodeHeapSize                  = 122912730                              {pd product} {ergonomic}
    uintx ProfiledCodeHeapSize                     = 122912730                              {pd product} {ergonomic}
    uintx ReservedCodeCacheSize                    = 251658240                              {pd product} {ergonomic}
     bool SegmentedCodeCache                       = true                                      {product} {ergonomic}
   size_t SoftMaxHeapSize                          = 805306368                              {manageable} {ergonomic}
     bool UseCompressedOops                        = true                           {product lp64_product} {ergonomic}
     bool UseG1GC                                  = true                                      {product} {ergonomic}
     bool UseLargePagesIndividualAllocation        = false                                  {pd product} {ergonomic}

Logging:
Log output configuration:
 #0: stdout all=warning uptime,level,tags foldmultilines=false
 #1: stderr all=off uptime,level,tags foldmultilines=false

Environment Variables:
PATH=C:\Program Files\OpenLogic\jdk-22.0.2.9-hotspot\bin;C:\Windows\system32;C:\Windows;C:\Windows\System32\Wbem;C:\Windows\System32\WindowsPowerShell\v1.0\;C:\Windows\System32\OpenSSH\;C:\Program Files\dotnet\;C:\MinGW\bin;C:\Program Files\Git\cmd;C:\Users\DELL\AppData\Roaming\nvm;C:\Program Files\nodejs;C:\ProgramData\chocolatey\bin;C:\Program Files\nodejs\;C:\Users\DELL\AppData\Local\Programs\Python\Python313\Scripts;C:\Users\DELL\AppData\Local\Programs\Python\Python313\;C:\platform-tools;C:\MinGW\bin;C:\MinGW\bin;C:\Program Files\MySQL\MySQL Server 8.0\bin;C:\Users\DELL\AppData\Local\Programs\Python\Python310\Scripts\;C:\Users\DELL\AppData\Local\Programs\Python\Python310\;C:\Users\DELL\AppData\Local\Programs\Python\Python313\Scripts\;C:\Users\DELL\AppData\Local\Programs\Python\Python313\;C:\Users\DELL\AppData\Local\Programs\Python\Launcher\;C:\Users\DELL\AppData\Local\Microsoft\WindowsApps;C:\Users\DELL\AppData\Local\Programs\Microsoft VS Code\bin;C:\Users\DELL\AppData\Roaming\nvm;C:\Program Files\nodejs;C:\Users\DELL\AppData\Roaming\npm;C:\Program Files\heroku\bin;C:\Users\DELL\.dotnet\tools;C:\Users\DELL\Downloads\x64;C:\Users\DELL\AppData\Local\Programs\Python\Python310\;C:\Users\DELL\AppData\Local\Programs\Antigravity\bin
USERNAME=DELL
OS=Windows_NT
PROCESSOR_IDENTIFIER=Intel64 Family 6 Model 126 Stepping 5, GenuineIntel
TMP=C:\Users\DELL\AppData\Local\Temp
TEMP=C:\Users\DELL\AppData\Local\Temp




Periodic native trim disabled

---------------  S Y S T E M  ---------------

OS:
 Windows 10 , 64 bit Build 19041 (10.0.19041.5915)
OS uptime: 3 days 4:04 hours
Hyper-V role detected

CPU: total 4 (initial active 4) (2 cores per cpu, 2 threads per core) family 6 model 126 stepping 5 microcode 0xca, cx8, cmov, fxsr, ht, mmx, 3dnowpref, sse, sse2, sse3, ssse3, sse4.1, sse4.2, popcnt, lzcnt, tsc, tscinvbit, avx, avx2, aes, erms, clmul, bmi1, bmi2, adx, avx512f, avx512dq, avx512cd, avx512bw, avx512vl, sha, fma, vzeroupper, avx512_vpopcntdq, avx512_vpclmulqdq, avx512_vaes, avx512_vnni, clflush, clflushopt, avx512_vbmi2, avx512_vbmi, hv, rdtscp, rdpid, fsrm, gfni, avx512_bitalg, f16c, avx512_ifma
Processor Information for the first 4 processors :
  Max Mhz: 1190, Current Mhz: 1190, Mhz Limit: 1190

Memory: 4k page, system-wide physical 3862M (169M free)
TotalPageFile size 12054M (AvailPageFile size 12M)
current process WorkingSet (physical memory assigned to process): 191M, peak: 288M
current process commit charge ("private bytes"): 558M, peak: 723M

vm_info: OpenJDK 64-Bit Server VM (21.0.7+6-LTS) for windows-amd64 JRE (21.0.7+6-LTS), built on 2025-04-15T00:00:00Z by "admin" with MS VC++ 17.7 (VS2022)

END.
