#
# There is insufficient memory for the Java Runtime Environment to continue.
# Native memory allocation (malloc) failed to allocate 2585984 bytes. Error detail: Chunk::new
# Possible reasons:
#   The system is out of physical RAM or swap space
#   This process is running with CompressedOops enabled, and the Java Heap may be blocking the growth of the native heap
# Possible solutions:
#   Reduce memory load on the system
#   Increase physical memory or swap space
#   Check if swap backing store is full
#   Decrease Java heap size (-Xmx/-Xms)
#   Decrease number of Java threads
#   Decrease Java thread stack sizes (-Xss)
#   Set larger code cache with -XX:ReservedCodeCacheSize=
#   JVM is running with Unscaled Compressed Oops mode in which the Java heap is
#     placed in the first 4GB address space. The Java Heap base address is the
#     maximum limit for the native heap growth. Please use -XX:HeapBaseMinAddress
#     to set the Java Heap base and to place the Java Heap above 4GB virtual address.
# This output file may be truncated or incomplete.
#
#  Out of Memory Error (arena.cpp:168), pid=18764, tid=18560
#
# JRE version: OpenJDK Runtime Environment Temurin-21.0.7+6 (21.0.7+6) (build 21.0.7+6-LTS)
# Java VM: OpenJDK 64-Bit Server VM Temurin-21.0.7+6 (21.0.7+6-LTS, mixed mode, sharing, tiered, compressed oops, compressed class ptrs, g1 gc, windows-amd64)
# No core dump will be written. Minidumps are not enabled by default on client versions of Windows
#

---------------  S U M M A R Y ------------

Command Line: --add-opens=java.base/java.lang=ALL-UNNAMED --add-opens=java.base/java.lang.invoke=ALL-UNNAMED --add-opens=java.base/java.util=ALL-UNNAMED --add-opens=java.prefs/java.util.prefs=ALL-UNNAMED --add-exports=jdk.compiler/com.sun.tools.javac.api=ALL-UNNAMED --add-exports=jdk.compiler/com.sun.tools.javac.util=ALL-UNNAMED --add-opens=java.base/java.util=ALL-UNNAMED --add-opens=java.prefs/java.util.prefs=ALL-UNNAMED --add-opens=java.base/java.nio.charset=ALL-UNNAMED --add-opens=java.base/java.net=ALL-UNNAMED --add-opens=java.base/java.util.concurrent=ALL-UNNAMED --add-opens=java.base/java.util.concurrent.atomic=ALL-UNNAMED --add-opens=java.xml/javax.xml.namespace=ALL-UNNAMED --add-opens=java.base/java.time=ALL-UNNAMED -XX:MaxMetaspaceSize=256m -Xmx1024m -Dfile.encoding=UTF-8 -Duser.country=IN -Duser.language=en -Duser.variant -javaagent:C:\Users\DELL\.gradle\wrapper\dists\gradle-9.3.1-bin\23ovyewtku6u96viwx3xl3oks\gradle-9.3.1\lib\agents\gradle-instrumentation-agent-9.3.1.jar org.gradle.launcher.daemon.bootstrap.GradleDaemon 9.3.1

Host: Intel(R) Core(TM) i3-1005G1 CPU @ 1.20GHz, 4 cores, 3G,  Windows 10 , 64 bit Build 19041 (10.0.19041.5915)
Time: Fri Mar 27 13:01:09 2026 India Standard Time elapsed time: 364.373188 seconds (0d 0h 6m 4s)

---------------  T H R E A D  ---------------

Current thread (0x000001f354dcade0):  JavaThread "C2 CompilerThread0" daemon [_thread_in_native, id=18560, stack(0x0000007996200000,0x0000007996300000) (1024K)]


Current CompileTask:
C2:364373 30195 %     4       com.android.tools.r8.internal.t81::a @ 281 (3877 bytes)

Stack: [0x0000007996200000,0x0000007996300000]
Native frames: (J=compiled Java code, j=interpreted, Vv=VM code, C=native code)
V  [jvm.dll+0x6ce119]
V  [jvm.dll+0x8a84a1]
V  [jvm.dll+0x8aa9ce]
V  [jvm.dll+0x8ab0b3]
V  [jvm.dll+0x27f8a6]
V  [jvm.dll+0xc507d]
V  [jvm.dll+0xc55b3]
V  [jvm.dll+0x3b692c]
V  [jvm.dll+0x382aa5]
V  [jvm.dll+0x381f0a]
V  [jvm.dll+0x247af0]
V  [jvm.dll+0x2470cf]
V  [jvm.dll+0x1c760e]
V  [jvm.dll+0x25695a]
V  [jvm.dll+0x254efa]
V  [jvm.dll+0x3f03f6]
V  [jvm.dll+0x851f6b]
V  [jvm.dll+0x6cc7dd]
C  [ucrtbase.dll+0x21bb2]
C  [KERNEL32.DLL+0x17374]
C  [ntdll.dll+0x4cc91]


---------------  P R O C E S S  ---------------

Threads class SMR info:
_java_thread_list=0x000001f3749ec370, length=53, elements={
0x000001f339e5a450, 0x000001f339f1e420, 0x000001f354daad90, 0x000001f354dac530,
0x000001f354dae210, 0x000001f354daf7e0, 0x000001f354dba290, 0x000001f354dcade0,
0x000001f354deba30, 0x000001f36708e6a0, 0x000001f367091490, 0x000001f36708ed30,
0x000001f36708f3c0, 0x000001f36708fa50, 0x000001f3670900e0, 0x000001f367090770,
0x000001f367090e00, 0x000001f368998c50, 0x000001f36899cdf0, 0x000001f36899ad20,
0x000001f3689978a0, 0x000001f36899c0d0, 0x000001f3689985c0, 0x000001f368996b80,
0x000001f36899a690, 0x000001f36899e1a0, 0x000001f36899b3b0, 0x000001f36899ba40,
0x000001f36899c760, 0x000001f3689992e0, 0x000001f36899d480, 0x000001f36899db10,
0x000001f368997f30, 0x000001f368999970, 0x000001f36899a000, 0x000001f368086fd0,
0x000001f368080040, 0x000001f3680806d0, 0x000001f3165edf40, 0x000001f3165eec60,
0x000001f375723b70, 0x000001f375724f20, 0x000001f375721410, 0x000001f375722130,
0x000001f300cad8a0, 0x000001f300cad210, 0x000001f300caf2e0, 0x000001f300caec50,
0x000001f300cabe60, 0x000001f300cb2760, 0x000001f300caf970, 0x000001f300cab7d0,
0x000001f300cb13b0
}

Java Threads: ( => current thread )
  0x000001f339e5a450 JavaThread "main"                              [_thread_blocked, id=9432, stack(0x0000007995400000,0x0000007995500000) (1024K)]
  0x000001f339f1e420 JavaThread "Reference Handler"          daemon [_thread_blocked, id=19176, stack(0x0000007995c00000,0x0000007995d00000) (1024K)]
  0x000001f354daad90 JavaThread "Finalizer"                  daemon [_thread_blocked, id=17420, stack(0x0000007995d00000,0x0000007995e00000) (1024K)]
  0x000001f354dac530 JavaThread "Signal Dispatcher"          daemon [_thread_blocked, id=10064, stack(0x0000007995e00000,0x0000007995f00000) (1024K)]
  0x000001f354dae210 JavaThread "Attach Listener"            daemon [_thread_blocked, id=5288, stack(0x0000007995f00000,0x0000007996000000) (1024K)]
  0x000001f354daf7e0 JavaThread "Service Thread"             daemon [_thread_blocked, id=17460, stack(0x0000007996000000,0x0000007996100000) (1024K)]
  0x000001f354dba290 JavaThread "Monitor Deflation Thread"   daemon [_thread_blocked, id=18292, stack(0x0000007996100000,0x0000007996200000) (1024K)]
=>0x000001f354dcade0 JavaThread "C2 CompilerThread0"         daemon [_thread_in_native, id=18560, stack(0x0000007996200000,0x0000007996300000) (1024K)]
  0x000001f354deba30 JavaThread "C1 CompilerThread0"         daemon [_thread_blocked, id=13256, stack(0x0000007996300000,0x0000007996400000) (1024K)]
  0x000001f36708e6a0 JavaThread "Common-Cleaner"             daemon [_thread_blocked, id=8852, stack(0x0000007996400000,0x0000007996500000) (1024K)]
  0x000001f367091490 JavaThread "Notification Thread"        daemon [_thread_blocked, id=14296, stack(0x0000007996500000,0x0000007996600000) (1024K)]
  0x000001f36708ed30 JavaThread "Daemon health stats"               [_thread_blocked, id=16796, stack(0x0000007996900000,0x0000007996a00000) (1024K)]
  0x000001f36708f3c0 JavaThread "Incoming local TCP Connector on port 56669"        [_thread_in_native, id=8712, stack(0x0000007996a00000,0x0000007996b00000) (1024K)]
  0x000001f36708fa50 JavaThread "Daemon periodic checks"            [_thread_blocked, id=19420, stack(0x0000007996b00000,0x0000007996c00000) (1024K)]
  0x000001f3670900e0 JavaThread "Daemon"                            [_thread_blocked, id=13316, stack(0x0000007996c00000,0x0000007996d00000) (1024K)]
  0x000001f367090770 JavaThread "Handler for socket connection from /127.0.0.1:56669 to /127.0.0.1:56670"        [_thread_in_native, id=19412, stack(0x0000007996d00000,0x0000007996e00000) (1024K)]
  0x000001f367090e00 JavaThread "Cancel handler"                    [_thread_blocked, id=3560, stack(0x0000007996e00000,0x0000007996f00000) (1024K)]
  0x000001f368998c50 JavaThread "Daemon worker"                     [_thread_blocked, id=8772, stack(0x0000007996f00000,0x0000007997000000) (1024K)]
  0x000001f36899cdf0 JavaThread "Asynchronous log dispatcher for DefaultDaemonConnection: socket connection from /127.0.0.1:56669 to /127.0.0.1:56670"        [_thread_blocked, id=19060, stack(0x0000007997000000,0x0000007997100000) (1024K)]
  0x000001f36899ad20 JavaThread "Stdin handler"                     [_thread_blocked, id=17688, stack(0x0000007997100000,0x0000007997200000) (1024K)]
  0x000001f3689978a0 JavaThread "Daemon client event forwarder"        [_thread_blocked, id=8180, stack(0x0000007997200000,0x0000007997300000) (1024K)]
  0x000001f36899c0d0 JavaThread "Cache worker for journal cache (C:\Users\DELL\.gradle\caches\journal-1)"        [_thread_blocked, id=1528, stack(0x0000007997300000,0x0000007997400000) (1024K)]
  0x000001f3689985c0 JavaThread "File lock request listener"        [_thread_in_native, id=11592, stack(0x0000007997400000,0x0000007997500000) (1024K)]
  0x000001f368996b80 JavaThread "Cache worker for file hash cache (C:\Users\DELL\.gradle\caches\9.3.1\fileHashes)"        [_thread_blocked, id=11720, stack(0x0000007997500000,0x0000007997600000) (1024K)]
  0x000001f36899a690 JavaThread "Cache worker for file hash cache (C:\Users\DELL\Desktop\kavachsecurecom\android-app\.gradle\9.3.1\fileHashes)"        [_thread_blocked, id=15312, stack(0x0000007997600000,0x0000007997700000) (1024K)]
  0x000001f36899e1a0 JavaThread "Cache worker for Build Output Cleanup Cache (C:\Users\DELL\Desktop\kavachsecurecom\android-app\.gradle\buildOutputCleanup)"        [_thread_blocked, id=16616, stack(0x0000007997700000,0x0000007997800000) (1024K)]
  0x000001f36899b3b0 JavaThread "File watcher server"        daemon [_thread_in_native, id=16884, stack(0x0000007997800000,0x0000007997900000) (1024K)]
  0x000001f36899ba40 JavaThread "File watcher consumer"      daemon [_thread_blocked, id=11456, stack(0x0000007997900000,0x0000007997a00000) (1024K)]
  0x000001f36899c760 JavaThread "Cache worker for checksums cache (C:\Users\DELL\Desktop\kavachsecurecom\android-app\.gradle\9.3.1\checksums)"        [_thread_blocked, id=4124, stack(0x0000007997a00000,0x0000007997b00000) (1024K)]
  0x000001f3689992e0 JavaThread "Cache worker for file content cache (C:\Users\DELL\.gradle\caches\9.3.1\fileContent)"        [_thread_blocked, id=17020, stack(0x0000007997b00000,0x0000007997c00000) (1024K)]
  0x000001f36899d480 JavaThread "Cache worker for cache directory md-supplier (C:\Users\DELL\.gradle\caches\9.3.1\md-supplier)"        [_thread_blocked, id=1132, stack(0x0000007997c00000,0x0000007997d00000) (1024K)]
  0x000001f36899db10 JavaThread "Cache worker for cache directory md-rule (C:\Users\DELL\.gradle\caches\9.3.1\md-rule)"        [_thread_blocked, id=11476, stack(0x0000007997d00000,0x0000007997e00000) (1024K)]
  0x000001f368997f30 JavaThread "Unconstrained build operations"        [_thread_blocked, id=19124, stack(0x0000007997e00000,0x0000007997f00000) (1024K)]
  0x000001f368999970 JavaThread "Unconstrained build operations Thread 2"        [_thread_blocked, id=5176, stack(0x0000007997f00000,0x0000007998000000) (1024K)]
  0x000001f36899a000 JavaThread "Unconstrained build operations Thread 3"        [_thread_blocked, id=10364, stack(0x0000007998000000,0x0000007998100000) (1024K)]
  0x000001f368086fd0 JavaThread "Unconstrained build operations Thread 4"        [_thread_blocked, id=2336, stack(0x0000007998100000,0x0000007998200000) (1024K)]
  0x000001f368080040 JavaThread "Unconstrained build operations Thread 5"        [_thread_blocked, id=5516, stack(0x0000007998200000,0x0000007998300000) (1024K)]
  0x000001f3680806d0 JavaThread "Unconstrained build operations Thread 6"        [_thread_blocked, id=15692, stack(0x0000007998300000,0x0000007998400000) (1024K)]
  0x000001f3165edf40 JavaThread "Memory manager"                    [_thread_blocked, id=7792, stack(0x0000007995100000,0x0000007995200000) (1024K)]
  0x000001f3165eec60 JavaThread "build event listener"              [_thread_blocked, id=9112, stack(0x0000007995200000,0x0000007995300000) (1024K)]
  0x000001f375723b70 JavaThread "pool-3-thread-1"                   [_thread_blocked, id=17076, stack(0x0000007995300000,0x0000007995400000) (1024K)]
  0x000001f375724f20 JavaThread "build event listener"              [_thread_blocked, id=324, stack(0x0000007998400000,0x0000007998500000) (1024K)]
  0x000001f375721410 JavaThread "included builds"                   [_thread_in_Java, id=14908, stack(0x0000007998500000,0x0000007998600000) (1024K)]
  0x000001f375722130 JavaThread "Cache worker for execution history cache (C:\Users\DELL\Desktop\kavachsecurecom\android-app\.gradle\9.3.1\executionHistory)"        [_thread_blocked, id=19048, stack(0x0000007998600000,0x0000007998700000) (1024K)]
  0x000001f300cad8a0 JavaThread "Unconstrained build operations Thread 7"        [_thread_blocked, id=2780, stack(0x0000007998800000,0x0000007998900000) (1024K)]
  0x000001f300cad210 JavaThread "Unconstrained build operations Thread 8"        [_thread_blocked, id=3808, stack(0x0000007998900000,0x0000007998a00000) (1024K)]
  0x000001f300caf2e0 JavaThread "WorkerExecutor Queue"              [_thread_blocked, id=18188, stack(0x0000007998a00000,0x0000007998b00000) (1024K)]
  0x000001f300caec50 JavaThread "Unconstrained build operations Thread 9"        [_thread_blocked, id=15820, stack(0x0000007998b00000,0x0000007998c00000) (1024K)]
  0x000001f300cabe60 JavaThread "Unconstrained build operations Thread 10"        [_thread_blocked, id=3408, stack(0x0000007998c00000,0x0000007998d00000) (1024K)]
  0x000001f300cb2760 JavaThread "RMI Scheduler(0)"           daemon [_thread_blocked, id=10344, stack(0x0000007998d00000,0x0000007998e00000) (1024K)]
  0x000001f300caf970 JavaThread "RMI GC Daemon"              daemon [_thread_blocked, id=12716, stack(0x0000007998f00000,0x0000007999000000) (1024K)]
  0x000001f300cab7d0 JavaThread "RMI TCP Accept-0"           daemon [_thread_in_native, id=15524, stack(0x0000007999000000,0x0000007999100000) (1024K)]
  0x000001f300cb13b0 JavaThread "RMI Reaper"                        [_thread_blocked, id=10772, stack(0x0000007999100000,0x0000007999200000) (1024K)]
Total: 53

Other Threads:
  0x000001f339f12be0 VMThread "VM Thread"                           [id=4476, stack(0x0000007995b00000,0x0000007995c00000) (1024K)]
  0x000001f339f059e0 WatcherThread "VM Periodic Task Thread"        [id=7588, stack(0x0000007995a00000,0x0000007995b00000) (1024K)]
  0x000001f339e92530 WorkerThread "GC Thread#0"                     [id=14260, stack(0x0000007995500000,0x0000007995600000) (1024K)]
  0x000001f3671777a0 WorkerThread "GC Thread#1"                     [id=17100, stack(0x0000007996600000,0x0000007996700000) (1024K)]
  0x000001f3670da7f0 WorkerThread "GC Thread#2"                     [id=17684, stack(0x0000007996700000,0x0000007996800000) (1024K)]
  0x000001f3671d1760 WorkerThread "GC Thread#3"                     [id=17268, stack(0x0000007996800000,0x0000007996900000) (1024K)]
  0x000001f339e9ab30 ConcurrentGCThread "G1 Main Marker"            [id=2480, stack(0x0000007995600000,0x0000007995700000) (1024K)]
  0x000001f339e9b5f0 WorkerThread "G1 Conc#0"                       [id=16220, stack(0x0000007995700000,0x0000007995800000) (1024K)]
  0x000001f339ef4f50 ConcurrentGCThread "G1 Refine#0"               [id=13024, stack(0x0000007995800000,0x0000007995900000) (1024K)]
  0x000001f339ef58d0 ConcurrentGCThread "G1 Service"                [id=14352, stack(0x0000007995900000,0x0000007995a00000) (1024K)]
Total: 10

Threads with active compile tasks:
C2 CompilerThread0  364497 30195 %     4       com.android.tools.r8.internal.t81::a @ 281 (3877 bytes)
Total: 1

VM state: not at safepoint (normal execution)

VM Mutex/Monitor currently owned by a thread: None

Heap address: 0x00000000c0000000, size: 1024 MB, Compressed Oops mode: 32-bit

CDS archive(s) mapped at: [0x000001f355000000-0x000001f355c80000-0x000001f355c80000), size 13107200, SharedBaseAddress: 0x000001f355000000, ArchiveRelocationMode: 1.
Compressed class space mapped at: 0x000001f356000000-0x000001f363000000, reserved size: 218103808
Narrow klass base: 0x000001f355000000, Narrow klass shift: 0, Narrow klass range: 0x100000000

GC Precious Log:
 CardTable entry size: 512
 Card Set container configuration: InlinePtr #cards 5 size 8 Array Of Cards #cards 12 size 40 Howl #buckets 4 coarsen threshold 1843 Howl Bitmap #cards 512 size 80 coarsen threshold 460 Card regions per heap region 1 cards per card region 2048
 CPUs: 4 total, 4 available
 Memory: 3862M
 Large Page Support: Disabled
 NUMA Support: Disabled
 Compressed Oops: Enabled (32-bit)
 Heap Region Size: 1M
 Heap Min Capacity: 8M
 Heap Initial Capacity: 62M
 Heap Max Capacity: 1G
 Pre-touch: Disabled
 Parallel Workers: 4
 Concurrent Workers: 1
 Concurrent Refinement Workers: 4
 Periodic GC: Disabled

Heap:
 garbage-first heap   total 320512K, used 278091K [0x00000000c0000000, 0x0000000100000000)
  region size 1024K, 115 young (117760K), 3 survivors (3072K)
 Metaspace       used 193105K, committed 195840K, reserved 409600K
  class space    used 24642K, committed 25984K, reserved 212992K

Heap Regions: E=young(eden), S=young(survivor), O=old, HS=humongous(starts), HC=humongous(continues), CS=collection set, F=free, TAMS=top-at-mark-start, PB=parsable bottom
|   0|0x00000000c0000000, 0x00000000c0100000, 0x00000000c0100000|100%|HS|  |TAMS 0x00000000c0000000| PB 0x00000000c0000000| Complete 
|   1|0x00000000c0100000, 0x00000000c0200000, 0x00000000c0200000|100%|HC|  |TAMS 0x00000000c0100000| PB 0x00000000c0100000| Complete 
|   2|0x00000000c0200000, 0x00000000c0300000, 0x00000000c0300000|100%|HC|  |TAMS 0x00000000c0200000| PB 0x00000000c0200000| Complete 
|   3|0x00000000c0300000, 0x00000000c0400000, 0x00000000c0400000|100%|HC|  |TAMS 0x00000000c0300000| PB 0x00000000c0300000| Complete 
|   4|0x00000000c0400000, 0x00000000c0500000, 0x00000000c0500000|100%| O|  |TAMS 0x00000000c0400000| PB 0x00000000c0400000| Untracked 
|   5|0x00000000c0500000, 0x00000000c0600000, 0x00000000c0600000|100%| O|  |TAMS 0x00000000c0500000| PB 0x00000000c0500000| Untracked 
|   6|0x00000000c0600000, 0x00000000c0700000, 0x00000000c0700000|100%| O|  |TAMS 0x00000000c0600000| PB 0x00000000c0600000| Untracked 
|   7|0x00000000c0700000, 0x00000000c0800000, 0x00000000c0800000|100%| O|  |TAMS 0x00000000c0700000| PB 0x00000000c0700000| Untracked 
|   8|0x00000000c0800000, 0x00000000c0900000, 0x00000000c0900000|100%| O|  |TAMS 0x00000000c0800000| PB 0x00000000c0800000| Untracked 
|   9|0x00000000c0900000, 0x00000000c0a00000, 0x00000000c0a00000|100%| O|  |TAMS 0x00000000c0900000| PB 0x00000000c0900000| Untracked 
|  10|0x00000000c0a00000, 0x00000000c0b00000, 0x00000000c0b00000|100%| O|  |TAMS 0x00000000c0a00000| PB 0x00000000c0a00000| Untracked 
|  11|0x00000000c0b00000, 0x00000000c0c00000, 0x00000000c0c00000|100%|HS|  |TAMS 0x00000000c0b00000| PB 0x00000000c0b00000| Complete 
|  12|0x00000000c0c00000, 0x00000000c0d00000, 0x00000000c0d00000|100%| O|  |TAMS 0x00000000c0c00000| PB 0x00000000c0c00000| Untracked 
|  13|0x00000000c0d00000, 0x00000000c0e00000, 0x00000000c0e00000|100%| O|  |TAMS 0x00000000c0d00000| PB 0x00000000c0d00000| Untracked 
|  14|0x00000000c0e00000, 0x00000000c0f00000, 0x00000000c0f00000|100%| O|  |TAMS 0x00000000c0e00000| PB 0x00000000c0e00000| Untracked 
|  15|0x00000000c0f00000, 0x00000000c1000000, 0x00000000c1000000|100%| O|  |TAMS 0x00000000c0f00000| PB 0x00000000c0f00000| Untracked 
|  16|0x00000000c1000000, 0x00000000c1100000, 0x00000000c1100000|100%| O|  |TAMS 0x00000000c1000000| PB 0x00000000c1000000| Untracked 
|  17|0x00000000c1100000, 0x00000000c1200000, 0x00000000c1200000|100%| O|  |TAMS 0x00000000c1100000| PB 0x00000000c1100000| Untracked 
|  18|0x00000000c1200000, 0x00000000c1300000, 0x00000000c1300000|100%| O|  |TAMS 0x00000000c1200000| PB 0x00000000c1200000| Untracked 
|  19|0x00000000c1300000, 0x00000000c1400000, 0x00000000c1400000|100%| O|  |TAMS 0x00000000c1300000| PB 0x00000000c1300000| Untracked 
|  20|0x00000000c1400000, 0x00000000c1500000, 0x00000000c1500000|100%| O|  |TAMS 0x00000000c1400000| PB 0x00000000c1400000| Untracked 
|  21|0x00000000c1500000, 0x00000000c1600000, 0x00000000c1600000|100%| O|  |TAMS 0x00000000c1500000| PB 0x00000000c1500000| Untracked 
|  22|0x00000000c1600000, 0x00000000c1700000, 0x00000000c1700000|100%| O|  |TAMS 0x00000000c1600000| PB 0x00000000c1600000| Untracked 
|  23|0x00000000c1700000, 0x00000000c1800000, 0x00000000c1800000|100%| O|  |TAMS 0x00000000c1700000| PB 0x00000000c1700000| Untracked 
|  24|0x00000000c1800000, 0x00000000c1900000, 0x00000000c1900000|100%| O|  |TAMS 0x00000000c1800000| PB 0x00000000c1800000| Untracked 
|  25|0x00000000c1900000, 0x00000000c1a00000, 0x00000000c1a00000|100%| O|  |TAMS 0x00000000c1900000| PB 0x00000000c1900000| Untracked 
|  26|0x00000000c1a00000, 0x00000000c1b00000, 0x00000000c1b00000|100%| O|  |TAMS 0x00000000c1a00000| PB 0x00000000c1a00000| Untracked 
|  27|0x00000000c1b00000, 0x00000000c1c00000, 0x00000000c1c00000|100%| O|  |TAMS 0x00000000c1b00000| PB 0x00000000c1b00000| Untracked 
|  28|0x00000000c1c00000, 0x00000000c1d00000, 0x00000000c1d00000|100%| O|  |TAMS 0x00000000c1c00000| PB 0x00000000c1c00000| Untracked 
|  29|0x00000000c1d00000, 0x00000000c1e00000, 0x00000000c1e00000|100%| O|  |TAMS 0x00000000c1d00000| PB 0x00000000c1d00000| Untracked 
|  30|0x00000000c1e00000, 0x00000000c1f00000, 0x00000000c1f00000|100%| O|  |TAMS 0x00000000c1e00000| PB 0x00000000c1e00000| Untracked 
|  31|0x00000000c1f00000, 0x00000000c2000000, 0x00000000c2000000|100%| O|  |TAMS 0x00000000c1f00000| PB 0x00000000c1f00000| Untracked 
|  32|0x00000000c2000000, 0x00000000c2100000, 0x00000000c2100000|100%| O|  |TAMS 0x00000000c2000000| PB 0x00000000c2000000| Untracked 
|  33|0x00000000c2100000, 0x00000000c2200000, 0x00000000c2200000|100%| O|  |TAMS 0x00000000c2100000| PB 0x00000000c2100000| Untracked 
|  34|0x00000000c2200000, 0x00000000c2300000, 0x00000000c2300000|100%| O|  |TAMS 0x00000000c2200000| PB 0x00000000c2200000| Untracked 
|  35|0x00000000c2300000, 0x00000000c2400000, 0x00000000c2400000|100%| O|  |TAMS 0x00000000c2300000| PB 0x00000000c2300000| Untracked 
|  36|0x00000000c2400000, 0x00000000c2500000, 0x00000000c2500000|100%| O|  |TAMS 0x00000000c2400000| PB 0x00000000c2400000| Untracked 
|  37|0x00000000c2500000, 0x00000000c2600000, 0x00000000c2600000|100%| O|  |TAMS 0x00000000c2500000| PB 0x00000000c2500000| Untracked 
|  38|0x00000000c2600000, 0x00000000c2700000, 0x00000000c2700000|100%| O|  |TAMS 0x00000000c2600000| PB 0x00000000c2600000| Untracked 
|  39|0x00000000c2700000, 0x00000000c2800000, 0x00000000c2800000|100%| O|  |TAMS 0x00000000c2700000| PB 0x00000000c2700000| Untracked 
|  40|0x00000000c2800000, 0x00000000c2900000, 0x00000000c2900000|100%| O|  |TAMS 0x00000000c2800000| PB 0x00000000c2800000| Untracked 
|  41|0x00000000c2900000, 0x00000000c2a00000, 0x00000000c2a00000|100%| O|  |TAMS 0x00000000c2900000| PB 0x00000000c2900000| Untracked 
|  42|0x00000000c2a00000, 0x00000000c2b00000, 0x00000000c2b00000|100%| O|  |TAMS 0x00000000c2a00000| PB 0x00000000c2a00000| Untracked 
|  43|0x00000000c2b00000, 0x00000000c2c00000, 0x00000000c2c00000|100%| O|  |TAMS 0x00000000c2b00000| PB 0x00000000c2b00000| Untracked 
|  44|0x00000000c2c00000, 0x00000000c2d00000, 0x00000000c2d00000|100%| O|  |TAMS 0x00000000c2c00000| PB 0x00000000c2c00000| Untracked 
|  45|0x00000000c2d00000, 0x00000000c2e00000, 0x00000000c2e00000|100%| O|  |TAMS 0x00000000c2d00000| PB 0x00000000c2d00000| Untracked 
|  46|0x00000000c2e00000, 0x00000000c2f00000, 0x00000000c2f00000|100%| O|  |TAMS 0x00000000c2e00000| PB 0x00000000c2e00000| Untracked 
|  47|0x00000000c2f00000, 0x00000000c3000000, 0x00000000c3000000|100%| O|  |TAMS 0x00000000c2f00000| PB 0x00000000c2f00000| Untracked 
|  48|0x00000000c3000000, 0x00000000c3100000, 0x00000000c3100000|100%| O|  |TAMS 0x00000000c3000000| PB 0x00000000c3000000| Untracked 
|  49|0x00000000c3100000, 0x00000000c3200000, 0x00000000c3200000|100%| O|  |TAMS 0x00000000c3100000| PB 0x00000000c3100000| Untracked 
|  50|0x00000000c3200000, 0x00000000c3300000, 0x00000000c3300000|100%| O|  |TAMS 0x00000000c3200000| PB 0x00000000c3200000| Untracked 
|  51|0x00000000c3300000, 0x00000000c3400000, 0x00000000c3400000|100%| O|  |TAMS 0x00000000c3300000| PB 0x00000000c3300000| Untracked 
|  52|0x00000000c3400000, 0x00000000c3500000, 0x00000000c3500000|100%| O|  |TAMS 0x00000000c3400000| PB 0x00000000c3400000| Untracked 
|  53|0x00000000c3500000, 0x00000000c3600000, 0x00000000c3600000|100%|HS|  |TAMS 0x00000000c3500000| PB 0x00000000c3500000| Complete 
|  54|0x00000000c3600000, 0x00000000c3700000, 0x00000000c3700000|100%| O|  |TAMS 0x00000000c3600000| PB 0x00000000c3600000| Untracked 
|  55|0x00000000c3700000, 0x00000000c3800000, 0x00000000c3800000|100%| O|  |TAMS 0x00000000c3700000| PB 0x00000000c3700000| Untracked 
|  56|0x00000000c3800000, 0x00000000c3900000, 0x00000000c3900000|100%| O|  |TAMS 0x00000000c3800000| PB 0x00000000c3800000| Untracked 
|  57|0x00000000c3900000, 0x00000000c3a00000, 0x00000000c3a00000|100%| O|  |TAMS 0x00000000c3900000| PB 0x00000000c3900000| Untracked 
|  58|0x00000000c3a00000, 0x00000000c3b00000, 0x00000000c3b00000|100%| O|  |TAMS 0x00000000c3a00000| PB 0x00000000c3a00000| Untracked 
|  59|0x00000000c3b00000, 0x00000000c3c00000, 0x00000000c3c00000|100%| O|  |TAMS 0x00000000c3b00000| PB 0x00000000c3b00000| Untracked 
|  60|0x00000000c3c00000, 0x00000000c3d00000, 0x00000000c3d00000|100%| O|  |TAMS 0x00000000c3c00000| PB 0x00000000c3c00000| Untracked 
|  61|0x00000000c3d00000, 0x00000000c3e00000, 0x00000000c3e00000|100%| O|  |TAMS 0x00000000c3d00000| PB 0x00000000c3d00000| Untracked 
|  62|0x00000000c3e00000, 0x00000000c3f00000, 0x00000000c3f00000|100%| O|  |TAMS 0x00000000c3e00000| PB 0x00000000c3e00000| Untracked 
|  63|0x00000000c3f00000, 0x00000000c4000000, 0x00000000c4000000|100%| O|  |TAMS 0x00000000c3f00000| PB 0x00000000c3f00000| Untracked 
|  64|0x00000000c4000000, 0x00000000c4100000, 0x00000000c4100000|100%| O|  |TAMS 0x00000000c4000000| PB 0x00000000c4000000| Untracked 
|  65|0x00000000c4100000, 0x00000000c4200000, 0x00000000c4200000|100%| O|  |TAMS 0x00000000c4100000| PB 0x00000000c4100000| Untracked 
|  66|0x00000000c4200000, 0x00000000c4300000, 0x00000000c4300000|100%| O|  |TAMS 0x00000000c4200000| PB 0x00000000c4200000| Untracked 
|  67|0x00000000c4300000, 0x00000000c4400000, 0x00000000c4400000|100%| O|  |TAMS 0x00000000c4300000| PB 0x00000000c4300000| Untracked 
|  68|0x00000000c4400000, 0x00000000c4500000, 0x00000000c4500000|100%| O|  |TAMS 0x00000000c4400000| PB 0x00000000c4400000| Untracked 
|  69|0x00000000c4500000, 0x00000000c4600000, 0x00000000c4600000|100%| O|  |TAMS 0x00000000c4500000| PB 0x00000000c4500000| Untracked 
|  70|0x00000000c4600000, 0x00000000c4600000, 0x00000000c4700000|  0%| F|  |TAMS 0x00000000c4600000| PB 0x00000000c4600000| Untracked 
|  71|0x00000000c4700000, 0x00000000c4800000, 0x00000000c4800000|100%| O|  |TAMS 0x00000000c4700000| PB 0x00000000c4700000| Untracked 
|  72|0x00000000c4800000, 0x00000000c4900000, 0x00000000c4900000|100%| O|  |TAMS 0x00000000c4800000| PB 0x00000000c4800000| Untracked 
|  73|0x00000000c4900000, 0x00000000c4a00000, 0x00000000c4a00000|100%| O|  |TAMS 0x00000000c4900000| PB 0x00000000c4900000| Untracked 
|  74|0x00000000c4a00000, 0x00000000c4b00000, 0x00000000c4b00000|100%| O|  |TAMS 0x00000000c4a00000| PB 0x00000000c4a00000| Untracked 
|  75|0x00000000c4b00000, 0x00000000c4c00000, 0x00000000c4c00000|100%| O|  |TAMS 0x00000000c4b00000| PB 0x00000000c4b00000| Untracked 
|  76|0x00000000c4c00000, 0x00000000c4d00000, 0x00000000c4d00000|100%| O|  |TAMS 0x00000000c4c00000| PB 0x00000000c4c00000| Untracked 
|  77|0x00000000c4d00000, 0x00000000c4e00000, 0x00000000c4e00000|100%| O|  |TAMS 0x00000000c4d00000| PB 0x00000000c4d00000| Untracked 
|  78|0x00000000c4e00000, 0x00000000c4f00000, 0x00000000c4f00000|100%| O|  |TAMS 0x00000000c4e00000| PB 0x00000000c4e00000| Untracked 
|  79|0x00000000c4f00000, 0x00000000c5000000, 0x00000000c5000000|100%| O|  |TAMS 0x00000000c4f00000| PB 0x00000000c4f00000| Untracked 
|  80|0x00000000c5000000, 0x00000000c5100000, 0x00000000c5100000|100%|HS|  |TAMS 0x00000000c5000000| PB 0x00000000c5000000| Complete 
|  81|0x00000000c5100000, 0x00000000c5200000, 0x00000000c5200000|100%| O|  |TAMS 0x00000000c5100000| PB 0x00000000c5100000| Untracked 
|  82|0x00000000c5200000, 0x00000000c5300000, 0x00000000c5300000|100%| O|  |TAMS 0x00000000c5200000| PB 0x00000000c5200000| Untracked 
|  83|0x00000000c5300000, 0x00000000c5400000, 0x00000000c5400000|100%| O|  |TAMS 0x00000000c5300000| PB 0x00000000c5300000| Untracked 
|  84|0x00000000c5400000, 0x00000000c5500000, 0x00000000c5500000|100%| O|  |TAMS 0x00000000c5400000| PB 0x00000000c5400000| Untracked 
|  85|0x00000000c5500000, 0x00000000c5600000, 0x00000000c5600000|100%| O|  |TAMS 0x00000000c5500000| PB 0x00000000c5500000| Untracked 
|  86|0x00000000c5600000, 0x00000000c5700000, 0x00000000c5700000|100%| O|  |TAMS 0x00000000c5600000| PB 0x00000000c5600000| Untracked 
|  87|0x00000000c5700000, 0x00000000c5800000, 0x00000000c5800000|100%| O|  |TAMS 0x00000000c5700000| PB 0x00000000c5700000| Untracked 
|  88|0x00000000c5800000, 0x00000000c5900000, 0x00000000c5900000|100%| O|  |TAMS 0x00000000c5800000| PB 0x00000000c5800000| Untracked 
|  89|0x00000000c5900000, 0x00000000c5a00000, 0x00000000c5a00000|100%|HS|  |TAMS 0x00000000c5900000| PB 0x00000000c5900000| Complete 
|  90|0x00000000c5a00000, 0x00000000c5b00000, 0x00000000c5b00000|100%| O|  |TAMS 0x00000000c5a00000| PB 0x00000000c5a00000| Untracked 
|  91|0x00000000c5b00000, 0x00000000c5c00000, 0x00000000c5c00000|100%| O|  |TAMS 0x00000000c5b00000| PB 0x00000000c5b00000| Untracked 
|  92|0x00000000c5c00000, 0x00000000c5d00000, 0x00000000c5d00000|100%| O|  |TAMS 0x00000000c5c00000| PB 0x00000000c5c00000| Untracked 
|  93|0x00000000c5d00000, 0x00000000c5e00000, 0x00000000c5e00000|100%| O|  |TAMS 0x00000000c5d00000| PB 0x00000000c5d00000| Untracked 
|  94|0x00000000c5e00000, 0x00000000c5f00000, 0x00000000c5f00000|100%| O|  |TAMS 0x00000000c5e00000| PB 0x00000000c5e00000| Untracked 
|  95|0x00000000c5f00000, 0x00000000c6000000, 0x00000000c6000000|100%| O|  |TAMS 0x00000000c5f00000| PB 0x00000000c5f00000| Untracked 
|  96|0x00000000c6000000, 0x00000000c6100000, 0x00000000c6100000|100%| O|  |TAMS 0x00000000c6000000| PB 0x00000000c6000000| Untracked 
|  97|0x00000000c6100000, 0x00000000c6200000, 0x00000000c6200000|100%| O|  |TAMS 0x00000000c6100000| PB 0x00000000c6100000| Untracked 
|  98|0x00000000c6200000, 0x00000000c6300000, 0x00000000c6300000|100%| O|  |TAMS 0x00000000c6200000| PB 0x00000000c6200000| Untracked 
|  99|0x00000000c6300000, 0x00000000c6400000, 0x00000000c6400000|100%| O|  |TAMS 0x00000000c6300000| PB 0x00000000c6300000| Untracked 
| 100|0x00000000c6400000, 0x00000000c6500000, 0x00000000c6500000|100%| O|  |TAMS 0x00000000c6400000| PB 0x00000000c6400000| Untracked 
| 101|0x00000000c6500000, 0x00000000c6600000, 0x00000000c6600000|100%| O|  |TAMS 0x00000000c6500000| PB 0x00000000c6500000| Untracked 
| 102|0x00000000c6600000, 0x00000000c6700000, 0x00000000c6700000|100%|HS|  |TAMS 0x00000000c6600000| PB 0x00000000c6600000| Complete 
| 103|0x00000000c6700000, 0x00000000c6700000, 0x00000000c6800000|  0%| F|  |TAMS 0x00000000c6700000| PB 0x00000000c6700000| Untracked 
| 104|0x00000000c6800000, 0x00000000c6900000, 0x00000000c6900000|100%| O|  |TAMS 0x00000000c6800000| PB 0x00000000c6800000| Untracked 
| 105|0x00000000c6900000, 0x00000000c6a00000, 0x00000000c6a00000|100%| O|  |TAMS 0x00000000c6900000| PB 0x00000000c6900000| Untracked 
| 106|0x00000000c6a00000, 0x00000000c6b00000, 0x00000000c6b00000|100%| O|  |TAMS 0x00000000c6a00000| PB 0x00000000c6a00000| Untracked 
| 107|0x00000000c6b00000, 0x00000000c6c00000, 0x00000000c6c00000|100%| O|  |TAMS 0x00000000c6b00000| PB 0x00000000c6b00000| Untracked 
| 108|0x00000000c6c00000, 0x00000000c6d00000, 0x00000000c6d00000|100%| O|  |TAMS 0x00000000c6c00000| PB 0x00000000c6c00000| Untracked 
| 109|0x00000000c6d00000, 0x00000000c6e00000, 0x00000000c6e00000|100%| O|  |TAMS 0x00000000c6d00000| PB 0x00000000c6d00000| Untracked 
| 110|0x00000000c6e00000, 0x00000000c6f00000, 0x00000000c6f00000|100%| O|  |TAMS 0x00000000c6e00000| PB 0x00000000c6e00000| Untracked 
| 111|0x00000000c6f00000, 0x00000000c7000000, 0x00000000c7000000|100%| O|  |TAMS 0x00000000c6f00000| PB 0x00000000c6f00000| Untracked 
| 112|0x00000000c7000000, 0x00000000c7100000, 0x00000000c7100000|100%| O|  |TAMS 0x00000000c7000000| PB 0x00000000c7000000| Untracked 
| 113|0x00000000c7100000, 0x00000000c7100000, 0x00000000c7200000|  0%| F|  |TAMS 0x00000000c7100000| PB 0x00000000c7100000| Untracked 
| 114|0x00000000c7200000, 0x00000000c7200000, 0x00000000c7300000|  0%| F|  |TAMS 0x00000000c7200000| PB 0x00000000c7200000| Untracked 
| 115|0x00000000c7300000, 0x00000000c7400000, 0x00000000c7400000|100%| O|  |TAMS 0x00000000c7300000| PB 0x00000000c7300000| Untracked 
| 116|0x00000000c7400000, 0x00000000c7400000, 0x00000000c7500000|  0%| F|  |TAMS 0x00000000c7400000| PB 0x00000000c7400000| Untracked 
| 117|0x00000000c7500000, 0x00000000c7600000, 0x00000000c7600000|100%| O|  |TAMS 0x00000000c7500000| PB 0x00000000c7500000| Untracked 
| 118|0x00000000c7600000, 0x00000000c7700000, 0x00000000c7700000|100%| O|  |TAMS 0x00000000c7600000| PB 0x00000000c7600000| Untracked 
| 119|0x00000000c7700000, 0x00000000c7800000, 0x00000000c7800000|100%|HS|  |TAMS 0x00000000c7700000| PB 0x00000000c7700000| Complete 
| 120|0x00000000c7800000, 0x00000000c7900000, 0x00000000c7900000|100%|HC|  |TAMS 0x00000000c7800000| PB 0x00000000c7800000| Complete 
| 121|0x00000000c7900000, 0x00000000c7a00000, 0x00000000c7a00000|100%|HS|  |TAMS 0x00000000c7900000| PB 0x00000000c7900000| Complete 
| 122|0x00000000c7a00000, 0x00000000c7b00000, 0x00000000c7b00000|100%| O|  |TAMS 0x00000000c7a00000| PB 0x00000000c7a00000| Untracked 
| 123|0x00000000c7b00000, 0x00000000c7c00000, 0x00000000c7c00000|100%|HS|  |TAMS 0x00000000c7b00000| PB 0x00000000c7b00000| Complete 
| 124|0x00000000c7c00000, 0x00000000c7d00000, 0x00000000c7d00000|100%|HS|  |TAMS 0x00000000c7c00000| PB 0x00000000c7c00000| Complete 
| 125|0x00000000c7d00000, 0x00000000c7e00000, 0x00000000c7e00000|100%| O|  |TAMS 0x00000000c7d00000| PB 0x00000000c7d00000| Untracked 
| 126|0x00000000c7e00000, 0x00000000c7f00000, 0x00000000c7f00000|100%| O|  |TAMS 0x00000000c7e00000| PB 0x00000000c7e00000| Untracked 
| 127|0x00000000c7f00000, 0x00000000c8000000, 0x00000000c8000000|100%| O|  |TAMS 0x00000000c7f00000| PB 0x00000000c7f00000| Untracked 
| 128|0x00000000c8000000, 0x00000000c8100000, 0x00000000c8100000|100%|HS|  |TAMS 0x00000000c8000000| PB 0x00000000c8000000| Complete 
| 129|0x00000000c8100000, 0x00000000c8200000, 0x00000000c8200000|100%|HC|  |TAMS 0x00000000c8100000| PB 0x00000000c8100000| Complete 
| 130|0x00000000c8200000, 0x00000000c8300000, 0x00000000c8300000|100%| O|  |TAMS 0x00000000c8200000| PB 0x00000000c8200000| Untracked 
| 131|0x00000000c8300000, 0x00000000c8400000, 0x00000000c8400000|100%| O|  |TAMS 0x00000000c8300000| PB 0x00000000c8300000| Untracked 
| 132|0x00000000c8400000, 0x00000000c8500000, 0x00000000c8500000|100%| O|  |TAMS 0x00000000c8400000| PB 0x00000000c8400000| Untracked 
| 133|0x00000000c8500000, 0x00000000c8600000, 0x00000000c8600000|100%| O|  |TAMS 0x00000000c8500000| PB 0x00000000c8500000| Untracked 
| 134|0x00000000c8600000, 0x00000000c8700000, 0x00000000c8700000|100%| O|  |TAMS 0x00000000c8600000| PB 0x00000000c8600000| Untracked 
| 135|0x00000000c8700000, 0x00000000c8800000, 0x00000000c8800000|100%| O|  |TAMS 0x00000000c8700000| PB 0x00000000c8700000| Untracked 
| 136|0x00000000c8800000, 0x00000000c8900000, 0x00000000c8900000|100%| O|  |TAMS 0x00000000c8800000| PB 0x00000000c8800000| Untracked 
| 137|0x00000000c8900000, 0x00000000c8a00000, 0x00000000c8a00000|100%| O|  |TAMS 0x00000000c8900000| PB 0x00000000c8900000| Untracked 
| 138|0x00000000c8a00000, 0x00000000c8a00000, 0x00000000c8b00000|  0%| F|  |TAMS 0x00000000c8a00000| PB 0x00000000c8a00000| Untracked 
| 139|0x00000000c8b00000, 0x00000000c8c00000, 0x00000000c8c00000|100%| O|  |TAMS 0x00000000c8b00000| PB 0x00000000c8b00000| Untracked 
| 140|0x00000000c8c00000, 0x00000000c8d00000, 0x00000000c8d00000|100%| O|  |TAMS 0x00000000c8c00000| PB 0x00000000c8c00000| Untracked 
| 141|0x00000000c8d00000, 0x00000000c8d00000, 0x00000000c8e00000|  0%| F|  |TAMS 0x00000000c8d00000| PB 0x00000000c8d00000| Untracked 
| 142|0x00000000c8e00000, 0x00000000c8f00000, 0x00000000c8f00000|100%| O|  |TAMS 0x00000000c8e00000| PB 0x00000000c8e00000| Untracked 
| 143|0x00000000c8f00000, 0x00000000c9000000, 0x00000000c9000000|100%| O|  |TAMS 0x00000000c8f00000| PB 0x00000000c8f00000| Untracked 
| 144|0x00000000c9000000, 0x00000000c9100000, 0x00000000c9100000|100%| O|  |TAMS 0x00000000c9000000| PB 0x00000000c9000000| Untracked 
| 145|0x00000000c9100000, 0x00000000c9200000, 0x00000000c9200000|100%| O|  |TAMS 0x00000000c9100000| PB 0x00000000c9100000| Untracked 
| 146|0x00000000c9200000, 0x00000000c9300000, 0x00000000c9300000|100%| O|  |TAMS 0x00000000c9200000| PB 0x00000000c9200000| Untracked 
| 147|0x00000000c9300000, 0x00000000c9300000, 0x00000000c9400000|  0%| F|  |TAMS 0x00000000c9300000| PB 0x00000000c9300000| Untracked 
| 148|0x00000000c9400000, 0x00000000c9400000, 0x00000000c9500000|  0%| F|  |TAMS 0x00000000c9400000| PB 0x00000000c9400000| Untracked 
| 149|0x00000000c9500000, 0x00000000c9500000, 0x00000000c9600000|  0%| F|  |TAMS 0x00000000c9500000| PB 0x00000000c9500000| Untracked 
| 150|0x00000000c9600000, 0x00000000c9600000, 0x00000000c9700000|  0%| F|  |TAMS 0x00000000c9600000| PB 0x00000000c9600000| Untracked 
| 151|0x00000000c9700000, 0x00000000c9700000, 0x00000000c9800000|  0%| F|  |TAMS 0x00000000c9700000| PB 0x00000000c9700000| Untracked 
| 152|0x00000000c9800000, 0x00000000c9800000, 0x00000000c9900000|  0%| F|  |TAMS 0x00000000c9800000| PB 0x00000000c9800000| Untracked 
| 153|0x00000000c9900000, 0x00000000c9900000, 0x00000000c9a00000|  0%| F|  |TAMS 0x00000000c9900000| PB 0x00000000c9900000| Untracked 
| 154|0x00000000c9a00000, 0x00000000c9a00000, 0x00000000c9b00000|  0%| F|  |TAMS 0x00000000c9a00000| PB 0x00000000c9a00000| Untracked 
| 155|0x00000000c9b00000, 0x00000000c9b00000, 0x00000000c9c00000|  0%| F|  |TAMS 0x00000000c9b00000| PB 0x00000000c9b00000| Untracked 
| 156|0x00000000c9c00000, 0x00000000c9c00000, 0x00000000c9d00000|  0%| F|  |TAMS 0x00000000c9c00000| PB 0x00000000c9c00000| Untracked 
| 157|0x00000000c9d00000, 0x00000000c9d00000, 0x00000000c9e00000|  0%| F|  |TAMS 0x00000000c9d00000| PB 0x00000000c9d00000| Untracked 
| 158|0x00000000c9e00000, 0x00000000c9f00000, 0x00000000c9f00000|100%| O|  |TAMS 0x00000000c9e00000| PB 0x00000000c9e00000| Untracked 
| 159|0x00000000c9f00000, 0x00000000ca000000, 0x00000000ca000000|100%| O|  |TAMS 0x00000000c9f00000| PB 0x00000000c9f00000| Untracked 
| 160|0x00000000ca000000, 0x00000000ca100000, 0x00000000ca100000|100%| O|  |TAMS 0x00000000ca000000| PB 0x00000000ca000000| Untracked 
| 161|0x00000000ca100000, 0x00000000ca200000, 0x00000000ca200000|100%| O|  |TAMS 0x00000000ca100000| PB 0x00000000ca100000| Untracked 
| 162|0x00000000ca200000, 0x00000000ca300000, 0x00000000ca300000|100%| O|  |TAMS 0x00000000ca200000| PB 0x00000000ca200000| Untracked 
| 163|0x00000000ca300000, 0x00000000ca400000, 0x00000000ca400000|100%| O|  |TAMS 0x00000000ca300000| PB 0x00000000ca300000| Untracked 
| 164|0x00000000ca400000, 0x00000000ca500000, 0x00000000ca500000|100%| O|  |TAMS 0x00000000ca400000| PB 0x00000000ca400000| Untracked 
| 165|0x00000000ca500000, 0x00000000ca600000, 0x00000000ca600000|100%| O|  |TAMS 0x00000000ca500000| PB 0x00000000ca500000| Untracked 
| 166|0x00000000ca600000, 0x00000000ca700000, 0x00000000ca700000|100%| O|  |TAMS 0x00000000ca600000| PB 0x00000000ca600000| Untracked 
| 167|0x00000000ca700000, 0x00000000ca800000, 0x00000000ca800000|100%| O|  |TAMS 0x00000000ca700000| PB 0x00000000ca700000| Untracked 
| 168|0x00000000ca800000, 0x00000000ca900000, 0x00000000ca900000|100%| O|  |TAMS 0x00000000ca800000| PB 0x00000000ca800000| Untracked 
| 169|0x00000000ca900000, 0x00000000ca900000, 0x00000000caa00000|  0%| F|  |TAMS 0x00000000ca900000| PB 0x00000000ca900000| Untracked 
| 170|0x00000000caa00000, 0x00000000caa00000, 0x00000000cab00000|  0%| F|  |TAMS 0x00000000caa00000| PB 0x00000000caa00000| Untracked 
| 171|0x00000000cab00000, 0x00000000cab00000, 0x00000000cac00000|  0%| F|  |TAMS 0x00000000cab00000| PB 0x00000000cab00000| Untracked 
| 172|0x00000000cac00000, 0x00000000cac00000, 0x00000000cad00000|  0%| F|  |TAMS 0x00000000cac00000| PB 0x00000000cac00000| Untracked 
| 173|0x00000000cad00000, 0x00000000cad00000, 0x00000000cae00000|  0%| F|  |TAMS 0x00000000cad00000| PB 0x00000000cad00000| Untracked 
| 174|0x00000000cae00000, 0x00000000cae00000, 0x00000000caf00000|  0%| F|  |TAMS 0x00000000cae00000| PB 0x00000000cae00000| Untracked 
| 175|0x00000000caf00000, 0x00000000caf00000, 0x00000000cb000000|  0%| F|  |TAMS 0x00000000caf00000| PB 0x00000000caf00000| Untracked 
| 176|0x00000000cb000000, 0x00000000cb100000, 0x00000000cb100000|100%| O|  |TAMS 0x00000000cb000000| PB 0x00000000cb000000| Untracked 
| 177|0x00000000cb100000, 0x00000000cb200000, 0x00000000cb200000|100%| O|  |TAMS 0x00000000cb100000| PB 0x00000000cb100000| Untracked 
| 178|0x00000000cb200000, 0x00000000cb300000, 0x00000000cb300000|100%| O|  |TAMS 0x00000000cb200000| PB 0x00000000cb200000| Untracked 
| 179|0x00000000cb300000, 0x00000000cb400000, 0x00000000cb400000|100%| O|  |TAMS 0x00000000cb300000| PB 0x00000000cb300000| Untracked 
| 180|0x00000000cb400000, 0x00000000cb500000, 0x00000000cb500000|100%| O|  |TAMS 0x00000000cb400000| PB 0x00000000cb400000| Untracked 
| 181|0x00000000cb500000, 0x00000000cb592c60, 0x00000000cb600000| 57%| O|  |TAMS 0x00000000cb500000| PB 0x00000000cb500000| Untracked 
| 182|0x00000000cb600000, 0x00000000cb600000, 0x00000000cb700000|  0%| F|  |TAMS 0x00000000cb600000| PB 0x00000000cb600000| Untracked 
| 183|0x00000000cb700000, 0x00000000cb700000, 0x00000000cb800000|  0%| F|  |TAMS 0x00000000cb700000| PB 0x00000000cb700000| Untracked 
| 184|0x00000000cb800000, 0x00000000cb800000, 0x00000000cb900000|  0%| F|  |TAMS 0x00000000cb800000| PB 0x00000000cb800000| Untracked 
| 185|0x00000000cb900000, 0x00000000cb900000, 0x00000000cba00000|  0%| F|  |TAMS 0x00000000cb900000| PB 0x00000000cb900000| Untracked 
| 186|0x00000000cba00000, 0x00000000cba00000, 0x00000000cbb00000|  0%| F|  |TAMS 0x00000000cba00000| PB 0x00000000cba00000| Untracked 
| 187|0x00000000cbb00000, 0x00000000cbb00000, 0x00000000cbc00000|  0%| F|  |TAMS 0x00000000cbb00000| PB 0x00000000cbb00000| Untracked 
| 188|0x00000000cbc00000, 0x00000000cbc00000, 0x00000000cbd00000|  0%| F|  |TAMS 0x00000000cbc00000| PB 0x00000000cbc00000| Untracked 
| 189|0x00000000cbd00000, 0x00000000cbd00000, 0x00000000cbe00000|  0%| F|  |TAMS 0x00000000cbd00000| PB 0x00000000cbd00000| Untracked 
| 190|0x00000000cbe00000, 0x00000000cbe00000, 0x00000000cbf00000|  0%| F|  |TAMS 0x00000000cbe00000| PB 0x00000000cbe00000| Untracked 
| 191|0x00000000cbf00000, 0x00000000cbf00000, 0x00000000cc000000|  0%| F|  |TAMS 0x00000000cbf00000| PB 0x00000000cbf00000| Untracked 
| 192|0x00000000cc000000, 0x00000000cc000000, 0x00000000cc100000|  0%| F|  |TAMS 0x00000000cc000000| PB 0x00000000cc000000| Untracked 
| 193|0x00000000cc100000, 0x00000000cc100000, 0x00000000cc200000|  0%| F|  |TAMS 0x00000000cc100000| PB 0x00000000cc100000| Untracked 
| 194|0x00000000cc200000, 0x00000000cc200000, 0x00000000cc300000|  0%| F|  |TAMS 0x00000000cc200000| PB 0x00000000cc200000| Untracked 
| 195|0x00000000cc300000, 0x00000000cc300000, 0x00000000cc400000|  0%| F|  |TAMS 0x00000000cc300000| PB 0x00000000cc300000| Untracked 
| 196|0x00000000cc400000, 0x00000000cc500000, 0x00000000cc500000|100%| E|  |TAMS 0x00000000cc400000| PB 0x00000000cc400000| Complete 
| 197|0x00000000cc500000, 0x00000000cc600000, 0x00000000cc600000|100%| E|CS|TAMS 0x00000000cc500000| PB 0x00000000cc500000| Complete 
| 198|0x00000000cc600000, 0x00000000cc700000, 0x00000000cc700000|100%| E|CS|TAMS 0x00000000cc600000| PB 0x00000000cc600000| Complete 
| 199|0x00000000cc700000, 0x00000000cc800000, 0x00000000cc800000|100%| S|CS|TAMS 0x00000000cc700000| PB 0x00000000cc700000| Complete 
| 200|0x00000000cc800000, 0x00000000cc900000, 0x00000000cc900000|100%| S|CS|TAMS 0x00000000cc800000| PB 0x00000000cc800000| Complete 
| 201|0x00000000cc900000, 0x00000000cca00000, 0x00000000cca00000|100%| S|CS|TAMS 0x00000000cc900000| PB 0x00000000cc900000| Complete 
| 202|0x00000000cca00000, 0x00000000ccb00000, 0x00000000ccb00000|100%| E|CS|TAMS 0x00000000cca00000| PB 0x00000000cca00000| Complete 
| 203|0x00000000ccb00000, 0x00000000ccc00000, 0x00000000ccc00000|100%| E|CS|TAMS 0x00000000ccb00000| PB 0x00000000ccb00000| Complete 
| 204|0x00000000ccc00000, 0x00000000ccd00000, 0x00000000ccd00000|100%| E|CS|TAMS 0x00000000ccc00000| PB 0x00000000ccc00000| Complete 
| 205|0x00000000ccd00000, 0x00000000cce00000, 0x00000000cce00000|100%| E|CS|TAMS 0x00000000ccd00000| PB 0x00000000ccd00000| Complete 
| 206|0x00000000cce00000, 0x00000000ccf00000, 0x00000000ccf00000|100%| E|CS|TAMS 0x00000000cce00000| PB 0x00000000cce00000| Complete 
| 207|0x00000000ccf00000, 0x00000000cd000000, 0x00000000cd000000|100%| E|CS|TAMS 0x00000000ccf00000| PB 0x00000000ccf00000| Complete 
| 208|0x00000000cd000000, 0x00000000cd100000, 0x00000000cd100000|100%| E|CS|TAMS 0x00000000cd000000| PB 0x00000000cd000000| Complete 
| 209|0x00000000cd100000, 0x00000000cd200000, 0x00000000cd200000|100%| E|CS|TAMS 0x00000000cd100000| PB 0x00000000cd100000| Complete 
| 210|0x00000000cd200000, 0x00000000cd300000, 0x00000000cd300000|100%| E|CS|TAMS 0x00000000cd200000| PB 0x00000000cd200000| Complete 
| 211|0x00000000cd300000, 0x00000000cd400000, 0x00000000cd400000|100%| E|CS|TAMS 0x00000000cd300000| PB 0x00000000cd300000| Complete 
| 212|0x00000000cd400000, 0x00000000cd500000, 0x00000000cd500000|100%| E|CS|TAMS 0x00000000cd400000| PB 0x00000000cd400000| Complete 
| 213|0x00000000cd500000, 0x00000000cd600000, 0x00000000cd600000|100%| E|CS|TAMS 0x00000000cd500000| PB 0x00000000cd500000| Complete 
| 214|0x00000000cd600000, 0x00000000cd700000, 0x00000000cd700000|100%| E|CS|TAMS 0x00000000cd600000| PB 0x00000000cd600000| Complete 
| 215|0x00000000cd700000, 0x00000000cd800000, 0x00000000cd800000|100%| E|CS|TAMS 0x00000000cd700000| PB 0x00000000cd700000| Complete 
| 216|0x00000000cd800000, 0x00000000cd900000, 0x00000000cd900000|100%| E|CS|TAMS 0x00000000cd800000| PB 0x00000000cd800000| Complete 
| 217|0x00000000cd900000, 0x00000000cda00000, 0x00000000cda00000|100%| E|CS|TAMS 0x00000000cd900000| PB 0x00000000cd900000| Complete 
| 218|0x00000000cda00000, 0x00000000cdb00000, 0x00000000cdb00000|100%| E|CS|TAMS 0x00000000cda00000| PB 0x00000000cda00000| Complete 
| 219|0x00000000cdb00000, 0x00000000cdc00000, 0x00000000cdc00000|100%| E|CS|TAMS 0x00000000cdb00000| PB 0x00000000cdb00000| Complete 
| 220|0x00000000cdc00000, 0x00000000cdd00000, 0x00000000cdd00000|100%| E|CS|TAMS 0x00000000cdc00000| PB 0x00000000cdc00000| Complete 
| 221|0x00000000cdd00000, 0x00000000cde00000, 0x00000000cde00000|100%| E|CS|TAMS 0x00000000cdd00000| PB 0x00000000cdd00000| Complete 
| 222|0x00000000cde00000, 0x00000000cdf00000, 0x00000000cdf00000|100%| E|CS|TAMS 0x00000000cde00000| PB 0x00000000cde00000| Complete 
| 223|0x00000000cdf00000, 0x00000000ce000000, 0x00000000ce000000|100%| E|CS|TAMS 0x00000000cdf00000| PB 0x00000000cdf00000| Complete 
| 224|0x00000000ce000000, 0x00000000ce100000, 0x00000000ce100000|100%| E|CS|TAMS 0x00000000ce000000| PB 0x00000000ce000000| Complete 
| 225|0x00000000ce100000, 0x00000000ce200000, 0x00000000ce200000|100%| E|CS|TAMS 0x00000000ce100000| PB 0x00000000ce100000| Complete 
| 226|0x00000000ce200000, 0x00000000ce300000, 0x00000000ce300000|100%| E|CS|TAMS 0x00000000ce200000| PB 0x00000000ce200000| Complete 
| 227|0x00000000ce300000, 0x00000000ce400000, 0x00000000ce400000|100%| E|CS|TAMS 0x00000000ce300000| PB 0x00000000ce300000| Complete 
| 228|0x00000000ce400000, 0x00000000ce500000, 0x00000000ce500000|100%| E|CS|TAMS 0x00000000ce400000| PB 0x00000000ce400000| Complete 
| 229|0x00000000ce500000, 0x00000000ce600000, 0x00000000ce600000|100%| E|CS|TAMS 0x00000000ce500000| PB 0x00000000ce500000| Complete 
| 230|0x00000000ce600000, 0x00000000ce700000, 0x00000000ce700000|100%| E|CS|TAMS 0x00000000ce600000| PB 0x00000000ce600000| Complete 
| 231|0x00000000ce700000, 0x00000000ce800000, 0x00000000ce800000|100%| E|CS|TAMS 0x00000000ce700000| PB 0x00000000ce700000| Complete 
| 232|0x00000000ce800000, 0x00000000ce900000, 0x00000000ce900000|100%| E|CS|TAMS 0x00000000ce800000| PB 0x00000000ce800000| Complete 
| 233|0x00000000ce900000, 0x00000000cea00000, 0x00000000cea00000|100%| E|CS|TAMS 0x00000000ce900000| PB 0x00000000ce900000| Complete 
| 234|0x00000000cea00000, 0x00000000ceb00000, 0x00000000ceb00000|100%| E|CS|TAMS 0x00000000cea00000| PB 0x00000000cea00000| Complete 
| 235|0x00000000ceb00000, 0x00000000cec00000, 0x00000000cec00000|100%| E|CS|TAMS 0x00000000ceb00000| PB 0x00000000ceb00000| Complete 
| 236|0x00000000cec00000, 0x00000000ced00000, 0x00000000ced00000|100%| E|CS|TAMS 0x00000000cec00000| PB 0x00000000cec00000| Complete 
| 237|0x00000000ced00000, 0x00000000cee00000, 0x00000000cee00000|100%| E|CS|TAMS 0x00000000ced00000| PB 0x00000000ced00000| Complete 
| 238|0x00000000cee00000, 0x00000000cef00000, 0x00000000cef00000|100%| E|CS|TAMS 0x00000000cee00000| PB 0x00000000cee00000| Complete 
| 239|0x00000000cef00000, 0x00000000cf000000, 0x00000000cf000000|100%| E|CS|TAMS 0x00000000cef00000| PB 0x00000000cef00000| Complete 
| 240|0x00000000cf000000, 0x00000000cf100000, 0x00000000cf100000|100%| E|CS|TAMS 0x00000000cf000000| PB 0x00000000cf000000| Complete 
| 241|0x00000000cf100000, 0x00000000cf200000, 0x00000000cf200000|100%| E|CS|TAMS 0x00000000cf100000| PB 0x00000000cf100000| Complete 
| 242|0x00000000cf200000, 0x00000000cf300000, 0x00000000cf300000|100%| E|CS|TAMS 0x00000000cf200000| PB 0x00000000cf200000| Complete 
| 243|0x00000000cf300000, 0x00000000cf400000, 0x00000000cf400000|100%| E|CS|TAMS 0x00000000cf300000| PB 0x00000000cf300000| Complete 
| 244|0x00000000cf400000, 0x00000000cf500000, 0x00000000cf500000|100%| E|CS|TAMS 0x00000000cf400000| PB 0x00000000cf400000| Complete 
| 245|0x00000000cf500000, 0x00000000cf600000, 0x00000000cf600000|100%| E|CS|TAMS 0x00000000cf500000| PB 0x00000000cf500000| Complete 
| 246|0x00000000cf600000, 0x00000000cf700000, 0x00000000cf700000|100%| E|CS|TAMS 0x00000000cf600000| PB 0x00000000cf600000| Complete 
| 247|0x00000000cf700000, 0x00000000cf800000, 0x00000000cf800000|100%| E|CS|TAMS 0x00000000cf700000| PB 0x00000000cf700000| Complete 
| 248|0x00000000cf800000, 0x00000000cf900000, 0x00000000cf900000|100%| E|CS|TAMS 0x00000000cf800000| PB 0x00000000cf800000| Complete 
| 249|0x00000000cf900000, 0x00000000cfa00000, 0x00000000cfa00000|100%| E|CS|TAMS 0x00000000cf900000| PB 0x00000000cf900000| Complete 
| 250|0x00000000cfa00000, 0x00000000cfb00000, 0x00000000cfb00000|100%| E|CS|TAMS 0x00000000cfa00000| PB 0x00000000cfa00000| Complete 
| 251|0x00000000cfb00000, 0x00000000cfc00000, 0x00000000cfc00000|100%| E|CS|TAMS 0x00000000cfb00000| PB 0x00000000cfb00000| Complete 
| 252|0x00000000cfc00000, 0x00000000cfd00000, 0x00000000cfd00000|100%| E|CS|TAMS 0x00000000cfc00000| PB 0x00000000cfc00000| Complete 
| 253|0x00000000cfd00000, 0x00000000cfe00000, 0x00000000cfe00000|100%| E|CS|TAMS 0x00000000cfd00000| PB 0x00000000cfd00000| Complete 
| 254|0x00000000cfe00000, 0x00000000cff00000, 0x00000000cff00000|100%| E|CS|TAMS 0x00000000cfe00000| PB 0x00000000cfe00000| Complete 
| 255|0x00000000cff00000, 0x00000000d0000000, 0x00000000d0000000|100%| E|CS|TAMS 0x00000000cff00000| PB 0x00000000cff00000| Complete 
| 256|0x00000000d0000000, 0x00000000d0100000, 0x00000000d0100000|100%| E|CS|TAMS 0x00000000d0000000| PB 0x00000000d0000000| Complete 
| 257|0x00000000d0100000, 0x00000000d0200000, 0x00000000d0200000|100%| E|CS|TAMS 0x00000000d0100000| PB 0x00000000d0100000| Complete 
| 258|0x00000000d0200000, 0x00000000d0300000, 0x00000000d0300000|100%| E|CS|TAMS 0x00000000d0200000| PB 0x00000000d0200000| Complete 
| 259|0x00000000d0300000, 0x00000000d0400000, 0x00000000d0400000|100%| E|CS|TAMS 0x00000000d0300000| PB 0x00000000d0300000| Complete 
| 260|0x00000000d0400000, 0x00000000d0500000, 0x00000000d0500000|100%| E|CS|TAMS 0x00000000d0400000| PB 0x00000000d0400000| Complete 
| 261|0x00000000d0500000, 0x00000000d0600000, 0x00000000d0600000|100%| E|CS|TAMS 0x00000000d0500000| PB 0x00000000d0500000| Complete 
| 262|0x00000000d0600000, 0x00000000d0700000, 0x00000000d0700000|100%| E|CS|TAMS 0x00000000d0600000| PB 0x00000000d0600000| Complete 
| 263|0x00000000d0700000, 0x00000000d0800000, 0x00000000d0800000|100%| E|CS|TAMS 0x00000000d0700000| PB 0x00000000d0700000| Complete 
| 264|0x00000000d0800000, 0x00000000d0900000, 0x00000000d0900000|100%| E|CS|TAMS 0x00000000d0800000| PB 0x00000000d0800000| Complete 
| 265|0x00000000d0900000, 0x00000000d0a00000, 0x00000000d0a00000|100%| E|CS|TAMS 0x00000000d0900000| PB 0x00000000d0900000| Complete 
| 266|0x00000000d0a00000, 0x00000000d0b00000, 0x00000000d0b00000|100%| E|CS|TAMS 0x00000000d0a00000| PB 0x00000000d0a00000| Complete 
| 267|0x00000000d0b00000, 0x00000000d0c00000, 0x00000000d0c00000|100%| E|CS|TAMS 0x00000000d0b00000| PB 0x00000000d0b00000| Complete 
| 268|0x00000000d0c00000, 0x00000000d0d00000, 0x00000000d0d00000|100%| E|CS|TAMS 0x00000000d0c00000| PB 0x00000000d0c00000| Complete 
| 269|0x00000000d0d00000, 0x00000000d0e00000, 0x00000000d0e00000|100%| E|CS|TAMS 0x00000000d0d00000| PB 0x00000000d0d00000| Complete 
| 270|0x00000000d0e00000, 0x00000000d0f00000, 0x00000000d0f00000|100%| E|CS|TAMS 0x00000000d0e00000| PB 0x00000000d0e00000| Complete 
| 271|0x00000000d0f00000, 0x00000000d1000000, 0x00000000d1000000|100%| E|CS|TAMS 0x00000000d0f00000| PB 0x00000000d0f00000| Complete 
| 272|0x00000000d1000000, 0x00000000d1100000, 0x00000000d1100000|100%| E|CS|TAMS 0x00000000d1000000| PB 0x00000000d1000000| Complete 
| 273|0x00000000d1100000, 0x00000000d1200000, 0x00000000d1200000|100%| E|CS|TAMS 0x00000000d1100000| PB 0x00000000d1100000| Complete 
| 274|0x00000000d1200000, 0x00000000d1300000, 0x00000000d1300000|100%| E|CS|TAMS 0x00000000d1200000| PB 0x00000000d1200000| Complete 
| 275|0x00000000d1300000, 0x00000000d1400000, 0x00000000d1400000|100%| E|CS|TAMS 0x00000000d1300000| PB 0x00000000d1300000| Complete 
| 276|0x00000000d1400000, 0x00000000d1500000, 0x00000000d1500000|100%| E|CS|TAMS 0x00000000d1400000| PB 0x00000000d1400000| Complete 
| 277|0x00000000d1500000, 0x00000000d1600000, 0x00000000d1600000|100%| E|CS|TAMS 0x00000000d1500000| PB 0x00000000d1500000| Complete 
| 278|0x00000000d1600000, 0x00000000d1700000, 0x00000000d1700000|100%| E|CS|TAMS 0x00000000d1600000| PB 0x00000000d1600000| Complete 
| 279|0x00000000d1700000, 0x00000000d1800000, 0x00000000d1800000|100%| E|CS|TAMS 0x00000000d1700000| PB 0x00000000d1700000| Complete 
| 280|0x00000000d1800000, 0x00000000d1900000, 0x00000000d1900000|100%| E|CS|TAMS 0x00000000d1800000| PB 0x00000000d1800000| Complete 
| 281|0x00000000d1900000, 0x00000000d1a00000, 0x00000000d1a00000|100%| E|CS|TAMS 0x00000000d1900000| PB 0x00000000d1900000| Complete 
| 282|0x00000000d1a00000, 0x00000000d1b00000, 0x00000000d1b00000|100%| E|CS|TAMS 0x00000000d1a00000| PB 0x00000000d1a00000| Complete 
| 283|0x00000000d1b00000, 0x00000000d1c00000, 0x00000000d1c00000|100%| E|CS|TAMS 0x00000000d1b00000| PB 0x00000000d1b00000| Complete 
| 284|0x00000000d1c00000, 0x00000000d1d00000, 0x00000000d1d00000|100%| E|CS|TAMS 0x00000000d1c00000| PB 0x00000000d1c00000| Complete 
| 285|0x00000000d1d00000, 0x00000000d1e00000, 0x00000000d1e00000|100%| E|CS|TAMS 0x00000000d1d00000| PB 0x00000000d1d00000| Complete 
| 286|0x00000000d1e00000, 0x00000000d1f00000, 0x00000000d1f00000|100%| E|CS|TAMS 0x00000000d1e00000| PB 0x00000000d1e00000| Complete 
| 287|0x00000000d1f00000, 0x00000000d2000000, 0x00000000d2000000|100%| E|CS|TAMS 0x00000000d1f00000| PB 0x00000000d1f00000| Complete 
| 288|0x00000000d2000000, 0x00000000d2100000, 0x00000000d2100000|100%| E|CS|TAMS 0x00000000d2000000| PB 0x00000000d2000000| Complete 
| 289|0x00000000d2100000, 0x00000000d2200000, 0x00000000d2200000|100%| E|CS|TAMS 0x00000000d2100000| PB 0x00000000d2100000| Complete 
| 290|0x00000000d2200000, 0x00000000d2300000, 0x00000000d2300000|100%| E|CS|TAMS 0x00000000d2200000| PB 0x00000000d2200000| Complete 
| 291|0x00000000d2300000, 0x00000000d2400000, 0x00000000d2400000|100%| E|CS|TAMS 0x00000000d2300000| PB 0x00000000d2300000| Complete 
| 292|0x00000000d2400000, 0x00000000d2500000, 0x00000000d2500000|100%| E|CS|TAMS 0x00000000d2400000| PB 0x00000000d2400000| Complete 
| 293|0x00000000d2500000, 0x00000000d2600000, 0x00000000d2600000|100%| E|CS|TAMS 0x00000000d2500000| PB 0x00000000d2500000| Complete 
| 294|0x00000000d2600000, 0x00000000d2700000, 0x00000000d2700000|100%| E|CS|TAMS 0x00000000d2600000| PB 0x00000000d2600000| Complete 
| 295|0x00000000d2700000, 0x00000000d2800000, 0x00000000d2800000|100%| E|CS|TAMS 0x00000000d2700000| PB 0x00000000d2700000| Complete 
| 296|0x00000000d2800000, 0x00000000d2900000, 0x00000000d2900000|100%| E|CS|TAMS 0x00000000d2800000| PB 0x00000000d2800000| Complete 
| 297|0x00000000d2900000, 0x00000000d2a00000, 0x00000000d2a00000|100%| E|CS|TAMS 0x00000000d2900000| PB 0x00000000d2900000| Complete 
| 298|0x00000000d2a00000, 0x00000000d2b00000, 0x00000000d2b00000|100%| E|CS|TAMS 0x00000000d2a00000| PB 0x00000000d2a00000| Complete 
| 299|0x00000000d2b00000, 0x00000000d2c00000, 0x00000000d2c00000|100%| E|CS|TAMS 0x00000000d2b00000| PB 0x00000000d2b00000| Complete 
| 300|0x00000000d2c00000, 0x00000000d2d00000, 0x00000000d2d00000|100%| E|CS|TAMS 0x00000000d2c00000| PB 0x00000000d2c00000| Complete 
| 301|0x00000000d2d00000, 0x00000000d2e00000, 0x00000000d2e00000|100%| E|CS|TAMS 0x00000000d2d00000| PB 0x00000000d2d00000| Complete 
| 302|0x00000000d2e00000, 0x00000000d2f00000, 0x00000000d2f00000|100%| E|CS|TAMS 0x00000000d2e00000| PB 0x00000000d2e00000| Complete 
| 303|0x00000000d2f00000, 0x00000000d3000000, 0x00000000d3000000|100%| E|CS|TAMS 0x00000000d2f00000| PB 0x00000000d2f00000| Complete 
| 304|0x00000000d3000000, 0x00000000d3100000, 0x00000000d3100000|100%| E|CS|TAMS 0x00000000d3000000| PB 0x00000000d3000000| Complete 
|1016|0x00000000ff800000, 0x00000000ff900000, 0x00000000ff900000|100%| E|CS|TAMS 0x00000000ff800000| PB 0x00000000ff800000| Complete 
|1017|0x00000000ff900000, 0x00000000ffa00000, 0x00000000ffa00000|100%| E|CS|TAMS 0x00000000ff900000| PB 0x00000000ff900000| Complete 
|1018|0x00000000ffa00000, 0x00000000ffb00000, 0x00000000ffb00000|100%| E|CS|TAMS 0x00000000ffa00000| PB 0x00000000ffa00000| Complete 
|1019|0x00000000ffb00000, 0x00000000ffc00000, 0x00000000ffc00000|100%| E|CS|TAMS 0x00000000ffb00000| PB 0x00000000ffb00000| Complete 
|1020|0x00000000ffc00000, 0x00000000ffd00000, 0x00000000ffd00000|100%| O|  |TAMS 0x00000000ffc00000| PB 0x00000000ffc00000| Untracked 
|1021|0x00000000ffd00000, 0x00000000ffe00000, 0x00000000ffe00000|100%| E|CS|TAMS 0x00000000ffd00000| PB 0x00000000ffd00000| Complete 
|1022|0x00000000ffe00000, 0x00000000fff00000, 0x00000000fff00000|100%| E|CS|TAMS 0x00000000ffe00000| PB 0x00000000ffe00000| Complete 
|1023|0x00000000fff00000, 0x0000000100000000, 0x0000000100000000|100%| E|CS|TAMS 0x00000000fff00000| PB 0x00000000fff00000| Complete 

Card table byte_map: [0x000001f351750000,0x000001f351950000] _byte_map_base: 0x000001f351150000

Marking Bits: (CMBitMap*) 0x000001f339e93a50
 Bits: [0x000001f351950000, 0x000001f352950000)

Polling page: 0x000001f337c20000

Metaspace:

Usage:
  Non-class:    164.51 MB used.
      Class:     24.06 MB used.
       Both:    188.58 MB used.

Virtual space:
  Non-class space:      192.00 MB reserved,     165.88 MB ( 86%) committed,  3 nodes.
      Class space:      208.00 MB reserved,      25.38 MB ( 12%) committed,  1 nodes.
             Both:      400.00 MB reserved,     191.25 MB ( 48%) committed. 

Chunk freelists:
   Non-Class:  10.17 MB
       Class:  6.45 MB
        Both:  16.62 MB

MaxMetaspaceSize: 256.00 MB
CompressedClassSpaceSize: 208.00 MB
Initial GC threshold: 21.00 MB
Current GC threshold: 256.00 MB
CDS: on
 - commit_granule_bytes: 65536.
 - commit_granule_words: 8192.
 - virtual_space_node_default_size: 8388608.
 - enlarge_chunks_in_place: 1.
 - use_allocation_guard: 0.


Internal statistics:

num_allocs_failed_limit: 6.
num_arena_births: 4788.
num_arena_deaths: 0.
num_vsnodes_births: 4.
num_vsnodes_deaths: 0.
num_space_committed: 3057.
num_space_uncommitted: 0.
num_chunks_returned_to_freelist: 6.
num_chunks_taken_from_freelist: 12783.
num_chunk_merges: 3.
num_chunk_splits: 8961.
num_chunks_enlarged: 6455.
num_inconsistent_stats: 0.

CodeHeap 'non-profiled nmethods': size=120000Kb used=8653Kb max_used=13418Kb free=111346Kb
 bounds [0x000001f34a020000, 0x000001f34ad70000, 0x000001f351550000]
CodeHeap 'profiled nmethods': size=120000Kb used=16186Kb max_used=51812Kb free=103813Kb
 bounds [0x000001f342550000, 0x000001f3457f0000, 0x000001f349a80000]
CodeHeap 'non-nmethods': size=5760Kb used=2959Kb max_used=3021Kb free=2800Kb
 bounds [0x000001f349a80000, 0x000001f349d90000, 0x000001f34a020000]
 total_blobs=9051 nmethods=7840 adapters=1112
 compilation: enabled
              stopped_count=0, restarted_count=0
 full_count=0

Compilation events (20 events):
Event: 363.492 Thread 0x000001f354dcade0 nmethod 26914 0x000001f34aca8b90 code [0x000001f34aca8d20, 0x000001f34aca8db0]
Event: 363.492 Thread 0x000001f354dcade0 26243       4       com.android.tools.r8.internal.is1::c (17 bytes)
Event: 363.496 Thread 0x000001f354dcade0 nmethod 26243 0x000001f34a09bd90 code [0x000001f34a09bf40, 0x000001f34a09c1c0]
Event: 363.496 Thread 0x000001f354dcade0 26799       4       com.android.tools.r8.internal.od::a (34 bytes)
Event: 363.504 Thread 0x000001f354dcade0 nmethod 26799 0x000001f34a92bc10 code [0x000001f34a92bdc0, 0x000001f34a92c4b0]
Event: 363.504 Thread 0x000001f354dcade0 30154       4       com.android.tools.r8.internal.o64$$Lambda/0x000001f3578af420::test (8 bytes)
Event: 363.506 Thread 0x000001f354dcade0 nmethod 30154 0x000001f34a8a2d90 code [0x000001f34a8a2f20, 0x000001f34a8a3030]
Event: 363.506 Thread 0x000001f354dcade0 30157       4       java.util.PriorityQueue::siftUpComparable (52 bytes)
Event: 363.536 Thread 0x000001f354dcade0 nmethod 30157 0x000001f34a29b790 code [0x000001f34a29ba00, 0x000001f34a29c778]
Event: 363.536 Thread 0x000001f354dcade0 30161 %     4       com.android.tools.r8.ir.optimize.r0::a @ 57 (772 bytes)
Event: 363.679 Thread 0x000001f354dcade0 nmethod 30161% 0x000001f34a3c0990 code [0x000001f34a3c0ec0, 0x000001f34a3c3ed0]
Event: 363.680 Thread 0x000001f354dcade0 30183 %     4       com.android.tools.r8.internal.fp::a @ 113 (189 bytes)
Event: 363.689 Thread 0x000001f354dcade0 nmethod 30183% 0x000001f34a09cc90 code [0x000001f34a09ce80, 0x000001f34a09d2a0]
Event: 363.690 Thread 0x000001f354dcade0 30162       4       com.android.tools.r8.internal.t81::f (444 bytes)
Event: 363.900 Thread 0x000001f354dcade0 nmethod 30162 0x000001f34a9f2d90 code [0x000001f34a9f3260, 0x000001f34a9f6f08]
Event: 363.901 Thread 0x000001f354dcade0 30192       4       com.android.tools.r8.internal.fp::a (189 bytes)
Event: 363.924 Thread 0x000001f354dcade0 nmethod 30192 0x000001f34a0a6a10 code [0x000001f34a0a6c80, 0x000001f34a0a7538]
Event: 363.925 Thread 0x000001f354dcade0 30195 %     4       com.android.tools.r8.internal.t81::a @ 281 (3877 bytes)
Event: 363.939 Thread 0x000001f354deba30 30202       1       com.android.tools.r8.internal.hm::q (2 bytes)
Event: 363.939 Thread 0x000001f354deba30 nmethod 30202 0x000001f34acb6410 code [0x000001f34acb65a0, 0x000001f34acb6668]

GC Heap History (20 events):
Event: 353.194 GC heap before
{Heap before GC invocations=141 (full 0):
 garbage-first heap   total 320512K, used 298876K [0x00000000c0000000, 0x0000000100000000)
  region size 1024K, 138 young (141312K), 4 survivors (4096K)
 Metaspace       used 193004K, committed 195712K, reserved 409600K
  class space    used 24639K, committed 25984K, reserved 212992K
}
Event: 353.207 GC heap after
{Heap after GC invocations=142 (full 0):
 garbage-first heap   total 320512K, used 157228K [0x00000000c0000000, 0x0000000100000000)
  region size 1024K, 5 young (5120K), 5 survivors (5120K)
 Metaspace       used 193004K, committed 195712K, reserved 409600K
  class space    used 24639K, committed 25984K, reserved 212992K
}
Event: 353.821 GC heap before
{Heap before GC invocations=142 (full 0):
 garbage-first heap   total 320512K, used 243244K [0x00000000c0000000, 0x0000000100000000)
  region size 1024K, 90 young (92160K), 5 survivors (5120K)
 Metaspace       used 193013K, committed 195712K, reserved 409600K
  class space    used 24639K, committed 25984K, reserved 212992K
}
Event: 353.833 GC heap after
{Heap after GC invocations=143 (full 0):
 garbage-first heap   total 320512K, used 161025K [0x00000000c0000000, 0x0000000100000000)
  region size 1024K, 9 young (9216K), 9 survivors (9216K)
 Metaspace       used 193013K, committed 195712K, reserved 409600K
  class space    used 24639K, committed 25984K, reserved 212992K
}
Event: 356.708 GC heap before
{Heap before GC invocations=144 (full 0):
 garbage-first heap   total 320512K, used 297217K [0x00000000c0000000, 0x0000000100000000)
  region size 1024K, 137 young (140288K), 9 survivors (9216K)
 Metaspace       used 193074K, committed 195776K, reserved 409600K
  class space    used 24642K, committed 25984K, reserved 212992K
}
Event: 356.729 GC heap after
{Heap after GC invocations=145 (full 0):
 garbage-first heap   total 320512K, used 160815K [0x00000000c0000000, 0x0000000100000000)
  region size 1024K, 8 young (8192K), 8 survivors (8192K)
 Metaspace       used 193074K, committed 195776K, reserved 409600K
  class space    used 24642K, committed 25984K, reserved 212992K
}
Event: 357.289 GC heap before
{Heap before GC invocations=145 (full 0):
 garbage-first heap   total 320512K, used 293935K [0x00000000c0000000, 0x0000000100000000)
  region size 1024K, 138 young (141312K), 8 survivors (8192K)
 Metaspace       used 193076K, committed 195776K, reserved 409600K
  class space    used 24642K, committed 25984K, reserved 212992K
}
Event: 357.324 GC heap after
{Heap after GC invocations=146 (full 0):
 garbage-first heap   total 320512K, used 161396K [0x00000000c0000000, 0x0000000100000000)
  region size 1024K, 14 young (14336K), 14 survivors (14336K)
 Metaspace       used 193076K, committed 195776K, reserved 409600K
  class space    used 24642K, committed 25984K, reserved 212992K
}
Event: 357.925 GC heap before
{Heap before GC invocations=146 (full 0):
 garbage-first heap   total 320512K, used 287348K [0x00000000c0000000, 0x0000000100000000)
  region size 1024K, 137 young (140288K), 14 survivors (14336K)
 Metaspace       used 193078K, committed 195776K, reserved 409600K
  class space    used 24642K, committed 25984K, reserved 212992K
}
Event: 357.943 GC heap after
{Heap after GC invocations=147 (full 0):
 garbage-first heap   total 320512K, used 160330K [0x00000000c0000000, 0x0000000100000000)
  region size 1024K, 7 young (7168K), 7 survivors (7168K)
 Metaspace       used 193078K, committed 195776K, reserved 409600K
  class space    used 24642K, committed 25984K, reserved 212992K
}
Event: 358.845 GC heap before
{Heap before GC invocations=148 (full 0):
 garbage-first heap   total 320512K, used 294474K [0x00000000c0000000, 0x0000000100000000)
  region size 1024K, 138 young (141312K), 7 survivors (7168K)
 Metaspace       used 193080K, committed 195776K, reserved 409600K
  class space    used 24642K, committed 25984K, reserved 212992K
}
Event: 358.855 GC heap after
{Heap after GC invocations=149 (full 0):
 garbage-first heap   total 320512K, used 160550K [0x00000000c0000000, 0x0000000100000000)
  region size 1024K, 7 young (7168K), 7 survivors (7168K)
 Metaspace       used 193080K, committed 195776K, reserved 409600K
  class space    used 24642K, committed 25984K, reserved 212992K
}
Event: 359.380 GC heap before
{Heap before GC invocations=149 (full 0):
 garbage-first heap   total 320512K, used 294694K [0x00000000c0000000, 0x0000000100000000)
  region size 1024K, 138 young (141312K), 7 survivors (7168K)
 Metaspace       used 193080K, committed 195776K, reserved 409600K
  class space    used 24642K, committed 25984K, reserved 212992K
}
Event: 359.397 GC heap after
{Heap after GC invocations=150 (full 0):
 garbage-first heap   total 320512K, used 155979K [0x00000000c0000000, 0x0000000100000000)
  region size 1024K, 7 young (7168K), 7 survivors (7168K)
 Metaspace       used 193080K, committed 195776K, reserved 409600K
  class space    used 24642K, committed 25984K, reserved 212992K
}
Event: 360.027 GC heap before
{Heap before GC invocations=150 (full 0):
 garbage-first heap   total 320512K, used 295243K [0x00000000c0000000, 0x0000000100000000)
  region size 1024K, 143 young (146432K), 7 survivors (7168K)
 Metaspace       used 193086K, committed 195776K, reserved 409600K
  class space    used 24642K, committed 25984K, reserved 212992K
}
Event: 360.040 GC heap after
{Heap after GC invocations=151 (full 0):
 garbage-first heap   total 320512K, used 155979K [0x00000000c0000000, 0x0000000100000000)
  region size 1024K, 7 young (7168K), 7 survivors (7168K)
 Metaspace       used 193086K, committed 195776K, reserved 409600K
  class space    used 24642K, committed 25984K, reserved 212992K
}
Event: 361.171 GC heap before
{Heap before GC invocations=152 (full 0):
 garbage-first heap   total 320512K, used 296267K [0x00000000c0000000, 0x0000000100000000)
  region size 1024K, 143 young (146432K), 7 survivors (7168K)
 Metaspace       used 193097K, committed 195776K, reserved 409600K
  class space    used 24642K, committed 25984K, reserved 212992K
}
Event: 361.440 GC heap after
{Heap after GC invocations=153 (full 0):
 garbage-first heap   total 320512K, used 171399K [0x00000000c0000000, 0x0000000100000000)
  region size 1024K, 18 young (18432K), 18 survivors (18432K)
 Metaspace       used 193097K, committed 195776K, reserved 409600K
  class space    used 24642K, committed 25984K, reserved 212992K
}
Event: 362.285 GC heap before
{Heap before GC invocations=153 (full 0):
 garbage-first heap   total 320512K, used 284039K [0x00000000c0000000, 0x0000000100000000)
  region size 1024K, 128 young (131072K), 18 survivors (18432K)
 Metaspace       used 193102K, committed 195776K, reserved 409600K
  class space    used 24642K, committed 25984K, reserved 212992K
}
Event: 362.312 GC heap after
{Heap after GC invocations=154 (full 0):
 garbage-first heap   total 320512K, used 164427K [0x00000000c0000000, 0x0000000100000000)
  region size 1024K, 3 young (3072K), 3 survivors (3072K)
 Metaspace       used 193102K, committed 195776K, reserved 409600K
  class space    used 24642K, committed 25984K, reserved 212992K
}

Dll operation events (16 events):
Event: 0.145 Loaded shared library C:\Users\DELL\.gradle\jdks\eclipse_adoptium-21-amd64-windows.2\bin\java.dll
Event: 0.204 Loaded shared library C:\Users\DELL\.gradle\jdks\eclipse_adoptium-21-amd64-windows.2\bin\jsvml.dll
Event: 0.272 Loaded shared library C:\Users\DELL\.gradle\jdks\eclipse_adoptium-21-amd64-windows.2\bin\zip.dll
Event: 0.281 Loaded shared library C:\Users\DELL\.gradle\jdks\eclipse_adoptium-21-amd64-windows.2\bin\instrument.dll
Event: 0.292 Loaded shared library C:\Users\DELL\.gradle\jdks\eclipse_adoptium-21-amd64-windows.2\bin\net.dll
Event: 0.298 Loaded shared library C:\Users\DELL\.gradle\jdks\eclipse_adoptium-21-amd64-windows.2\bin\nio.dll
Event: 0.359 Loaded shared library C:\Users\DELL\.gradle\jdks\eclipse_adoptium-21-amd64-windows.2\bin\zip.dll
Event: 10.383 Loaded shared library C:\Users\DELL\.gradle\jdks\eclipse_adoptium-21-amd64-windows.2\bin\jimage.dll
Event: 15.539 Loaded shared library C:\Users\DELL\.gradle\jdks\eclipse_adoptium-21-amd64-windows.2\bin\verify.dll
Event: 15.836 Loaded shared library C:\Users\DELL\.gradle\native\660c5614fbf4a5f2a75b1949f50a0caf5cd603558e7d8a26e50b933a0cfb79d1\windows-amd64\native-platform.dll
Event: 15.948 Loaded shared library C:\Users\DELL\.gradle\native\0.2.8\x86_64-windows-gnu\gradle-fileevents.dll
Event: 27.842 Loaded shared library C:\Users\DELL\.gradle\jdks\eclipse_adoptium-21-amd64-windows.2\bin\management.dll
Event: 27.852 Loaded shared library C:\Users\DELL\.gradle\jdks\eclipse_adoptium-21-amd64-windows.2\bin\management_ext.dll
Event: 28.052 Loaded shared library C:\Users\DELL\.gradle\jdks\eclipse_adoptium-21-amd64-windows.2\bin\extnet.dll
Event: 28.628 Loaded shared library C:\Users\DELL\.gradle\jdks\eclipse_adoptium-21-amd64-windows.2\bin\sunmscapi.dll
Event: 156.809 Loaded shared library C:\Users\DELL\.gradle\jdks\eclipse_adoptium-21-amd64-windows.2\bin\rmi.dll

Deoptimization events (20 events):
Event: 362.545 Thread 0x000001f375721410 DEOPT PACKING pc=0x000001f345361b13 sp=0x00000079985f5100
Event: 362.545 Thread 0x000001f375721410 DEOPT UNPACKING pc=0x000001f349ad88e2 sp=0x00000079985f4938 mode 0
Event: 362.599 Thread 0x000001f375721410 DEOPT PACKING pc=0x000001f34533bd6f sp=0x00000079985f5140
Event: 362.600 Thread 0x000001f375721410 DEOPT UNPACKING pc=0x000001f349ad88e2 sp=0x00000079985f4840 mode 0
Event: 362.732 Thread 0x000001f375721410 DEOPT PACKING pc=0x000001f34533bd6f sp=0x00000079985f5140
Event: 362.732 Thread 0x000001f375721410 DEOPT UNPACKING pc=0x000001f349ad88e2 sp=0x00000079985f4840 mode 0
Event: 362.829 Thread 0x000001f375721410 Uncommon trap: trap_request=0xffffff45 fr.pc=0x000001f34ab76d70 relative=0x0000000000005eb0
Event: 362.830 Thread 0x000001f375721410 Uncommon trap: reason=unstable_if action=reinterpret pc=0x000001f34ab76d70 method=com.android.tools.r8.internal.ca2.a(Lcom/android/tools/r8/internal/aa2;Z)Lcom/android/tools/r8/internal/aa2; @ 3013 c2
Event: 362.830 Thread 0x000001f375721410 DEOPT PACKING pc=0x000001f34ab76d70 sp=0x00000079985f5360
Event: 362.830 Thread 0x000001f375721410 DEOPT UNPACKING pc=0x000001f349ad7da2 sp=0x00000079985f5378 mode 2
Event: 362.863 Thread 0x000001f375721410 DEOPT PACKING pc=0x000001f34533bd6f sp=0x00000079985f5140
Event: 362.863 Thread 0x000001f375721410 DEOPT UNPACKING pc=0x000001f349ad88e2 sp=0x00000079985f4840 mode 0
Event: 363.091 Thread 0x000001f375721410 DEOPT PACKING pc=0x000001f343a81d8b sp=0x00000079985f4e10
Event: 363.091 Thread 0x000001f375721410 DEOPT UNPACKING pc=0x000001f349ad88e2 sp=0x00000079985f4538 mode 0
Event: 363.383 Thread 0x000001f375721410 DEOPT PACKING pc=0x000001f34536188d sp=0x00000079985f5100
Event: 363.383 Thread 0x000001f375721410 DEOPT UNPACKING pc=0x000001f349ad88e2 sp=0x00000079985f4928 mode 0
Event: 363.932 Thread 0x000001f375721410 DEOPT PACKING pc=0x000001f34346c1ad sp=0x00000079985f57c0
Event: 363.932 Thread 0x000001f375721410 DEOPT UNPACKING pc=0x000001f349ad88e2 sp=0x00000079985f4d50 mode 0
Event: 364.028 Thread 0x000001f375721410 DEOPT PACKING pc=0x000001f345361b13 sp=0x00000079985f5130
Event: 364.029 Thread 0x000001f375721410 DEOPT UNPACKING pc=0x000001f349ad88e2 sp=0x00000079985f4968 mode 0

Classes loaded (20 events):
Event: 271.810 Loading class java/util/IdentityHashMap$ValueIterator
Event: 271.812 Loading class java/util/IdentityHashMap$ValueIterator done
Event: 272.176 Loading class java/util/SortedSet$1
Event: 272.179 Loading class java/util/SortedSet$1 done
Event: 272.571 Loading class java/util/concurrent/ConcurrentHashMap$TreeNode
Event: 272.574 Loading class java/util/concurrent/ConcurrentHashMap$TreeNode done
Event: 272.574 Loading class java/util/concurrent/ConcurrentHashMap$TreeBin
Event: 272.578 Loading class java/util/concurrent/ConcurrentHashMap$TreeBin done
Event: 286.514 Loading class java/nio/ShortBuffer
Event: 286.524 Loading class java/nio/ShortBuffer done
Event: 286.959 Loading class java/nio/ByteBufferAsShortBufferL
Event: 286.963 Loading class java/nio/ByteBufferAsShortBufferL done
Event: 287.317 Loading class java/util/zip/Adler32
Event: 287.320 Loading class java/util/zip/Adler32 done
Event: 287.341 Loading class java/nio/file/Files$2
Event: 287.343 Loading class java/nio/file/Files$2 done
Event: 324.972 Loading class java/util/WeakHashMap$KeyIterator
Event: 324.984 Loading class java/util/WeakHashMap$HashIterator
Event: 324.996 Loading class java/util/WeakHashMap$HashIterator done
Event: 324.996 Loading class java/util/WeakHashMap$KeyIterator done

Classes unloaded (0 events):
No events

Classes redefined (0 events):
No events

Internal exceptions (20 events):
Event: 345.293 Thread 0x000001f375721410 Exception <a 'sun/nio/fs/WindowsException'{0x00000000cfa880d8}> (0x00000000cfa880d8) 
thrown [s\src\hotspot\share\prims\jni.cpp, line 520]
Event: 345.348 Thread 0x000001f375721410 Exception <a 'sun/nio/fs/WindowsException'{0x00000000cfae6330}> (0x00000000cfae6330) 
thrown [s\src\hotspot\share\prims\jni.cpp, line 520]
Event: 345.375 Thread 0x000001f375721410 Exception <a 'sun/nio/fs/WindowsException'{0x00000000cf917908}> (0x00000000cf917908) 
thrown [s\src\hotspot\share\prims\jni.cpp, line 520]
Event: 345.865 Thread 0x000001f375721410 Exception <a 'sun/nio/fs/WindowsException'{0x00000000cf1cf740}> (0x00000000cf1cf740) 
thrown [s\src\hotspot\share\prims\jni.cpp, line 520]
Event: 345.954 Thread 0x000001f375721410 Exception <a 'sun/nio/fs/WindowsException'{0x00000000cf1ed668}> (0x00000000cf1ed668) 
thrown [s\src\hotspot\share\prims\jni.cpp, line 520]
Event: 345.975 Thread 0x000001f375721410 Exception <a 'sun/nio/fs/WindowsException'{0x00000000cf027088}> (0x00000000cf027088) 
thrown [s\src\hotspot\share\prims\jni.cpp, line 520]
Event: 353.944 Thread 0x000001f375721410 Exception <a 'sun/nio/fs/WindowsException'{0x00000000d2ed3db0}> (0x00000000d2ed3db0) 
thrown [s\src\hotspot\share\prims\jni.cpp, line 520]
Event: 354.304 Thread 0x000001f375721410 Exception <a 'sun/nio/fs/WindowsException'{0x00000000d2ef1df8}> (0x00000000d2ef1df8) 
thrown [s\src\hotspot\share\prims\jni.cpp, line 520]
Event: 354.335 Thread 0x000001f375721410 Exception <a 'sun/nio/fs/WindowsException'{0x00000000d2d25b28}> (0x00000000d2d25b28) 
thrown [s\src\hotspot\share\prims\jni.cpp, line 520]
Event: 354.736 Thread 0x000001f375721410 Exception <a 'sun/nio/fs/WindowsException'{0x00000000d175f948}> (0x00000000d175f948) 
thrown [s\src\hotspot\share\prims\jni.cpp, line 520]
Event: 354.810 Thread 0x000001f375721410 Exception <a 'sun/nio/fs/WindowsException'{0x00000000d177dac0}> (0x00000000d177dac0) 
thrown [s\src\hotspot\share\prims\jni.cpp, line 520]
Event: 354.833 Thread 0x000001f375721410 Exception <a 'sun/nio/fs/WindowsException'{0x00000000d17b0d90}> (0x00000000d17b0d90) 
thrown [s\src\hotspot\share\prims\jni.cpp, line 520]
Event: 355.233 Thread 0x000001f375721410 Exception <a 'sun/nio/fs/WindowsException'{0x00000000d15876f0}> (0x00000000d15876f0) 
thrown [s\src\hotspot\share\prims\jni.cpp, line 520]
Event: 355.302 Thread 0x000001f375721410 Exception <a 'sun/nio/fs/WindowsException'{0x00000000d15a5980}> (0x00000000d15a5980) 
thrown [s\src\hotspot\share\prims\jni.cpp, line 520]
Event: 355.342 Thread 0x000001f375721410 Exception <a 'sun/nio/fs/WindowsException'{0x00000000d13ddff0}> (0x00000000d13ddff0) 
thrown [s\src\hotspot\share\prims\jni.cpp, line 520]
Event: 355.402 Thread 0x000001f375721410 Exception <a 'sun/nio/fs/WindowsException'{0x00000000d13fc1b8}> (0x00000000d13fc1b8) 
thrown [s\src\hotspot\share\prims\jni.cpp, line 520]
Event: 356.388 Thread 0x000001f375721410 Exception <a 'sun/nio/fs/WindowsException'{0x00000000cc0189d0}> (0x00000000cc0189d0) 
thrown [s\src\hotspot\share\prims\jni.cpp, line 520]
Event: 356.468 Thread 0x000001f375721410 Exception <a 'sun/nio/fs/WindowsException'{0x00000000cc036a88}> (0x00000000cc036a88) 
thrown [s\src\hotspot\share\prims\jni.cpp, line 520]
Event: 360.471 Thread 0x000001f375721410 Exception <a 'sun/nio/fs/WindowsException'{0x00000000d06072f8}> (0x00000000d06072f8) 
thrown [s\src\hotspot\share\prims\jni.cpp, line 520]
Event: 360.645 Thread 0x000001f375721410 Exception <a 'sun/nio/fs/WindowsException'{0x00000000d0625358}> (0x00000000d0625358) 
thrown [s\src\hotspot\share\prims\jni.cpp, line 520]

ZGC Phase Switch (0 events):
No events

VM Operations (20 events):
Event: 359.380 Executing VM operation: G1CollectForAllocation (G1 Evacuation Pause)
Event: 359.397 Executing VM operation: G1CollectForAllocation (G1 Evacuation Pause) done
Event: 360.027 Executing VM operation: G1CollectForAllocation (G1 Evacuation Pause)
Event: 360.040 Executing VM operation: G1CollectForAllocation (G1 Evacuation Pause) done
Event: 360.356 Executing VM operation: G1PauseRemark
Event: 360.372 Executing VM operation: G1PauseRemark done
Event: 360.543 Executing VM operation: G1PauseCleanup
Event: 360.543 Executing VM operation: G1PauseCleanup done
Event: 361.059 Executing VM operation: HandshakeAllThreads (HandshakeForDeflation)
Event: 361.059 Executing VM operation: HandshakeAllThreads (HandshakeForDeflation) done
Event: 361.059 Executing VM operation: RendezvousGCThreads
Event: 361.059 Executing VM operation: RendezvousGCThreads done
Event: 361.171 Executing VM operation: G1CollectForAllocation (G1 Evacuation Pause)
Event: 361.441 Executing VM operation: G1CollectForAllocation (G1 Evacuation Pause) done
Event: 362.284 Executing VM operation: G1CollectForAllocation (G1 Evacuation Pause)
Event: 362.312 Executing VM operation: G1CollectForAllocation (G1 Evacuation Pause) done
Event: 363.312 Executing VM operation: Cleanup
Event: 363.316 Executing VM operation: Cleanup done
Event: 364.316 Executing VM operation: Cleanup
Event: 364.324 Executing VM operation: Cleanup done

Memory protections (0 events):
No events

Nmethod flushes (20 events):
Event: 360.370 Thread 0x000001f339f12be0 flushing  nmethod 0x000001f342e98890
Event: 360.370 Thread 0x000001f339f12be0 flushing  nmethod 0x000001f342ea1010
Event: 360.370 Thread 0x000001f339f12be0 flushing  nmethod 0x000001f342f23710
Event: 360.370 Thread 0x000001f339f12be0 flushing  nmethod 0x000001f343202710
Event: 360.371 Thread 0x000001f339f12be0 flushing  nmethod 0x000001f3433d5310
Event: 360.371 Thread 0x000001f339f12be0 flushing  nmethod 0x000001f3435aff10
Event: 360.371 Thread 0x000001f339f12be0 flushing  nmethod 0x000001f3442e2c10
Event: 360.371 Thread 0x000001f339f12be0 flushing osr nmethod 0x000001f345172d90
Event: 360.371 Thread 0x000001f339f12be0 flushing  nmethod 0x000001f345194190
Event: 360.371 Thread 0x000001f339f12be0 flushing  nmethod 0x000001f345485990
Event: 360.371 Thread 0x000001f339f12be0 flushing  nmethod 0x000001f345487b10
Event: 360.371 Thread 0x000001f339f12be0 flushing  nmethod 0x000001f345488290
Event: 360.371 Thread 0x000001f339f12be0 flushing  nmethod 0x000001f345488e90
Event: 360.371 Thread 0x000001f339f12be0 flushing  nmethod 0x000001f345489710
Event: 360.371 Thread 0x000001f339f12be0 flushing  nmethod 0x000001f3454b4210
Event: 360.371 Thread 0x000001f339f12be0 flushing  nmethod 0x000001f3454b9490
Event: 360.371 Thread 0x000001f339f12be0 flushing  nmethod 0x000001f3454bb610
Event: 360.371 Thread 0x000001f339f12be0 flushing  nmethod 0x000001f3454de710
Event: 360.371 Thread 0x000001f339f12be0 flushing  nmethod 0x000001f3454e5d10
Event: 360.371 Thread 0x000001f339f12be0 flushing  nmethod 0x000001f3456b4990

Events (20 events):
Event: 95.302 Thread 0x000001f368998c50 Thread added: 0x000001f3165eec60
Event: 119.893 Thread 0x000001f368998c50 Thread added: 0x000001f375723b70
Event: 119.897 Thread 0x000001f368998c50 Thread added: 0x000001f375724f20
Event: 119.908 Thread 0x000001f368998c50 Thread added: 0x000001f375721410
Event: 120.016 Thread 0x000001f375721410 Thread added: 0x000001f375722130
Event: 131.143 Thread 0x000001f375721410 Thread added: 0x000001f300cad8a0
Event: 139.775 Thread 0x000001f375721410 Thread added: 0x000001f300cad210
Event: 140.686 Thread 0x000001f375721410 Thread added: 0x000001f300caf2e0
Event: 146.327 Thread 0x000001f375721410 Thread added: 0x000001f300caec50
Event: 150.234 Thread 0x000001f375721410 Thread added: 0x000001f300cabe60
Event: 156.772 Thread 0x000001f300caf2e0 Thread added: 0x000001f300cb2760
Event: 156.797 Thread 0x000001f300caf2e0 Thread added: 0x000001f300cae5c0
Event: 156.818 Thread 0x000001f300caf2e0 Thread added: 0x000001f300caf970
Event: 157.159 Thread 0x000001f300caf2e0 Thread added: 0x000001f300cab7d0
Event: 157.159 Thread 0x000001f300caf2e0 Thread added: 0x000001f300cb13b0
Event: 157.442 Thread 0x000001f300cab7d0 Thread added: 0x000001f300cb0000
Event: 218.999 Thread 0x000001f375721410 Thread added: 0x000001f300cb2df0
Event: 221.026 Thread 0x000001f300cb2df0 Thread exited: 0x000001f300cb2df0
Event: 233.642 Thread 0x000001f300cae5c0 Thread exited: 0x000001f300cae5c0
Event: 297.197 Thread 0x000001f300cb0000 Thread exited: 0x000001f300cb0000


Dynamic libraries:
0x00007ff722f20000 - 0x00007ff722f2e000 	C:\Users\DELL\.gradle\jdks\eclipse_adoptium-21-amd64-windows.2\bin\java.exe
0x00007fff54df0000 - 0x00007fff54fe8000 	C:\Windows\SYSTEM32\ntdll.dll
0x00007fff54c00000 - 0x00007fff54cc2000 	C:\Windows\System32\KERNEL32.DLL
0x00007fff52480000 - 0x00007fff52776000 	C:\Windows\System32\KERNELBASE.dll
0x00007fff52d10000 - 0x00007fff52e10000 	C:\Windows\System32\ucrtbase.dll
0x00007ffef5440000 - 0x00007ffef5458000 	C:\Users\DELL\.gradle\jdks\eclipse_adoptium-21-amd64-windows.2\bin\jli.dll
0x00007fff54490000 - 0x00007fff54631000 	C:\Windows\System32\USER32.dll
0x00007ffeefb40000 - 0x00007ffeefb5e000 	C:\Users\DELL\.gradle\jdks\eclipse_adoptium-21-amd64-windows.2\bin\VCRUNTIME140.dll
0x00007fff52bb0000 - 0x00007fff52bd2000 	C:\Windows\System32\win32u.dll
0x00007fff54d80000 - 0x00007fff54dab000 	C:\Windows\System32\GDI32.dll
0x00007fff3fb90000 - 0x00007fff3fe2b000 	C:\Windows\WinSxS\amd64_microsoft.windows.common-controls_6595b64144ccf1df_6.0.19041.6456_none_60b8a6cb71f64256\COMCTL32.dll
0x00007fff528a0000 - 0x00007fff529b9000 	C:\Windows\System32\gdi32full.dll
0x00007fff53bb0000 - 0x00007fff53c4e000 	C:\Windows\System32\msvcrt.dll
0x00007fff52780000 - 0x00007fff5281d000 	C:\Windows\System32\msvcp_win.dll
0x00007fff53350000 - 0x00007fff5337f000 	C:\Windows\System32\IMM32.DLL
0x00007fff19370000 - 0x00007fff1937c000 	C:\Users\DELL\.gradle\jdks\eclipse_adoptium-21-amd64-windows.2\bin\vcruntime140_1.dll
0x00007ffee7880000 - 0x00007ffee790d000 	C:\Users\DELL\.gradle\jdks\eclipse_adoptium-21-amd64-windows.2\bin\msvcp140.dll
0x00007ffed90d0000 - 0x00007ffed9e60000 	C:\Users\DELL\.gradle\jdks\eclipse_adoptium-21-amd64-windows.2\bin\server\jvm.dll
0x00007fff52f30000 - 0x00007fff52fe1000 	C:\Windows\System32\ADVAPI32.dll
0x00007fff52e10000 - 0x00007fff52eaf000 	C:\Windows\System32\sechost.dll
0x00007fff53a90000 - 0x00007fff53bb0000 	C:\Windows\System32\RPCRT4.dll
0x00007fff52ce0000 - 0x00007fff52d07000 	C:\Windows\System32\bcrypt.dll
0x00007fff53c50000 - 0x00007fff53cbb000 	C:\Windows\System32\WS2_32.dll
0x00007fff522e0000 - 0x00007fff5232b000 	C:\Windows\SYSTEM32\POWRPROF.dll
0x00007fff3c700000 - 0x00007fff3c727000 	C:\Windows\SYSTEM32\WINMM.dll
0x00007fff4f5f0000 - 0x00007fff4f5fa000 	C:\Windows\SYSTEM32\VERSION.dll
0x00007fff522c0000 - 0x00007fff522d2000 	C:\Windows\SYSTEM32\UMPDC.dll
0x00007fff50c50000 - 0x00007fff50c62000 	C:\Windows\SYSTEM32\kernel.appcore.dll
0x00007fff19220000 - 0x00007fff1922a000 	C:\Users\DELL\.gradle\jdks\eclipse_adoptium-21-amd64-windows.2\bin\jimage.dll
0x00007fff50020000 - 0x00007fff50221000 	C:\Windows\SYSTEM32\DBGHELP.DLL
0x00007fff25060000 - 0x00007fff25094000 	C:\Windows\SYSTEM32\dbgcore.DLL
0x00007fff52b20000 - 0x00007fff52ba2000 	C:\Windows\System32\bcryptPrimitives.dll
0x00007fff29c30000 - 0x00007fff29c3f000 	C:\Users\DELL\.gradle\jdks\eclipse_adoptium-21-amd64-windows.2\bin\instrument.dll
0x00007ffeefb20000 - 0x00007ffeefb3f000 	C:\Users\DELL\.gradle\jdks\eclipse_adoptium-21-amd64-windows.2\bin\java.dll
0x00007fff53cc0000 - 0x00007fff54430000 	C:\Windows\System32\SHELL32.dll
0x00007fff50490000 - 0x00007fff50c35000 	C:\Windows\SYSTEM32\windows.storage.dll
0x00007fff52ff0000 - 0x00007fff53344000 	C:\Windows\System32\combase.dll
0x00007fff51dd0000 - 0x00007fff51dfb000 	C:\Windows\SYSTEM32\Wldp.dll
0x00007fff53380000 - 0x00007fff5344d000 	C:\Windows\System32\OLEAUT32.dll
0x00007fff54cd0000 - 0x00007fff54d7d000 	C:\Windows\System32\SHCORE.dll
0x00007fff52ed0000 - 0x00007fff52f2b000 	C:\Windows\System32\shlwapi.dll
0x00007fff523b0000 - 0x00007fff523d4000 	C:\Windows\SYSTEM32\profapi.dll
0x00007ffee77a0000 - 0x00007ffee7877000 	C:\Users\DELL\.gradle\jdks\eclipse_adoptium-21-amd64-windows.2\bin\jsvml.dll
0x00007ffeef7a0000 - 0x00007ffeef7b8000 	C:\Users\DELL\.gradle\jdks\eclipse_adoptium-21-amd64-windows.2\bin\zip.dll
0x00007fff18800000 - 0x00007fff18810000 	C:\Users\DELL\.gradle\jdks\eclipse_adoptium-21-amd64-windows.2\bin\net.dll
0x00007fff48420000 - 0x00007fff4852a000 	C:\Windows\SYSTEM32\WINHTTP.dll
0x00007fff51ae0000 - 0x00007fff51b4a000 	C:\Windows\system32\mswsock.dll
0x00007ffeef780000 - 0x00007ffeef796000 	C:\Users\DELL\.gradle\jdks\eclipse_adoptium-21-amd64-windows.2\bin\nio.dll
0x00007fff177f0000 - 0x00007fff17800000 	C:\Users\DELL\.gradle\jdks\eclipse_adoptium-21-amd64-windows.2\bin\verify.dll
0x00007fff175b0000 - 0x00007fff175d7000 	C:\Users\DELL\.gradle\native\660c5614fbf4a5f2a75b1949f50a0caf5cd603558e7d8a26e50b933a0cfb79d1\windows-amd64\native-platform.dll
0x00007fff297f0000 - 0x00007fff29867000 	C:\Users\DELL\.gradle\native\0.2.8\x86_64-windows-gnu\gradle-fileevents.dll
0x00007fff17750000 - 0x00007fff1775a000 	C:\Users\DELL\.gradle\jdks\eclipse_adoptium-21-amd64-windows.2\bin\management.dll
0x00007fff15cd0000 - 0x00007fff15cdb000 	C:\Users\DELL\.gradle\jdks\eclipse_adoptium-21-amd64-windows.2\bin\management_ext.dll
0x00007fff539a0000 - 0x00007fff539a8000 	C:\Windows\System32\PSAPI.DLL
0x00007fff517d0000 - 0x00007fff5180b000 	C:\Windows\SYSTEM32\IPHLPAPI.DLL
0x00007fff54a10000 - 0x00007fff54a18000 	C:\Windows\System32\NSI.dll
0x00007fff13720000 - 0x00007fff13729000 	C:\Users\DELL\.gradle\jdks\eclipse_adoptium-21-amd64-windows.2\bin\extnet.dll
0x00007fff51c90000 - 0x00007fff51ca8000 	C:\Windows\SYSTEM32\CRYPTSP.dll
0x00007fff51410000 - 0x00007fff51448000 	C:\Windows\system32\rsaenh.dll
0x00007fff52330000 - 0x00007fff5235e000 	C:\Windows\SYSTEM32\USERENV.dll
0x00007fff51cb0000 - 0x00007fff51cbc000 	C:\Windows\SYSTEM32\CRYPTBASE.dll
0x00007fff45330000 - 0x00007fff4533e000 	C:\Users\DELL\.gradle\jdks\eclipse_adoptium-21-amd64-windows.2\bin\sunmscapi.dll
0x00007fff529c0000 - 0x00007fff52b1d000 	C:\Windows\System32\CRYPT32.dll
0x00007fff51e40000 - 0x00007fff51e67000 	C:\Windows\SYSTEM32\ncrypt.dll
0x00007fff51e00000 - 0x00007fff51e3b000 	C:\Windows\SYSTEM32\NTASN1.dll
0x00007fff3f450000 - 0x00007fff3f457000 	C:\Windows\system32\wshunix.dll
0x00007fff51660000 - 0x00007fff51693000 	C:\Windows\SYSTEM32\ntmarta.dll
0x00007fff298a0000 - 0x00007fff298a7000 	C:\Users\DELL\.gradle\jdks\eclipse_adoptium-21-amd64-windows.2\bin\rmi.dll

dbghelp: loaded successfully - version: 4.0.5 - missing functions: none
symbol engine: initialized successfully - sym options: 0x614 - pdb path: .;C:\Users\DELL\.gradle\jdks\eclipse_adoptium-21-amd64-windows.2\bin;C:\Windows\SYSTEM32;C:\Windows\WinSxS\amd64_microsoft.windows.common-controls_6595b64144ccf1df_6.0.19041.6456_none_60b8a6cb71f64256;C:\Users\DELL\.gradle\jdks\eclipse_adoptium-21-amd64-windows.2\bin\server;C:\Users\DELL\.gradle\native\660c5614fbf4a5f2a75b1949f50a0caf5cd603558e7d8a26e50b933a0cfb79d1\windows-amd64;C:\Users\DELL\.gradle\native\0.2.8\x86_64-windows-gnu

VM Arguments:
jvm_args: --add-opens=java.base/java.lang=ALL-UNNAMED --add-opens=java.base/java.lang.invoke=ALL-UNNAMED --add-opens=java.base/java.util=ALL-UNNAMED --add-opens=java.prefs/java.util.prefs=ALL-UNNAMED --add-exports=jdk.compiler/com.sun.tools.javac.api=ALL-UNNAMED --add-exports=jdk.compiler/com.sun.tools.javac.util=ALL-UNNAMED --add-opens=java.base/java.util=ALL-UNNAMED --add-opens=java.prefs/java.util.prefs=ALL-UNNAMED --add-opens=java.base/java.nio.charset=ALL-UNNAMED --add-opens=java.base/java.net=ALL-UNNAMED --add-opens=java.base/java.util.concurrent=ALL-UNNAMED --add-opens=java.base/java.util.concurrent.atomic=ALL-UNNAMED --add-opens=java.xml/javax.xml.namespace=ALL-UNNAMED --add-opens=java.base/java.time=ALL-UNNAMED -XX:MaxMetaspaceSize=256m -Xmx1024m -Dfile.encoding=UTF-8 -Duser.country=IN -Duser.language=en -Duser.variant -javaagent:C:\Users\DELL\.gradle\wrapper\dists\gradle-9.3.1-bin\23ovyewtku6u96viwx3xl3oks\gradle-9.3.1\lib\agents\gradle-instrumentation-agent-9.3.1.jar 
java_command: org.gradle.launcher.daemon.bootstrap.GradleDaemon 9.3.1
java_class_path (initial): C:\Users\DELL\.gradle\wrapper\dists\gradle-9.3.1-bin\23ovyewtku6u96viwx3xl3oks\gradle-9.3.1\lib\gradle-daemon-main-9.3.1.jar
Launcher Type: SUN_STANDARD

[Global flags]
     intx CICompilerCount                          = 3                                         {product} {ergonomic}
   size_t CompressedClassSpaceSize                 = 218103808                                 {product} {ergonomic}
     uint ConcGCThreads                            = 1                                         {product} {ergonomic}
     uint G1ConcRefinementThreads                  = 4                                         {product} {ergonomic}
   size_t G1HeapRegionSize                         = 1048576                                   {product} {ergonomic}
    uintx GCDrainStackTargetSize                   = 64                                        {product} {ergonomic}
   size_t InitialHeapSize                          = 65011712                                  {product} {ergonomic}
   size_t MarkStackSize                            = 4194304                                   {product} {ergonomic}
   size_t MaxHeapSize                              = 1073741824                                {product} {command line}
   size_t MaxMetaspaceSize                         = 268435456                                 {product} {command line}
   size_t MaxNewSize                               = 643825664                                 {product} {ergonomic}
   size_t MinHeapDeltaBytes                        = 1048576                                   {product} {ergonomic}
   size_t MinHeapSize                              = 8388608                                   {product} {ergonomic}
    uintx NonNMethodCodeHeapSize                   = 5832780                                {pd product} {ergonomic}
    uintx NonProfiledCodeHeapSize                  = 122912730                              {pd product} {ergonomic}
    uintx ProfiledCodeHeapSize                     = 122912730                              {pd product} {ergonomic}
    uintx ReservedCodeCacheSize                    = 251658240                              {pd product} {ergonomic}
     bool SegmentedCodeCache                       = true                                      {product} {ergonomic}
   size_t SoftMaxHeapSize                          = 1073741824                             {manageable} {ergonomic}
     bool UseCompressedOops                        = true                           {product lp64_product} {ergonomic}
     bool UseG1GC                                  = true                                      {product} {ergonomic}
     bool UseLargePagesIndividualAllocation        = false                                  {pd product} {ergonomic}

Logging:
Log output configuration:
 #0: stdout all=warning uptime,level,tags foldmultilines=false
 #1: stderr all=off uptime,level,tags foldmultilines=false

Environment Variables:
PATH=C:\Program Files\OpenLogic\jdk-22.0.2.9-hotspot\bin;C:\Windows\system32;C:\Windows;C:\Windows\System32\Wbem;C:\Windows\System32\WindowsPowerShell\v1.0\;C:\Windows\System32\OpenSSH\;C:\Program Files\dotnet\;C:\MinGW\bin;C:\Program Files\Git\cmd;C:\Users\DELL\AppData\Roaming\nvm;C:\Program Files\nodejs;C:\ProgramData\chocolatey\bin;C:\Program Files\nodejs\;C:\Users\DELL\AppData\Local\Programs\Python\Python313\Scripts;C:\Users\DELL\AppData\Local\Programs\Python\Python313\;C:\platform-tools;C:\MinGW\bin;C:\MinGW\bin;C:\Program Files\MySQL\MySQL Server 8.0\bin;C:\Users\DELL\AppData\Local\Programs\Python\Python310\Scripts\;C:\Users\DELL\AppData\Local\Programs\Python\Python310\;C:\Users\DELL\AppData\Local\Programs\Python\Python313\Scripts\;C:\Users\DELL\AppData\Local\Programs\Python\Python313\;C:\Users\DELL\AppData\Local\Programs\Python\Launcher\;C:\Users\DELL\AppData\Local\Microsoft\WindowsApps;C:\Users\DELL\AppData\Local\Programs\Microsoft VS Code\bin;C:\Users\DELL\AppData\Roaming\nvm;C:\Program Files\nodejs;C:\Users\DELL\AppData\Roaming\npm;C:\Program Files\heroku\bin;C:\Users\DELL\.dotnet\tools;C:\Users\DELL\Downloads\x64;C:\Users\DELL\AppData\Local\Programs\Python\Python310\;C:\Users\DELL\AppData\Local\Programs\Antigravity\bin
USERNAME=DELL
OS=Windows_NT
PROCESSOR_IDENTIFIER=Intel64 Family 6 Model 126 Stepping 5, GenuineIntel
TMP=C:\Users\DELL\AppData\Local\Temp
TEMP=C:\Users\DELL\AppData\Local\Temp




Periodic native trim disabled

---------------  S Y S T E M  ---------------

OS:
 Windows 10 , 64 bit Build 19041 (10.0.19041.5915)
OS uptime: 0 days 9:37 hours
Hyper-V role detected

CPU: total 4 (initial active 4) (2 cores per cpu, 2 threads per core) family 6 model 126 stepping 5 microcode 0xca, cx8, cmov, fxsr, ht, mmx, 3dnowpref, sse, sse2, sse3, ssse3, sse4.1, sse4.2, popcnt, lzcnt, tsc, tscinvbit, avx, avx2, aes, erms, clmul, bmi1, bmi2, adx, avx512f, avx512dq, avx512cd, avx512bw, avx512vl, sha, fma, vzeroupper, avx512_vpopcntdq, avx512_vpclmulqdq, avx512_vaes, avx512_vnni, clflush, clflushopt, avx512_vbmi2, avx512_vbmi, hv, rdtscp, rdpid, fsrm, gfni, avx512_bitalg, f16c, avx512_ifma
Processor Information for the first 4 processors :
  Max Mhz: 1190, Current Mhz: 1190, Mhz Limit: 1190

Memory: 4k page, system-wide physical 3862M (169M free)
TotalPageFile size 12054M (AvailPageFile size 2M)
current process WorkingSet (physical memory assigned to process): 425M, peak: 504M
current process commit charge ("private bytes"): 857M, peak: 862M

vm_info: OpenJDK 64-Bit Server VM (21.0.7+6-LTS) for windows-amd64 JRE (21.0.7+6-LTS), built on 2025-04-15T00:00:00Z by "admin" with MS VC++ 17.7 (VS2022)

END.
