#
# There is insufficient memory for the Java Runtime Environment to continue.
# Native memory allocation (mmap) failed to map 23068672 bytes. Error detail: G1 virtual space
# Possible reasons:
#   The system is out of physical RAM or swap space
#   This process is running with CompressedOops enabled, and the Java Heap may be blocking the growth of the native heap
# Possible solutions:
#   Reduce memory load on the system
#   Increase physical memory or swap space
#   Check if swap backing store is full
#   Decrease Java heap size (-Xmx/-Xms)
#   Decrease number of Java threads
#   Decrease Java thread stack sizes (-Xss)
#   Set larger code cache with -XX:ReservedCodeCacheSize=
#   JVM is running with Unscaled Compressed Oops mode in which the Java heap is
#     placed in the first 4GB address space. The Java Heap base address is the
#     maximum limit for the native heap growth. Please use -XX:HeapBaseMinAddress
#     to set the Java Heap base and to place the Java Heap above 4GB virtual address.
# This output file may be truncated or incomplete.
#
#  Out of Memory Error (os_windows.cpp:3925), pid=4360, tid=16112
#
# JRE version: OpenJDK Runtime Environment (21.0.9) (build 21.0.9+-14787801-b1163.94)
# Java VM: OpenJDK 64-Bit Server VM (21.0.9+-14787801-b1163.94, mixed mode, tiered, compressed oops, compressed class ptrs, g1 gc, windows-amd64)
# No core dump will be written. Minidumps are not enabled by default on client versions of Windows
#

---------------  S U M M A R Y ------------

Command Line: org.jetbrains.kotlin.cli.jvm.K2JVMCompiler @C:\Users\DELL\Desktop\kavachsecurecom\android-app\app\build\20260320_2348682026682821445.compiler.options

Host: Intel(R) Core(TM) i3-1005G1 CPU @ 1.20GHz, 4 cores, 3G,  Windows 10 , 64 bit Build 19041 (10.0.19041.5915)
Time: Fri Mar 20 02:53:33 2026 India Standard Time elapsed time: 45.871560 seconds (0d 0h 0m 45s)

---------------  T H R E A D  ---------------

Current thread (0x000001c918059e50):  VMThread "VM Thread"          [id=16112, stack(0x0000007c16200000,0x0000007c16300000) (1024K)]

Stack: [0x0000007c16200000,0x0000007c16300000]
Native frames: (J=compiled Java code, j=interpreted, Vv=VM code, C=native code)
V  [jvm.dll+0x6d6c99]
V  [jvm.dll+0x866b83]
V  [jvm.dll+0x8691ae]
V  [jvm.dll+0x869893]
V  [jvm.dll+0x280776]
V  [jvm.dll+0x6d3555]
V  [jvm.dll+0x6c6bea]
V  [jvm.dll+0x3587fb]
V  [jvm.dll+0x360476]
V  [jvm.dll+0x3b2646]
V  [jvm.dll+0x3b2918]
V  [jvm.dll+0x32af0c]
V  [jvm.dll+0x32d916]
V  [jvm.dll+0x3377ed]
V  [jvm.dll+0x36ef55]
V  [jvm.dll+0x86f618]
V  [jvm.dll+0x870994]
V  [jvm.dll+0x870ed0]
V  [jvm.dll+0x871163]
V  [jvm.dll+0x80f118]
V  [jvm.dll+0x6d54ed]
C  [ucrtbase.dll+0x21bb2]
C  [KERNEL32.DLL+0x17374]
C  [ntdll.dll+0x4cc91]

VM_Operation (0x0000007c15dff550): G1PauseRemark, mode: safepoint, requested by thread 0x000001c90279e3f0


---------------  P R O C E S S  ---------------

Threads class SMR info:
_java_thread_list=0x000001c9183a86f0, length=11, elements={
0x000001c900541d00, 0x000001c9180d5590, 0x000001c9180e1e70, 0x000001c9180e2dc0,
0x000001c91823dfe0, 0x000001c91823fa50, 0x000001c9182404b0, 0x000001c9180f44a0,
0x000001c9180fd690, 0x000001c918241ab0, 0x000001c9183c9ce0
}

Java Threads: ( => current thread )
  0x000001c900541d00 JavaThread "main"                              [_thread_blocked, id=13964, stack(0x0000007c15b00000,0x0000007c15c00000) (1024K)]
  0x000001c9180d5590 JavaThread "Common-Cleaner"             daemon [_thread_blocked, id=12924, stack(0x0000007c16300000,0x0000007c16400000) (1024K)]
  0x000001c9180e1e70 JavaThread "Reference Handler"          daemon [_thread_blocked, id=12872, stack(0x0000007c16400000,0x0000007c16500000) (1024K)]
  0x000001c9180e2dc0 JavaThread "Finalizer"                  daemon [_thread_blocked, id=17328, stack(0x0000007c16500000,0x0000007c16600000) (1024K)]
  0x000001c91823dfe0 JavaThread "Signal Dispatcher"          daemon [_thread_blocked, id=11948, stack(0x0000007c16600000,0x0000007c16700000) (1024K)]
  0x000001c91823fa50 JavaThread "Attach Listener"            daemon [_thread_blocked, id=16800, stack(0x0000007c16700000,0x0000007c16800000) (1024K)]
  0x000001c9182404b0 JavaThread "Service Thread"             daemon [_thread_blocked, id=1940, stack(0x0000007c16800000,0x0000007c16900000) (1024K)]
  0x000001c9180f44a0 JavaThread "Monitor Deflation Thread"   daemon [_thread_blocked, id=17424, stack(0x0000007c16900000,0x0000007c16a00000) (1024K)]
  0x000001c9180fd690 JavaThread "C2 CompilerThread0"         daemon [_thread_blocked, id=17864, stack(0x0000007c16a00000,0x0000007c16b00000) (1024K)]
  0x000001c918241ab0 JavaThread "C1 CompilerThread0"         daemon [_thread_blocked, id=17380, stack(0x0000007c16b00000,0x0000007c16c00000) (1024K)]
  0x000001c9183c9ce0 JavaThread "Notification Thread"        daemon [_thread_blocked, id=17944, stack(0x0000007c16c00000,0x0000007c16d00000) (1024K)]
Total: 11

Other Threads:
=>0x000001c918059e50 VMThread "VM Thread"                           [id=16112, stack(0x0000007c16200000,0x0000007c16300000) (1024K)]
  0x000001c91801d680 WatcherThread "VM Periodic Task Thread"        [id=10648, stack(0x0000007c16100000,0x0000007c16200000) (1024K)]
  0x000001c902794a30 WorkerThread "GC Thread#0"                     [id=1732, stack(0x0000007c15c00000,0x0000007c15d00000) (1024K)]
  0x000001c91892dcf0 WorkerThread "GC Thread#1"                     [id=15412, stack(0x0000007c16d00000,0x0000007c16e00000) (1024K)]
  0x000001c918940c90 WorkerThread "GC Thread#2"                     [id=1168, stack(0x0000007c16e00000,0x0000007c16f00000) (1024K)]
  0x000001c918941030 WorkerThread "GC Thread#3"                     [id=17844, stack(0x0000007c16f00000,0x0000007c17000000) (1024K)]
  0x000001c90279e3f0 ConcurrentGCThread "G1 Main Marker"            [id=6092, stack(0x0000007c15d00000,0x0000007c15e00000) (1024K)]
  0x000001c90279f060 WorkerThread "G1 Conc#0"                       [id=9820, stack(0x0000007c15e00000,0x0000007c15f00000) (1024K)]
  0x000001c9027f6e30 ConcurrentGCThread "G1 Refine#0"               [id=9068, stack(0x0000007c15f00000,0x0000007c16000000) (1024K)]
  0x000001c9027f79a0 ConcurrentGCThread "G1 Service"                [id=2912, stack(0x0000007c16000000,0x0000007c16100000) (1024K)]
Total: 10

Threads with active compile tasks:
Total: 0

VM state: at safepoint (normal execution)

VM Mutex/Monitor currently owned by a thread:  ([mutex/lock_event])
[0x00007fff34ac8690] Threads_lock - owner thread: 0x000001c918059e50
[0x00007fff34ac8790] Heap_lock - owner thread: 0x000001c90279e3f0

Heap address: 0x00000000c3a00000, size: 966 MB, Compressed Oops mode: 32-bit

CDS archive(s) not mapped
Compressed class space mapped at: 0x0000000100000000-0x0000000140000000, reserved size: 1073741824
Narrow klass base: 0x0000000000000000, Narrow klass shift: 3, Narrow klass range: 0x140000000

GC Precious Log:
 CardTable entry size: 512
 Card Set container configuration: InlinePtr #cards 5 size 8 Array Of Cards #cards 12 size 40 Howl #buckets 4 coarsen threshold 1843 Howl Bitmap #cards 512 size 80 coarsen threshold 460 Card regions per heap region 1 cards per card region 2048
 CPUs: 4 total, 4 available
 Memory: 3862M
 Large Page Support: Disabled
 NUMA Support: Disabled
 Compressed Oops: Enabled (32-bit)
 Heap Region Size: 1M
 Heap Min Capacity: 8M
 Heap Initial Capacity: 62M
 Heap Max Capacity: 966M
 Pre-touch: Disabled
 Parallel Workers: 4
 Concurrent Workers: 1
 Concurrent Refinement Workers: 4
 Periodic GC: Disabled

Heap:
 garbage-first heap   total 110592K, used 81408K [0x00000000c3a00000, 0x0000000100000000)
  region size 1024K, 7 young (7168K), 4 survivors (4096K)
 Metaspace       used 63697K, committed 64000K, reserved 1114112K
  class space    used 7230K, committed 7360K, reserved 1048576K

Heap Regions: E=young(eden), S=young(survivor), O=old, HS=humongous(starts), HC=humongous(continues), CS=collection set, F=free, TAMS=top-at-mark-start, PB=parsable bottom
|   0|0x00000000c3a00000, 0x00000000c3b00000, 0x00000000c3b00000|100%|HS|  |TAMS 0x00000000c3b00000| PB 0x00000000c3a00000| Complete 
|   1|0x00000000c3b00000, 0x00000000c3c00000, 0x00000000c3c00000|100%|HC|  |TAMS 0x00000000c3c00000| PB 0x00000000c3b00000| Complete 
|   2|0x00000000c3c00000, 0x00000000c3d00000, 0x00000000c3d00000|100%|HC|  |TAMS 0x00000000c3d00000| PB 0x00000000c3c00000| Complete 
|   3|0x00000000c3d00000, 0x00000000c3e00000, 0x00000000c3e00000|100%| O|  |TAMS 0x00000000c3e00000| PB 0x00000000c3e00000| Untracked 
|   4|0x00000000c3e00000, 0x00000000c3f00000, 0x00000000c3f00000|100%| O|  |TAMS 0x00000000c3f00000| PB 0x00000000c3f00000| Untracked 
|   5|0x00000000c3f00000, 0x00000000c4000000, 0x00000000c4000000|100%| O|  |TAMS 0x00000000c4000000| PB 0x00000000c4000000| Untracked 
|   6|0x00000000c4000000, 0x00000000c4100000, 0x00000000c4100000|100%| O|  |TAMS 0x00000000c4100000| PB 0x00000000c4100000| Untracked 
|   7|0x00000000c4100000, 0x00000000c4200000, 0x00000000c4200000|100%| O|  |TAMS 0x00000000c4200000| PB 0x00000000c4200000| Untracked 
|   8|0x00000000c4200000, 0x00000000c4300000, 0x00000000c4300000|100%| O|  |TAMS 0x00000000c4300000| PB 0x00000000c4300000| Untracked 
|   9|0x00000000c4300000, 0x00000000c4400000, 0x00000000c4400000|100%| O|  |TAMS 0x00000000c4400000| PB 0x00000000c4400000| Untracked 
|  10|0x00000000c4400000, 0x00000000c4500000, 0x00000000c4500000|100%| O|  |TAMS 0x00000000c4500000| PB 0x00000000c4500000| Untracked 
|  11|0x00000000c4500000, 0x00000000c4600000, 0x00000000c4600000|100%| O|  |TAMS 0x00000000c4600000| PB 0x00000000c4600000| Untracked 
|  12|0x00000000c4600000, 0x00000000c4700000, 0x00000000c4700000|100%| O|  |TAMS 0x00000000c4700000| PB 0x00000000c4700000| Untracked 
|  13|0x00000000c4700000, 0x00000000c4800000, 0x00000000c4800000|100%| O|  |TAMS 0x00000000c4800000| PB 0x00000000c4800000| Updating 
|  14|0x00000000c4800000, 0x00000000c4900000, 0x00000000c4900000|100%| O|  |TAMS 0x00000000c4900000| PB 0x00000000c4900000| Untracked 
|  15|0x00000000c4900000, 0x00000000c4a00000, 0x00000000c4a00000|100%| O|  |TAMS 0x00000000c4a00000| PB 0x00000000c4a00000| Updating 
|  16|0x00000000c4a00000, 0x00000000c4b00000, 0x00000000c4b00000|100%| O|  |TAMS 0x00000000c4b00000| PB 0x00000000c4b00000| Updating 
|  17|0x00000000c4b00000, 0x00000000c4c00000, 0x00000000c4c00000|100%| O|  |TAMS 0x00000000c4c00000| PB 0x00000000c4c00000| Untracked 
|  18|0x00000000c4c00000, 0x00000000c4d00000, 0x00000000c4d00000|100%| O|  |TAMS 0x00000000c4d00000| PB 0x00000000c4d00000| Untracked 
|  19|0x00000000c4d00000, 0x00000000c4e00000, 0x00000000c4e00000|100%| O|  |TAMS 0x00000000c4e00000| PB 0x00000000c4e00000| Updating 
|  20|0x00000000c4e00000, 0x00000000c4f00000, 0x00000000c4f00000|100%| O|  |TAMS 0x00000000c4f00000| PB 0x00000000c4f00000| Untracked 
|  21|0x00000000c4f00000, 0x00000000c5000000, 0x00000000c5000000|100%| O|  |TAMS 0x00000000c5000000| PB 0x00000000c5000000| Untracked 
|  22|0x00000000c5000000, 0x00000000c5100000, 0x00000000c5100000|100%| O|  |TAMS 0x00000000c5100000| PB 0x00000000c5100000| Untracked 
|  23|0x00000000c5100000, 0x00000000c5200000, 0x00000000c5200000|100%| O|  |TAMS 0x00000000c5200000| PB 0x00000000c5200000| Untracked 
|  24|0x00000000c5200000, 0x00000000c5300000, 0x00000000c5300000|100%| O|  |TAMS 0x00000000c5300000| PB 0x00000000c5300000| Untracked 
|  25|0x00000000c5300000, 0x00000000c5400000, 0x00000000c5400000|100%| O|  |TAMS 0x00000000c5400000| PB 0x00000000c5400000| Untracked 
|  26|0x00000000c5400000, 0x00000000c5500000, 0x00000000c5500000|100%| O|  |TAMS 0x00000000c5500000| PB 0x00000000c5500000| Untracked 
|  27|0x00000000c5500000, 0x00000000c5600000, 0x00000000c5600000|100%| O|  |TAMS 0x00000000c5600000| PB 0x00000000c5600000| Untracked 
|  28|0x00000000c5600000, 0x00000000c5700000, 0x00000000c5700000|100%| O|  |TAMS 0x00000000c5700000| PB 0x00000000c5700000| Untracked 
|  29|0x00000000c5700000, 0x00000000c5800000, 0x00000000c5800000|100%| O|  |TAMS 0x00000000c5800000| PB 0x00000000c5800000| Untracked 
|  30|0x00000000c5800000, 0x00000000c5900000, 0x00000000c5900000|100%| O|  |TAMS 0x00000000c5900000| PB 0x00000000c5900000| Untracked 
|  31|0x00000000c5900000, 0x00000000c5a00000, 0x00000000c5a00000|100%| O|  |TAMS 0x00000000c5a00000| PB 0x00000000c5a00000| Untracked 
|  32|0x00000000c5a00000, 0x00000000c5b00000, 0x00000000c5b00000|100%| O|  |TAMS 0x00000000c5b00000| PB 0x00000000c5b00000| Untracked 
|  33|0x00000000c5b00000, 0x00000000c5c00000, 0x00000000c5c00000|100%| O|  |TAMS 0x00000000c5c00000| PB 0x00000000c5c00000| Updating 
|  34|0x00000000c5c00000, 0x00000000c5d00000, 0x00000000c5d00000|100%| O|  |TAMS 0x00000000c5d00000| PB 0x00000000c5d00000| Untracked 
|  35|0x00000000c5d00000, 0x00000000c5e00000, 0x00000000c5e00000|100%| O|  |TAMS 0x00000000c5e00000| PB 0x00000000c5e00000| Untracked 
|  36|0x00000000c5e00000, 0x00000000c5f00000, 0x00000000c5f00000|100%| O|  |TAMS 0x00000000c5e00000| PB 0x00000000c5e00000| Untracked 
|  37|0x00000000c5f00000, 0x00000000c6000000, 0x00000000c6000000|100%|HS|  |TAMS 0x00000000c6000000| PB 0x00000000c5f00000| Complete 
|  38|0x00000000c6000000, 0x00000000c6100000, 0x00000000c6100000|100%| O|  |TAMS 0x00000000c6100000| PB 0x00000000c6100000| Untracked 
|  39|0x00000000c6100000, 0x00000000c6200000, 0x00000000c6200000|100%| O|  |TAMS 0x00000000c6200000| PB 0x00000000c6200000| Untracked 
|  40|0x00000000c6200000, 0x00000000c6300000, 0x00000000c6300000|100%| O|  |TAMS 0x00000000c6300000| PB 0x00000000c6300000| Untracked 
|  41|0x00000000c6300000, 0x00000000c6400000, 0x00000000c6400000|100%| O|  |TAMS 0x00000000c6400000| PB 0x00000000c6400000| Untracked 
|  42|0x00000000c6400000, 0x00000000c6500000, 0x00000000c6500000|100%| O|  |TAMS 0x00000000c6500000| PB 0x00000000c6500000| Untracked 
|  43|0x00000000c6500000, 0x00000000c6600000, 0x00000000c6600000|100%| O|  |TAMS 0x00000000c6600000| PB 0x00000000c6600000| Untracked 
|  44|0x00000000c6600000, 0x00000000c6700000, 0x00000000c6700000|100%| O|  |TAMS 0x00000000c6700000| PB 0x00000000c6700000| Untracked 
|  45|0x00000000c6700000, 0x00000000c6800000, 0x00000000c6800000|100%| O|  |TAMS 0x00000000c6800000| PB 0x00000000c6800000| Untracked 
|  46|0x00000000c6800000, 0x00000000c6900000, 0x00000000c6900000|100%| O|  |TAMS 0x00000000c6900000| PB 0x00000000c6900000| Untracked 
|  47|0x00000000c6900000, 0x00000000c6a00000, 0x00000000c6a00000|100%| O|  |TAMS 0x00000000c6900000| PB 0x00000000c6900000| Untracked 
|  48|0x00000000c6a00000, 0x00000000c6b00000, 0x00000000c6b00000|100%| O|  |TAMS 0x00000000c6b00000| PB 0x00000000c6b00000| Updating 
|  49|0x00000000c6b00000, 0x00000000c6c00000, 0x00000000c6c00000|100%| O|  |TAMS 0x00000000c6c00000| PB 0x00000000c6c00000| Updating 
|  50|0x00000000c6c00000, 0x00000000c6d00000, 0x00000000c6d00000|100%| O|  |TAMS 0x00000000c6d00000| PB 0x00000000c6d00000| Untracked 
|  51|0x00000000c6d00000, 0x00000000c6e00000, 0x00000000c6e00000|100%| O|  |TAMS 0x00000000c6e00000| PB 0x00000000c6e00000| Untracked 
|  52|0x00000000c6e00000, 0x00000000c6f00000, 0x00000000c6f00000|100%| O|  |TAMS 0x00000000c6f00000| PB 0x00000000c6f00000| Untracked 
|  53|0x00000000c6f00000, 0x00000000c7000000, 0x00000000c7000000|100%| O|  |TAMS 0x00000000c7000000| PB 0x00000000c7000000| Untracked 
|  54|0x00000000c7000000, 0x00000000c7100000, 0x00000000c7100000|100%| O|  |TAMS 0x00000000c7100000| PB 0x00000000c7100000| Untracked 
|  55|0x00000000c7100000, 0x00000000c7200000, 0x00000000c7200000|100%| O|  |TAMS 0x00000000c7200000| PB 0x00000000c7200000| Untracked 
|  56|0x00000000c7200000, 0x00000000c7300000, 0x00000000c7300000|100%| O|  |TAMS 0x00000000c7300000| PB 0x00000000c7300000| Updating 
|  57|0x00000000c7300000, 0x00000000c7400000, 0x00000000c7400000|100%| O|  |TAMS 0x00000000c7400000| PB 0x00000000c7400000| Untracked 
|  58|0x00000000c7400000, 0x00000000c7500000, 0x00000000c7500000|100%| O|  |TAMS 0x00000000c7500000| PB 0x00000000c7500000| Updating 
|  59|0x00000000c7500000, 0x00000000c7600000, 0x00000000c7600000|100%| O|  |TAMS 0x00000000c7600000| PB 0x00000000c7600000| Untracked 
|  60|0x00000000c7600000, 0x00000000c7700000, 0x00000000c7700000|100%| O|  |TAMS 0x00000000c7700000| PB 0x00000000c7700000| Untracked 
|  61|0x00000000c7700000, 0x00000000c7800000, 0x00000000c7800000|100%| O|  |TAMS 0x00000000c7800000| PB 0x00000000c7800000| Untracked 
|  62|0x00000000c7800000, 0x00000000c7900000, 0x00000000c7900000|100%| O|  |TAMS 0x00000000c7900000| PB 0x00000000c7900000| Untracked 
|  63|0x00000000c7900000, 0x00000000c7a00000, 0x00000000c7a00000|100%| O|  |TAMS 0x00000000c7a00000| PB 0x00000000c7a00000| Updating 
|  64|0x00000000c7a00000, 0x00000000c7b00000, 0x00000000c7b00000|100%| O|  |TAMS 0x00000000c7b00000| PB 0x00000000c7b00000| Untracked 
|  65|0x00000000c7b00000, 0x00000000c7c00000, 0x00000000c7c00000|100%| O|  |TAMS 0x00000000c7c00000| PB 0x00000000c7c00000| Untracked 
|  66|0x00000000c7c00000, 0x00000000c7d00000, 0x00000000c7d00000|100%| O|  |TAMS 0x00000000c7d00000| PB 0x00000000c7d00000| Untracked 
|  67|0x00000000c7d00000, 0x00000000c7e00000, 0x00000000c7e00000|100%| O|  |TAMS 0x00000000c7e00000| PB 0x00000000c7e00000| Untracked 
|  68|0x00000000c7e00000, 0x00000000c7f00000, 0x00000000c7f00000|100%| O|  |TAMS 0x00000000c7f00000| PB 0x00000000c7f00000| Untracked 
|  69|0x00000000c7f00000, 0x00000000c8000000, 0x00000000c8000000|100%| O|  |TAMS 0x00000000c8000000| PB 0x00000000c8000000| Updating 
|  70|0x00000000c8000000, 0x00000000c8100000, 0x00000000c8100000|100%| O|  |TAMS 0x00000000c8000000| PB 0x00000000c8000000| Untracked 
|  71|0x00000000c8100000, 0x00000000c8180000, 0x00000000c8200000| 50%| O|  |TAMS 0x00000000c8100000| PB 0x00000000c8100000| Updating 
|  72|0x00000000c8200000, 0x00000000c8200000, 0x00000000c8300000|  0%| F|  |TAMS 0x00000000c8200000| PB 0x00000000c8200000| Untracked 
|  73|0x00000000c8300000, 0x00000000c8300000, 0x00000000c8400000|  0%| F|  |TAMS 0x00000000c8300000| PB 0x00000000c8300000| Untracked 
|  74|0x00000000c8400000, 0x00000000c8400000, 0x00000000c8500000|  0%| F|  |TAMS 0x00000000c8400000| PB 0x00000000c8400000| Untracked 
|  75|0x00000000c8500000, 0x00000000c8500000, 0x00000000c8600000|  0%| F|  |TAMS 0x00000000c8500000| PB 0x00000000c8500000| Untracked 
|  76|0x00000000c8600000, 0x00000000c8600000, 0x00000000c8700000|  0%| F|  |TAMS 0x00000000c8600000| PB 0x00000000c8600000| Untracked 
|  77|0x00000000c8700000, 0x00000000c8800000, 0x00000000c8800000|100%| S|CS|TAMS 0x00000000c8700000| PB 0x00000000c8700000| Complete 
|  78|0x00000000c8800000, 0x00000000c8900000, 0x00000000c8900000|100%| S|CS|TAMS 0x00000000c8800000| PB 0x00000000c8800000| Complete 
|  79|0x00000000c8900000, 0x00000000c8a00000, 0x00000000c8a00000|100%| S|CS|TAMS 0x00000000c8900000| PB 0x00000000c8900000| Complete 
|  80|0x00000000c8a00000, 0x00000000c8a00000, 0x00000000c8b00000|  0%| F|  |TAMS 0x00000000c8a00000| PB 0x00000000c8a00000| Untracked 
|  81|0x00000000c8b00000, 0x00000000c8b00000, 0x00000000c8c00000|  0%| F|  |TAMS 0x00000000c8b00000| PB 0x00000000c8b00000| Untracked 
|  82|0x00000000c8c00000, 0x00000000c8c00000, 0x00000000c8d00000|  0%| F|  |TAMS 0x00000000c8c00000| PB 0x00000000c8c00000| Untracked 
|  83|0x00000000c8d00000, 0x00000000c8e00000, 0x00000000c8e00000|100%| S|CS|TAMS 0x00000000c8d00000| PB 0x00000000c8d00000| Complete 
|  84|0x00000000c8e00000, 0x00000000c8e00000, 0x00000000c8f00000|  0%| F|  |TAMS 0x00000000c8e00000| PB 0x00000000c8e00000| Untracked 
|  85|0x00000000c8f00000, 0x00000000c8f00000, 0x00000000c9000000|  0%| F|  |TAMS 0x00000000c8f00000| PB 0x00000000c8f00000| Untracked 
|  86|0x00000000c9000000, 0x00000000c9000000, 0x00000000c9100000|  0%| F|  |TAMS 0x00000000c9000000| PB 0x00000000c9000000| Untracked 
|  87|0x00000000c9100000, 0x00000000c9100000, 0x00000000c9200000|  0%| F|  |TAMS 0x00000000c9100000| PB 0x00000000c9100000| Untracked 
|  88|0x00000000c9200000, 0x00000000c9200000, 0x00000000c9300000|  0%| F|  |TAMS 0x00000000c9200000| PB 0x00000000c9200000| Untracked 
|  89|0x00000000c9300000, 0x00000000c9300000, 0x00000000c9400000|  0%| F|  |TAMS 0x00000000c9300000| PB 0x00000000c9300000| Untracked 
|  90|0x00000000c9400000, 0x00000000c9400000, 0x00000000c9500000|  0%| F|  |TAMS 0x00000000c9400000| PB 0x00000000c9400000| Untracked 
|  91|0x00000000c9500000, 0x00000000c9500000, 0x00000000c9600000|  0%| F|  |TAMS 0x00000000c9500000| PB 0x00000000c9500000| Untracked 
|  92|0x00000000c9600000, 0x00000000c9600000, 0x00000000c9700000|  0%| F|  |TAMS 0x00000000c9600000| PB 0x00000000c9600000| Untracked 
|  93|0x00000000c9700000, 0x00000000c9700000, 0x00000000c9800000|  0%| F|  |TAMS 0x00000000c9700000| PB 0x00000000c9700000| Untracked 
|  94|0x00000000c9800000, 0x00000000c9800000, 0x00000000c9900000|  0%| F|  |TAMS 0x00000000c9800000| PB 0x00000000c9800000| Untracked 
|  95|0x00000000c9900000, 0x00000000c9900000, 0x00000000c9a00000|  0%| F|  |TAMS 0x00000000c9900000| PB 0x00000000c9900000| Untracked 
|  96|0x00000000c9a00000, 0x00000000c9a00000, 0x00000000c9b00000|  0%| F|  |TAMS 0x00000000c9a00000| PB 0x00000000c9a00000| Untracked 
|  97|0x00000000c9b00000, 0x00000000c9b00000, 0x00000000c9c00000|  0%| F|  |TAMS 0x00000000c9b00000| PB 0x00000000c9b00000| Untracked 
|  98|0x00000000c9c00000, 0x00000000c9c00000, 0x00000000c9d00000|  0%| F|  |TAMS 0x00000000c9c00000| PB 0x00000000c9c00000| Untracked 
|  99|0x00000000c9d00000, 0x00000000c9d00000, 0x00000000c9e00000|  0%| F|  |TAMS 0x00000000c9d00000| PB 0x00000000c9d00000| Untracked 
| 100|0x00000000c9e00000, 0x00000000c9e00000, 0x00000000c9f00000|  0%| F|  |TAMS 0x00000000c9e00000| PB 0x00000000c9e00000| Untracked 
| 101|0x00000000c9f00000, 0x00000000c9f00000, 0x00000000ca000000|  0%| F|  |TAMS 0x00000000c9f00000| PB 0x00000000c9f00000| Untracked 
| 102|0x00000000ca000000, 0x00000000ca000000, 0x00000000ca100000|  0%| F|  |TAMS 0x00000000ca000000| PB 0x00000000ca000000| Untracked 
| 103|0x00000000ca100000, 0x00000000ca16adf0, 0x00000000ca200000| 41%| E|  |TAMS 0x00000000ca100000| PB 0x00000000ca100000| Complete 
| 104|0x00000000ca200000, 0x00000000ca300000, 0x00000000ca300000|100%| E|CS|TAMS 0x00000000ca200000| PB 0x00000000ca200000| Complete 
| 963|0x00000000ffd00000, 0x00000000ffe00000, 0x00000000ffe00000|100%| E|CS|TAMS 0x00000000ffd00000| PB 0x00000000ffd00000| Complete 
| 964|0x00000000ffe00000, 0x00000000fff00000, 0x00000000fff00000|100%| O|  |TAMS 0x00000000fff00000| PB 0x00000000fff00000| Untracked 
| 965|0x00000000fff00000, 0x0000000100000000, 0x0000000100000000|100%| O|  |TAMS 0x0000000100000000| PB 0x0000000100000000| Updating 

Card table byte_map: [0x000001c914ac0000,0x000001c914cb0000] _byte_map_base: 0x000001c9144a3000

Marking Bits: (CMBitMap*) 0x000001c902795940
 Bits: [0x000001c914cb0000, 0x000001c915bc8000)

Polling page: 0x000001c901f30000

Metaspace:

Usage:
  Non-class:     55.14 MB used.
      Class:      7.06 MB used.
       Both:     62.20 MB used.

Virtual space:
  Non-class space:       64.00 MB reserved,      55.31 MB ( 86%) committed,  1 nodes.
      Class space:        1.00 GB reserved,       7.19 MB ( <1%) committed,  1 nodes.
             Both:        1.06 GB reserved,      62.50 MB (  6%) committed. 

Chunk freelists:
   Non-Class:  8.25 MB
       Class:  8.82 MB
        Both:  17.07 MB

MaxMetaspaceSize: unlimited
CompressedClassSpaceSize: 1.00 GB
Initial GC threshold: 21.00 MB
Current GC threshold: 95.12 MB
CDS: off
 - commit_granule_bytes: 65536.
 - commit_granule_words: 8192.
 - virtual_space_node_default_size: 8388608.
 - enlarge_chunks_in_place: 1.
 - use_allocation_guard: 0.


Internal statistics:

num_allocs_failed_limit: 6.
num_arena_births: 302.
num_arena_deaths: 0.
num_vsnodes_births: 2.
num_vsnodes_deaths: 0.
num_space_committed: 999.
num_space_uncommitted: 0.
num_chunks_returned_to_freelist: 6.
num_chunks_taken_from_freelist: 2201.
num_chunk_merges: 6.
num_chunk_splits: 1833.
num_chunks_enlarged: 1649.
num_inconsistent_stats: 0.

CodeHeap 'non-profiled nmethods': size=120000Kb used=3832Kb max_used=3877Kb free=116167Kb
 bounds [0x000001c90d3a0000, 0x000001c90d770000, 0x000001c9148d0000]
CodeHeap 'profiled nmethods': size=120000Kb used=22639Kb max_used=23253Kb free=97360Kb
 bounds [0x000001c9058d0000, 0x000001c906f90000, 0x000001c90ce00000]
CodeHeap 'non-nmethods': size=5760Kb used=1702Kb max_used=1739Kb free=4057Kb
 bounds [0x000001c90ce00000, 0x000001c90d070000, 0x000001c90d3a0000]
CodeCache: size=245760Kb, used=28173Kb, max_used=28869Kb, free=217584Kb
 total_blobs=7786, nmethods=7089, adapters=599, full_count=0
Compilation: enabled, stopped_count=0, restarted_count=0

Compilation events (20 events):
Event: 45.554 Thread 0x000001c9180fd690 7862       4       org.jetbrains.kotlin.fir.CopyUtilsKt::computeTypeAttributes$default (30 bytes)
Event: 45.555 Thread 0x000001c9180fd690 nmethod 7862 0x000001c90d764290 code [0x000001c90d764420, 0x000001c90d7644c8]
Event: 45.707 Thread 0x000001c918241ab0 7867       3       org.jetbrains.kotlin.fir.java.scopes.JavaClassUseSiteMemberScope::collectProperties (1018 bytes)
Event: 45.715 Thread 0x000001c918241ab0 nmethod 7867 0x000001c906f6fd90 code [0x000001c906f70a80, 0x000001c906f79ae0]
Event: 45.717 Thread 0x000001c9180fd690 7868       4       kotlin.collections.builders.MapBuilder::findKey (79 bytes)
Event: 45.719 Thread 0x000001c918241ab0 7869       3       org.jetbrains.kotlin.fir.scopes.impl.FirClassUseSiteMemberScope::getPropertiesAndFieldsFromSupertypesByName (342 bytes)
Event: 45.721 Thread 0x000001c918241ab0 nmethod 7869 0x000001c906f7d410 code [0x000001c906f7d900, 0x000001c906f80418]
Event: 45.722 Thread 0x000001c9180fd690 nmethod 7868 0x000001c90d764590 code [0x000001c90d764740, 0x000001c90d764a78]
Event: 45.722 Thread 0x000001c9180fd690 7870       4       kotlin.collections.builders.SetBuilder::contains (9 bytes)
Event: 45.723 Thread 0x000001c918241ab0 7871       3       org.jetbrains.kotlin.fir.scopes.impl.FirClassUseSiteMemberScope::collectProperties (135 bytes)
Event: 45.724 Thread 0x000001c918241ab0 nmethod 7871 0x000001c906f81510 code [0x000001c906f81960, 0x000001c906f837a8]
Event: 45.726 Thread 0x000001c9180fd690 nmethod 7870 0x000001c90d764d90 code [0x000001c90d764f40, 0x000001c90d7652c8]
Event: 45.726 Thread 0x000001c9180fd690 7872       4       org.jetbrains.kotlin.fir.scopes.impl.AbstractFirUseSiteMemberScope::processPropertiesByName (139 bytes)
Event: 45.726 Thread 0x000001c918241ab0 7874       3       org.jetbrains.kotlin.fir.scopes.impl.FirScopeWithCallableCopyReturnTypeUpdater::processPropertiesByName (28 bytes)
Event: 45.727 Thread 0x000001c918241ab0 nmethod 7874 0x000001c906f84210 code [0x000001c906f84520, 0x000001c906f854f0]
Event: 45.803 Thread 0x000001c9180fd690 nmethod 7872 0x000001c90d765610 code [0x000001c90d7659c0, 0x000001c90d767190]
Event: 45.803 Thread 0x000001c9180fd690 7875       4       org.jetbrains.kotlin.fir.java.scopes.JavaClassMembersEnhancementScope::processPropertiesByName (29 bytes)
Event: 45.806 Thread 0x000001c9180fd690 nmethod 7875 0x000001c90d768190 code [0x000001c90d768340, 0x000001c90d7684f0]
Event: 45.806 Thread 0x000001c9180fd690 7873       4       java.util.HashSet::iterator (13 bytes)
Event: 45.816 Thread 0x000001c9180fd690 nmethod 7873 0x000001c90d768710 code [0x000001c90d768900, 0x000001c90d7690c0]

GC Heap History (20 events):
Event: 32.207 GC heap before
{Heap before GC invocations=18 (full 0):
 garbage-first heap   total 67584K, used 45857K [0x00000000c3a00000, 0x0000000100000000)
  region size 1024K, 10 young (10240K), 2 survivors (2048K)
 Metaspace       used 54173K, committed 54464K, reserved 1114112K
  class space    used 6328K, committed 6464K, reserved 1048576K
}
Event: 32.231 GC heap after
{Heap after GC invocations=19 (full 0):
 garbage-first heap   total 67584K, used 41229K [0x00000000c3a00000, 0x0000000100000000)
  region size 1024K, 2 young (2048K), 2 survivors (2048K)
 Metaspace       used 54173K, committed 54464K, reserved 1114112K
  class space    used 6328K, committed 6464K, reserved 1048576K
}
Event: 32.884 GC heap before
{Heap before GC invocations=20 (full 0):
 garbage-first heap   total 71680K, used 57613K [0x00000000c3a00000, 0x0000000100000000)
  region size 1024K, 17 young (17408K), 2 survivors (2048K)
 Metaspace       used 54184K, committed 54464K, reserved 1114112K
  class space    used 6328K, committed 6464K, reserved 1048576K
}
Event: 32.905 GC heap after
{Heap after GC invocations=21 (full 0):
 garbage-first heap   total 71680K, used 48128K [0x00000000c3a00000, 0x0000000100000000)
  region size 1024K, 3 young (3072K), 3 survivors (3072K)
 Metaspace       used 54184K, committed 54464K, reserved 1114112K
  class space    used 6328K, committed 6464K, reserved 1048576K
}
Event: 33.464 GC heap before
{Heap before GC invocations=21 (full 0):
 garbage-first heap   total 71680K, used 61440K [0x00000000c3a00000, 0x0000000100000000)
  region size 1024K, 16 young (16384K), 3 survivors (3072K)
 Metaspace       used 54368K, committed 54592K, reserved 1114112K
  class space    used 6351K, committed 6464K, reserved 1048576K
}
Event: 33.479 GC heap after
{Heap after GC invocations=22 (full 0):
 garbage-first heap   total 71680K, used 52224K [0x00000000c3a00000, 0x0000000100000000)
  region size 1024K, 2 young (2048K), 2 survivors (2048K)
 Metaspace       used 54368K, committed 54592K, reserved 1114112K
  class space    used 6351K, committed 6464K, reserved 1048576K
}
Event: 34.527 GC heap before
{Heap before GC invocations=22 (full 0):
 garbage-first heap   total 71680K, used 62464K [0x00000000c3a00000, 0x0000000100000000)
  region size 1024K, 12 young (12288K), 2 survivors (2048K)
 Metaspace       used 55451K, committed 55744K, reserved 1114112K
  class space    used 6472K, committed 6592K, reserved 1048576K
}
Event: 34.546 GC heap after
{Heap after GC invocations=23 (full 0):
 garbage-first heap   total 71680K, used 54761K [0x00000000c3a00000, 0x0000000100000000)
  region size 1024K, 2 young (2048K), 2 survivors (2048K)
 Metaspace       used 55451K, committed 55744K, reserved 1114112K
  class space    used 6472K, committed 6592K, reserved 1048576K
}
Event: 35.559 GC heap before
{Heap before GC invocations=24 (full 0):
 garbage-first heap   total 92160K, used 63977K [0x00000000c3a00000, 0x0000000100000000)
  region size 1024K, 11 young (11264K), 2 survivors (2048K)
 Metaspace       used 55902K, committed 56192K, reserved 1114112K
  class space    used 6517K, committed 6656K, reserved 1048576K
}
Event: 35.568 GC heap after
{Heap after GC invocations=25 (full 0):
 garbage-first heap   total 92160K, used 56863K [0x00000000c3a00000, 0x0000000100000000)
  region size 1024K, 2 young (2048K), 2 survivors (2048K)
 Metaspace       used 55902K, committed 56192K, reserved 1114112K
  class space    used 6517K, committed 6656K, reserved 1048576K
}
Event: 37.038 GC heap before
{Heap before GC invocations=25 (full 0):
 garbage-first heap   total 92160K, used 78367K [0x00000000c3a00000, 0x0000000100000000)
  region size 1024K, 23 young (23552K), 2 survivors (2048K)
 Metaspace       used 57091K, committed 57408K, reserved 1114112K
  class space    used 6646K, committed 6784K, reserved 1048576K
}
Event: 37.070 GC heap after
{Heap after GC invocations=26 (full 0):
 garbage-first heap   total 92160K, used 61261K [0x00000000c3a00000, 0x0000000100000000)
  region size 1024K, 3 young (3072K), 3 survivors (3072K)
 Metaspace       used 57091K, committed 57408K, reserved 1114112K
  class space    used 6646K, committed 6784K, reserved 1048576K
}
Event: 38.137 GC heap before
{Heap before GC invocations=26 (full 0):
 garbage-first heap   total 92160K, used 79693K [0x00000000c3a00000, 0x0000000100000000)
  region size 1024K, 21 young (21504K), 3 survivors (3072K)
 Metaspace       used 58027K, committed 58368K, reserved 1114112K
  class space    used 6737K, committed 6848K, reserved 1048576K
}
Event: 38.155 GC heap after
{Heap after GC invocations=27 (full 0):
 garbage-first heap   total 110592K, used 65373K [0x00000000c3a00000, 0x0000000100000000)
  region size 1024K, 3 young (3072K), 3 survivors (3072K)
 Metaspace       used 58027K, committed 58368K, reserved 1114112K
  class space    used 6737K, committed 6848K, reserved 1048576K
}
Event: 41.057 GC heap before
{Heap before GC invocations=28 (full 0):
 garbage-first heap   total 110592K, used 94045K [0x00000000c3a00000, 0x0000000100000000)
  region size 1024K, 31 young (31744K), 3 survivors (3072K)
 Metaspace       used 59384K, committed 59712K, reserved 1114112K
  class space    used 6840K, committed 6976K, reserved 1048576K
}
Event: 41.128 GC heap after
{Heap after GC invocations=29 (full 0):
 garbage-first heap   total 110592K, used 71433K [0x00000000c3a00000, 0x0000000100000000)
  region size 1024K, 4 young (4096K), 4 survivors (4096K)
 Metaspace       used 59384K, committed 59712K, reserved 1114112K
  class space    used 6840K, committed 6976K, reserved 1048576K
}
Event: 43.966 GC heap before
{Heap before GC invocations=29 (full 0):
 garbage-first heap   total 110592K, used 94985K [0x00000000c3a00000, 0x0000000100000000)
  region size 1024K, 27 young (27648K), 4 survivors (4096K)
 Metaspace       used 63035K, committed 63424K, reserved 1114112K
  class space    used 7197K, committed 7360K, reserved 1048576K
}
Event: 44.001 GC heap after
{Heap after GC invocations=30 (full 0):
 garbage-first heap   total 110592K, used 74752K [0x00000000c3a00000, 0x0000000100000000)
  region size 1024K, 3 young (3072K), 3 survivors (3072K)
 Metaspace       used 63035K, committed 63424K, reserved 1114112K
  class space    used 7197K, committed 7360K, reserved 1048576K
}
Event: 45.558 GC heap before
{Heap before GC invocations=30 (full 0):
 garbage-first heap   total 110592K, used 96256K [0x00000000c3a00000, 0x0000000100000000)
  region size 1024K, 25 young (25600K), 3 survivors (3072K)
 Metaspace       used 63678K, committed 64000K, reserved 1114112K
  class space    used 7229K, committed 7360K, reserved 1048576K
}
Event: 45.591 GC heap after
{Heap after GC invocations=31 (full 0):
 garbage-first heap   total 110592K, used 79360K [0x00000000c3a00000, 0x0000000100000000)
  region size 1024K, 4 young (4096K), 4 survivors (4096K)
 Metaspace       used 63678K, committed 64000K, reserved 1114112K
  class space    used 7229K, committed 7360K, reserved 1048576K
}

Dll operation events (3 events):
Event: 0.101 Loaded shared library C:\Program Files\Android\Android Studio\jbr\bin\java.dll
Event: 0.147 Loaded shared library C:\Program Files\Android\Android Studio\jbr\bin\zip.dll
Event: 10.082 Loaded shared library C:\Program Files\Android\Android Studio\jbr\bin\verify.dll

Deoptimization events (20 events):
Event: 44.898 Thread 0x000001c900541d00 Uncommon trap: trap_request=0xffffffde fr.pc=0x000001c90d6d0f30 relative=0x0000000000000890
Event: 44.898 Thread 0x000001c900541d00 Uncommon trap: reason=class_check action=maybe_recompile pc=0x000001c90d6d0f30 method=org.jetbrains.kotlin.fir.resolve.ToSymbolUtilsKt.toSymbol(Lorg/jetbrains/kotlin/fir/types/ConeClassLikeLookupTag;Lorg/jetbrains/kotlin/fir/FirSession;)Lorg/jetbrains/kot
Event: 44.898 Thread 0x000001c900541d00 DEOPT PACKING pc=0x000001c90d6d0f30 sp=0x0000007c15bfa950
Event: 44.898 Thread 0x000001c900541d00 DEOPT UNPACKING pc=0x000001c90ce57aa2 sp=0x0000007c15bfa900 mode 2
Event: 44.898 Thread 0x000001c900541d00 Uncommon trap: trap_request=0xffffffde fr.pc=0x000001c90d6d0f30 relative=0x0000000000000890
Event: 44.898 Thread 0x000001c900541d00 Uncommon trap: reason=class_check action=maybe_recompile pc=0x000001c90d6d0f30 method=org.jetbrains.kotlin.fir.resolve.ToSymbolUtilsKt.toSymbol(Lorg/jetbrains/kotlin/fir/types/ConeClassLikeLookupTag;Lorg/jetbrains/kotlin/fir/FirSession;)Lorg/jetbrains/kot
Event: 44.898 Thread 0x000001c900541d00 DEOPT PACKING pc=0x000001c90d6d0f30 sp=0x0000007c15bfaa60
Event: 44.898 Thread 0x000001c900541d00 DEOPT UNPACKING pc=0x000001c90ce57aa2 sp=0x0000007c15bfaa10 mode 2
Event: 45.301 Thread 0x000001c900541d00 DEOPT PACKING pc=0x000001c906d9513c sp=0x0000007c15bfae90
Event: 45.301 Thread 0x000001c900541d00 DEOPT UNPACKING pc=0x000001c90ce585e2 sp=0x0000007c15bfa2f8 mode 0
Event: 45.447 Thread 0x000001c900541d00 DEOPT PACKING pc=0x000001c906d9513c sp=0x0000007c15bf9db0
Event: 45.447 Thread 0x000001c900541d00 DEOPT UNPACKING pc=0x000001c90ce585e2 sp=0x0000007c15bf9218 mode 0
Event: 45.523 Thread 0x000001c900541d00 DEOPT PACKING pc=0x000001c906d9513c sp=0x0000007c15bf9db0
Event: 45.523 Thread 0x000001c900541d00 DEOPT UNPACKING pc=0x000001c90ce585e2 sp=0x0000007c15bf9218 mode 0
Event: 45.534 Thread 0x000001c900541d00 DEOPT PACKING pc=0x000001c906d9513c sp=0x0000007c15bf9db0
Event: 45.534 Thread 0x000001c900541d00 DEOPT UNPACKING pc=0x000001c90ce585e2 sp=0x0000007c15bf9218 mode 0
Event: 45.553 Thread 0x000001c900541d00 Uncommon trap: trap_request=0xffffff45 fr.pc=0x000001c90d64303c relative=0x0000000000008bdc
Event: 45.553 Thread 0x000001c900541d00 Uncommon trap: reason=unstable_if action=reinterpret pc=0x000001c90d64303c method=org.jetbrains.org.objectweb.asm.ClassReader.accept(Lorg/jetbrains/org/objectweb/asm/ClassVisitor;[Lorg/jetbrains/org/objectweb/asm/Attribute;I)V @ 400 c2
Event: 45.554 Thread 0x000001c900541d00 DEOPT PACKING pc=0x000001c90d64303c sp=0x0000007c15bfa160
Event: 45.555 Thread 0x000001c900541d00 DEOPT UNPACKING pc=0x000001c90ce57aa2 sp=0x0000007c15bfa198 mode 2

Classes loaded (20 events):
Event: 42.542 Loading class java/text/MessageFormat
Event: 42.546 Loading class java/text/Format
Event: 42.555 Loading class java/text/Format done
Event: 42.555 Loading class java/text/MessageFormat done
Event: 42.555 Loading class java/util/Locale$Category
Event: 42.559 Loading class java/util/Locale$Category done
Event: 42.837 Loading class java/text/ChoiceFormat
Event: 42.843 Loading class java/text/NumberFormat
Event: 42.845 Loading class java/text/NumberFormat done
Event: 42.845 Loading class java/text/ChoiceFormat done
Event: 43.035 Loading class java/util/RegularEnumSet$EnumSetIterator
Event: 43.036 Loading class java/util/RegularEnumSet$EnumSetIterator done
Event: 43.573 Loading class java/util/EnumMap$EntrySet
Event: 43.575 Loading class java/util/EnumMap$EntrySet done
Event: 43.575 Loading class java/util/EnumMap$EntryIterator
Event: 43.577 Loading class java/util/EnumMap$EnumMapIterator
Event: 43.579 Loading class java/util/EnumMap$EnumMapIterator done
Event: 43.579 Loading class java/util/EnumMap$EntryIterator done
Event: 43.579 Loading class java/util/EnumMap$EntryIterator$Entry
Event: 43.580 Loading class java/util/EnumMap$EntryIterator$Entry done

Classes unloaded (0 events):
No events

Classes redefined (0 events):
No events

Internal exceptions (20 events):
Event: 29.099 Thread 0x000001c9180d5590 Implicit null exception at 0x000001c90d537e82 to 0x000001c90d538634
Event: 34.414 Thread 0x000001c900541d00 Exception <a 'java/lang/NoSuchMethodError'{0x00000000c75ebd78}: 'java.lang.Object java.lang.invoke.DirectMethodHandle$Holder.newInvokeSpecial(java.lang.Object, java.lang.Object, java.lang.Object, java.lang.Object, int, java.lang.Object, java.lang.Object)'> (0x00000000c75ebd78) 
thrown [s\src\hotspot\share\interpreter\linkResolver.cpp, line 784]
Event: 34.419 Thread 0x000001c900541d00 Exception <a 'java/lang/NoSuchMethodError'{0x00000000c75f3ec8}: 'java.lang.Object java.lang.invoke.Invokers$Holder.linkToTargetMethod(java.lang.Object, java.lang.Object, java.lang.Object, int, java.lang.Object, java.lang.Object, java.lang.Object)'> (0x00000000c75f3ec8) 
thrown [s\src\hotspot\share\interpreter\linkResolver.cpp, line 784]
Event: 35.701 Thread 0x000001c900541d00 Exception <a 'java/lang/NoSuchMethodError'{0x00000000c908e380}: 'java.lang.Object java.lang.invoke.DirectMethodHandle$Holder.newInvokeSpecial(java.lang.Object, java.lang.Object, java.lang.Object, java.lang.Object, java.lang.Object, java.lang.Object, java.lang.Object, java.lang.Object, java.lang.Object)'> (0x00000000c908e380) 
thrown [s\src\hotspot\share\interpreter\linkResolver.cpp, line 784]
Event: 35.731 Thread 0x000001c900541d00 Exception <a 'java/lang/NoSuchMethodError'{0x00000000c90db540}: 'java.lang.Object java.lang.invoke.DirectMethodHandle$Holder.newInvokeSpecial(java.lang.Object, int, java.lang.Object)'> (0x00000000c90db540) 
thrown [s\src\hotspot\share\interpreter\linkResolver.cpp, line 784]
Event: 35.752 Thread 0x000001c900541d00 Exception <a 'java/lang/NoSuchMethodError'{0x00000000c8f11d90}: 'java.lang.Object java.lang.invoke.DirectMethodHandle$Holder.invokeSpecial(java.lang.Object, java.lang.Object, int, java.lang.Object, java.lang.Object)'> (0x00000000c8f11d90) 
thrown [s\src\hotspot\share\interpreter\linkResolver.cpp, line 784]
Event: 35.757 Thread 0x000001c900541d00 Exception <a 'java/lang/NoSuchMethodError'{0x00000000c8f235a0}: 'java.lang.Object java.lang.invoke.DirectMethodHandle$Holder.invokeStatic(java.lang.Object, int, java.lang.Object, java.lang.Object)'> (0x00000000c8f235a0) 
thrown [s\src\hotspot\share\interpreter\linkResolver.cpp, line 784]
Event: 36.375 Thread 0x000001c900541d00 Exception <a 'java/lang/NoSuchMethodError'{0x00000000c8a7c580}: 'java.lang.Object java.lang.invoke.DirectMethodHandle$Holder.invokeStatic(java.lang.Object, java.lang.Object, java.lang.Object, int, java.lang.Object, java.lang.Object)'> (0x00000000c8a7c580) 
thrown [s\src\hotspot\share\interpreter\linkResolver.cpp, line 784]
Event: 39.228 Thread 0x000001c900541d00 Exception <a 'java/lang/NoSuchMethodError'{0x00000000c9bac5e8}: 'java.lang.Object java.lang.invoke.DirectMethodHandle$Holder.newInvokeSpecial(java.lang.Object, java.lang.Object, java.lang.Object, java.lang.Object, java.lang.Object, int)'> (0x00000000c9bac5e8) 
thrown [s\src\hotspot\share\interpreter\linkResolver.cpp, line 784]
Event: 39.229 Thread 0x000001c900541d00 Exception <a 'java/lang/NoSuchMethodError'{0x00000000c9bb0d90}: 'java.lang.Object java.lang.invoke.DirectMethodHandle$Holder.invokeSpecial(java.lang.Object, java.lang.Object, java.lang.Object, java.lang.Object, java.lang.Object, java.lang.Object, int)'> (0x00000000c9bb0d90) 
thrown [s\src\hotspot\share\interpreter\linkResolver.cpp, line 784]
Event: 39.230 Thread 0x000001c900541d00 Exception <a 'java/lang/NoSuchMethodError'{0x00000000c9bb4e78}: 'java.lang.Object java.lang.invoke.Invokers$Holder.linkToTargetMethod(java.lang.Object, java.lang.Object, java.lang.Object, java.lang.Object, int, java.lang.Object)'> (0x00000000c9bb4e78) 
thrown [s\src\hotspot\share\interpreter\linkResolver.cpp, line 784]
Event: 42.143 Thread 0x000001c900541d00 Exception <a 'java/lang/NoSuchMethodError'{0x00000000c9d17d78}: 'java.lang.Object java.lang.invoke.DirectMethodHandle$Holder.newInvokeSpecial(java.lang.Object, int, java.lang.Object, java.lang.Object, java.lang.Object)'> (0x00000000c9d17d78) 
thrown [s\src\hotspot\share\interpreter\linkResolver.cpp, line 784]
Event: 42.145 Thread 0x000001c900541d00 Exception <a 'java/lang/NoSuchMethodError'{0x00000000c9d1fbf8}: 'java.lang.Object java.lang.invoke.Invokers$Holder.linkToTargetMethod(int, java.lang.Object, java.lang.Object, java.lang.Object, java.lang.Object)'> (0x00000000c9d1fbf8) 
thrown [s\src\hotspot\share\interpreter\linkResolver.cpp, line 784]
Event: 43.022 Thread 0x000001c900541d00 Exception <a 'java/lang/NoSuchMethodError'{0x00000000c956eef0}: 'java.lang.Object java.lang.invoke.DirectMethodHandle$Holder.invokeStatic(java.lang.Object, int, int, java.lang.Object)'> (0x00000000c956eef0) 
thrown [s\src\hotspot\share\interpreter\linkResolver.cpp, line 784]
Event: 43.022 Thread 0x000001c900541d00 Exception <a 'java/lang/NoSuchMethodError'{0x00000000c95725b0}: 'java.lang.Object java.lang.invoke.DirectMethodHandle$Holder.invokeStaticInit(java.lang.Object, int, int, java.lang.Object)'> (0x00000000c95725b0) 
thrown [s\src\hotspot\share\interpreter\linkResolver.cpp, line 784]
Event: 43.436 Thread 0x000001c900541d00 Implicit null exception at 0x000001c90d5d6ee3 to 0x000001c90d5d70c0
Event: 43.750 Thread 0x000001c900541d00 Exception <a 'java/lang/NoSuchMethodError'{0x00000000c8e5bae8}: 'java.lang.Object java.lang.invoke.DirectMethodHandle$Holder.invokeStatic(java.lang.Object, java.lang.Object, java.lang.Object, java.lang.Object, java.lang.Object, int)'> (0x00000000c8e5bae8) 
thrown [s\src\hotspot\share\interpreter\linkResolver.cpp, line 784]
Event: 44.927 Thread 0x000001c900541d00 Exception <a 'java/lang/NoSuchMethodError'{0x00000000c974d758}: 'java.lang.Object java.lang.invoke.DirectMethodHandle$Holder.newInvokeSpecial(java.lang.Object, java.lang.Object, int, java.lang.Object, java.lang.Object, java.lang.Object)'> (0x00000000c974d758) 
thrown [s\src\hotspot\share\interpreter\linkResolver.cpp, line 784]
Event: 44.929 Thread 0x000001c900541d00 Exception <a 'java/lang/NoSuchMethodError'{0x00000000c9751828}: 'java.lang.Object java.lang.invoke.DirectMethodHandle$Holder.invokeSpecial(java.lang.Object, java.lang.Object, java.lang.Object, int, java.lang.Object, java.lang.Object, java.lang.Object)'> (0x00000000c9751828) 
thrown [s\src\hotspot\share\interpreter\linkResolver.cpp, line 784]
Event: 44.930 Thread 0x000001c900541d00 Exception <a 'java/lang/NoSuchMethodError'{0x00000000c9754ea0}: 'java.lang.Object java.lang.invoke.Invokers$Holder.linkToTargetMethod(java.lang.Object, int, java.lang.Object, java.lang.Object, java.lang.Object, java.lang.Object)'> (0x00000000c9754ea0) 
thrown [s\src\hotspot\share\interpreter\linkResolver.cpp, line 784]

ZGC Phase Switch (0 events):
No events

VM Operations (20 events):
Event: 42.158 Executing VM operation: ICBufferFull done
Event: 43.012 Executing VM operation: HandshakeAllThreads (Deoptimize)
Event: 43.014 Executing VM operation: HandshakeAllThreads (Deoptimize) done
Event: 43.396 Executing VM operation: HandshakeAllThreads (Deoptimize)
Event: 43.396 Executing VM operation: HandshakeAllThreads (Deoptimize) done
Event: 43.396 Executing VM operation: Cleanup
Event: 43.396 Executing VM operation: Cleanup done
Event: 43.715 Executing VM operation: ICBufferFull
Event: 43.715 Executing VM operation: ICBufferFull done
Event: 43.720 Executing VM operation: HandshakeAllThreads (Deoptimize)
Event: 43.720 Executing VM operation: HandshakeAllThreads (Deoptimize) done
Event: 43.962 Executing VM operation: G1CollectForAllocation (G1 Evacuation Pause)
Event: 44.001 Executing VM operation: G1CollectForAllocation (G1 Evacuation Pause) done
Event: 44.537 Executing VM operation: ICBufferFull
Event: 44.537 Executing VM operation: ICBufferFull done
Event: 45.305 Executing VM operation: ICBufferFull
Event: 45.306 Executing VM operation: ICBufferFull done
Event: 45.556 Executing VM operation: G1CollectForAllocation (G1 Evacuation Pause)
Event: 45.591 Executing VM operation: G1CollectForAllocation (G1 Evacuation Pause) done
Event: 45.820 Executing VM operation: G1PauseRemark

Memory protections (0 events):
No events

Nmethod flushes (20 events):
Event: 45.844 Thread 0x000001c918059e50 flushing  nmethod 0x000001c905f16010
Event: 45.844 Thread 0x000001c918059e50 flushing  nmethod 0x000001c905f16390
Event: 45.844 Thread 0x000001c918059e50 flushing  nmethod 0x000001c905f17390
Event: 45.844 Thread 0x000001c918059e50 flushing  nmethod 0x000001c905f18390
Event: 45.844 Thread 0x000001c918059e50 flushing  nmethod 0x000001c905f1b290
Event: 45.844 Thread 0x000001c918059e50 flushing  nmethod 0x000001c905f20710
Event: 45.844 Thread 0x000001c918059e50 flushing  nmethod 0x000001c905f24d90
Event: 45.844 Thread 0x000001c918059e50 flushing  nmethod 0x000001c905f39d90
Event: 45.844 Thread 0x000001c918059e50 flushing  nmethod 0x000001c905f3f390
Event: 45.844 Thread 0x000001c918059e50 flushing  nmethod 0x000001c905fd0690
Event: 45.844 Thread 0x000001c918059e50 flushing  nmethod 0x000001c905fd4b90
Event: 45.844 Thread 0x000001c918059e50 flushing  nmethod 0x000001c905fd8e90
Event: 45.844 Thread 0x000001c918059e50 flushing  nmethod 0x000001c905fd9290
Event: 45.844 Thread 0x000001c918059e50 flushing  nmethod 0x000001c905ff2510
Event: 45.844 Thread 0x000001c918059e50 flushing  nmethod 0x000001c906047c10
Event: 45.844 Thread 0x000001c918059e50 flushing  nmethod 0x000001c906069390
Event: 45.844 Thread 0x000001c918059e50 flushing  nmethod 0x000001c906151110
Event: 45.844 Thread 0x000001c918059e50 flushing  nmethod 0x000001c906159b90
Event: 45.844 Thread 0x000001c918059e50 flushing  nmethod 0x000001c9062ea810
Event: 45.844 Thread 0x000001c918059e50 flushing  nmethod 0x000001c9064a8210

Events (17 events):
Event: 0.139 Thread 0x000001c900541d00 Thread added: 0x000001c900541d00
Event: 0.429 Thread 0x000001c900541d00 Thread added: 0x000001c9180d5590
Event: 0.448 Thread 0x000001c900541d00 Thread added: 0x000001c9180e1e70
Event: 0.448 Thread 0x000001c900541d00 Thread added: 0x000001c9180e2dc0
Event: 0.453 Thread 0x000001c900541d00 Thread added: 0x000001c91823dfe0
Event: 0.453 Thread 0x000001c900541d00 Thread added: 0x000001c91823fa50
Event: 0.453 Thread 0x000001c900541d00 Thread added: 0x000001c9182404b0
Event: 0.454 Thread 0x000001c900541d00 Thread added: 0x000001c9180f44a0
Event: 0.455 Thread 0x000001c900541d00 Thread added: 0x000001c9180fd690
Event: 0.456 Thread 0x000001c900541d00 Thread added: 0x000001c918241ab0
Event: 0.617 Thread 0x000001c900541d00 Thread added: 0x000001c9183c9ce0
Event: 0.666 Loaded shared library C:\Program Files\Android\Android Studio\jbr\bin\net.dll
Event: 0.687 Loaded shared library C:\Program Files\Android\Android Studio\jbr\bin\nio.dll
Event: 0.887 Loaded shared library C:\Program Files\Android\Android Studio\jbr\bin\zip.dll
Event: 1.026 Loaded shared library C:\Program Files\Android\Android Studio\jbr\bin\jimage.dll
Event: 2.016 Loaded shared library C:\Program Files\Android\Android Studio\jbr\bin\management.dll
Event: 2.079 Loaded shared library C:\Program Files\Android\Android Studio\jbr\bin\management_ext.dll


Dynamic libraries:
0x00007ff7ec650000 - 0x00007ff7ec65a000 	C:\Program Files\Android\Android Studio\jbr\bin\java.exe
0x00007fffbdc90000 - 0x00007fffbde88000 	C:\Windows\SYSTEM32\ntdll.dll
0x00007fffbc4e0000 - 0x00007fffbc5a2000 	C:\Windows\System32\KERNEL32.DLL
0x00007fffbb6a0000 - 0x00007fffbb996000 	C:\Windows\System32\KERNELBASE.dll
0x00007fffbb3f0000 - 0x00007fffbb4f0000 	C:\Windows\System32\ucrtbase.dll
0x00007fffa7f50000 - 0x00007fffa7f68000 	C:\Program Files\Android\Android Studio\jbr\bin\jli.dll
0x00007fff94b50000 - 0x00007fff94b6b000 	C:\Program Files\Android\Android Studio\jbr\bin\VCRUNTIME140.dll
0x00007fffbc2d0000 - 0x00007fffbc471000 	C:\Windows\System32\USER32.dll
0x00007fffbb4f0000 - 0x00007fffbb512000 	C:\Windows\System32\win32u.dll
0x00007fffbdc20000 - 0x00007fffbdc4b000 	C:\Windows\System32\GDI32.dll
0x00007fffbbb90000 - 0x00007fffbbca9000 	C:\Windows\System32\gdi32full.dll
0x00007fffbb600000 - 0x00007fffbb69d000 	C:\Windows\System32\msvcp_win.dll
0x00007fffa8840000 - 0x00007fffa8adb000 	C:\Windows\WinSxS\amd64_microsoft.windows.common-controls_6595b64144ccf1df_6.0.19041.6456_none_60b8a6cb71f64256\COMCTL32.dll
0x00007fffbd1f0000 - 0x00007fffbd28e000 	C:\Windows\System32\msvcrt.dll
0x00007fffbc290000 - 0x00007fffbc2bf000 	C:\Windows\System32\IMM32.DLL
0x00007fffabd10000 - 0x00007fffabd1c000 	C:\Program Files\Android\Android Studio\jbr\bin\vcruntime140_1.dll
0x00007fff71f50000 - 0x00007fff71fdd000 	C:\Program Files\Android\Android Studio\jbr\bin\msvcp140.dll
0x00007fff33f10000 - 0x00007fff34ba6000 	C:\Program Files\Android\Android Studio\jbr\bin\server\jvm.dll
0x00007fffbd130000 - 0x00007fffbd1e1000 	C:\Windows\System32\ADVAPI32.dll
0x00007fffbc1f0000 - 0x00007fffbc28f000 	C:\Windows\System32\sechost.dll
0x00007fffbdb00000 - 0x00007fffbdc20000 	C:\Windows\System32\RPCRT4.dll
0x00007fffbb520000 - 0x00007fffbb547000 	C:\Windows\System32\bcrypt.dll
0x00007fffbc7b0000 - 0x00007fffbc81b000 	C:\Windows\System32\WS2_32.dll
0x00007fffbb180000 - 0x00007fffbb1cb000 	C:\Windows\SYSTEM32\POWRPROF.dll
0x00007fffb40d0000 - 0x00007fffb40da000 	C:\Windows\SYSTEM32\VERSION.dll
0x00007fffa53f0000 - 0x00007fffa5417000 	C:\Windows\SYSTEM32\WINMM.dll
0x00007fffbb160000 - 0x00007fffbb172000 	C:\Windows\SYSTEM32\UMPDC.dll
0x00007fffb9af0000 - 0x00007fffb9b02000 	C:\Windows\SYSTEM32\kernel.appcore.dll
0x00007fffa75c0000 - 0x00007fffa75ca000 	C:\Program Files\Android\Android Studio\jbr\bin\jimage.dll
0x00007fffb8ec0000 - 0x00007fffb90c1000 	C:\Windows\SYSTEM32\DBGHELP.DLL
0x00007fff93240000 - 0x00007fff93274000 	C:\Windows\SYSTEM32\dbgcore.DLL
0x00007fffbb9a0000 - 0x00007fffbba22000 	C:\Windows\System32\bcryptPrimitives.dll
0x00007fff94ac0000 - 0x00007fff94ae0000 	C:\Program Files\Android\Android Studio\jbr\bin\java.dll
0x00007fff94a70000 - 0x00007fff94a88000 	C:\Program Files\Android\Android Studio\jbr\bin\zip.dll
0x00007fffbc8a0000 - 0x00007fffbd010000 	C:\Windows\System32\SHELL32.dll
0x00007fffb9330000 - 0x00007fffb9ad5000 	C:\Windows\SYSTEM32\windows.storage.dll
0x00007fffbbd60000 - 0x00007fffbc0b4000 	C:\Windows\System32\combase.dll
0x00007fffbac70000 - 0x00007fffbac9b000 	C:\Windows\SYSTEM32\Wldp.dll
0x00007fffbc120000 - 0x00007fffbc1ed000 	C:\Windows\System32\OLEAUT32.dll
0x00007fffbbcb0000 - 0x00007fffbbd5d000 	C:\Windows\System32\SHCORE.dll
0x00007fffbc6a0000 - 0x00007fffbc6fb000 	C:\Windows\System32\shlwapi.dll
0x00007fffbb250000 - 0x00007fffbb274000 	C:\Windows\SYSTEM32\profapi.dll
0x00007fff9f980000 - 0x00007fff9f990000 	C:\Program Files\Android\Android Studio\jbr\bin\net.dll
0x00007fffb0560000 - 0x00007fffb066a000 	C:\Windows\SYSTEM32\WINHTTP.dll
0x00007fffba980000 - 0x00007fffba9ea000 	C:\Windows\system32\mswsock.dll
0x00007fff93ec0000 - 0x00007fff93ed6000 	C:\Program Files\Android\Android Studio\jbr\bin\nio.dll
0x00007fff98bc0000 - 0x00007fff98bc9000 	C:\Program Files\Android\Android Studio\jbr\bin\management.dll
0x00007fff95f20000 - 0x00007fff95f2b000 	C:\Program Files\Android\Android Studio\jbr\bin\management_ext.dll
0x00007fffbc2c0000 - 0x00007fffbc2c8000 	C:\Windows\System32\PSAPI.DLL
0x00007fff94900000 - 0x00007fff94910000 	C:\Program Files\Android\Android Studio\jbr\bin\verify.dll

JVMTI agents: none

dbghelp: loaded successfully - version: 4.0.5 - missing functions: none
symbol engine: initialized successfully - sym options: 0x614 - pdb path: .;C:\Program Files\Android\Android Studio\jbr\bin;C:\Windows\SYSTEM32;C:\Windows\WinSxS\amd64_microsoft.windows.common-controls_6595b64144ccf1df_6.0.19041.6456_none_60b8a6cb71f64256;C:\Program Files\Android\Android Studio\jbr\bin\server

VM Arguments:
java_command: org.jetbrains.kotlin.cli.jvm.K2JVMCompiler @C:\Users\DELL\Desktop\kavachsecurecom\android-app\app\build\20260320_2348682026682821445.compiler.options
java_class_path (initial): C:\Users\DELL\.gradle\caches\modules-2\files-2.1\org.jetbrains.kotlin\kotlin-compiler-embeddable\2.2.10\6882d39ef03b18879c1a5d2a83c2212361bed5fe\kotlin-compiler-embeddable-2.2.10.jar;C:\Users\DELL\.gradle\caches\modules-2\files-2.1\org.jetbrains.kotlin\kotlin-stdlib\2.2.10\30de6faa127a4a012db8e71bf1b9c0a99b1402b2\kotlin-stdlib-2.2.10.jar;C:\Users\DELL\.gradle\caches\modules-2\files-2.1\org.jetbrains.kotlin\kotlin-script-runtime\2.2.10\712f9bc08f378c13a4a00f0bbb28c76e59183e83\kotlin-script-runtime-2.2.10.jar;C:\Users\DELL\.gradle\caches\modules-2\files-2.1\org.jetbrains.kotlin\kotlin-reflect\1.6.10\1cbe9c92c12a94eea200d23c2bbaedaf3daf5132\kotlin-reflect-1.6.10.jar;C:\Users\DELL\.gradle\caches\modules-2\files-2.1\org.jetbrains.kotlin\kotlin-daemon-embeddable\2.2.10\212fd3c2c6e4e5d0f4db3c4191233e2b622380cc\kotlin-daemon-embeddable-2.2.10.jar;C:\Users\DELL\.gradle\caches\modules-2\files-2.1\org.jetbrains.kotlinx\kotlinx-coroutines-core-jvm\1.8.0\ac1dc37a30a93150b704022f8d895ee1bd3a36b3\kotlinx-coroutines-core-jvm-1.8.0.jar;C:\Users\DELL\.gradle\caches\modules-2\files-2.1\org.jetbrains\annotations\13.0\919f0dfe192fb4e063e7dacadee7f8bb9a2672a9\annotations-13.0.jar
Launcher Type: SUN_STANDARD

[Global flags]
     intx CICompilerCount                          = 3                                         {product} {ergonomic}
     uint ConcGCThreads                            = 1                                         {product} {ergonomic}
     uint G1ConcRefinementThreads                  = 4                                         {product} {ergonomic}
   size_t G1HeapRegionSize                         = 1048576                                   {product} {ergonomic}
    uintx GCDrainStackTargetSize                   = 64                                        {product} {ergonomic}
   size_t InitialHeapSize                          = 65011712                                  {product} {ergonomic}
   size_t MarkStackSize                            = 4194304                                   {product} {ergonomic}
   size_t MaxHeapSize                              = 1012924416                                {product} {ergonomic}
   size_t MaxNewSize                               = 607125504                                 {product} {ergonomic}
   size_t MinHeapDeltaBytes                        = 1048576                                   {product} {ergonomic}
   size_t MinHeapSize                              = 8388608                                   {product} {ergonomic}
    uintx NonNMethodCodeHeapSize                   = 5832780                                {pd product} {ergonomic}
    uintx NonProfiledCodeHeapSize                  = 122912730                              {pd product} {ergonomic}
    uintx ProfiledCodeHeapSize                     = 122912730                              {pd product} {ergonomic}
    uintx ReservedCodeCacheSize                    = 251658240                              {pd product} {ergonomic}
     bool SegmentedCodeCache                       = true                                      {product} {ergonomic}
   size_t SoftMaxHeapSize                          = 1012924416                             {manageable} {ergonomic}
     bool UseCompressedOops                        = true                           {product lp64_product} {ergonomic}
     bool UseG1GC                                  = true                                      {product} {ergonomic}
     bool UseLargePagesIndividualAllocation        = false                                  {pd product} {ergonomic}

Logging:
Log output configuration:
 #0: stdout all=warning uptime,level,tags foldmultilines=false
 #1: stderr all=off uptime,level,tags foldmultilines=false

Release file:
JAVA_VERSION="21.0.9" 
MODULES="java.base java.compiler java.datatransfer java.xml java.prefs java.desktop java.instrument java.logging java.management java.security.sasl java.naming java.rmi java.management.rmi java.net.http java.scripting java.security.jgss java.transaction.xa java.sql java.sql.rowset java.xml.crypto java.se java.smartcardio jdk.accessibility jdk.internal.jvmstat jdk.attach jdk.charsets jdk.internal.opt jdk.zipfs jdk.compiler jdk.crypto.ec jdk.crypto.cryptoki jdk.dynalink jdk.hotspot.agent jdk.httpserver jdk.internal.ed jdk.internal.le jdk.internal.vm.ci jdk.jartool jdk.javadoc jdk.jcmd jdk.jdeps jdk.jdwp.agent jdk.jdi jdk.jfr jdk.jlink jdk.jsobject jdk.localedata jdk.management jdk.management.agent jdk.management.jfr jdk.naming.dns jdk.naming.rmi jdk.net jdk.sctp jdk.security.auth jdk.security.jgss jdk.unsupported jdk.unsupported.desktop jdk.xml.dom" 
IMPLEMENTOR="JetBrains s.r.o." 
JAVA_RUNTIME_VERSION="21.0.9+-14787801-b1163.94" 
LIBC="default" 
OS_ARCH="x86_64" 
OS_NAME="Windows" 
SOURCE=".:git:0c757ddc9f2f" 

Environment Variables:
PATH=C:\Program Files (x86)\Google\Chrome\Application;C:\Program Files\OpenLogic\jdk-22.0.2.9-hotspot\bin;C:\Windows\system32;C:\Windows;C:\Windows\System32\Wbem;C:\Windows\System32\WindowsPowerShell\v1.0\;C:\Windows\System32\OpenSSH\;C:\Program Files\dotnet\;C:\MinGW\bin;C:\Program Files\Git\cmd;C:\Users\DELL\AppData\Roaming\nvm;C:\Program Files\nodejs;C:\ProgramData\chocolatey\bin;C:\Program Files\nodejs\;C:\Users\DELL\AppData\Local\Programs\Python\Python313\Scripts;C:\Users\DELL\AppData\Local\Programs\Python\Python313\;C:\platform-tools;C:\MinGW\bin;C:\MinGW\bin;C:\Program Files\MySQL\MySQL Server 8.0\bin;C:\Users\DELL\AppData\Local\Programs\Python\Python310\Scripts\;C:\Users\DELL\AppData\Local\Programs\Python\Python310\;C:\Users\DELL\AppData\Local\Programs\Python\Python313\Scripts\;C:\Users\DELL\AppData\Local\Programs\Python\Python313\;C:\Users\DELL\AppData\Local\Programs\Python\Launcher\;C:\Users\DELL\AppData\Local\Microsoft\WindowsApps;C:\Users\DELL\AppData\Local\Programs\Microsoft VS Code\bin;C:\Users\DELL\AppData\Roaming\nvm;C:\Program Files\nodejs;C:\Users\DELL\AppData\Roaming\npm;C:\Program Files\heroku\bin;C:\Users\DELL\.dotnet\tools;C:\Users\DELL\Downloads\x64;C:\Users\DELL\AppData\Local\Programs\Python\Python310\;C:\Users\DELL\AppData\Local\Programs\Antigravity\bin
USERNAME=DELL
OS=Windows_NT
PROCESSOR_IDENTIFIER=Intel64 Family 6 Model 126 Stepping 5, GenuineIntel
TMP=C:\Users\DELL\AppData\Local\Temp
TEMP=C:\Users\DELL\AppData\Local\Temp




Periodic native trim disabled

JNI global refs:
JNI global refs: 9, weak refs: 0

JNI global refs memory usage: 835, weak refs: 833

Process memory usage:
Resident Set Size: 180988K (4% of 3954772K total physical memory with 15144K free physical memory)

OOME stack traces (most recent first):
Classloader memory used:
Loader jdk.internal.loader.ClassLoaders$AppClassLoader                                 : 51140K
Loader bootstrap                                                                       : 11846K
Loader jdk.internal.jrtfs.JrtFileSystemProvider$JrtFsLoader                            : 334K
Loader java.net.URLClassLoader                                                         : 310K
Loader jdk.internal.loader.ClassLoaders$PlatformClassLoader                            : 67872B

Classes loaded by more than one classloader:
Class jdk.internal.jimage.BasicImageReader                                            : loaded 2 times (x 95B)
Class jdk.internal.jimage.decompressor.StringSharingDecompressorFactory               : loaded 2 times (x 74B)
Class jdk.internal.jrtfs.JrtFileSystemProvider                                        : loaded 2 times (x 101B)
Class jdk.internal.jimage.ImageLocation                                               : loaded 2 times (x 90B)
Class jdk.internal.jimage.ImageBufferCache$1                                          : loaded 2 times (x 83B)
Class jdk.internal.jimage.ImageBufferCache$2                                          : loaded 2 times (x 91B)
Class jdk.internal.jimage.ImageHeader                                                 : loaded 2 times (x 71B)
Class jdk.internal.jimage.decompressor.ResourceDecompressor                           : loaded 2 times (x 70B)
Class jdk.internal.jimage.ImageStringsReader                                          : loaded 2 times (x 80B)
Class jdk.internal.jimage.ImageReader                                                 : loaded 2 times (x 75B)
Class jdk.internal.jimage.ImageReader$SharedImageReader                               : loaded 2 times (x 95B)
Class jdk.internal.jimage.decompressor.ResourceDecompressorFactory                    : loaded 2 times (x 74B)
Class jdk.internal.jimage.ImageReader$Node                                            : loaded 2 times (x 84B)
Class jdk.internal.jimage.BasicImageReader$1                                          : loaded 2 times (x 77B)
Class jdk.internal.jimage.decompressor.Decompressor                                   : loaded 2 times (x 72B)
Class jdk.internal.jimage.ImageBufferCache                                            : loaded 2 times (x 71B)
Class jdk.internal.jrtfs.JrtPath                                                      : loaded 2 times (x 118B)
Class jdk.internal.jimage.decompressor.ResourceDecompressorRepository                 : loaded 2 times (x 71B)
Class jdk.internal.jimage.ImageReader$Directory                                       : loaded 2 times (x 84B)
Class jdk.internal.jimage.decompressor.ZipDecompressorFactory                         : loaded 2 times (x 74B)
Class jdk.internal.jimage.decompressor.ZipDecompressor                                : loaded 2 times (x 75B)
Class jdk.internal.jimage.ImageStrings                                                : loaded 2 times (x 70B)
Class jdk.internal.jrtfs.JrtFileSystem                                                : loaded 2 times (x 102B)
Class jdk.internal.jimage.decompressor.CompressedResourceHeader                       : loaded 2 times (x 71B)
Class jdk.internal.jimage.decompressor.ResourceDecompressor$StringsProvider           : loaded 2 times (x 70B)

---------------  S Y S T E M  ---------------

OS:
 Windows 10 , 64 bit Build 19041 (10.0.19041.5915)
OS uptime: 0 days 4:32 hours
Hyper-V role detected

CPU: total 4 (initial active 4) (2 cores per cpu, 2 threads per core) family 6 model 126 stepping 5 microcode 0xca, cx8, cmov, fxsr, ht, mmx, 3dnowpref, sse, sse2, sse3, ssse3, sse4.1, sse4.2, popcnt, lzcnt, tsc, tscinvbit, avx, avx2, aes, erms, clmul, bmi1, bmi2, adx, avx512f, avx512dq, avx512cd, avx512bw, avx512vl, sha, fma, vzeroupper, avx512_vpopcntdq, avx512_vpclmulqdq, avx512_vaes, avx512_vnni, clflush, clflushopt, avx512_vbmi2, avx512_vbmi, hv, rdtscp, rdpid, fsrm, gfni, avx512_bitalg, f16c, avx512_ifma
Processor Information for the first 4 processors :
  Max Mhz: 1190, Current Mhz: 1190, Mhz Limit: 1190

Memory: 4k page, system-wide physical 3862M (13M free)
TotalPageFile size 15638M (AvailPageFile size 15M)
current process WorkingSet (physical memory assigned to process): 183M, peak: 193M
current process commit charge ("private bytes"): 310M, peak: 333M

vm_info: OpenJDK 64-Bit Server VM (21.0.9+-14787801-b1163.94) for windows-amd64 JRE (21.0.9+-14787801-b1163.94), built on 2026-01-27T21:15:44Z by "builder" with MS VC++ 16.10 / 16.11 (VS2019)

END.
