#
# There is insufficient memory for the Java Runtime Environment to continue.
# Native memory allocation (mmap) failed to map 132120576 bytes. Error detail: G1 virtual space
# Possible reasons:
#   The system is out of physical RAM or swap space
#   This process is running with CompressedOops enabled, and the Java Heap may be blocking the growth of the native heap
# Possible solutions:
#   Reduce memory load on the system
#   Increase physical memory or swap space
#   Check if swap backing store is full
#   Decrease Java heap size (-Xmx/-Xms)
#   Decrease number of Java threads
#   Decrease Java thread stack sizes (-Xss)
#   Set larger code cache with -XX:ReservedCodeCacheSize=
#   JVM is running with Unscaled Compressed Oops mode in which the Java heap is
#     placed in the first 4GB address space. The Java Heap base address is the
#     maximum limit for the native heap growth. Please use -XX:HeapBaseMinAddress
#     to set the Java Heap base and to place the Java Heap above 4GB virtual address.
# This output file may be truncated or incomplete.
#
#  Out of Memory Error (os_windows.cpp:3686), pid=4452, tid=17692
#
# JRE version: OpenJDK Runtime Environment Temurin-21.0.7+6 (21.0.7+6) (build 21.0.7+6-LTS)
# Java VM: OpenJDK 64-Bit Server VM Temurin-21.0.7+6 (21.0.7+6-LTS, mixed mode, sharing, tiered, compressed oops, compressed class ptrs, g1 gc, windows-amd64)
# No core dump will be written. Minidumps are not enabled by default on client versions of Windows
#

---------------  S U M M A R Y ------------

Command Line: --add-opens=java.base/java.lang=ALL-UNNAMED --add-opens=java.base/java.lang.invoke=ALL-UNNAMED --add-opens=java.base/java.util=ALL-UNNAMED --add-opens=java.prefs/java.util.prefs=ALL-UNNAMED --add-exports=jdk.compiler/com.sun.tools.javac.api=ALL-UNNAMED --add-exports=jdk.compiler/com.sun.tools.javac.util=ALL-UNNAMED --add-opens=java.base/java.util=ALL-UNNAMED --add-opens=java.prefs/java.util.prefs=ALL-UNNAMED --add-opens=java.base/java.nio.charset=ALL-UNNAMED --add-opens=java.base/java.net=ALL-UNNAMED --add-opens=java.base/java.util.concurrent=ALL-UNNAMED --add-opens=java.base/java.util.concurrent.atomic=ALL-UNNAMED --add-opens=java.xml/javax.xml.namespace=ALL-UNNAMED --add-opens=java.base/java.time=ALL-UNNAMED -XX:MaxMetaspaceSize=256m -Xmx1024m -Dfile.encoding=UTF-8 -Duser.country=IN -Duser.language=en -Duser.variant -javaagent:C:\Users\DELL\.gradle\wrapper\dists\gradle-9.3.1-bin\23ovyewtku6u96viwx3xl3oks\gradle-9.3.1\lib\agents\gradle-instrumentation-agent-9.3.1.jar org.gradle.launcher.daemon.bootstrap.GradleDaemon 9.3.1

Host: Intel(R) Core(TM) i3-1005G1 CPU @ 1.20GHz, 4 cores, 3G,  Windows 10 , 64 bit Build 19041 (10.0.19041.5915)
Time: Fri Mar 27 03:05:10 2026 India Standard Time elapsed time: 18.894872 seconds (0d 0h 0m 18s)

---------------  T H R E A D  ---------------

Current thread (0x0000013d035a4060):  VMThread "VM Thread"          [id=17692, stack(0x0000001118900000,0x0000001118a00000) (1024K)]

Stack: [0x0000001118900000,0x0000001118a00000]
Native frames: (J=compiled Java code, j=interpreted, Vv=VM code, C=native code)
V  [jvm.dll+0x6ce119]
V  [jvm.dll+0x8a84a1]
V  [jvm.dll+0x8aa9ce]
V  [jvm.dll+0x8ab0b3]
V  [jvm.dll+0x27f8a6]
V  [jvm.dll+0x6ca945]
V  [jvm.dll+0x6bebea]
V  [jvm.dll+0x355eca]
V  [jvm.dll+0x35da96]
V  [jvm.dll+0x3af72e]
V  [jvm.dll+0x3af9d8]
V  [jvm.dll+0x32a05c]
V  [jvm.dll+0x32a0e7]
V  [jvm.dll+0x36deac]
V  [jvm.dll+0x36c6f8]
V  [jvm.dll+0x329821]
V  [jvm.dll+0x36bd6a]
V  [jvm.dll+0x8b0dcf]
V  [jvm.dll+0x8b2154]
V  [jvm.dll+0x8b2690]
V  [jvm.dll+0x8b2933]
V  [jvm.dll+0x851f6b]
V  [jvm.dll+0x6cc7dd]
C  [ucrtbase.dll+0x21bb2]
C  [KERNEL32.DLL+0x17374]
C  [ntdll.dll+0x4cc91]

VM_Operation (0x0000001119df09c0): G1CollectForAllocation, mode: safepoint, requested by thread 0x0000013d3271a440


---------------  P R O C E S S  ---------------

Threads class SMR info:
_java_thread_list=0x0000013d353a9cb0, length=36, elements={
0x0000013d034e3970, 0x0000013d1e439da0, 0x0000013d1e43ce00, 0x0000013d1e440d80,
0x0000013d1e4417d0, 0x0000013d1e442220, 0x0000013d1e444c80, 0x0000013d1e445a00,
0x0000013d1e45b710, 0x0000013d03596640, 0x0000013d1e65f2f0, 0x0000013d323f2220,
0x0000013d31750b90, 0x0000013d325df570, 0x0000013d326ed8b0, 0x0000013d326edf10,
0x0000013d32718640, 0x0000013d3271a440, 0x0000013d327a1230, 0x0000013d327a2c70,
0x0000013d327a18c0, 0x0000013d327a1f50, 0x0000013d327a0ba0, 0x0000013d3279fe80,
0x0000013d327a0510, 0x0000013d327a3300, 0x0000013d327a25e0, 0x0000013d33756780,
0x0000013d337546b0, 0x0000013d33754020, 0x0000013d337574a0, 0x0000013d337553d0,
0x0000013d33756e10, 0x0000013d33750ba0, 0x0000013d337581c0, 0x0000013d33751230
}

Java Threads: ( => current thread )
  0x0000013d034e3970 JavaThread "main"                              [_thread_blocked, id=17836, stack(0x0000001118200000,0x0000001118300000) (1024K)]
  0x0000013d1e439da0 JavaThread "Reference Handler"          daemon [_thread_blocked, id=19240, stack(0x0000001118a00000,0x0000001118b00000) (1024K)]
  0x0000013d1e43ce00 JavaThread "Finalizer"                  daemon [_thread_blocked, id=17932, stack(0x0000001118b00000,0x0000001118c00000) (1024K)]
  0x0000013d1e440d80 JavaThread "Signal Dispatcher"          daemon [_thread_blocked, id=17392, stack(0x0000001118c00000,0x0000001118d00000) (1024K)]
  0x0000013d1e4417d0 JavaThread "Attach Listener"            daemon [_thread_blocked, id=5428, stack(0x0000001118d00000,0x0000001118e00000) (1024K)]
  0x0000013d1e442220 JavaThread "Service Thread"             daemon [_thread_blocked, id=17732, stack(0x0000001118e00000,0x0000001118f00000) (1024K)]
  0x0000013d1e444c80 JavaThread "Monitor Deflation Thread"   daemon [_thread_blocked, id=10944, stack(0x0000001118f00000,0x0000001119000000) (1024K)]
  0x0000013d1e445a00 JavaThread "C2 CompilerThread0"         daemon [_thread_blocked, id=17640, stack(0x0000001119000000,0x0000001119100000) (1024K)]
  0x0000013d1e45b710 JavaThread "C1 CompilerThread0"         daemon [_thread_blocked, id=15040, stack(0x0000001119100000,0x0000001119200000) (1024K)]
  0x0000013d03596640 JavaThread "Common-Cleaner"             daemon [_thread_blocked, id=9428, stack(0x0000001119200000,0x0000001119300000) (1024K)]
  0x0000013d1e65f2f0 JavaThread "Notification Thread"        daemon [_thread_blocked, id=17068, stack(0x0000001119300000,0x0000001119400000) (1024K)]
  0x0000013d323f2220 JavaThread "Daemon health stats"               [_thread_blocked, id=16932, stack(0x0000001119700000,0x0000001119800000) (1024K)]
  0x0000013d31750b90 JavaThread "Incoming local TCP Connector on port 61239"        [_thread_in_native, id=932, stack(0x0000001119800000,0x0000001119900000) (1024K)]
  0x0000013d325df570 JavaThread "Daemon periodic checks"            [_thread_blocked, id=13244, stack(0x0000001119900000,0x0000001119a00000) (1024K)]
  0x0000013d326ed8b0 JavaThread "Daemon"                            [_thread_blocked, id=9512, stack(0x0000001119a00000,0x0000001119b00000) (1024K)]
  0x0000013d326edf10 JavaThread "Handler for socket connection from /127.0.0.1:61239 to /127.0.0.1:61240"        [_thread_in_native, id=6984, stack(0x0000001119b00000,0x0000001119c00000) (1024K)]
  0x0000013d32718640 JavaThread "Cancel handler"                    [_thread_blocked, id=12896, stack(0x0000001119c00000,0x0000001119d00000) (1024K)]
  0x0000013d3271a440 JavaThread "Daemon worker"                     [_thread_blocked, id=19220, stack(0x0000001119d00000,0x0000001119e00000) (1024K)]
  0x0000013d327a1230 JavaThread "Asynchronous log dispatcher for DefaultDaemonConnection: socket connection from /127.0.0.1:61239 to /127.0.0.1:61240"        [_thread_blocked, id=11868, stack(0x0000001119e00000,0x0000001119f00000) (1024K)]
  0x0000013d327a2c70 JavaThread "Stdin handler"                     [_thread_blocked, id=4788, stack(0x0000001119f00000,0x000000111a000000) (1024K)]
  0x0000013d327a18c0 JavaThread "Daemon client event forwarder"        [_thread_blocked, id=7464, stack(0x000000111a000000,0x000000111a100000) (1024K)]
  0x0000013d327a1f50 JavaThread "Cache worker for journal cache (C:\Users\DELL\.gradle\caches\journal-1)"        [_thread_blocked, id=9980, stack(0x000000111a100000,0x000000111a200000) (1024K)]
  0x0000013d327a0ba0 JavaThread "File lock request listener"        [_thread_in_native, id=4756, stack(0x000000111a200000,0x000000111a300000) (1024K)]
  0x0000013d3279fe80 JavaThread "Cache worker for file hash cache (C:\Users\DELL\.gradle\caches\9.3.1\fileHashes)"        [_thread_blocked, id=17276, stack(0x000000111a300000,0x000000111a400000) (1024K)]
  0x0000013d327a0510 JavaThread "Cache worker for file hash cache (C:\Users\DELL\Desktop\kavachsecurecom\android-app\.gradle\9.3.1\fileHashes)"        [_thread_blocked, id=14416, stack(0x000000111a400000,0x000000111a500000) (1024K)]
  0x0000013d327a3300 JavaThread "Cache worker for Build Output Cleanup Cache (C:\Users\DELL\Desktop\kavachsecurecom\android-app\.gradle\buildOutputCleanup)"        [_thread_blocked, id=12808, stack(0x000000111a500000,0x000000111a600000) (1024K)]
  0x0000013d327a25e0 JavaThread "File watcher server"        daemon [_thread_in_native, id=11944, stack(0x000000111a600000,0x000000111a700000) (1024K)]
  0x0000013d33756780 JavaThread "File watcher consumer"      daemon [_thread_blocked, id=11904, stack(0x000000111a700000,0x000000111a800000) (1024K)]
  0x0000013d337546b0 JavaThread "Cache worker for checksums cache (C:\Users\DELL\Desktop\kavachsecurecom\android-app\.gradle\9.3.1\checksums)"        [_thread_blocked, id=18408, stack(0x000000111a800000,0x000000111a900000) (1024K)]
  0x0000013d33754020 JavaThread "Cache worker for file content cache (C:\Users\DELL\.gradle\caches\9.3.1\fileContent)"        [_thread_blocked, id=10268, stack(0x000000111a900000,0x000000111aa00000) (1024K)]
  0x0000013d337574a0 JavaThread "Cache worker for cache directory md-supplier (C:\Users\DELL\.gradle\caches\9.3.1\md-supplier)"        [_thread_blocked, id=17332, stack(0x000000111aa00000,0x000000111ab00000) (1024K)]
  0x0000013d337553d0 JavaThread "Cache worker for cache directory md-rule (C:\Users\DELL\.gradle\caches\9.3.1\md-rule)"        [_thread_blocked, id=16088, stack(0x000000111ab00000,0x000000111ac00000) (1024K)]
  0x0000013d33756e10 JavaThread "Unconstrained build operations"        [_thread_blocked, id=14184, stack(0x000000111ac00000,0x000000111ad00000) (1024K)]
  0x0000013d33750ba0 JavaThread "Unconstrained build operations Thread 2"        [_thread_blocked, id=9080, stack(0x000000111ad00000,0x000000111ae00000) (1024K)]
  0x0000013d337581c0 JavaThread "Unconstrained build operations Thread 3"        [_thread_blocked, id=16872, stack(0x000000111ae00000,0x000000111af00000) (1024K)]
  0x0000013d33751230 JavaThread "Kotlin DSL Writer"                 [_thread_blocked, id=17504, stack(0x000000111af00000,0x000000111b000000) (1024K)]
Total: 36

Other Threads:
=>0x0000013d035a4060 VMThread "VM Thread"                           [id=17692, stack(0x0000001118900000,0x0000001118a00000) (1024K)]
  0x0000013d1e42b670 WatcherThread "VM Periodic Task Thread"        [id=10364, stack(0x0000001118800000,0x0000001118900000) (1024K)]
  0x0000013d0351d1d0 WorkerThread "GC Thread#0"                     [id=9932, stack(0x0000001118300000,0x0000001118400000) (1024K)]
  0x0000013d1e70db30 WorkerThread "GC Thread#1"                     [id=380, stack(0x0000001119400000,0x0000001119500000) (1024K)]
  0x0000013d1e7e9ed0 WorkerThread "GC Thread#2"                     [id=18012, stack(0x0000001119500000,0x0000001119600000) (1024K)]
  0x0000013d31847ac0 WorkerThread "GC Thread#3"                     [id=17740, stack(0x0000001119600000,0x0000001119700000) (1024K)]
  0x0000013d03527120 ConcurrentGCThread "G1 Main Marker"            [id=18060, stack(0x0000001118400000,0x0000001118500000) (1024K)]
  0x0000013d03528170 WorkerThread "G1 Conc#0"                       [id=8032, stack(0x0000001118500000,0x0000001118600000) (1024K)]
  0x0000013d03583aa0 ConcurrentGCThread "G1 Refine#0"               [id=4860, stack(0x0000001118600000,0x0000001118700000) (1024K)]
  0x0000013d035843c0 ConcurrentGCThread "G1 Service"                [id=5960, stack(0x0000001118700000,0x0000001118800000) (1024K)]
Total: 10

Threads with active compile tasks:
Total: 0

VM state: at safepoint (normal execution)

VM Mutex/Monitor currently owned by a thread:  ([mutex/lock_event])
[0x00007ffb7b23e308] Threads_lock - owner thread: 0x0000013d035a4060
[0x00007ffb7b23e408] Heap_lock - owner thread: 0x0000013d3271a440

Heap address: 0x00000000c0000000, size: 1024 MB, Compressed Oops mode: 32-bit

CDS archive(s) mapped at: [0x0000013d1f000000-0x0000013d1fc80000-0x0000013d1fc80000), size 13107200, SharedBaseAddress: 0x0000013d1f000000, ArchiveRelocationMode: 1.
Compressed class space mapped at: 0x0000013d20000000-0x0000013d2d000000, reserved size: 218103808
Narrow klass base: 0x0000013d1f000000, Narrow klass shift: 0, Narrow klass range: 0x100000000

GC Precious Log:
 CardTable entry size: 512
 Card Set container configuration: InlinePtr #cards 5 size 8 Array Of Cards #cards 12 size 40 Howl #buckets 4 coarsen threshold 1843 Howl Bitmap #cards 512 size 80 coarsen threshold 460 Card regions per heap region 1 cards per card region 2048
 CPUs: 4 total, 4 available
 Memory: 3862M
 Large Page Support: Disabled
 NUMA Support: Disabled
 Compressed Oops: Enabled (32-bit)
 Heap Region Size: 1M
 Heap Min Capacity: 8M
 Heap Initial Capacity: 62M
 Heap Max Capacity: 1G
 Pre-touch: Disabled
 Parallel Workers: 4
 Concurrent Workers: 1
 Concurrent Refinement Workers: 4
 Periodic GC: Disabled

Heap:
 garbage-first heap   total 100352K, used 70110K [0x00000000c0000000, 0x0000000100000000)
  region size 1024K, 2 young (2048K), 2 survivors (2048K)
 Metaspace       used 84524K, committed 86464K, reserved 344064K
  class space    used 11721K, committed 12672K, reserved 212992K

Heap Regions: E=young(eden), S=young(survivor), O=old, HS=humongous(starts), HC=humongous(continues), CS=collection set, F=free, TAMS=top-at-mark-start, PB=parsable bottom
|   0|0x00000000c0000000, 0x00000000c0100000, 0x00000000c0100000|100%|HS|  |TAMS 0x00000000c0100000| PB 0x00000000c0000000| Complete 
|   1|0x00000000c0100000, 0x00000000c0200000, 0x00000000c0200000|100%|HC|  |TAMS 0x00000000c0200000| PB 0x00000000c0100000| Complete 
|   2|0x00000000c0200000, 0x00000000c0300000, 0x00000000c0300000|100%|HC|  |TAMS 0x00000000c0300000| PB 0x00000000c0200000| Complete 
|   3|0x00000000c0300000, 0x00000000c0400000, 0x00000000c0400000|100%|HC|  |TAMS 0x00000000c0400000| PB 0x00000000c0300000| Complete 
|   4|0x00000000c0400000, 0x00000000c0500000, 0x00000000c0500000|100%| O|  |TAMS 0x00000000c0500000| PB 0x00000000c0400000| Untracked 
|   5|0x00000000c0500000, 0x00000000c0600000, 0x00000000c0600000|100%| O|  |TAMS 0x00000000c0600000| PB 0x00000000c0500000| Untracked 
|   6|0x00000000c0600000, 0x00000000c0700000, 0x00000000c0700000|100%| O|  |TAMS 0x00000000c0700000| PB 0x00000000c0600000| Untracked 
|   7|0x00000000c0700000, 0x00000000c0800000, 0x00000000c0800000|100%| O|  |TAMS 0x00000000c0800000| PB 0x00000000c0700000| Untracked 
|   8|0x00000000c0800000, 0x00000000c0900000, 0x00000000c0900000|100%| O|  |TAMS 0x00000000c0900000| PB 0x00000000c0800000| Untracked 
|   9|0x00000000c0900000, 0x00000000c0a00000, 0x00000000c0a00000|100%| O|  |TAMS 0x00000000c0a00000| PB 0x00000000c0900000| Untracked 
|  10|0x00000000c0a00000, 0x00000000c0b00000, 0x00000000c0b00000|100%| O|  |TAMS 0x00000000c0b00000| PB 0x00000000c0a00000| Untracked 
|  11|0x00000000c0b00000, 0x00000000c0c00000, 0x00000000c0c00000|100%|HS|  |TAMS 0x00000000c0c00000| PB 0x00000000c0b00000| Complete 
|  12|0x00000000c0c00000, 0x00000000c0d00000, 0x00000000c0d00000|100%| O|  |TAMS 0x00000000c0d00000| PB 0x00000000c0c00000| Untracked 
|  13|0x00000000c0d00000, 0x00000000c0e00000, 0x00000000c0e00000|100%| O|  |TAMS 0x00000000c0e00000| PB 0x00000000c0d00000| Untracked 
|  14|0x00000000c0e00000, 0x00000000c0f00000, 0x00000000c0f00000|100%| O|  |TAMS 0x00000000c0f00000| PB 0x00000000c0e00000| Untracked 
|  15|0x00000000c0f00000, 0x00000000c1000000, 0x00000000c1000000|100%| O|  |TAMS 0x00000000c1000000| PB 0x00000000c0f00000| Untracked 
|  16|0x00000000c1000000, 0x00000000c1100000, 0x00000000c1100000|100%| O|  |TAMS 0x00000000c1100000| PB 0x00000000c1000000| Untracked 
|  17|0x00000000c1100000, 0x00000000c1200000, 0x00000000c1200000|100%| O|  |TAMS 0x00000000c1200000| PB 0x00000000c1100000| Untracked 
|  18|0x00000000c1200000, 0x00000000c1300000, 0x00000000c1300000|100%| O|  |TAMS 0x00000000c1300000| PB 0x00000000c1200000| Untracked 
|  19|0x00000000c1300000, 0x00000000c1400000, 0x00000000c1400000|100%| O|  |TAMS 0x00000000c1400000| PB 0x00000000c1300000| Untracked 
|  20|0x00000000c1400000, 0x00000000c1500000, 0x00000000c1500000|100%| O|  |TAMS 0x00000000c1500000| PB 0x00000000c1400000| Untracked 
|  21|0x00000000c1500000, 0x00000000c1600000, 0x00000000c1600000|100%| O|  |TAMS 0x00000000c1600000| PB 0x00000000c1500000| Untracked 
|  22|0x00000000c1600000, 0x00000000c1700000, 0x00000000c1700000|100%| O|  |TAMS 0x00000000c1700000| PB 0x00000000c1600000| Untracked 
|  23|0x00000000c1700000, 0x00000000c1800000, 0x00000000c1800000|100%| O|  |TAMS 0x00000000c1800000| PB 0x00000000c1700000| Untracked 
|  24|0x00000000c1800000, 0x00000000c1900000, 0x00000000c1900000|100%| O|  |TAMS 0x00000000c1900000| PB 0x00000000c1800000| Untracked 
|  25|0x00000000c1900000, 0x00000000c1a00000, 0x00000000c1a00000|100%| O|  |TAMS 0x00000000c1a00000| PB 0x00000000c1900000| Untracked 
|  26|0x00000000c1a00000, 0x00000000c1b00000, 0x00000000c1b00000|100%| O|  |TAMS 0x00000000c1b00000| PB 0x00000000c1a00000| Untracked 
|  27|0x00000000c1b00000, 0x00000000c1c00000, 0x00000000c1c00000|100%| O|  |TAMS 0x00000000c1c00000| PB 0x00000000c1b00000| Untracked 
|  28|0x00000000c1c00000, 0x00000000c1d00000, 0x00000000c1d00000|100%| O|  |TAMS 0x00000000c1d00000| PB 0x00000000c1c00000| Untracked 
|  29|0x00000000c1d00000, 0x00000000c1e00000, 0x00000000c1e00000|100%| O|  |TAMS 0x00000000c1e00000| PB 0x00000000c1d00000| Untracked 
|  30|0x00000000c1e00000, 0x00000000c1f00000, 0x00000000c1f00000|100%| O|  |TAMS 0x00000000c1f00000| PB 0x00000000c1e00000| Untracked 
|  31|0x00000000c1f00000, 0x00000000c2000000, 0x00000000c2000000|100%| O|  |TAMS 0x00000000c2000000| PB 0x00000000c1f00000| Untracked 
|  32|0x00000000c2000000, 0x00000000c2100000, 0x00000000c2100000|100%| O|  |TAMS 0x00000000c2100000| PB 0x00000000c2000000| Untracked 
|  33|0x00000000c2100000, 0x00000000c2200000, 0x00000000c2200000|100%| O|  |TAMS 0x00000000c2200000| PB 0x00000000c2100000| Untracked 
|  34|0x00000000c2200000, 0x00000000c2300000, 0x00000000c2300000|100%| O|  |TAMS 0x00000000c2300000| PB 0x00000000c2200000| Untracked 
|  35|0x00000000c2300000, 0x00000000c2400000, 0x00000000c2400000|100%| O|  |TAMS 0x00000000c2400000| PB 0x00000000c2300000| Untracked 
|  36|0x00000000c2400000, 0x00000000c2500000, 0x00000000c2500000|100%| O|  |TAMS 0x00000000c2500000| PB 0x00000000c2400000| Untracked 
|  37|0x00000000c2500000, 0x00000000c2600000, 0x00000000c2600000|100%| O|  |TAMS 0x00000000c2600000| PB 0x00000000c2500000| Untracked 
|  38|0x00000000c2600000, 0x00000000c2700000, 0x00000000c2700000|100%| O|  |TAMS 0x00000000c2700000| PB 0x00000000c2600000| Untracked 
|  39|0x00000000c2700000, 0x00000000c2800000, 0x00000000c2800000|100%| O|  |TAMS 0x00000000c2800000| PB 0x00000000c2700000| Untracked 
|  40|0x00000000c2800000, 0x00000000c2900000, 0x00000000c2900000|100%| O|  |TAMS 0x00000000c2900000| PB 0x00000000c2800000| Untracked 
|  41|0x00000000c2900000, 0x00000000c2a00000, 0x00000000c2a00000|100%| O|  |TAMS 0x00000000c2a00000| PB 0x00000000c2900000| Untracked 
|  42|0x00000000c2a00000, 0x00000000c2b00000, 0x00000000c2b00000|100%| O|  |TAMS 0x00000000c2a00000| PB 0x00000000c2a00000| Untracked 
|  43|0x00000000c2b00000, 0x00000000c2c00000, 0x00000000c2c00000|100%| O|  |TAMS 0x00000000c2b00000| PB 0x00000000c2b00000| Untracked 
|  44|0x00000000c2c00000, 0x00000000c2d00000, 0x00000000c2d00000|100%| O|  |TAMS 0x00000000c2d00000| PB 0x00000000c2c00000| Untracked 
|  45|0x00000000c2d00000, 0x00000000c2e00000, 0x00000000c2e00000|100%| O|  |TAMS 0x00000000c2e00000| PB 0x00000000c2d00000| Untracked 
|  46|0x00000000c2e00000, 0x00000000c2f00000, 0x00000000c2f00000|100%| O|  |TAMS 0x00000000c2f00000| PB 0x00000000c2e00000| Untracked 
|  47|0x00000000c2f00000, 0x00000000c3000000, 0x00000000c3000000|100%| O|  |TAMS 0x00000000c3000000| PB 0x00000000c2f00000| Untracked 
|  48|0x00000000c3000000, 0x00000000c3100000, 0x00000000c3100000|100%| O|  |TAMS 0x00000000c3100000| PB 0x00000000c3000000| Untracked 
|  49|0x00000000c3100000, 0x00000000c3200000, 0x00000000c3200000|100%| O|  |TAMS 0x00000000c3200000| PB 0x00000000c3100000| Untracked 
|  50|0x00000000c3200000, 0x00000000c3300000, 0x00000000c3300000|100%| O|  |TAMS 0x00000000c3300000| PB 0x00000000c3200000| Untracked 
|  51|0x00000000c3300000, 0x00000000c3400000, 0x00000000c3400000|100%| O|  |TAMS 0x00000000c3400000| PB 0x00000000c3300000| Untracked 
|  52|0x00000000c3400000, 0x00000000c3500000, 0x00000000c3500000|100%| O|  |TAMS 0x00000000c3500000| PB 0x00000000c3400000| Untracked 
|  53|0x00000000c3500000, 0x00000000c3600000, 0x00000000c3600000|100%| O|  |TAMS 0x00000000c3600000| PB 0x00000000c3500000| Untracked 
|  54|0x00000000c3600000, 0x00000000c3700000, 0x00000000c3700000|100%| O|  |TAMS 0x00000000c3700000| PB 0x00000000c3600000| Untracked 
|  55|0x00000000c3700000, 0x00000000c3800000, 0x00000000c3800000|100%| O|  |TAMS 0x00000000c3800000| PB 0x00000000c3700000| Untracked 
|  56|0x00000000c3800000, 0x00000000c3900000, 0x00000000c3900000|100%| O|  |TAMS 0x00000000c3900000| PB 0x00000000c3800000| Untracked 
|  57|0x00000000c3900000, 0x00000000c3a00000, 0x00000000c3a00000|100%| O|  |TAMS 0x00000000c3a00000| PB 0x00000000c3900000| Untracked 
|  58|0x00000000c3a00000, 0x00000000c3b00000, 0x00000000c3b00000|100%| O|  |TAMS 0x00000000c3b00000| PB 0x00000000c3a00000| Untracked 
|  59|0x00000000c3b00000, 0x00000000c3c00000, 0x00000000c3c00000|100%| O|  |TAMS 0x00000000c3c00000| PB 0x00000000c3b00000| Untracked 
|  60|0x00000000c3c00000, 0x00000000c3d00000, 0x00000000c3d00000|100%| O|  |TAMS 0x00000000c3d00000| PB 0x00000000c3c00000| Untracked 
|  61|0x00000000c3d00000, 0x00000000c3e00000, 0x00000000c3e00000|100%| O|  |TAMS 0x00000000c3e00000| PB 0x00000000c3d00000| Untracked 
|  62|0x00000000c3e00000, 0x00000000c3f00000, 0x00000000c3f00000|100%| O|  |TAMS 0x00000000c3f00000| PB 0x00000000c3e00000| Untracked 
|  63|0x00000000c3f00000, 0x00000000c3f00000, 0x00000000c4000000|  0%| F|  |TAMS 0x00000000c3f00000| PB 0x00000000c3f00000| Untracked 
|  64|0x00000000c4000000, 0x00000000c4000000, 0x00000000c4100000|  0%| F|  |TAMS 0x00000000c4000000| PB 0x00000000c4000000| Untracked 
|  65|0x00000000c4100000, 0x00000000c4100000, 0x00000000c4200000|  0%| F|  |TAMS 0x00000000c4100000| PB 0x00000000c4100000| Untracked 
|  66|0x00000000c4200000, 0x00000000c4200000, 0x00000000c4300000|  0%| F|  |TAMS 0x00000000c4200000| PB 0x00000000c4200000| Untracked 
|  67|0x00000000c4300000, 0x00000000c4300000, 0x00000000c4400000|  0%| F|  |TAMS 0x00000000c4300000| PB 0x00000000c4300000| Untracked 
|  68|0x00000000c4400000, 0x00000000c4400000, 0x00000000c4500000|  0%| F|  |TAMS 0x00000000c4400000| PB 0x00000000c4400000| Untracked 
|  69|0x00000000c4500000, 0x00000000c4500000, 0x00000000c4600000|  0%| F|  |TAMS 0x00000000c4500000| PB 0x00000000c4500000| Untracked 
|  70|0x00000000c4600000, 0x00000000c4600000, 0x00000000c4700000|  0%| F|  |TAMS 0x00000000c4600000| PB 0x00000000c4600000| Untracked 
|  71|0x00000000c4700000, 0x00000000c47778e0, 0x00000000c4800000| 46%| S|CS|TAMS 0x00000000c4700000| PB 0x00000000c4700000| Complete 
|  72|0x00000000c4800000, 0x00000000c4900000, 0x00000000c4900000|100%| S|CS|TAMS 0x00000000c4800000| PB 0x00000000c4800000| Complete 
|  73|0x00000000c4900000, 0x00000000c4900000, 0x00000000c4a00000|  0%| F|  |TAMS 0x00000000c4900000| PB 0x00000000c4900000| Untracked 
|  74|0x00000000c4a00000, 0x00000000c4a00000, 0x00000000c4b00000|  0%| F|  |TAMS 0x00000000c4a00000| PB 0x00000000c4a00000| Untracked 
|  75|0x00000000c4b00000, 0x00000000c4b00000, 0x00000000c4c00000|  0%| F|  |TAMS 0x00000000c4b00000| PB 0x00000000c4b00000| Untracked 
|  76|0x00000000c4c00000, 0x00000000c4c00000, 0x00000000c4d00000|  0%| F|  |TAMS 0x00000000c4c00000| PB 0x00000000c4c00000| Untracked 
|  77|0x00000000c4d00000, 0x00000000c4d00000, 0x00000000c4e00000|  0%| F|  |TAMS 0x00000000c4d00000| PB 0x00000000c4d00000| Untracked 
|  78|0x00000000c4e00000, 0x00000000c4e00000, 0x00000000c4f00000|  0%| F|  |TAMS 0x00000000c4e00000| PB 0x00000000c4e00000| Untracked 
|  79|0x00000000c4f00000, 0x00000000c4f00000, 0x00000000c5000000|  0%| F|  |TAMS 0x00000000c4f00000| PB 0x00000000c4f00000| Untracked 
|  80|0x00000000c5000000, 0x00000000c5000000, 0x00000000c5100000|  0%| F|  |TAMS 0x00000000c5000000| PB 0x00000000c5000000| Untracked 
|  81|0x00000000c5100000, 0x00000000c5100000, 0x00000000c5200000|  0%| F|  |TAMS 0x00000000c5100000| PB 0x00000000c5100000| Untracked 
|  82|0x00000000c5200000, 0x00000000c5200000, 0x00000000c5300000|  0%| F|  |TAMS 0x00000000c5200000| PB 0x00000000c5200000| Untracked 
|  83|0x00000000c5300000, 0x00000000c5300000, 0x00000000c5400000|  0%| F|  |TAMS 0x00000000c5300000| PB 0x00000000c5300000| Untracked 
|  84|0x00000000c5400000, 0x00000000c5400000, 0x00000000c5500000|  0%| F|  |TAMS 0x00000000c5400000| PB 0x00000000c5400000| Untracked 
|  85|0x00000000c5500000, 0x00000000c5500000, 0x00000000c5600000|  0%| F|  |TAMS 0x00000000c5500000| PB 0x00000000c5500000| Untracked 
|  86|0x00000000c5600000, 0x00000000c5600000, 0x00000000c5700000|  0%| F|  |TAMS 0x00000000c5600000| PB 0x00000000c5600000| Untracked 
|  87|0x00000000c5700000, 0x00000000c5700000, 0x00000000c5800000|  0%| F|  |TAMS 0x00000000c5700000| PB 0x00000000c5700000| Untracked 
|  88|0x00000000c5800000, 0x00000000c5800000, 0x00000000c5900000|  0%| F|  |TAMS 0x00000000c5800000| PB 0x00000000c5800000| Untracked 
|  89|0x00000000c5900000, 0x00000000c5900000, 0x00000000c5a00000|  0%| F|  |TAMS 0x00000000c5900000| PB 0x00000000c5900000| Untracked 
|  90|0x00000000c5a00000, 0x00000000c5a00000, 0x00000000c5b00000|  0%| F|  |TAMS 0x00000000c5a00000| PB 0x00000000c5a00000| Untracked 
|  91|0x00000000c5b00000, 0x00000000c5b00000, 0x00000000c5c00000|  0%| F|  |TAMS 0x00000000c5b00000| PB 0x00000000c5b00000| Untracked 
|  92|0x00000000c5c00000, 0x00000000c5c00000, 0x00000000c5d00000|  0%| F|  |TAMS 0x00000000c5c00000| PB 0x00000000c5c00000| Untracked 
|  93|0x00000000c5d00000, 0x00000000c5d00000, 0x00000000c5e00000|  0%| F|  |TAMS 0x00000000c5d00000| PB 0x00000000c5d00000| Untracked 
|1020|0x00000000ffc00000, 0x00000000ffd00000, 0x00000000ffd00000|100%| O|  |TAMS 0x00000000ffd00000| PB 0x00000000ffc00000| Untracked 
|1021|0x00000000ffd00000, 0x00000000ffe00000, 0x00000000ffe00000|100%| O|  |TAMS 0x00000000ffe00000| PB 0x00000000ffd00000| Untracked 
|1022|0x00000000ffe00000, 0x00000000fff00000, 0x00000000fff00000|100%| O|  |TAMS 0x00000000fff00000| PB 0x00000000ffe00000| Untracked 
|1023|0x00000000fff00000, 0x0000000100000000, 0x0000000100000000|100%| O|  |TAMS 0x0000000100000000| PB 0x00000000fff00000| Untracked 

Card table byte_map: [0x0000013d1ade0000,0x0000013d1afe0000] _byte_map_base: 0x0000013d1a7e0000

Marking Bits: (CMBitMap*) 0x0000013d0351e690
 Bits: [0x0000013d1afe0000, 0x0000013d1bfe0000)

Polling page: 0x0000013d02cb0000

Metaspace:

Usage:
  Non-class:     71.10 MB used.
      Class:     11.45 MB used.
       Both:     82.54 MB used.

Virtual space:
  Non-class space:      128.00 MB reserved,      72.06 MB ( 56%) committed,  2 nodes.
      Class space:      208.00 MB reserved,      12.38 MB (  6%) committed,  1 nodes.
             Both:      336.00 MB reserved,      84.44 MB ( 25%) committed. 

Chunk freelists:
   Non-Class:  7.31 MB
       Class:  3.53 MB
        Both:  10.84 MB

MaxMetaspaceSize: 256.00 MB
CompressedClassSpaceSize: 208.00 MB
Initial GC threshold: 21.00 MB
Current GC threshold: 133.38 MB
CDS: on
 - commit_granule_bytes: 65536.
 - commit_granule_words: 8192.
 - virtual_space_node_default_size: 8388608.
 - enlarge_chunks_in_place: 1.
 - use_allocation_guard: 0.


Internal statistics:

num_allocs_failed_limit: 6.
num_arena_births: 3388.
num_arena_deaths: 0.
num_vsnodes_births: 3.
num_vsnodes_deaths: 0.
num_space_committed: 1351.
num_space_uncommitted: 0.
num_chunks_returned_to_freelist: 6.
num_chunks_taken_from_freelist: 7021.
num_chunk_merges: 6.
num_chunk_splits: 4821.
num_chunks_enlarged: 3322.
num_inconsistent_stats: 0.

CodeHeap 'non-profiled nmethods': size=120000Kb used=3176Kb max_used=3426Kb free=116823Kb
 bounds [0x0000013d136b0000, 0x0000013d13a10000, 0x0000013d1abe0000]
CodeHeap 'profiled nmethods': size=120000Kb used=11653Kb max_used=11996Kb free=108346Kb
 bounds [0x0000013d0bbe0000, 0x0000013d0c7a0000, 0x0000013d13110000]
CodeHeap 'non-nmethods': size=5760Kb used=2365Kb max_used=2372Kb free=3394Kb
 bounds [0x0000013d13110000, 0x0000013d13380000, 0x0000013d136b0000]
 total_blobs=7061 nmethods=6213 adapters=752
 compilation: enabled
              stopped_count=0, restarted_count=0
 full_count=0

Compilation events (20 events):
Event: 18.710 Thread 0x0000013d1e45b710 7407       3       kotlin.reflect.jvm.internal.impl.name.ClassId::<init> (26 bytes)
Event: 18.711 Thread 0x0000013d1e45b710 nmethod 7407 0x0000013d0c56b610 code [0x0000013d0c56b9c0, 0x0000013d0c56cf18]
Event: 18.763 Thread 0x0000013d1e445a00 7408       4       sun.net.www.ParseUtil::match (50 bytes)
Event: 18.764 Thread 0x0000013d1e445a00 nmethod 7408 0x0000013d1399a490 code [0x0000013d1399a620, 0x0000013d1399a718]
Event: 18.793 Thread 0x0000013d1e45b710 7409       3       java.lang.ClassValue$ClassValueMap::probeBackupLocations (151 bytes)
Event: 18.794 Thread 0x0000013d1e45b710 nmethod 7409 0x0000013d0bd8b810 code [0x0000013d0bd8bac0, 0x0000013d0bd8d050]
Event: 18.799 Thread 0x0000013d1e45b710 7410   !   3       java.lang.ClassValue::getFromHashMap (70 bytes)
Event: 18.799 Thread 0x0000013d1e45b710 nmethod 7410 0x0000013d0c00e890 code [0x0000013d0c00eb20, 0x0000013d0c00f798]
Event: 18.815 Thread 0x0000013d1e45b710 7411       3       java.lang.Class::getSimpleName (36 bytes)
Event: 18.815 Thread 0x0000013d1e45b710 nmethod 7411 0x0000013d0c1cfe90 code [0x0000013d0c1d0060, 0x0000013d0c1d0318]
Event: 18.817 Thread 0x0000013d1e45b710 7412       3       kotlin.reflect.jvm.internal.impl.name.FqNameUnsafe::indexOfLastDotWithBackticksSupport (71 bytes)
Event: 18.818 Thread 0x0000013d1e45b710 nmethod 7412 0x0000013d0bcfa910 code [0x0000013d0bcfab40, 0x0000013d0bcfb3b0]
Event: 18.821 Thread 0x0000013d1e45b710 7413       3       org.jetbrains.kotlin.name.Name::<init> (23 bytes)
Event: 18.821 Thread 0x0000013d1e45b710 nmethod 7413 0x0000013d0c56b110 code [0x0000013d0c56b2c0, 0x0000013d0c56b500]
Event: 18.821 Thread 0x0000013d1e45b710 7414       3       org.jetbrains.kotlin.name.Name::identifier (18 bytes)
Event: 18.821 Thread 0x0000013d1e45b710 nmethod 7414 0x0000013d0c57ec10 code [0x0000013d0c57ede0, 0x0000013d0c57f120]
Event: 18.821 Thread 0x0000013d1e45b710 7415       1       org.jetbrains.kotlin.name.FqName::toUnsafe (5 bytes)
Event: 18.821 Thread 0x0000013d1e45b710 nmethod 7415 0x0000013d1399a190 code [0x0000013d1399a320, 0x0000013d1399a3e8]
Event: 18.834 Thread 0x0000013d1e45b710 7416       3       kotlin.reflect.jvm.internal.impl.name.ClassId::asSingleFqName (60 bytes)
Event: 18.835 Thread 0x0000013d1e45b710 nmethod 7416 0x0000013d0c1c6890 code [0x0000013d0c1c6b20, 0x0000013d0c1c74c8]

GC Heap History (20 events):
Event: 10.582 GC heap after
{Heap after GC invocations=17 (full 0):
 garbage-first heap   total 76800K, used 37579K [0x00000000c0000000, 0x0000000100000000)
  region size 1024K, 3 young (3072K), 3 survivors (3072K)
 Metaspace       used 47313K, committed 49024K, reserved 278528K
  class space    used 6767K, committed 7616K, reserved 212992K
}
Event: 12.217 GC heap before
{Heap before GC invocations=17 (full 0):
 garbage-first heap   total 76800K, used 68299K [0x00000000c0000000, 0x0000000100000000)
  region size 1024K, 33 young (33792K), 3 survivors (3072K)
 Metaspace       used 56633K, committed 58368K, reserved 278528K
  class space    used 7936K, committed 8832K, reserved 212992K
}
Event: 12.230 GC heap after
{Heap after GC invocations=18 (full 0):
 garbage-first heap   total 76800K, used 40362K [0x00000000c0000000, 0x0000000100000000)
  region size 1024K, 5 young (5120K), 5 survivors (5120K)
 Metaspace       used 56633K, committed 58368K, reserved 278528K
  class space    used 7936K, committed 8832K, reserved 212992K
}
Event: 12.552 GC heap before
{Heap before GC invocations=19 (full 0):
 garbage-first heap   total 76800K, used 65962K [0x00000000c0000000, 0x0000000100000000)
  region size 1024K, 30 young (30720K), 5 survivors (5120K)
 Metaspace       used 57486K, committed 59264K, reserved 278528K
  class space    used 8024K, committed 8896K, reserved 212992K
}
Event: 12.564 GC heap after
{Heap after GC invocations=20 (full 0):
 garbage-first heap   total 76800K, used 45558K [0x00000000c0000000, 0x0000000100000000)
  region size 1024K, 4 young (4096K), 4 survivors (4096K)
 Metaspace       used 57486K, committed 59264K, reserved 278528K
  class space    used 8024K, committed 8896K, reserved 212992K
}
Event: 13.814 GC heap before
{Heap before GC invocations=20 (full 0):
 garbage-first heap   total 76800K, used 67062K [0x00000000c0000000, 0x0000000100000000)
  region size 1024K, 25 young (25600K), 4 survivors (4096K)
 Metaspace       used 60141K, committed 61952K, reserved 278528K
  class space    used 8387K, committed 9280K, reserved 212992K
}
Event: 13.820 GC heap after
{Heap after GC invocations=21 (full 0):
 garbage-first heap   total 96256K, used 46510K [0x00000000c0000000, 0x0000000100000000)
  region size 1024K, 2 young (2048K), 2 survivors (2048K)
 Metaspace       used 60141K, committed 61952K, reserved 278528K
  class space    used 8387K, committed 9280K, reserved 212992K
}
Event: 15.724 GC heap before
{Heap before GC invocations=21 (full 0):
 garbage-first heap   total 96256K, used 82350K [0x00000000c0000000, 0x0000000100000000)
  region size 1024K, 38 young (38912K), 2 survivors (2048K)
 Metaspace       used 64885K, committed 66752K, reserved 278528K
  class space    used 8969K, committed 9920K, reserved 212992K
}
Event: 15.733 GC heap after
{Heap after GC invocations=22 (full 0):
 garbage-first heap   total 96256K, used 47461K [0x00000000c0000000, 0x0000000100000000)
  region size 1024K, 3 young (3072K), 3 survivors (3072K)
 Metaspace       used 64885K, committed 66752K, reserved 278528K
  class space    used 8969K, committed 9920K, reserved 212992K
}
Event: 16.737 GC heap before
{Heap before GC invocations=23 (full 0):
 garbage-first heap   total 96256K, used 85349K [0x00000000c0000000, 0x0000000100000000)
  region size 1024K, 40 young (40960K), 3 survivors (3072K)
 Metaspace       used 71350K, committed 73216K, reserved 278528K
  class space    used 10196K, committed 11136K, reserved 212992K
}
Event: 16.748 GC heap after
{Heap after GC invocations=24 (full 0):
 garbage-first heap   total 96256K, used 48424K [0x00000000c0000000, 0x0000000100000000)
  region size 1024K, 4 young (4096K), 4 survivors (4096K)
 Metaspace       used 71350K, committed 73216K, reserved 278528K
  class space    used 10196K, committed 11136K, reserved 212992K
}
Event: 17.257 GC heap before
{Heap before GC invocations=24 (full 0):
 garbage-first heap   total 96256K, used 85288K [0x00000000c0000000, 0x0000000100000000)
  region size 1024K, 40 young (40960K), 4 survivors (4096K)
 Metaspace       used 76615K, committed 78528K, reserved 344064K
  class space    used 10858K, committed 11776K, reserved 212992K
}
Event: 17.270 GC heap after
{Heap after GC invocations=25 (full 0):
 garbage-first heap   total 96256K, used 49343K [0x00000000c0000000, 0x0000000100000000)
  region size 1024K, 4 young (4096K), 4 survivors (4096K)
 Metaspace       used 76615K, committed 78528K, reserved 344064K
  class space    used 10858K, committed 11776K, reserved 212992K
}
Event: 17.900 GC heap before
{Heap before GC invocations=25 (full 0):
 garbage-first heap   total 96256K, used 85183K [0x00000000c0000000, 0x0000000100000000)
  region size 1024K, 39 young (39936K), 4 survivors (4096K)
 Metaspace       used 79974K, committed 81856K, reserved 344064K
  class space    used 11235K, committed 12160K, reserved 212992K
}
Event: 17.920 GC heap after
{Heap after GC invocations=26 (full 0):
 garbage-first heap   total 97280K, used 57246K [0x00000000c0000000, 0x0000000100000000)
  region size 1024K, 5 young (5120K), 5 survivors (5120K)
 Metaspace       used 79974K, committed 81856K, reserved 344064K
  class space    used 11235K, committed 12160K, reserved 212992K
}
Event: 18.174 GC heap before
{Heap before GC invocations=27 (full 0):
 garbage-first heap   total 97280K, used 84894K [0x00000000c0000000, 0x0000000100000000)
  region size 1024K, 32 young (32768K), 5 survivors (5120K)
 Metaspace       used 80010K, committed 81920K, reserved 344064K
  class space    used 11238K, committed 12160K, reserved 212992K
}
Event: 18.200 GC heap after
{Heap after GC invocations=28 (full 0):
 garbage-first heap   total 100352K, used 66776K [0x00000000c0000000, 0x0000000100000000)
  region size 1024K, 4 young (4096K), 4 survivors (4096K)
 Metaspace       used 80010K, committed 81920K, reserved 344064K
  class space    used 11238K, committed 12160K, reserved 212992K
}
Event: 18.559 GC heap before
{Heap before GC invocations=28 (full 0):
 garbage-first heap   total 100352K, used 86232K [0x00000000c0000000, 0x0000000100000000)
  region size 1024K, 23 young (23552K), 4 survivors (4096K)
 Metaspace       used 81948K, committed 83840K, reserved 344064K
  class space    used 11470K, committed 12416K, reserved 212992K
}
Event: 18.573 GC heap after
{Heap after GC invocations=29 (full 0):
 garbage-first heap   total 100352K, used 68608K [0x00000000c0000000, 0x0000000100000000)
  region size 1024K, 2 young (2048K), 2 survivors (2048K)
 Metaspace       used 81948K, committed 83840K, reserved 344064K
  class space    used 11470K, committed 12416K, reserved 212992K
}
Event: 18.883 GC heap before
{Heap before GC invocations=29 (full 0):
 garbage-first heap   total 100352K, used 87040K [0x00000000c0000000, 0x0000000100000000)
  region size 1024K, 21 young (21504K), 2 survivors (2048K)
 Metaspace       used 84524K, committed 86464K, reserved 344064K
  class space    used 11721K, committed 12672K, reserved 212992K
}

Dll operation events (15 events):
Event: 0.017 Loaded shared library C:\Users\DELL\.gradle\jdks\eclipse_adoptium-21-amd64-windows.2\bin\java.dll
Event: 0.063 Loaded shared library C:\Users\DELL\.gradle\jdks\eclipse_adoptium-21-amd64-windows.2\bin\jsvml.dll
Event: 0.147 Loaded shared library C:\Users\DELL\.gradle\jdks\eclipse_adoptium-21-amd64-windows.2\bin\zip.dll
Event: 0.153 Loaded shared library C:\Users\DELL\.gradle\jdks\eclipse_adoptium-21-amd64-windows.2\bin\instrument.dll
Event: 0.159 Loaded shared library C:\Users\DELL\.gradle\jdks\eclipse_adoptium-21-amd64-windows.2\bin\net.dll
Event: 0.163 Loaded shared library C:\Users\DELL\.gradle\jdks\eclipse_adoptium-21-amd64-windows.2\bin\nio.dll
Event: 0.166 Loaded shared library C:\Users\DELL\.gradle\jdks\eclipse_adoptium-21-amd64-windows.2\bin\zip.dll
Event: 0.502 Loaded shared library C:\Users\DELL\.gradle\jdks\eclipse_adoptium-21-amd64-windows.2\bin\jimage.dll
Event: 0.740 Loaded shared library C:\Users\DELL\.gradle\jdks\eclipse_adoptium-21-amd64-windows.2\bin\verify.dll
Event: 0.775 Loaded shared library C:\Users\DELL\.gradle\native\660c5614fbf4a5f2a75b1949f50a0caf5cd603558e7d8a26e50b933a0cfb79d1\windows-amd64\native-platform.dll
Event: 0.788 Loaded shared library C:\Users\DELL\.gradle\native\0.2.8\x86_64-windows-gnu\gradle-fileevents.dll
Event: 1.943 Loaded shared library C:\Users\DELL\.gradle\jdks\eclipse_adoptium-21-amd64-windows.2\bin\management.dll
Event: 1.949 Loaded shared library C:\Users\DELL\.gradle\jdks\eclipse_adoptium-21-amd64-windows.2\bin\management_ext.dll
Event: 2.114 Loaded shared library C:\Users\DELL\.gradle\jdks\eclipse_adoptium-21-amd64-windows.2\bin\extnet.dll
Event: 3.204 Loaded shared library C:\Users\DELL\.gradle\jdks\eclipse_adoptium-21-amd64-windows.2\bin\sunmscapi.dll

Deoptimization events (20 events):
Event: 18.608 Thread 0x0000013d3271a440 Uncommon trap: trap_request=0xffffffde fr.pc=0x0000013d137d15d4 relative=0x0000000000000974
Event: 18.608 Thread 0x0000013d3271a440 Uncommon trap: reason=class_check action=maybe_recompile pc=0x0000013d137d15d4 method=org.jetbrains.kotlin.cli.jvm.compiler.jarfs.LargeDynamicMappedBuffer.withMappedRange(JJLkotlin/jvm/functions/Function1;)Ljava/lang/Object; @ 209 c2
Event: 18.608 Thread 0x0000013d3271a440 DEOPT PACKING pc=0x0000013d137d15d4 sp=0x0000001119df4c20
Event: 18.608 Thread 0x0000013d3271a440 DEOPT UNPACKING pc=0x0000013d13167da2 sp=0x0000001119df4b98 mode 2
Event: 18.616 Thread 0x0000013d3271a440 Uncommon trap: trap_request=0xffffffde fr.pc=0x0000013d137d15d4 relative=0x0000000000000974
Event: 18.616 Thread 0x0000013d3271a440 Uncommon trap: reason=class_check action=maybe_recompile pc=0x0000013d137d15d4 method=org.jetbrains.kotlin.cli.jvm.compiler.jarfs.LargeDynamicMappedBuffer.withMappedRange(JJLkotlin/jvm/functions/Function1;)Ljava/lang/Object; @ 209 c2
Event: 18.616 Thread 0x0000013d3271a440 DEOPT PACKING pc=0x0000013d137d15d4 sp=0x0000001119df4c20
Event: 18.616 Thread 0x0000013d3271a440 DEOPT UNPACKING pc=0x0000013d13167da2 sp=0x0000001119df4b98 mode 2
Event: 18.620 Thread 0x0000013d3271a440 Uncommon trap: trap_request=0xffffffde fr.pc=0x0000013d137d15d4 relative=0x0000000000000974
Event: 18.620 Thread 0x0000013d3271a440 Uncommon trap: reason=class_check action=maybe_recompile pc=0x0000013d137d15d4 method=org.jetbrains.kotlin.cli.jvm.compiler.jarfs.LargeDynamicMappedBuffer.withMappedRange(JJLkotlin/jvm/functions/Function1;)Ljava/lang/Object; @ 209 c2
Event: 18.620 Thread 0x0000013d3271a440 DEOPT PACKING pc=0x0000013d137d15d4 sp=0x0000001119df4c20
Event: 18.620 Thread 0x0000013d3271a440 DEOPT UNPACKING pc=0x0000013d13167da2 sp=0x0000001119df4b98 mode 2
Event: 18.630 Thread 0x0000013d3271a440 Uncommon trap: trap_request=0xffffffc6 fr.pc=0x0000013d1383dd58 relative=0x00000000000001f8
Event: 18.630 Thread 0x0000013d3271a440 Uncommon trap: reason=bimorphic_or_optimized_type_check action=maybe_recompile pc=0x0000013d1383dd58 method=org.jetbrains.kotlin.com.intellij.openapi.vfs.VirtualFile.getNameSequence()Ljava/lang/CharSequence; @ 1 c2
Event: 18.630 Thread 0x0000013d3271a440 DEOPT PACKING pc=0x0000013d1383dd58 sp=0x0000001119df4f40
Event: 18.630 Thread 0x0000013d3271a440 DEOPT UNPACKING pc=0x0000013d13167da2 sp=0x0000001119df4f00 mode 2
Event: 18.631 Thread 0x0000013d3271a440 Uncommon trap: trap_request=0xffffffc6 fr.pc=0x0000013d1383dd58 relative=0x00000000000001f8
Event: 18.631 Thread 0x0000013d3271a440 Uncommon trap: reason=bimorphic_or_optimized_type_check action=maybe_recompile pc=0x0000013d1383dd58 method=org.jetbrains.kotlin.com.intellij.openapi.vfs.VirtualFile.getNameSequence()Ljava/lang/CharSequence; @ 1 c2
Event: 18.631 Thread 0x0000013d3271a440 DEOPT PACKING pc=0x0000013d1383dd58 sp=0x0000001119df4f40
Event: 18.631 Thread 0x0000013d3271a440 DEOPT UNPACKING pc=0x0000013d13167da2 sp=0x0000001119df4f00 mode 2

Classes loaded (20 events):
Event: 17.561 Loading class sun/nio/cs/MS1251
Event: 17.562 Loading class sun/nio/cs/MS1251 done
Event: 17.740 Loading class java/beans/PropertyChangeSupport
Event: 17.740 Loading class java/beans/PropertyChangeSupport done
Event: 17.740 Loading class java/beans/PropertyChangeSupport$PropertyChangeListenerMap
Event: 17.741 Loading class java/beans/ChangeListenerMap
Event: 17.741 Loading class java/beans/ChangeListenerMap done
Event: 17.741 Loading class java/beans/PropertyChangeSupport$PropertyChangeListenerMap done
Event: 17.741 Loading class java/beans/PropertyChangeListener
Event: 17.741 Loading class java/beans/PropertyChangeListener done
Event: 18.245 Loading class java/util/regex/Pattern$Bound
Event: 18.247 Loading class java/util/regex/Pattern$Bound done
Event: 18.248 Loading class java/util/regex/Pattern$LookBehindEndNode
Event: 18.250 Loading class java/util/regex/Pattern$LookBehindEndNode done
Event: 18.250 Loading class java/util/regex/Pattern$NotBehind
Event: 18.251 Loading class java/util/regex/Pattern$NotBehind done
Event: 18.319 Loading class java/util/function/IntUnaryOperator
Event: 18.320 Loading class java/util/function/IntUnaryOperator done
Event: 18.335 Loading class java/io/NotSerializableException
Event: 18.336 Loading class java/io/NotSerializableException done

Classes unloaded (0 events):
No events

Classes redefined (0 events):
No events

Internal exceptions (20 events):
Event: 16.734 Thread 0x0000013d3271a440 Exception <a 'java/lang/NoSuchMethodError'{0x00000000c36c6250}: 'void java.lang.invoke.DelegatingMethodHandle$Holder.reinvoke_L(java.lang.Object, java.lang.Object, java.lang.Object, long, java.lang.Object)'> (0x00000000c36c6250) 
thrown [s\src\hotspot\share\interpreter\linkResolver.cpp, line 773]
Event: 16.734 Thread 0x0000013d3271a440 Exception <a 'java/lang/NoSuchMethodError'{0x00000000c36ce450}: 'java.lang.Object java.lang.invoke.DirectMethodHandle$Holder.invokeSpecial(java.lang.Object, java.lang.Object, java.lang.Object, java.lang.Object, long)'> (0x00000000c36ce450) 
thrown [s\src\hotspot\share\interpreter\linkResolver.cpp, line 773]
Event: 16.735 Thread 0x0000013d3271a440 Exception <a 'java/lang/NoSuchMethodError'{0x00000000c36de0b0}: 'int java.lang.invoke.DelegatingMethodHandle$Holder.reinvoke_L(java.lang.Object, java.lang.Object, java.lang.Object, long, java.lang.Object, java.lang.Object)'> (0x00000000c36de0b0) 
thrown [s\src\hotspot\share\interpreter\linkResolver.cpp, line 773]
Event: 16.736 Thread 0x0000013d3271a440 Exception <a 'java/lang/NoSuchMethodError'{0x00000000c36ed620}: 'int java.lang.invoke.DelegatingMethodHandle$Holder.reinvoke_L(java.lang.Object, java.lang.Object, java.lang.Object, long, int, int)'> (0x00000000c36ed620) 
thrown [s\src\hotspot\share\interpreter\linkResolver.cpp, line 773]
Event: 16.737 Thread 0x0000013d3271a440 Exception <a 'java/lang/NoSuchMethodError'{0x00000000c36fc940}: 'int java.lang.invoke.DelegatingMethodHandle$Holder.reinvoke_L(java.lang.Object, java.lang.Object, java.lang.Object, long, long, long)'> (0x00000000c36fc940) 
thrown [s\src\hotspot\share\interpreter\linkResolver.cpp, line 773]
Event: 16.752 Thread 0x0000013d3271a440 Exception <a 'java/lang/NoSuchMethodError'{0x00000000c5d0bb48}: 'int java.lang.invoke.DelegatingMethodHandle$Holder.reinvoke_L(java.lang.Object, java.lang.Object, java.lang.Object, long, int)'> (0x00000000c5d0bb48) 
thrown [s\src\hotspot\share\interpreter\linkResolver.cpp, line 773]
Event: 16.753 Thread 0x0000013d3271a440 Exception <a 'java/lang/NoSuchMethodError'{0x00000000c5d22368}: 'void java.lang.invoke.DelegatingMethodHandle$Holder.reinvoke_L(java.lang.Object, java.lang.Object, java.lang.Object, long, java.lang.Object, long, long)'> (0x00000000c5d22368) 
thrown [s\src\hotspot\share\interpreter\linkResolver.cpp, line 773]
Event: 16.753 Thread 0x0000013d3271a440 Exception <a 'java/lang/NoSuchMethodError'{0x00000000c5d2a538}: 'long java.lang.invoke.Invokers$Holder.invokeExact_MT(java.lang.Object, java.lang.Object, java.lang.Object)'> (0x00000000c5d2a538) 
thrown [s\src\hotspot\share\interpreter\linkResolver.cpp, line 773]
Event: 16.754 Thread 0x0000013d3271a440 Exception <a 'java/lang/NoSuchMethodError'{0x00000000c5d2f2d0}: 'int java.lang.invoke.Invokers$Holder.invokeExact_MT(java.lang.Object, java.lang.Object, java.lang.Object)'> (0x00000000c5d2f2d0) 
thrown [s\src\hotspot\share\interpreter\linkResolver.cpp, line 773]
Event: 16.803 Thread 0x0000013d3271a440 Exception <a 'java/lang/NoSuchMethodError'{0x00000000c5a6e200}: 'java.lang.Object java.lang.invoke.DirectMethodHandle$Holder.invokeStatic(java.lang.Object, java.lang.Object, int, java.lang.Object, int)'> (0x00000000c5a6e200) 
thrown [s\src\hotspot\share\interpreter\linkResolver.cpp, line 773]
Event: 17.248 Thread 0x0000013d3271a440 Exception <a 'java/lang/NoSuchMethodError'{0x00000000c3a96d08}: 'java.lang.Object java.lang.invoke.DirectMethodHandle$Holder.invokeStatic(java.lang.Object, java.lang.Object, java.lang.Object, java.lang.Object, int, java.lang.Object)'> (0x00000000c3a96d08) 
thrown [s\src\hotspot\share\interpreter\linkResolver.cpp, line 773]
Event: 17.406 Thread 0x0000013d3271a440 Exception <a 'java/lang/NoSuchMethodError'{0x00000000c5da4948}: 'long java.lang.invoke.DirectMethodHandle$Holder.invokeStatic(java.lang.Object, java.lang.Object, int)'> (0x00000000c5da4948) 
thrown [s\src\hotspot\share\interpreter\linkResolver.cpp, line 773]
Event: 17.407 Thread 0x0000013d3271a440 Exception <a 'java/lang/NoSuchMethodError'{0x00000000c5db0d60}: 'java.lang.Object java.lang.invoke.DelegatingMethodHandle$Holder.reinvoke_L(java.lang.Object, int, long, java.lang.Object, java.lang.Object, int, java.lang.Object)'> (0x00000000c5db0d60) 
thrown [s\src\hotspot\share\interpreter\linkResolver.cpp, line 773]
Event: 17.669 Thread 0x0000013d3271a440 Exception <a 'java/lang/NoSuchMethodError'{0x00000000c4caf8f0}: 'java.lang.Object java.lang.invoke.Invokers$Holder.invokeExact_MT(java.lang.Object, java.lang.Object, long, java.lang.Object)'> (0x00000000c4caf8f0) 
thrown [s\src\hotspot\share\interpreter\linkResolver.cpp, line 773]
Event: 17.803 Thread 0x0000013d3271a440 Exception <a 'java/lang/NoSuchMethodError'{0x00000000c46b4558}: 'java.lang.Object java.lang.invoke.DirectMethodHandle$Holder.invokeStatic(java.lang.Object, java.lang.Object, long, long)'> (0x00000000c46b4558) 
thrown [s\src\hotspot\share\interpreter\linkResolver.cpp, line 773]
Event: 17.810 Thread 0x0000013d3271a440 Exception <a 'java/lang/NoSuchMethodError'{0x00000000c46ff8d0}: 'java.lang.Object java.lang.invoke.DirectMethodHandle$Holder.invokeStatic(java.lang.Object, java.lang.Object, java.lang.Object, long, java.lang.Object)'> (0x00000000c46ff8d0) 
thrown [s\src\hotspot\share\interpreter\linkResolver.cpp, line 773]
Event: 17.811 Thread 0x0000013d3271a440 Exception <a 'java/lang/NoSuchMethodError'{0x00000000c4508260}: 'java.lang.Object java.lang.invoke.DirectMethodHandle$Holder.newInvokeSpecial(java.lang.Object, java.lang.Object, java.lang.Object, long)'> (0x00000000c4508260) 
thrown [s\src\hotspot\share\interpreter\linkResolver.cpp, line 773]
Event: 17.812 Thread 0x0000013d3271a440 Exception <a 'java/lang/NoSuchMethodError'{0x00000000c450d558}: 'java.lang.Object java.lang.invoke.Invokers$Holder.linkToTargetMethod(java.lang.Object, java.lang.Object, long, java.lang.Object)'> (0x00000000c450d558) 
thrown [s\src\hotspot\share\interpreter\linkResolver.cpp, line 773]
Event: 18.105 Thread 0x0000013d3271a440 Implicit null exception at 0x0000013d138cec67 to 0x0000013d138cf070
Event: 18.323 Thread 0x0000013d3271a440 Exception <a 'java/lang/NoSuchMethodError'{0x00000000c54024b0}: 'int java.lang.invoke.DirectMethodHandle$Holder.invokeSpecial(java.lang.Object, java.lang.Object, int, int)'> (0x00000000c54024b0) 
thrown [s\src\hotspot\share\interpreter\linkResolver.cpp, line 773]

ZGC Phase Switch (0 events):
No events

VM Operations (20 events):
Event: 16.748 Executing VM operation: G1CollectForAllocation (G1 Evacuation Pause) done
Event: 17.257 Executing VM operation: G1CollectForAllocation (G1 Evacuation Pause)
Event: 17.270 Executing VM operation: G1CollectForAllocation (G1 Evacuation Pause) done
Event: 17.618 Executing VM operation: HandshakeAllThreads (Deoptimize)
Event: 17.619 Executing VM operation: HandshakeAllThreads (Deoptimize) done
Event: 17.735 Executing VM operation: HandshakeAllThreads (Deoptimize)
Event: 17.735 Executing VM operation: HandshakeAllThreads (Deoptimize) done
Event: 17.900 Executing VM operation: G1CollectForAllocation (G1 Evacuation Pause)
Event: 17.921 Executing VM operation: G1CollectForAllocation (G1 Evacuation Pause) done
Event: 18.041 Executing VM operation: HandshakeAllThreads (Deoptimize)
Event: 18.041 Executing VM operation: HandshakeAllThreads (Deoptimize) done
Event: 18.107 Executing VM operation: G1PauseRemark
Event: 18.121 Executing VM operation: G1PauseRemark done
Event: 18.154 Executing VM operation: G1PauseCleanup
Event: 18.154 Executing VM operation: G1PauseCleanup done
Event: 18.172 Executing VM operation: G1CollectForAllocation (G1 Evacuation Pause)
Event: 18.200 Executing VM operation: G1CollectForAllocation (G1 Evacuation Pause) done
Event: 18.556 Executing VM operation: G1CollectForAllocation (G1 Evacuation Pause)
Event: 18.573 Executing VM operation: G1CollectForAllocation (G1 Evacuation Pause) done
Event: 18.883 Executing VM operation: G1CollectForAllocation (G1 Evacuation Pause)

Memory protections (0 events):
No events

Nmethod flushes (20 events):
Event: 18.119 Thread 0x0000013d035a4060 flushing  nmethod 0x0000013d0c5b7a90
Event: 18.119 Thread 0x0000013d035a4060 flushing  nmethod 0x0000013d0c5b8210
Event: 18.119 Thread 0x0000013d035a4060 flushing  nmethod 0x0000013d0c5b8590
Event: 18.119 Thread 0x0000013d035a4060 flushing  nmethod 0x0000013d0c5b9090
Event: 18.119 Thread 0x0000013d035a4060 flushing  nmethod 0x0000013d0c5b9490
Event: 18.119 Thread 0x0000013d035a4060 flushing  nmethod 0x0000013d0c5b9890
Event: 18.119 Thread 0x0000013d035a4060 flushing  nmethod 0x0000013d0c5d4f90
Event: 18.119 Thread 0x0000013d035a4060 flushing  nmethod 0x0000013d0c5d5310
Event: 18.119 Thread 0x0000013d035a4060 flushing  nmethod 0x0000013d0c5d5690
Event: 18.119 Thread 0x0000013d035a4060 flushing  nmethod 0x0000013d0c5d5b90
Event: 18.119 Thread 0x0000013d035a4060 flushing  nmethod 0x0000013d0c5f8590
Event: 18.119 Thread 0x0000013d035a4060 flushing  nmethod 0x0000013d0c5f9310
Event: 18.119 Thread 0x0000013d035a4060 flushing  nmethod 0x0000013d0c600a10
Event: 18.119 Thread 0x0000013d035a4060 flushing  nmethod 0x0000013d0c601e90
Event: 18.119 Thread 0x0000013d035a4060 flushing  nmethod 0x0000013d0c602a90
Event: 18.119 Thread 0x0000013d035a4060 flushing  nmethod 0x0000013d0c6e4210
Event: 18.119 Thread 0x0000013d035a4060 flushing  nmethod 0x0000013d0c700210
Event: 18.119 Thread 0x0000013d035a4060 flushing  nmethod 0x0000013d0c702790
Event: 18.119 Thread 0x0000013d035a4060 flushing  nmethod 0x0000013d0c713c10
Event: 18.119 Thread 0x0000013d035a4060 flushing  nmethod 0x0000013d0c71bc10

Events (20 events):
Event: 3.326 Thread 0x0000013d326ed8b0 Thread added: 0x0000013d32718640
Event: 3.370 Thread 0x0000013d326ed8b0 Thread added: 0x0000013d3271a440
Event: 3.385 Thread 0x0000013d3271a440 Thread added: 0x0000013d327a1230
Event: 3.390 Thread 0x0000013d3271a440 Thread added: 0x0000013d327a2c70
Event: 3.403 Thread 0x0000013d3271a440 Thread added: 0x0000013d327a18c0
Event: 3.996 Thread 0x0000013d3271a440 Thread added: 0x0000013d327a1f50
Event: 4.057 Thread 0x0000013d3271a440 Thread added: 0x0000013d327a0ba0
Event: 4.221 Thread 0x0000013d3271a440 Thread added: 0x0000013d3279fe80
Event: 5.951 Thread 0x0000013d3271a440 Thread added: 0x0000013d327a0510
Event: 5.994 Thread 0x0000013d3271a440 Thread added: 0x0000013d327a3300
Event: 6.367 Thread 0x0000013d3271a440 Thread added: 0x0000013d327a25e0
Event: 6.373 Thread 0x0000013d3271a440 Thread added: 0x0000013d33756780
Event: 6.616 Thread 0x0000013d3271a440 Thread added: 0x0000013d337546b0
Event: 6.753 Thread 0x0000013d3271a440 Thread added: 0x0000013d33754020
Event: 7.275 Thread 0x0000013d3271a440 Thread added: 0x0000013d337574a0
Event: 7.373 Thread 0x0000013d3271a440 Thread added: 0x0000013d337553d0
Event: 9.699 Thread 0x0000013d3271a440 Thread added: 0x0000013d33756e10
Event: 9.783 Thread 0x0000013d3271a440 Thread added: 0x0000013d33750ba0
Event: 9.866 Thread 0x0000013d3271a440 Thread added: 0x0000013d337581c0
Event: 14.294 Thread 0x0000013d3271a440 Thread added: 0x0000013d33751230


Dynamic libraries:
0x00007ff6b9cd0000 - 0x00007ff6b9cde000 	C:\Users\DELL\.gradle\jdks\eclipse_adoptium-21-amd64-windows.2\bin\java.exe
0x00007ffbe3470000 - 0x00007ffbe3668000 	C:\Windows\SYSTEM32\ntdll.dll
0x00007ffbe29e0000 - 0x00007ffbe2aa2000 	C:\Windows\System32\KERNEL32.DLL
0x00007ffbe0c80000 - 0x00007ffbe0f76000 	C:\Windows\System32\KERNELBASE.dll
0x00007ffbe0f80000 - 0x00007ffbe1080000 	C:\Windows\System32\ucrtbase.dll
0x00007ffbdaaa0000 - 0x00007ffbdaab8000 	C:\Users\DELL\.gradle\jdks\eclipse_adoptium-21-amd64-windows.2\bin\jli.dll
0x00007ffbdaa80000 - 0x00007ffbdaa9e000 	C:\Users\DELL\.gradle\jdks\eclipse_adoptium-21-amd64-windows.2\bin\VCRUNTIME140.dll
0x00007ffbe2ab0000 - 0x00007ffbe2c51000 	C:\Windows\System32\USER32.dll
0x00007ffbce3d0000 - 0x00007ffbce66b000 	C:\Windows\WinSxS\amd64_microsoft.windows.common-controls_6595b64144ccf1df_6.0.19041.6456_none_60b8a6cb71f64256\COMCTL32.dll
0x00007ffbe1220000 - 0x00007ffbe1242000 	C:\Windows\System32\win32u.dll
0x00007ffbe2fb0000 - 0x00007ffbe304e000 	C:\Windows\System32\msvcrt.dll
0x00007ffbe1490000 - 0x00007ffbe14bb000 	C:\Windows\System32\GDI32.dll
0x00007ffbe1100000 - 0x00007ffbe1219000 	C:\Windows\System32\gdi32full.dll
0x00007ffbe0b90000 - 0x00007ffbe0c2d000 	C:\Windows\System32\msvcp_win.dll
0x00007ffbe31a0000 - 0x00007ffbe31cf000 	C:\Windows\System32\IMM32.DLL
0x00007ffbddd20000 - 0x00007ffbddd2c000 	C:\Users\DELL\.gradle\jdks\eclipse_adoptium-21-amd64-windows.2\bin\vcruntime140_1.dll
0x00007ffbcee40000 - 0x00007ffbceecd000 	C:\Users\DELL\.gradle\jdks\eclipse_adoptium-21-amd64-windows.2\bin\msvcp140.dll
0x00007ffb7a590000 - 0x00007ffb7b320000 	C:\Users\DELL\.gradle\jdks\eclipse_adoptium-21-amd64-windows.2\bin\server\jvm.dll
0x00007ffbe14c0000 - 0x00007ffbe1571000 	C:\Windows\System32\ADVAPI32.dll
0x00007ffbe15a0000 - 0x00007ffbe163f000 	C:\Windows\System32\sechost.dll
0x00007ffbe17f0000 - 0x00007ffbe1910000 	C:\Windows\System32\RPCRT4.dll
0x00007ffbe13b0000 - 0x00007ffbe13d7000 	C:\Windows\System32\bcrypt.dll
0x00007ffbe2d40000 - 0x00007ffbe2dab000 	C:\Windows\System32\WS2_32.dll
0x00007ffbe0960000 - 0x00007ffbe09ab000 	C:\Windows\SYSTEM32\POWRPROF.dll
0x00007ffbc9c30000 - 0x00007ffbc9c57000 	C:\Windows\SYSTEM32\WINMM.dll
0x00007ffbd9910000 - 0x00007ffbd991a000 	C:\Windows\SYSTEM32\VERSION.dll
0x00007ffbe0940000 - 0x00007ffbe0952000 	C:\Windows\SYSTEM32\UMPDC.dll
0x00007ffbdf2d0000 - 0x00007ffbdf2e2000 	C:\Windows\SYSTEM32\kernel.appcore.dll
0x00007ffbcf100000 - 0x00007ffbcf10a000 	C:\Users\DELL\.gradle\jdks\eclipse_adoptium-21-amd64-windows.2\bin\jimage.dll
0x00007ffbde6a0000 - 0x00007ffbde8a1000 	C:\Windows\SYSTEM32\DBGHELP.DLL
0x00007ffbb3290000 - 0x00007ffbb32c4000 	C:\Windows\SYSTEM32\dbgcore.DLL
0x00007ffbe0b00000 - 0x00007ffbe0b82000 	C:\Windows\System32\bcryptPrimitives.dll
0x00007ffbcee30000 - 0x00007ffbcee3f000 	C:\Users\DELL\.gradle\jdks\eclipse_adoptium-21-amd64-windows.2\bin\instrument.dll
0x00007ffbccc00000 - 0x00007ffbccc1f000 	C:\Users\DELL\.gradle\jdks\eclipse_adoptium-21-amd64-windows.2\bin\java.dll
0x00007ffbe1da0000 - 0x00007ffbe2510000 	C:\Windows\System32\SHELL32.dll
0x00007ffbdeb10000 - 0x00007ffbdf2b5000 	C:\Windows\SYSTEM32\windows.storage.dll
0x00007ffbe1910000 - 0x00007ffbe1c64000 	C:\Windows\System32\combase.dll
0x00007ffbe0450000 - 0x00007ffbe047b000 	C:\Windows\SYSTEM32\Wldp.dll
0x00007ffbe2e30000 - 0x00007ffbe2efd000 	C:\Windows\System32\OLEAUT32.dll
0x00007ffbe2f00000 - 0x00007ffbe2fad000 	C:\Windows\System32\SHCORE.dll
0x00007ffbe32f0000 - 0x00007ffbe334b000 	C:\Windows\System32\shlwapi.dll
0x00007ffbe0a30000 - 0x00007ffbe0a54000 	C:\Windows\SYSTEM32\profapi.dll
0x00007ffbb67a0000 - 0x00007ffbb6877000 	C:\Users\DELL\.gradle\jdks\eclipse_adoptium-21-amd64-windows.2\bin\jsvml.dll
0x00007ffbbef70000 - 0x00007ffbbef88000 	C:\Users\DELL\.gradle\jdks\eclipse_adoptium-21-amd64-windows.2\bin\zip.dll
0x00007ffbcd970000 - 0x00007ffbcd980000 	C:\Users\DELL\.gradle\jdks\eclipse_adoptium-21-amd64-windows.2\bin\net.dll
0x00007ffbd5a40000 - 0x00007ffbd5b4a000 	C:\Windows\SYSTEM32\WINHTTP.dll
0x00007ffbe0160000 - 0x00007ffbe01ca000 	C:\Windows\system32\mswsock.dll
0x00007ffbbef50000 - 0x00007ffbbef66000 	C:\Users\DELL\.gradle\jdks\eclipse_adoptium-21-amd64-windows.2\bin\nio.dll
0x00007ffbcd7e0000 - 0x00007ffbcd7f0000 	C:\Users\DELL\.gradle\jdks\eclipse_adoptium-21-amd64-windows.2\bin\verify.dll
0x00007ffbceda0000 - 0x00007ffbcedc7000 	C:\Users\DELL\.gradle\native\660c5614fbf4a5f2a75b1949f50a0caf5cd603558e7d8a26e50b933a0cfb79d1\windows-amd64\native-platform.dll
0x00007ffbb6640000 - 0x00007ffbb66b7000 	C:\Users\DELL\.gradle\native\0.2.8\x86_64-windows-gnu\gradle-fileevents.dll
0x00007ffbcbe50000 - 0x00007ffbcbe5a000 	C:\Users\DELL\.gradle\jdks\eclipse_adoptium-21-amd64-windows.2\bin\management.dll
0x00007ffbbd910000 - 0x00007ffbbd91b000 	C:\Users\DELL\.gradle\jdks\eclipse_adoptium-21-amd64-windows.2\bin\management_ext.dll
0x00007ffbe1590000 - 0x00007ffbe1598000 	C:\Windows\System32\PSAPI.DLL
0x00007ffbdfe50000 - 0x00007ffbdfe8b000 	C:\Windows\SYSTEM32\IPHLPAPI.DLL
0x00007ffbe1580000 - 0x00007ffbe1588000 	C:\Windows\System32\NSI.dll
0x00007ffbbbe90000 - 0x00007ffbbbe99000 	C:\Users\DELL\.gradle\jdks\eclipse_adoptium-21-amd64-windows.2\bin\extnet.dll
0x00007ffbe0310000 - 0x00007ffbe0328000 	C:\Windows\SYSTEM32\CRYPTSP.dll
0x00007ffbdfa90000 - 0x00007ffbdfac8000 	C:\Windows\system32\rsaenh.dll
0x00007ffbe09b0000 - 0x00007ffbe09de000 	C:\Windows\SYSTEM32\USERENV.dll
0x00007ffbe0330000 - 0x00007ffbe033c000 	C:\Windows\SYSTEM32\CRYPTBASE.dll
0x00007ffbbb3a0000 - 0x00007ffbbb3ae000 	C:\Users\DELL\.gradle\jdks\eclipse_adoptium-21-amd64-windows.2\bin\sunmscapi.dll
0x00007ffbe1250000 - 0x00007ffbe13ad000 	C:\Windows\System32\CRYPT32.dll
0x00007ffbe04c0000 - 0x00007ffbe04e7000 	C:\Windows\SYSTEM32\ncrypt.dll
0x00007ffbe0480000 - 0x00007ffbe04bb000 	C:\Windows\SYSTEM32\NTASN1.dll
0x00007ffbda170000 - 0x00007ffbda177000 	C:\Windows\system32\wshunix.dll

dbghelp: loaded successfully - version: 4.0.5 - missing functions: none
symbol engine: initialized successfully - sym options: 0x614 - pdb path: .;C:\Users\DELL\.gradle\jdks\eclipse_adoptium-21-amd64-windows.2\bin;C:\Windows\SYSTEM32;C:\Windows\WinSxS\amd64_microsoft.windows.common-controls_6595b64144ccf1df_6.0.19041.6456_none_60b8a6cb71f64256;C:\Users\DELL\.gradle\jdks\eclipse_adoptium-21-amd64-windows.2\bin\server;C:\Users\DELL\.gradle\native\660c5614fbf4a5f2a75b1949f50a0caf5cd603558e7d8a26e50b933a0cfb79d1\windows-amd64;C:\Users\DELL\.gradle\native\0.2.8\x86_64-windows-gnu

VM Arguments:
jvm_args: --add-opens=java.base/java.lang=ALL-UNNAMED --add-opens=java.base/java.lang.invoke=ALL-UNNAMED --add-opens=java.base/java.util=ALL-UNNAMED --add-opens=java.prefs/java.util.prefs=ALL-UNNAMED --add-exports=jdk.compiler/com.sun.tools.javac.api=ALL-UNNAMED --add-exports=jdk.compiler/com.sun.tools.javac.util=ALL-UNNAMED --add-opens=java.base/java.util=ALL-UNNAMED --add-opens=java.prefs/java.util.prefs=ALL-UNNAMED --add-opens=java.base/java.nio.charset=ALL-UNNAMED --add-opens=java.base/java.net=ALL-UNNAMED --add-opens=java.base/java.util.concurrent=ALL-UNNAMED --add-opens=java.base/java.util.concurrent.atomic=ALL-UNNAMED --add-opens=java.xml/javax.xml.namespace=ALL-UNNAMED --add-opens=java.base/java.time=ALL-UNNAMED -XX:MaxMetaspaceSize=256m -Xmx1024m -Dfile.encoding=UTF-8 -Duser.country=IN -Duser.language=en -Duser.variant -javaagent:C:\Users\DELL\.gradle\wrapper\dists\gradle-9.3.1-bin\23ovyewtku6u96viwx3xl3oks\gradle-9.3.1\lib\agents\gradle-instrumentation-agent-9.3.1.jar 
java_command: org.gradle.launcher.daemon.bootstrap.GradleDaemon 9.3.1
java_class_path (initial): C:\Users\DELL\.gradle\wrapper\dists\gradle-9.3.1-bin\23ovyewtku6u96viwx3xl3oks\gradle-9.3.1\lib\gradle-daemon-main-9.3.1.jar
Launcher Type: SUN_STANDARD

[Global flags]
     intx CICompilerCount                          = 3                                         {product} {ergonomic}
   size_t CompressedClassSpaceSize                 = 218103808                                 {product} {ergonomic}
     uint ConcGCThreads                            = 1                                         {product} {ergonomic}
     uint G1ConcRefinementThreads                  = 4                                         {product} {ergonomic}
   size_t G1HeapRegionSize                         = 1048576                                   {product} {ergonomic}
    uintx GCDrainStackTargetSize                   = 64                                        {product} {ergonomic}
   size_t InitialHeapSize                          = 65011712                                  {product} {ergonomic}
   size_t MarkStackSize                            = 4194304                                   {product} {ergonomic}
   size_t MaxHeapSize                              = 1073741824                                {product} {command line}
   size_t MaxMetaspaceSize                         = 268435456                                 {product} {command line}
   size_t MaxNewSize                               = 643825664                                 {product} {ergonomic}
   size_t MinHeapDeltaBytes                        = 1048576                                   {product} {ergonomic}
   size_t MinHeapSize                              = 8388608                                   {product} {ergonomic}
    uintx NonNMethodCodeHeapSize                   = 5832780                                {pd product} {ergonomic}
    uintx NonProfiledCodeHeapSize                  = 122912730                              {pd product} {ergonomic}
    uintx ProfiledCodeHeapSize                     = 122912730                              {pd product} {ergonomic}
    uintx ReservedCodeCacheSize                    = 251658240                              {pd product} {ergonomic}
     bool SegmentedCodeCache                       = true                                      {product} {ergonomic}
   size_t SoftMaxHeapSize                          = 1073741824                             {manageable} {ergonomic}
     bool UseCompressedOops                        = true                           {product lp64_product} {ergonomic}
     bool UseG1GC                                  = true                                      {product} {ergonomic}
     bool UseLargePagesIndividualAllocation        = false                                  {pd product} {ergonomic}

Logging:
Log output configuration:
 #0: stdout all=warning uptime,level,tags foldmultilines=false
 #1: stderr all=off uptime,level,tags foldmultilines=false

Environment Variables:
PATH=C:\Program Files\OpenLogic\jdk-22.0.2.9-hotspot\bin;C:\Windows\system32;C:\Windows;C:\Windows\System32\Wbem;C:\Windows\System32\WindowsPowerShell\v1.0\;C:\Windows\System32\OpenSSH\;C:\Program Files\dotnet\;C:\MinGW\bin;C:\Program Files\Git\cmd;C:\Users\DELL\AppData\Roaming\nvm;C:\Program Files\nodejs;C:\ProgramData\chocolatey\bin;C:\Program Files\nodejs\;C:\Users\DELL\AppData\Local\Programs\Python\Python313\Scripts;C:\Users\DELL\AppData\Local\Programs\Python\Python313\;C:\platform-tools;C:\MinGW\bin;C:\MinGW\bin;C:\Program Files\MySQL\MySQL Server 8.0\bin;C:\Users\DELL\AppData\Local\Programs\Python\Python310\Scripts\;C:\Users\DELL\AppData\Local\Programs\Python\Python310\;C:\Users\DELL\AppData\Local\Programs\Python\Python313\Scripts\;C:\Users\DELL\AppData\Local\Programs\Python\Python313\;C:\Users\DELL\AppData\Local\Programs\Python\Launcher\;C:\Users\DELL\AppData\Local\Microsoft\WindowsApps;C:\Users\DELL\AppData\Local\Programs\Microsoft VS Code\bin;C:\Users\DELL\AppData\Roaming\nvm;C:\Program Files\nodejs;C:\Users\DELL\AppData\Roaming\npm;C:\Program Files\heroku\bin;C:\Users\DELL\.dotnet\tools;C:\Users\DELL\Downloads\x64;C:\Users\DELL\AppData\Local\Programs\Python\Python310\;C:\Users\DELL\AppData\Local\Programs\Antigravity\bin
USERNAME=DELL
OS=Windows_NT
PROCESSOR_IDENTIFIER=Intel64 Family 6 Model 126 Stepping 5, GenuineIntel
TMP=C:\Users\DELL\AppData\Local\Temp
TEMP=C:\Users\DELL\AppData\Local\Temp




Periodic native trim disabled

---------------  S Y S T E M  ---------------

OS:
 Windows 10 , 64 bit Build 19041 (10.0.19041.5915)
OS uptime: 0 days 14:46 hours
Hyper-V role detected

CPU: total 4 (initial active 4) (2 cores per cpu, 2 threads per core) family 6 model 126 stepping 5 microcode 0xca, cx8, cmov, fxsr, ht, mmx, 3dnowpref, sse, sse2, sse3, ssse3, sse4.1, sse4.2, popcnt, lzcnt, tsc, tscinvbit, avx, avx2, aes, erms, clmul, bmi1, bmi2, adx, avx512f, avx512dq, avx512cd, avx512bw, avx512vl, sha, fma, vzeroupper, avx512_vpopcntdq, avx512_vpclmulqdq, avx512_vaes, avx512_vnni, clflush, clflushopt, avx512_vbmi2, avx512_vbmi, hv, rdtscp, rdpid, fsrm, gfni, avx512_bitalg, f16c, avx512_ifma
Processor Information for the first 4 processors :
  Max Mhz: 1190, Current Mhz: 1190, Mhz Limit: 1190

Memory: 4k page, system-wide physical 3862M (212M free)
TotalPageFile size 15638M (AvailPageFile size 43M)
current process WorkingSet (physical memory assigned to process): 197M, peak: 233M
current process commit charge ("private bytes"): 346M, peak: 472M

vm_info: OpenJDK 64-Bit Server VM (21.0.7+6-LTS) for windows-amd64 JRE (21.0.7+6-LTS), built on 2025-04-15T00:00:00Z by "admin" with MS VC++ 17.7 (VS2022)

END.
