#
# There is insufficient memory for the Java Runtime Environment to continue.
# Native memory allocation (malloc) failed to allocate 32744 bytes. Error detail: Chunk::new
# Possible reasons:
#   The system is out of physical RAM or swap space
#   This process is running with CompressedOops enabled, and the Java Heap may be blocking the growth of the native heap
# Possible solutions:
#   Reduce memory load on the system
#   Increase physical memory or swap space
#   Check if swap backing store is full
#   Decrease Java heap size (-Xmx/-Xms)
#   Decrease number of Java threads
#   Decrease Java thread stack sizes (-Xss)
#   Set larger code cache with -XX:ReservedCodeCacheSize=
#   JVM is running with Unscaled Compressed Oops mode in which the Java heap is
#     placed in the first 4GB address space. The Java Heap base address is the
#     maximum limit for the native heap growth. Please use -XX:HeapBaseMinAddress
#     to set the Java Heap base and to place the Java Heap above 4GB virtual address.
# This output file may be truncated or incomplete.
#
#  Out of Memory Error (arena.cpp:168), pid=3348, tid=14560
#
# JRE version: OpenJDK Runtime Environment (21.0.9) (build 21.0.9+-14787801-b1163.94)
# Java VM: OpenJDK 64-Bit Server VM (21.0.9+-14787801-b1163.94, mixed mode, tiered, compressed oops, compressed class ptrs, g1 gc, windows-amd64)
# No core dump will be written. Minidumps are not enabled by default on client versions of Windows
#

---------------  S U M M A R Y ------------

Command Line: -Xmx64m -Xms64m -Dorg.gradle.appname=gradlew C:\Users\DELL\Desktop\kavachsecurecom\android-app\\gradle\wrapper\gradle-wrapper.jar assembleDebug

Host: Intel(R) Core(TM) i3-1005G1 CPU @ 1.20GHz, 4 cores, 3G,  Windows 10 , 64 bit Build 19041 (10.0.19041.5915)
Time: Fri Mar 27 02:37:48 2026 India Standard Time elapsed time: 128.843891 seconds (0d 0h 2m 8s)

---------------  T H R E A D  ---------------

Current thread (0x000001db7cfc1990):  JavaThread "C2 CompilerThread0" daemon [_thread_in_native, id=14560, stack(0x0000008b65600000,0x0000008b65700000) (1024K)]


Current CompileTask:
C2:128844 2531       4       jdk.internal.reflect.ByteVectorImpl::add (38 bytes)

Stack: [0x0000008b65600000,0x0000008b65700000]
Native frames: (J=compiled Java code, j=interpreted, Vv=VM code, C=native code)
V  [jvm.dll+0x6d6c99]
V  [jvm.dll+0x866b83]
V  [jvm.dll+0x8691ae]
V  [jvm.dll+0x869893]
V  [jvm.dll+0x280776]
V  [jvm.dll+0xc07cd]
V  [jvm.dll+0xc0d03]
V  [jvm.dll+0x5dff5b]
V  [jvm.dll+0x3856d6]
V  [jvm.dll+0x384b1a]
V  [jvm.dll+0x249462]
V  [jvm.dll+0x248a31]
V  [jvm.dll+0x1c7344]
V  [jvm.dll+0x2581ae]
V  [jvm.dll+0x2566f6]
V  [jvm.dll+0x3f48a6]
V  [jvm.dll+0x80f118]
V  [jvm.dll+0x6d54ed]
C  [ucrtbase.dll+0x21bb2]
C  [KERNEL32.DLL+0x17374]
C  [ntdll.dll+0x4cc91]


---------------  P R O C E S S  ---------------

Threads class SMR info:
_java_thread_list=0x000001db7e6185b0, length=12, elements={
0x000001db68843180, 0x000001db7cfb3df0, 0x000001db7cfcdef0, 0x000001db7cfd6ae0,
0x000001db7cfe2760, 0x000001db7cfe31c0, 0x000001db7cfbe4c0, 0x000001db7cfbef20,
0x000001db7cfc1990, 0x000001db7cfc7610, 0x000001db7d2af970, 0x000001db7e2c8a30
}

Java Threads: ( => current thread )
  0x000001db68843180 JavaThread "main"                              [_thread_in_Java, id=5660, stack(0x0000008b64700000,0x0000008b64800000) (1024K)]
  0x000001db7cfb3df0 JavaThread "Common-Cleaner"             daemon [_thread_blocked, id=17732, stack(0x0000008b64f00000,0x0000008b65000000) (1024K)]
  0x000001db7cfcdef0 JavaThread "Reference Handler"          daemon [_thread_blocked, id=14376, stack(0x0000008b65000000,0x0000008b65100000) (1024K)]
  0x000001db7cfd6ae0 JavaThread "Finalizer"                  daemon [_thread_blocked, id=18056, stack(0x0000008b65100000,0x0000008b65200000) (1024K)]
  0x000001db7cfe2760 JavaThread "Signal Dispatcher"          daemon [_thread_blocked, id=8636, stack(0x0000008b65200000,0x0000008b65300000) (1024K)]
  0x000001db7cfe31c0 JavaThread "Attach Listener"            daemon [_thread_blocked, id=18028, stack(0x0000008b65300000,0x0000008b65400000) (1024K)]
  0x000001db7cfbe4c0 JavaThread "Service Thread"             daemon [_thread_blocked, id=3096, stack(0x0000008b65400000,0x0000008b65500000) (1024K)]
  0x000001db7cfbef20 JavaThread "Monitor Deflation Thread"   daemon [_thread_blocked, id=1868, stack(0x0000008b65500000,0x0000008b65600000) (1024K)]
=>0x000001db7cfc1990 JavaThread "C2 CompilerThread0"         daemon [_thread_in_native, id=14560, stack(0x0000008b65600000,0x0000008b65700000) (1024K)]
  0x000001db7cfc7610 JavaThread "C1 CompilerThread0"         daemon [_thread_blocked, id=13164, stack(0x0000008b65700000,0x0000008b65800000) (1024K)]
  0x000001db7d2af970 JavaThread "Notification Thread"        daemon [_thread_blocked, id=6152, stack(0x0000008b65800000,0x0000008b65900000) (1024K)]
  0x000001db7e2c8a30 JavaThread "pool-1-thread-1"                   [_thread_blocked, id=17148, stack(0x0000008b65c00000,0x0000008b65d00000) (1024K)]
Total: 12

Other Threads:
  0x000001db7cf3ac50 VMThread "VM Thread"                           [id=14148, stack(0x0000008b64e00000,0x0000008b64f00000) (1024K)]
  0x000001db68905280 WatcherThread "VM Periodic Task Thread"        [id=9656, stack(0x0000008b64d00000,0x0000008b64e00000) (1024K)]
  0x000001db68858400 WorkerThread "GC Thread#0"                     [id=18888, stack(0x0000008b64800000,0x0000008b64900000) (1024K)]
  0x000001db7d8c2ea0 WorkerThread "GC Thread#1"                     [id=1424, stack(0x0000008b65900000,0x0000008b65a00000) (1024K)]
  0x000001db7d51d430 WorkerThread "GC Thread#2"                     [id=4268, stack(0x0000008b65a00000,0x0000008b65b00000) (1024K)]
  0x000001db7d51d7d0 WorkerThread "GC Thread#3"                     [id=10712, stack(0x0000008b65b00000,0x0000008b65c00000) (1024K)]
  0x000001db6885a4f0 ConcurrentGCThread "G1 Main Marker"            [id=18820, stack(0x0000008b64900000,0x0000008b64a00000) (1024K)]
  0x000001db6885aff0 WorkerThread "G1 Conc#0"                       [id=5604, stack(0x0000008b64a00000,0x0000008b64b00000) (1024K)]
  0x000001db688b3e10 ConcurrentGCThread "G1 Refine#0"               [id=7724, stack(0x0000008b64b00000,0x0000008b64c00000) (1024K)]
  0x000001db688b4980 ConcurrentGCThread "G1 Service"                [id=11240, stack(0x0000008b64c00000,0x0000008b64d00000) (1024K)]
Total: 10

Threads with active compile tasks:
C2 CompilerThread0  128904 2531       4       jdk.internal.reflect.ByteVectorImpl::add (38 bytes)
Total: 1

VM state: not at safepoint (normal execution)

VM Mutex/Monitor currently owned by a thread: None

Heap address: 0x00000000fc000000, size: 64 MB, Compressed Oops mode: 32-bit

CDS archive(s) not mapped
Compressed class space mapped at: 0x0000000100000000-0x0000000140000000, reserved size: 1073741824
Narrow klass base: 0x0000000000000000, Narrow klass shift: 3, Narrow klass range: 0x140000000

GC Precious Log:
 CardTable entry size: 512
 Card Set container configuration: InlinePtr #cards 5 size 8 Array Of Cards #cards 12 size 40 Howl #buckets 4 coarsen threshold 1843 Howl Bitmap #cards 512 size 80 coarsen threshold 460 Card regions per heap region 1 cards per card region 2048
 CPUs: 4 total, 4 available
 Memory: 3862M
 Large Page Support: Disabled
 NUMA Support: Disabled
 Compressed Oops: Enabled (32-bit)
 Heap Region Size: 1M
 Heap Min Capacity: 64M
 Heap Initial Capacity: 64M
 Heap Max Capacity: 64M
 Pre-touch: Disabled
 Parallel Workers: 4
 Concurrent Workers: 1
 Concurrent Refinement Workers: 4
 Periodic GC: Disabled

Heap:
 garbage-first heap   total 65536K, used 18511K [0x00000000fc000000, 0x0000000100000000)
  region size 1024K, 7 young (7168K), 2 survivors (2048K)
 Metaspace       used 23186K, committed 23488K, reserved 1114112K
  class space    used 2769K, committed 2944K, reserved 1048576K

Heap Regions: E=young(eden), S=young(survivor), O=old, HS=humongous(starts), HC=humongous(continues), CS=collection set, F=free, TAMS=top-at-mark-start, PB=parsable bottom
|   0|0x00000000fc000000, 0x00000000fc100000, 0x00000000fc100000|100%|HS|  |TAMS 0x00000000fc000000| PB 0x00000000fc000000| Complete 
|   1|0x00000000fc100000, 0x00000000fc200000, 0x00000000fc200000|100%|HC|  |TAMS 0x00000000fc100000| PB 0x00000000fc100000| Complete 
|   2|0x00000000fc200000, 0x00000000fc300000, 0x00000000fc300000|100%|HC|  |TAMS 0x00000000fc200000| PB 0x00000000fc200000| Complete 
|   3|0x00000000fc300000, 0x00000000fc400000, 0x00000000fc400000|100%|HC|  |TAMS 0x00000000fc300000| PB 0x00000000fc300000| Complete 
|   4|0x00000000fc400000, 0x00000000fc500000, 0x00000000fc500000|100%| O|  |TAMS 0x00000000fc400000| PB 0x00000000fc400000| Untracked 
|   5|0x00000000fc500000, 0x00000000fc600000, 0x00000000fc600000|100%| O|  |TAMS 0x00000000fc500000| PB 0x00000000fc500000| Untracked 
|   6|0x00000000fc600000, 0x00000000fc700000, 0x00000000fc700000|100%| O|  |TAMS 0x00000000fc600000| PB 0x00000000fc600000| Untracked 
|   7|0x00000000fc700000, 0x00000000fc800000, 0x00000000fc800000|100%| O|  |TAMS 0x00000000fc700000| PB 0x00000000fc700000| Untracked 
|   8|0x00000000fc800000, 0x00000000fc900000, 0x00000000fc900000|100%| O|  |TAMS 0x00000000fc800000| PB 0x00000000fc800000| Untracked 
|   9|0x00000000fc900000, 0x00000000fca00000, 0x00000000fca00000|100%| O|  |TAMS 0x00000000fc900000| PB 0x00000000fc900000| Untracked 
|  10|0x00000000fca00000, 0x00000000fcb00000, 0x00000000fcb00000|100%| O|  |TAMS 0x00000000fca00000| PB 0x00000000fca00000| Untracked 
|  11|0x00000000fcb00000, 0x00000000fcc00000, 0x00000000fcc00000|100%| O|Cm|TAMS 0x00000000fcb00000| PB 0x00000000fcb00000| Complete 
|  12|0x00000000fcc00000, 0x00000000fcc13ea0, 0x00000000fcd00000|  7%| O|  |TAMS 0x00000000fcc00000| PB 0x00000000fcc00000| Untracked 
|  13|0x00000000fcd00000, 0x00000000fcd00000, 0x00000000fce00000|  0%| F|  |TAMS 0x00000000fcd00000| PB 0x00000000fcd00000| Untracked 
|  14|0x00000000fce00000, 0x00000000fce00000, 0x00000000fcf00000|  0%| F|  |TAMS 0x00000000fce00000| PB 0x00000000fce00000| Untracked 
|  15|0x00000000fcf00000, 0x00000000fcf00000, 0x00000000fd000000|  0%| F|  |TAMS 0x00000000fcf00000| PB 0x00000000fcf00000| Untracked 
|  16|0x00000000fd000000, 0x00000000fd000000, 0x00000000fd100000|  0%| F|  |TAMS 0x00000000fd000000| PB 0x00000000fd000000| Untracked 
|  17|0x00000000fd100000, 0x00000000fd100000, 0x00000000fd200000|  0%| F|  |TAMS 0x00000000fd100000| PB 0x00000000fd100000| Untracked 
|  18|0x00000000fd200000, 0x00000000fd200000, 0x00000000fd300000|  0%| F|  |TAMS 0x00000000fd200000| PB 0x00000000fd200000| Untracked 
|  19|0x00000000fd300000, 0x00000000fd300000, 0x00000000fd400000|  0%| F|  |TAMS 0x00000000fd300000| PB 0x00000000fd300000| Untracked 
|  20|0x00000000fd400000, 0x00000000fd400000, 0x00000000fd500000|  0%| F|  |TAMS 0x00000000fd400000| PB 0x00000000fd400000| Untracked 
|  21|0x00000000fd500000, 0x00000000fd500000, 0x00000000fd600000|  0%| F|  |TAMS 0x00000000fd500000| PB 0x00000000fd500000| Untracked 
|  22|0x00000000fd600000, 0x00000000fd600000, 0x00000000fd700000|  0%| F|  |TAMS 0x00000000fd600000| PB 0x00000000fd600000| Untracked 
|  23|0x00000000fd700000, 0x00000000fd700000, 0x00000000fd800000|  0%| F|  |TAMS 0x00000000fd700000| PB 0x00000000fd700000| Untracked 
|  24|0x00000000fd800000, 0x00000000fd800000, 0x00000000fd900000|  0%| F|  |TAMS 0x00000000fd800000| PB 0x00000000fd800000| Untracked 
|  25|0x00000000fd900000, 0x00000000fd900000, 0x00000000fda00000|  0%| F|  |TAMS 0x00000000fd900000| PB 0x00000000fd900000| Untracked 
|  26|0x00000000fda00000, 0x00000000fda00000, 0x00000000fdb00000|  0%| F|  |TAMS 0x00000000fda00000| PB 0x00000000fda00000| Untracked 
|  27|0x00000000fdb00000, 0x00000000fdb00000, 0x00000000fdc00000|  0%| F|  |TAMS 0x00000000fdb00000| PB 0x00000000fdb00000| Untracked 
|  28|0x00000000fdc00000, 0x00000000fdc00000, 0x00000000fdd00000|  0%| F|  |TAMS 0x00000000fdc00000| PB 0x00000000fdc00000| Untracked 
|  29|0x00000000fdd00000, 0x00000000fdd00000, 0x00000000fde00000|  0%| F|  |TAMS 0x00000000fdd00000| PB 0x00000000fdd00000| Untracked 
|  30|0x00000000fde00000, 0x00000000fde00000, 0x00000000fdf00000|  0%| F|  |TAMS 0x00000000fde00000| PB 0x00000000fde00000| Untracked 
|  31|0x00000000fdf00000, 0x00000000fdf00000, 0x00000000fe000000|  0%| F|  |TAMS 0x00000000fdf00000| PB 0x00000000fdf00000| Untracked 
|  32|0x00000000fe000000, 0x00000000fe000000, 0x00000000fe100000|  0%| F|  |TAMS 0x00000000fe000000| PB 0x00000000fe000000| Untracked 
|  33|0x00000000fe100000, 0x00000000fe100000, 0x00000000fe200000|  0%| F|  |TAMS 0x00000000fe100000| PB 0x00000000fe100000| Untracked 
|  34|0x00000000fe200000, 0x00000000fe200000, 0x00000000fe300000|  0%| F|  |TAMS 0x00000000fe200000| PB 0x00000000fe200000| Untracked 
|  35|0x00000000fe300000, 0x00000000fe300000, 0x00000000fe400000|  0%| F|  |TAMS 0x00000000fe300000| PB 0x00000000fe300000| Untracked 
|  36|0x00000000fe400000, 0x00000000fe400000, 0x00000000fe500000|  0%| F|  |TAMS 0x00000000fe400000| PB 0x00000000fe400000| Untracked 
|  37|0x00000000fe500000, 0x00000000fe500000, 0x00000000fe600000|  0%| F|  |TAMS 0x00000000fe500000| PB 0x00000000fe500000| Untracked 
|  38|0x00000000fe600000, 0x00000000fe600000, 0x00000000fe700000|  0%| F|  |TAMS 0x00000000fe600000| PB 0x00000000fe600000| Untracked 
|  39|0x00000000fe700000, 0x00000000fe700000, 0x00000000fe800000|  0%| F|  |TAMS 0x00000000fe700000| PB 0x00000000fe700000| Untracked 
|  40|0x00000000fe800000, 0x00000000fe800000, 0x00000000fe900000|  0%| F|  |TAMS 0x00000000fe800000| PB 0x00000000fe800000| Untracked 
|  41|0x00000000fe900000, 0x00000000fe900000, 0x00000000fea00000|  0%| F|  |TAMS 0x00000000fe900000| PB 0x00000000fe900000| Untracked 
|  42|0x00000000fea00000, 0x00000000fea00000, 0x00000000feb00000|  0%| F|  |TAMS 0x00000000fea00000| PB 0x00000000fea00000| Untracked 
|  43|0x00000000feb00000, 0x00000000feb00000, 0x00000000fec00000|  0%| F|  |TAMS 0x00000000feb00000| PB 0x00000000feb00000| Untracked 
|  44|0x00000000fec00000, 0x00000000fec00000, 0x00000000fed00000|  0%| F|  |TAMS 0x00000000fec00000| PB 0x00000000fec00000| Untracked 
|  45|0x00000000fed00000, 0x00000000fed00000, 0x00000000fee00000|  0%| F|  |TAMS 0x00000000fed00000| PB 0x00000000fed00000| Untracked 
|  46|0x00000000fee00000, 0x00000000fee00000, 0x00000000fef00000|  0%| F|  |TAMS 0x00000000fee00000| PB 0x00000000fee00000| Untracked 
|  47|0x00000000fef00000, 0x00000000ff000000, 0x00000000ff000000|100%| S|CS|TAMS 0x00000000fef00000| PB 0x00000000fef00000| Complete 
|  48|0x00000000ff000000, 0x00000000ff100000, 0x00000000ff100000|100%| S|CS|TAMS 0x00000000ff000000| PB 0x00000000ff000000| Complete 
|  49|0x00000000ff100000, 0x00000000ff100000, 0x00000000ff200000|  0%| F|  |TAMS 0x00000000ff100000| PB 0x00000000ff100000| Untracked 
|  50|0x00000000ff200000, 0x00000000ff200000, 0x00000000ff300000|  0%| F|  |TAMS 0x00000000ff200000| PB 0x00000000ff200000| Untracked 
|  51|0x00000000ff300000, 0x00000000ff300000, 0x00000000ff400000|  0%| F|  |TAMS 0x00000000ff300000| PB 0x00000000ff300000| Untracked 
|  52|0x00000000ff400000, 0x00000000ff400000, 0x00000000ff500000|  0%| F|  |TAMS 0x00000000ff400000| PB 0x00000000ff400000| Untracked 
|  53|0x00000000ff500000, 0x00000000ff500000, 0x00000000ff600000|  0%| F|  |TAMS 0x00000000ff500000| PB 0x00000000ff500000| Untracked 
|  54|0x00000000ff600000, 0x00000000ff600000, 0x00000000ff700000|  0%| F|  |TAMS 0x00000000ff600000| PB 0x00000000ff600000| Untracked 
|  55|0x00000000ff700000, 0x00000000ff700000, 0x00000000ff800000|  0%| F|  |TAMS 0x00000000ff700000| PB 0x00000000ff700000| Untracked 
|  56|0x00000000ff800000, 0x00000000ff800000, 0x00000000ff900000|  0%| F|  |TAMS 0x00000000ff800000| PB 0x00000000ff800000| Untracked 
|  57|0x00000000ff900000, 0x00000000ff900000, 0x00000000ffa00000|  0%| F|  |TAMS 0x00000000ff900000| PB 0x00000000ff900000| Untracked 
|  58|0x00000000ffa00000, 0x00000000ffa00000, 0x00000000ffb00000|  0%| F|  |TAMS 0x00000000ffa00000| PB 0x00000000ffa00000| Untracked 
|  59|0x00000000ffb00000, 0x00000000ffbedf40, 0x00000000ffc00000| 92%| E|  |TAMS 0x00000000ffb00000| PB 0x00000000ffb00000| Complete 
|  60|0x00000000ffc00000, 0x00000000ffd00000, 0x00000000ffd00000|100%| E|CS|TAMS 0x00000000ffc00000| PB 0x00000000ffc00000| Complete 
|  61|0x00000000ffd00000, 0x00000000ffe00000, 0x00000000ffe00000|100%| E|CS|TAMS 0x00000000ffd00000| PB 0x00000000ffd00000| Complete 
|  62|0x00000000ffe00000, 0x00000000fff00000, 0x00000000fff00000|100%| E|CS|TAMS 0x00000000ffe00000| PB 0x00000000ffe00000| Complete 
|  63|0x00000000fff00000, 0x0000000100000000, 0x0000000100000000|100%| E|CS|TAMS 0x00000000fff00000| PB 0x00000000fff00000| Complete 

Card table byte_map: [0x000001db68630000,0x000001db68650000] _byte_map_base: 0x000001db67e50000

Marking Bits: (CMBitMap*) 0x000001db68858b00
 Bits: [0x000001db68650000, 0x000001db68750000)

Polling page: 0x000001db668a0000

Metaspace:

Usage:
  Non-class:     19.94 MB used.
      Class:      2.70 MB used.
       Both:     22.64 MB used.

Virtual space:
  Non-class space:       64.00 MB reserved,      20.06 MB ( 31%) committed,  1 nodes.
      Class space:        1.00 GB reserved,       2.88 MB ( <1%) committed,  1 nodes.
             Both:        1.06 GB reserved,      22.94 MB (  2%) committed. 

Chunk freelists:
   Non-Class:  11.75 MB
       Class:  13.06 MB
        Both:  24.81 MB

MaxMetaspaceSize: unlimited
CompressedClassSpaceSize: 1.00 GB
Initial GC threshold: 21.00 MB
Current GC threshold: 35.12 MB
CDS: off
 - commit_granule_bytes: 65536.
 - commit_granule_words: 8192.
 - virtual_space_node_default_size: 8388608.
 - enlarge_chunks_in_place: 1.
 - use_allocation_guard: 0.


Internal statistics:

num_allocs_failed_limit: 3.
num_arena_births: 332.
num_arena_deaths: 0.
num_vsnodes_births: 2.
num_vsnodes_deaths: 0.
num_space_committed: 367.
num_space_uncommitted: 0.
num_chunks_returned_to_freelist: 3.
num_chunks_taken_from_freelist: 773.
num_chunk_merges: 3.
num_chunk_splits: 488.
num_chunks_enlarged: 340.
num_inconsistent_stats: 0.

CodeHeap 'non-profiled nmethods': size=120000Kb used=1233Kb max_used=1233Kb free=118766Kb
 bounds [0x000001db73480000, 0x000001db736f0000, 0x000001db7a9b0000]
CodeHeap 'profiled nmethods': size=120000Kb used=4698Kb max_used=4698Kb free=115301Kb
 bounds [0x000001db6b9b0000, 0x000001db6be50000, 0x000001db72ee0000]
CodeHeap 'non-nmethods': size=5760Kb used=1470Kb max_used=1487Kb free=4289Kb
 bounds [0x000001db72ee0000, 0x000001db73150000, 0x000001db73480000]
CodeCache: size=245760Kb, used=7401Kb, max_used=7418Kb, free=238356Kb
 total_blobs=3058, nmethods=2532, adapters=430, full_count=0
Compilation: enabled, stopped_count=0, restarted_count=0

Compilation events (20 events):
Event: 128.549 Thread 0x000001db7cfc7610 2521       3       java.security.AccessController::doPrivileged (9 bytes)
Event: 128.549 Thread 0x000001db7cfc7610 nmethod 2521 0x000001db6be40f90 code [0x000001db6be41160, 0x000001db6be41490]
Event: 128.579 Thread 0x000001db7cfc7610 2522       3       java.lang.invoke.InfoFromMemberName::getModifiers (8 bytes)
Event: 128.580 Thread 0x000001db7cfc7610 nmethod 2522 0x000001db6be41610 code [0x000001db6be417c0, 0x000001db6be41938]
Event: 128.630 Thread 0x000001db7cfc7610 2523       3       java.util.Set::of (10 bytes)
Event: 128.631 Thread 0x000001db7cfc7610 nmethod 2523 0x000001db6be41a10 code [0x000001db6be41bc0, 0x000001db6be41d48]
Event: 128.690 Thread 0x000001db7cfc7610 2524       3       java.lang.invoke.MethodHandles$Lookup::getDirectFieldCommon (67 bytes)
Event: 128.691 Thread 0x000001db7cfc7610 nmethod 2524 0x000001db6be41e10 code [0x000001db6be42020, 0x000001db6be42490]
Event: 128.691 Thread 0x000001db7cfc7610 2525       3       java.lang.invoke.MemberName::isVolatile (8 bytes)
Event: 128.691 Thread 0x000001db7cfc7610 nmethod 2525 0x000001db6be42610 code [0x000001db6be427c0, 0x000001db6be42980]
Event: 128.691 Thread 0x000001db7cfc7610 2526       3       java.lang.reflect.Modifier::isVolatile (13 bytes)
Event: 128.691 Thread 0x000001db7cfc7610 nmethod 2526 0x000001db6be42a10 code [0x000001db6be42ba0, 0x000001db6be42ce0]
Event: 128.699 Thread 0x000001db7cfc7610 2527       3       jdk.internal.reflect.ReflectionFactory::config (28 bytes)
Event: 128.700 Thread 0x000001db7cfc7610 nmethod 2527 0x000001db6be42d90 code [0x000001db6be42f20, 0x000001db6be43028]
Event: 128.813 Thread 0x000001db7cfc7610 2528       3       jdk.internal.reflect.UTF8::utf8Length (81 bytes)
Event: 128.814 Thread 0x000001db7cfc1990 2531       4       jdk.internal.reflect.ByteVectorImpl::add (38 bytes)
Event: 128.814 Thread 0x000001db7cfc7610 nmethod 2528 0x000001db6be43090 code [0x000001db6be432c0, 0x000001db6be43b08]
Event: 128.814 Thread 0x000001db7cfc7610 2529   !   3       jdk.internal.reflect.UTF8::encode (191 bytes)
Event: 128.815 Thread 0x000001db7cfc7610 nmethod 2529 0x000001db6be43e90 code [0x000001db6be44100, 0x000001db6be44c68]
Event: 128.815 Thread 0x000001db7cfc7610 2530       3       jdk.internal.reflect.ClassFileAssembler::emitConstantPoolUTF8 (50 bytes)

GC Heap History (10 events):
Event: 1.398 GC heap before
{Heap before GC invocations=0 (full 0):
 garbage-first heap   total 65536K, used 13312K [0x00000000fc000000, 0x0000000100000000)
  region size 1024K, 13 young (13312K), 0 survivors (0K)
 Metaspace       used 8407K, committed 8576K, reserved 1114112K
  class space    used 787K, committed 896K, reserved 1048576K
}
Event: 1.478 GC heap after
{Heap after GC invocations=1 (full 0):
 garbage-first heap   total 65536K, used 1280K [0x00000000fc000000, 0x0000000100000000)
  region size 1024K, 2 young (2048K), 2 survivors (2048K)
 Metaspace       used 8407K, committed 8576K, reserved 1114112K
  class space    used 787K, committed 896K, reserved 1048576K
}
Event: 2.240 GC heap before
{Heap before GC invocations=1 (full 0):
 garbage-first heap   total 65536K, used 25856K [0x00000000fc000000, 0x0000000100000000)
  region size 1024K, 26 young (26624K), 2 survivors (2048K)
 Metaspace       used 8504K, committed 8704K, reserved 1114112K
  class space    used 787K, committed 896K, reserved 1048576K
}
Event: 2.244 GC heap after
{Heap after GC invocations=2 (full 0):
 garbage-first heap   total 65536K, used 1740K [0x00000000fc000000, 0x0000000100000000)
  region size 1024K, 2 young (2048K), 2 survivors (2048K)
 Metaspace       used 8504K, committed 8704K, reserved 1114112K
  class space    used 787K, committed 896K, reserved 1048576K
}
Event: 5.096 GC heap before
{Heap before GC invocations=2 (full 0):
 garbage-first heap   total 65536K, used 41676K [0x00000000fc000000, 0x0000000100000000)
  region size 1024K, 38 young (38912K), 2 survivors (2048K)
 Metaspace       used 17074K, committed 17344K, reserved 1114112K
  class space    used 2028K, committed 2176K, reserved 1048576K
}
Event: 5.105 GC heap after
{Heap after GC invocations=3 (full 0):
 garbage-first heap   total 65536K, used 12215K [0x00000000fc000000, 0x0000000100000000)
  region size 1024K, 5 young (5120K), 5 survivors (5120K)
 Metaspace       used 17074K, committed 17344K, reserved 1114112K
  class space    used 2028K, committed 2176K, reserved 1048576K
}
Event: 6.392 GC heap before
{Heap before GC invocations=3 (full 0):
 garbage-first heap   total 65536K, used 43959K [0x00000000fc000000, 0x0000000100000000)
  region size 1024K, 36 young (36864K), 5 survivors (5120K)
 Metaspace       used 21137K, committed 21440K, reserved 1114112K
  class space    used 2537K, committed 2688K, reserved 1048576K
}
Event: 6.399 GC heap after
{Heap after GC invocations=4 (full 0):
 garbage-first heap   total 65536K, used 14415K [0x00000000fc000000, 0x0000000100000000)
  region size 1024K, 2 young (2048K), 2 survivors (2048K)
 Metaspace       used 21137K, committed 21440K, reserved 1114112K
  class space    used 2537K, committed 2688K, reserved 1048576K
}
Event: 6.643 GC heap before
{Heap before GC invocations=4 (full 0):
 garbage-first heap   total 65536K, used 28751K [0x00000000fc000000, 0x0000000100000000)
  region size 1024K, 17 young (17408K), 2 survivors (2048K)
 Metaspace       used 21233K, committed 21504K, reserved 1114112K
  class space    used 2550K, committed 2688K, reserved 1048576K
}
Event: 6.647 GC heap after
{Heap after GC invocations=5 (full 0):
 garbage-first heap   total 65536K, used 14415K [0x00000000fc000000, 0x0000000100000000)
  region size 1024K, 2 young (2048K), 2 survivors (2048K)
 Metaspace       used 21233K, committed 21504K, reserved 1114112K
  class space    used 2550K, committed 2688K, reserved 1048576K
}

Dll operation events (3 events):
Event: 0.041 Loaded shared library C:\Program Files\Android\Android Studio\jbr\bin\java.dll
Event: 0.122 Loaded shared library C:\Program Files\Android\Android Studio\jbr\bin\zip.dll
Event: 5.904 Loaded shared library C:\Program Files\Android\Android Studio\jbr\bin\verify.dll

Deoptimization events (20 events):
Event: 14.731 Thread 0x000001db68843180 Uncommon trap: trap_request=0xffffffde fr.pc=0x000001db7354867c relative=0x000000000000089c
Event: 14.731 Thread 0x000001db68843180 Uncommon trap: reason=class_check action=maybe_recompile pc=0x000001db7354867c method=java.util.HashMap.putVal(ILjava/lang/Object;Ljava/lang/Object;ZZ)Ljava/lang/Object; @ 203 c2
Event: 14.731 Thread 0x000001db68843180 DEOPT PACKING pc=0x000001db7354867c sp=0x0000008b647fb4b0
Event: 14.732 Thread 0x000001db68843180 DEOPT UNPACKING pc=0x000001db72f37aa2 sp=0x0000008b647fb3d8 mode 2
Event: 14.736 Thread 0x000001db68843180 Uncommon trap: trap_request=0xffffffde fr.pc=0x000001db7354867c relative=0x000000000000089c
Event: 14.736 Thread 0x000001db68843180 Uncommon trap: reason=class_check action=maybe_recompile pc=0x000001db7354867c method=java.util.HashMap.putVal(ILjava/lang/Object;Ljava/lang/Object;ZZ)Ljava/lang/Object; @ 203 c2
Event: 14.736 Thread 0x000001db68843180 DEOPT PACKING pc=0x000001db7354867c sp=0x0000008b647fb4b0
Event: 14.736 Thread 0x000001db68843180 DEOPT UNPACKING pc=0x000001db72f37aa2 sp=0x0000008b647fb3d8 mode 2
Event: 14.737 Thread 0x000001db68843180 Uncommon trap: trap_request=0xffffffde fr.pc=0x000001db735472bc relative=0x000000000000087c
Event: 14.737 Thread 0x000001db68843180 Uncommon trap: reason=class_check action=maybe_recompile pc=0x000001db735472bc method=java.util.HashMap.putVal(ILjava/lang/Object;Ljava/lang/Object;ZZ)Ljava/lang/Object; @ 203 c2
Event: 14.737 Thread 0x000001db68843180 DEOPT PACKING pc=0x000001db735472bc sp=0x0000008b647fb420
Event: 14.737 Thread 0x000001db68843180 DEOPT UNPACKING pc=0x000001db72f37aa2 sp=0x0000008b647fb3e0 mode 2
Event: 15.029 Thread 0x000001db68843180 Uncommon trap: trap_request=0xffffff45 fr.pc=0x000001db7350cb40 relative=0x00000000000000a0
Event: 15.029 Thread 0x000001db68843180 Uncommon trap: reason=unstable_if action=reinterpret pc=0x000001db7350cb40 method=java.lang.Integer.stringSize(I)I @ 19 c2
Event: 15.029 Thread 0x000001db68843180 DEOPT PACKING pc=0x000001db7350cb40 sp=0x0000008b647fd910
Event: 15.029 Thread 0x000001db68843180 DEOPT UNPACKING pc=0x000001db72f37aa2 sp=0x0000008b647fd888 mode 2
Event: 15.049 Thread 0x000001db68843180 Uncommon trap: trap_request=0xffffff45 fr.pc=0x000001db73530940 relative=0x0000000000000280
Event: 15.049 Thread 0x000001db68843180 Uncommon trap: reason=unstable_if action=reinterpret pc=0x000001db73530940 method=jdk.internal.misc.Unsafe.copyMemory(Ljava/lang/Object;JLjava/lang/Object;JJ)V @ 16 c2
Event: 15.049 Thread 0x000001db68843180 DEOPT PACKING pc=0x000001db73530940 sp=0x0000008b647fdf30
Event: 15.049 Thread 0x000001db68843180 DEOPT UNPACKING pc=0x000001db72f37aa2 sp=0x0000008b647fdef8 mode 2

Classes loaded (20 events):
Event: 128.377 Loading class jdk/internal/reflect/ClassDefiner$1
Event: 128.379 Loading class jdk/internal/reflect/ClassDefiner$1 done
Event: 128.396 Loading class jdk/internal/reflect/SerializationConstructorAccessorImpl
Event: 128.398 Loading class jdk/internal/reflect/SerializationConstructorAccessorImpl done
Event: 128.419 Loading class java/io/ClassCache$CacheRef
Event: 128.421 Loading class java/io/ClassCache$CacheRef done
Event: 128.453 Loading class java/io/ObjectStreamClass$FieldReflectorKey
Event: 128.454 Loading class java/io/ObjectStreamClass$FieldReflectorKey done
Event: 128.454 Loading class java/io/ObjectStreamClass$FieldReflector
Event: 128.458 Loading class java/io/ObjectStreamClass$FieldReflector done
Event: 128.472 Loading class java/io/ObjectStreamClass$ClassDataSlot
Event: 128.473 Loading class java/io/ObjectStreamClass$ClassDataSlot done
Event: 128.474 Loading class java/io/ObjectInputStream$FieldValues
Event: 128.478 Loading class java/io/ObjectInputStream$GetField
Event: 128.481 Loading class java/io/ObjectInputStream$GetField done
Event: 128.481 Loading class java/io/ObjectInputStream$FieldValues done
Event: 128.482 Loading class java/io/SerialCallbackContext
Event: 128.483 Loading class java/io/SerialCallbackContext done
Event: 128.522 Loading class java/util/HashMap$UnsafeHolder
Event: 128.523 Loading class java/util/HashMap$UnsafeHolder done

Classes unloaded (0 events):
No events

Classes redefined (0 events):
No events

Internal exceptions (20 events):
Event: 5.835 Thread 0x000001db68843180 Exception <a 'java/lang/IncompatibleClassChangeError'{0x00000000ff691c88}: Found class java.lang.Object, but interface was expected> (0x00000000ff691c88) 
thrown [s\src\hotspot\share\interpreter\linkResolver.cpp, line 851]
Event: 5.861 Thread 0x000001db68843180 Exception <a 'sun/nio/fs/WindowsException'{0x00000000ff6b8bb0}> (0x00000000ff6b8bb0) 
thrown [s\src\hotspot\share\prims\jni.cpp, line 537]
Event: 5.863 Thread 0x000001db68843180 Exception <a 'sun/nio/fs/WindowsException'{0x00000000ff6bc190}> (0x00000000ff6bc190) 
thrown [s\src\hotspot\share\prims\jni.cpp, line 537]
Event: 5.872 Thread 0x000001db68843180 Exception <a 'sun/nio/fs/WindowsException'{0x00000000ff6dfac0}> (0x00000000ff6dfac0) 
thrown [s\src\hotspot\share\prims\jni.cpp, line 537]
Event: 5.876 Thread 0x000001db7e4ab860 Implicit null exception at 0x000001db7350d18b to 0x000001db7350d38c
Event: 5.876 Thread 0x000001db7e4ab860 Implicit null exception at 0x000001db7350d9a3 to 0x000001db7350db98
Event: 5.880 Thread 0x000001db68843180 Exception <a 'sun/nio/fs/WindowsException'{0x00000000ff6e77e8}> (0x00000000ff6e77e8) 
thrown [s\src\hotspot\share\prims\jni.cpp, line 537]
Event: 5.881 Thread 0x000001db68843180 Exception <a 'sun/nio/fs/WindowsException'{0x00000000ff6e8be8}> (0x00000000ff6e8be8) 
thrown [s\src\hotspot\share\prims\jni.cpp, line 537]
Event: 5.882 Thread 0x000001db68843180 Exception <a 'sun/nio/fs/WindowsException'{0x00000000ff6e9a78}> (0x00000000ff6e9a78) 
thrown [s\src\hotspot\share\prims\jni.cpp, line 537]
Event: 5.882 Thread 0x000001db68843180 Exception <a 'sun/nio/fs/WindowsException'{0x00000000ff6ea940}> (0x00000000ff6ea940) 
thrown [s\src\hotspot\share\prims\jni.cpp, line 537]
Event: 6.001 Thread 0x000001db68843180 Exception <a 'sun/nio/fs/WindowsException'{0x00000000ff3c8380}> (0x00000000ff3c8380) 
thrown [s\src\hotspot\share\prims\jni.cpp, line 537]
Event: 6.006 Thread 0x000001db68843180 Exception <a 'sun/nio/fs/WindowsException'{0x00000000ff3ca918}> (0x00000000ff3ca918) 
thrown [s\src\hotspot\share\prims\jni.cpp, line 537]
Event: 6.008 Thread 0x000001db68843180 Exception <a 'java/lang/NoSuchMethodError'{0x00000000ff3d5688}: 'int java.lang.invoke.DirectMethodHandle$Holder.invokeSpecialIFC(java.lang.Object, java.lang.Object, java.lang.Object, java.lang.Object, java.lang.Object)'> (0x00000000ff3d5688) 
thrown [s\src\hotspot\share\interpreter\linkResolver.cpp, line 784]
Event: 6.026 Thread 0x000001db68843180 Exception <a 'sun/nio/fs/WindowsException'{0x00000000ff2389f0}> (0x00000000ff2389f0) 
thrown [s\src\hotspot\share\prims\jni.cpp, line 537]
Event: 6.026 Thread 0x000001db68843180 Implicit null exception at 0x000001db734dc3a0 to 0x000001db734dc9a8
Event: 6.410 Thread 0x000001db68843180 Exception <a 'sun/nio/fs/WindowsException'{0x00000000ffd4e598}> (0x00000000ffd4e598) 
thrown [s\src\hotspot\share\prims\jni.cpp, line 537]
Event: 6.797 Thread 0x000001db7d9fbae0 Exception <a 'java/lang/NoSuchMethodError'{0x00000000ffe350a0}: 'void java.lang.invoke.DirectMethodHandle$Holder.invokeStatic(java.lang.Object, long)'> (0x00000000ffe350a0) 
thrown [s\src\hotspot\share\interpreter\linkResolver.cpp, line 784]
Event: 14.554 Thread 0x000001db68843180 Exception <a 'sun/nio/fs/WindowsException'{0x00000000fffdd828}> (0x00000000fffdd828) 
thrown [s\src\hotspot\share\prims\jni.cpp, line 537]
Event: 128.274 Thread 0x000001db68843180 Exception <a 'java/lang/NoSuchMethodError'{0x00000000ffb64f90}: 'long java.lang.invoke.DirectMethodHandle$Holder.invokeSpecial(java.lang.Object, java.lang.Object)'> (0x00000000ffb64f90) 
thrown [s\src\hotspot\share\interpreter\linkResolver.cpp, line 784]
Event: 128.280 Thread 0x000001db68843180 Exception <a 'java/lang/NoSuchMethodError'{0x00000000ffb68478}: 'long java.lang.invoke.Invokers$Holder.invokeExact_MT(java.lang.Object, java.lang.Object)'> (0x00000000ffb68478) 
thrown [s\src\hotspot\share\interpreter\linkResolver.cpp, line 784]

ZGC Phase Switch (0 events):
No events

VM Operations (20 events):
Event: 38.870 Executing VM operation: Cleanup
Event: 38.870 Executing VM operation: Cleanup done
Event: 42.903 Executing VM operation: Cleanup
Event: 42.903 Executing VM operation: Cleanup done
Event: 50.942 Executing VM operation: Cleanup
Event: 50.942 Executing VM operation: Cleanup done
Event: 60.146 Executing VM operation: HandshakeAllThreads (HandshakeForDeflation)
Event: 60.146 Executing VM operation: HandshakeAllThreads (HandshakeForDeflation) done
Event: 60.150 Executing VM operation: RendezvousGCThreads
Event: 60.150 Executing VM operation: RendezvousGCThreads done
Event: 77.259 Executing VM operation: Cleanup
Event: 77.260 Executing VM operation: Cleanup done
Event: 118.521 Executing VM operation: Cleanup
Event: 118.522 Executing VM operation: Cleanup done
Event: 121.533 Executing VM operation: Cleanup
Event: 121.533 Executing VM operation: Cleanup done
Event: 125.558 Executing VM operation: Cleanup
Event: 125.558 Executing VM operation: Cleanup done
Event: 128.599 Executing VM operation: Cleanup
Event: 128.615 Executing VM operation: Cleanup done

Memory protections (0 events):
No events

Nmethod flushes (0 events):
No events

Events (20 events):
Event: 0.478 Loaded shared library C:\Program Files\Android\Android Studio\jbr\bin\nio.dll
Event: 0.553 Loaded shared library C:\Program Files\Android\Android Studio\jbr\bin\zip.dll
Event: 2.270 Loaded shared library C:\Program Files\Android\Android Studio\jbr\bin\jimage.dll
Event: 4.143 Loaded shared library C:\Program Files\Android\Android Studio\jbr\bin\management.dll
Event: 4.190 Loaded shared library C:\Program Files\Android\Android Studio\jbr\bin\management_ext.dll
Event: 4.301 Loaded shared library C:\Users\DELL\.gradle\native\660c5614fbf4a5f2a75b1949f50a0caf5cd603558e7d8a26e50b933a0cfb79d1\windows-amd64\native-platform.dll
Event: 4.382 Thread 0x000001db68843180 Thread added: 0x000001db7e2c8a30
Event: 4.770 Loaded shared library C:\Program Files\Android\Android Studio\jbr\bin\extnet.dll
Event: 5.859 Thread 0x000001db68843180 Thread added: 0x000001db7e4ab860
Event: 5.869 Thread 0x000001db68843180 Thread added: 0x000001db7d721590
Event: 5.874 Thread 0x000001db7e4ab860 Thread added: 0x000001db7d518c70
Event: 6.722 Thread 0x000001db68843180 Thread added: 0x000001db7d9fbae0
Event: 6.834 Thread 0x000001db7d9fbae0 Thread added: 0x000001db7d4b79c0
Event: 6.837 Thread 0x000001db7d9fbae0 Thread added: 0x000001db7d4b88b0
Event: 6.898 Thread 0x000001db7d4b79c0 Thread exited: 0x000001db7d4b79c0
Event: 14.537 Thread 0x000001db7d9fbae0 Thread exited: 0x000001db7d9fbae0
Event: 14.538 Thread 0x000001db7d4b88b0 Thread exited: 0x000001db7d4b88b0
Event: 66.088 Thread 0x000001db7d518c70 Thread exited: 0x000001db7d518c70
Event: 86.168 Thread 0x000001db7e4ab860 Thread exited: 0x000001db7e4ab860
Event: 106.160 Thread 0x000001db7d721590 Thread exited: 0x000001db7d721590


Dynamic libraries:
0x00007ff771500000 - 0x00007ff77150a000 	C:\Program Files\Android\Android Studio\jbr\bin\java.exe
0x00007ffbe3470000 - 0x00007ffbe3668000 	C:\Windows\SYSTEM32\ntdll.dll
0x00007ffbe29e0000 - 0x00007ffbe2aa2000 	C:\Windows\System32\KERNEL32.DLL
0x00007ffbe0c80000 - 0x00007ffbe0f76000 	C:\Windows\System32\KERNELBASE.dll
0x00007ffbe0f80000 - 0x00007ffbe1080000 	C:\Windows\System32\ucrtbase.dll
0x00007ffbb6f10000 - 0x00007ffbb6f2b000 	C:\Program Files\Android\Android Studio\jbr\bin\VCRUNTIME140.dll
0x00007ffbb6ab0000 - 0x00007ffbb6ac8000 	C:\Program Files\Android\Android Studio\jbr\bin\jli.dll
0x00007ffbe2ab0000 - 0x00007ffbe2c51000 	C:\Windows\System32\USER32.dll
0x00007ffbe1220000 - 0x00007ffbe1242000 	C:\Windows\System32\win32u.dll
0x00007ffbe1490000 - 0x00007ffbe14bb000 	C:\Windows\System32\GDI32.dll
0x00007ffbe1100000 - 0x00007ffbe1219000 	C:\Windows\System32\gdi32full.dll
0x00007ffbe0b90000 - 0x00007ffbe0c2d000 	C:\Windows\System32\msvcp_win.dll
0x00007ffbce3d0000 - 0x00007ffbce66b000 	C:\Windows\WinSxS\amd64_microsoft.windows.common-controls_6595b64144ccf1df_6.0.19041.6456_none_60b8a6cb71f64256\COMCTL32.dll
0x00007ffbe2fb0000 - 0x00007ffbe304e000 	C:\Windows\System32\msvcrt.dll
0x00007ffbe31a0000 - 0x00007ffbe31cf000 	C:\Windows\System32\IMM32.DLL
0x00007ffbdaab0000 - 0x00007ffbdaabc000 	C:\Program Files\Android\Android Studio\jbr\bin\vcruntime140_1.dll
0x00007ffbaeed0000 - 0x00007ffbaef5d000 	C:\Program Files\Android\Android Studio\jbr\bin\msvcp140.dll
0x00007ffb7c7b0000 - 0x00007ffb7d446000 	C:\Program Files\Android\Android Studio\jbr\bin\server\jvm.dll
0x00007ffbe14c0000 - 0x00007ffbe1571000 	C:\Windows\System32\ADVAPI32.dll
0x00007ffbe15a0000 - 0x00007ffbe163f000 	C:\Windows\System32\sechost.dll
0x00007ffbe17f0000 - 0x00007ffbe1910000 	C:\Windows\System32\RPCRT4.dll
0x00007ffbe13b0000 - 0x00007ffbe13d7000 	C:\Windows\System32\bcrypt.dll
0x00007ffbe2d40000 - 0x00007ffbe2dab000 	C:\Windows\System32\WS2_32.dll
0x00007ffbe0960000 - 0x00007ffbe09ab000 	C:\Windows\SYSTEM32\POWRPROF.dll
0x00007ffbc9c30000 - 0x00007ffbc9c57000 	C:\Windows\SYSTEM32\WINMM.dll
0x00007ffbd9910000 - 0x00007ffbd991a000 	C:\Windows\SYSTEM32\VERSION.dll
0x00007ffbe0940000 - 0x00007ffbe0952000 	C:\Windows\SYSTEM32\UMPDC.dll
0x00007ffbdf2d0000 - 0x00007ffbdf2e2000 	C:\Windows\SYSTEM32\kernel.appcore.dll
0x00007ffbdaa80000 - 0x00007ffbdaa8a000 	C:\Program Files\Android\Android Studio\jbr\bin\jimage.dll
0x00007ffbde6a0000 - 0x00007ffbde8a1000 	C:\Windows\SYSTEM32\DBGHELP.DLL
0x00007ffbb3290000 - 0x00007ffbb32c4000 	C:\Windows\SYSTEM32\dbgcore.DLL
0x00007ffbe0b00000 - 0x00007ffbe0b82000 	C:\Windows\System32\bcryptPrimitives.dll
0x00007ffbb6950000 - 0x00007ffbb6970000 	C:\Program Files\Android\Android Studio\jbr\bin\java.dll
0x00007ffbb4d70000 - 0x00007ffbb4d88000 	C:\Program Files\Android\Android Studio\jbr\bin\zip.dll
0x00007ffbe1da0000 - 0x00007ffbe2510000 	C:\Windows\System32\SHELL32.dll
0x00007ffbdeb10000 - 0x00007ffbdf2b5000 	C:\Windows\SYSTEM32\windows.storage.dll
0x00007ffbe1910000 - 0x00007ffbe1c64000 	C:\Windows\System32\combase.dll
0x00007ffbe0450000 - 0x00007ffbe047b000 	C:\Windows\SYSTEM32\Wldp.dll
0x00007ffbe2e30000 - 0x00007ffbe2efd000 	C:\Windows\System32\OLEAUT32.dll
0x00007ffbe2f00000 - 0x00007ffbe2fad000 	C:\Windows\System32\SHCORE.dll
0x00007ffbe32f0000 - 0x00007ffbe334b000 	C:\Windows\System32\shlwapi.dll
0x00007ffbe0a30000 - 0x00007ffbe0a54000 	C:\Windows\SYSTEM32\profapi.dll
0x00007ffbda110000 - 0x00007ffbda120000 	C:\Program Files\Android\Android Studio\jbr\bin\net.dll
0x00007ffbd5a40000 - 0x00007ffbd5b4a000 	C:\Windows\SYSTEM32\WINHTTP.dll
0x00007ffbe0160000 - 0x00007ffbe01ca000 	C:\Windows\system32\mswsock.dll
0x00007ffbd0e70000 - 0x00007ffbd0e86000 	C:\Program Files\Android\Android Studio\jbr\bin\nio.dll
0x00007ffbd95c0000 - 0x00007ffbd95c9000 	C:\Program Files\Android\Android Studio\jbr\bin\management.dll
0x00007ffbd5ce0000 - 0x00007ffbd5ceb000 	C:\Program Files\Android\Android Studio\jbr\bin\management_ext.dll
0x00007ffbe1590000 - 0x00007ffbe1598000 	C:\Windows\System32\PSAPI.DLL
0x00007ffbcee50000 - 0x00007ffbcee77000 	C:\Users\DELL\.gradle\native\660c5614fbf4a5f2a75b1949f50a0caf5cd603558e7d8a26e50b933a0cfb79d1\windows-amd64\native-platform.dll
0x00007ffbdfe50000 - 0x00007ffbdfe8b000 	C:\Windows\SYSTEM32\IPHLPAPI.DLL
0x00007ffbe1580000 - 0x00007ffbe1588000 	C:\Windows\System32\NSI.dll
0x00007ffbd5800000 - 0x00007ffbd5809000 	C:\Program Files\Android\Android Studio\jbr\bin\extnet.dll
0x00007ffbe0310000 - 0x00007ffbe0328000 	C:\Windows\SYSTEM32\CRYPTSP.dll
0x00007ffbdfa90000 - 0x00007ffbdfac8000 	C:\Windows\system32\rsaenh.dll
0x00007ffbe09b0000 - 0x00007ffbe09de000 	C:\Windows\SYSTEM32\USERENV.dll
0x00007ffbe0330000 - 0x00007ffbe033c000 	C:\Windows\SYSTEM32\CRYPTBASE.dll
0x00007ffbd0260000 - 0x00007ffbd0270000 	C:\Program Files\Android\Android Studio\jbr\bin\verify.dll
0x00007ffbda170000 - 0x00007ffbda177000 	C:\Windows\system32\wshunix.dll

JVMTI agents: none

dbghelp: loaded successfully - version: 4.0.5 - missing functions: none
symbol engine: initialized successfully - sym options: 0x614 - pdb path: .;C:\Program Files\Android\Android Studio\jbr\bin;C:\Windows\SYSTEM32;C:\Windows\WinSxS\amd64_microsoft.windows.common-controls_6595b64144ccf1df_6.0.19041.6456_none_60b8a6cb71f64256;C:\Program Files\Android\Android Studio\jbr\bin\server;C:\Users\DELL\.gradle\native\660c5614fbf4a5f2a75b1949f50a0caf5cd603558e7d8a26e50b933a0cfb79d1\windows-amd64

VM Arguments:
jvm_args: -Xmx64m -Xms64m -Dorg.gradle.appname=gradlew 
java_command: C:\Users\DELL\Desktop\kavachsecurecom\android-app\\gradle\wrapper\gradle-wrapper.jar assembleDebug
java_class_path (initial): C:\Users\DELL\Desktop\kavachsecurecom\android-app\\gradle\wrapper\gradle-wrapper.jar
Launcher Type: SUN_STANDARD

[Global flags]
     intx CICompilerCount                          = 3                                         {product} {ergonomic}
     uint ConcGCThreads                            = 1                                         {product} {ergonomic}
     uint G1ConcRefinementThreads                  = 4                                         {product} {ergonomic}
   size_t G1HeapRegionSize                         = 1048576                                   {product} {ergonomic}
    uintx GCDrainStackTargetSize                   = 64                                        {product} {ergonomic}
   size_t InitialHeapSize                          = 67108864                                  {product} {command line}
   size_t MarkStackSize                            = 4194304                                   {product} {ergonomic}
   size_t MaxHeapSize                              = 67108864                                  {product} {command line}
   size_t MaxNewSize                               = 39845888                                  {product} {ergonomic}
   size_t MinHeapDeltaBytes                        = 1048576                                   {product} {ergonomic}
   size_t MinHeapSize                              = 67108864                                  {product} {command line}
    uintx NonNMethodCodeHeapSize                   = 5832780                                {pd product} {ergonomic}
    uintx NonProfiledCodeHeapSize                  = 122912730                              {pd product} {ergonomic}
    uintx ProfiledCodeHeapSize                     = 122912730                              {pd product} {ergonomic}
    uintx ReservedCodeCacheSize                    = 251658240                              {pd product} {ergonomic}
     bool SegmentedCodeCache                       = true                                      {product} {ergonomic}
   size_t SoftMaxHeapSize                          = 67108864                               {manageable} {ergonomic}
     bool UseCompressedOops                        = true                           {product lp64_product} {ergonomic}
     bool UseG1GC                                  = true                                      {product} {ergonomic}
     bool UseLargePagesIndividualAllocation        = false                                  {pd product} {ergonomic}

Logging:
Log output configuration:
 #0: stdout all=warning uptime,level,tags foldmultilines=false
 #1: stderr all=off uptime,level,tags foldmultilines=false

Release file:
JAVA_VERSION="21.0.9" 
MODULES="java.base java.compiler java.datatransfer java.xml java.prefs java.desktop java.instrument java.logging java.management java.security.sasl java.naming java.rmi java.management.rmi java.net.http java.scripting java.security.jgss java.transaction.xa java.sql java.sql.rowset java.xml.crypto java.se java.smartcardio jdk.accessibility jdk.internal.jvmstat jdk.attach jdk.charsets jdk.internal.opt jdk.zipfs jdk.compiler jdk.crypto.ec jdk.crypto.cryptoki jdk.dynalink jdk.hotspot.agent jdk.httpserver jdk.internal.ed jdk.internal.le jdk.internal.vm.ci jdk.jartool jdk.javadoc jdk.jcmd jdk.jdeps jdk.jdwp.agent jdk.jdi jdk.jfr jdk.jlink jdk.jsobject jdk.localedata jdk.management jdk.management.agent jdk.management.jfr jdk.naming.dns jdk.naming.rmi jdk.net jdk.sctp jdk.security.auth jdk.security.jgss jdk.unsupported jdk.unsupported.desktop jdk.xml.dom" 
IMPLEMENTOR="JetBrains s.r.o." 
JAVA_RUNTIME_VERSION="21.0.9+-14787801-b1163.94" 
LIBC="default" 
OS_ARCH="x86_64" 
OS_NAME="Windows" 
SOURCE=".:git:0c757ddc9f2f" 

Environment Variables:
JAVA_HOME=C:\Program Files\Android\Android Studio\jbr
PATH=C:\Program Files\OpenLogic\jdk-22.0.2.9-hotspot\bin;C:\Windows\system32;C:\Windows;C:\Windows\System32\Wbem;C:\Windows\System32\WindowsPowerShell\v1.0\;C:\Windows\System32\OpenSSH\;C:\Program Files\dotnet\;C:\MinGW\bin;C:\Program Files\Git\cmd;C:\Users\DELL\AppData\Roaming\nvm;C:\Program Files\nodejs;C:\ProgramData\chocolatey\bin;C:\Program Files\nodejs\;C:\Users\DELL\AppData\Local\Programs\Python\Python313\Scripts;C:\Users\DELL\AppData\Local\Programs\Python\Python313\;C:\platform-tools;C:\MinGW\bin;C:\MinGW\bin;C:\Program Files\MySQL\MySQL Server 8.0\bin;C:\Users\DELL\AppData\Local\Programs\Python\Python310\Scripts\;C:\Users\DELL\AppData\Local\Programs\Python\Python310\;C:\Users\DELL\AppData\Local\Programs\Python\Python313\Scripts\;C:\Users\DELL\AppData\Local\Programs\Python\Python313\;C:\Users\DELL\AppData\Local\Programs\Python\Launcher\;C:\Users\DELL\AppData\Local\Microsoft\WindowsApps;C:\Users\DELL\AppData\Local\Programs\Microsoft VS Code\bin;C:\Users\DELL\AppData\Roaming\nvm;C:\Program Files\nodejs;C:\Users\DELL\AppData\Roaming\npm;C:\Program Files\heroku\bin;C:\Users\DELL\.dotnet\tools;C:\Users\DELL\Downloads\x64;C:\Users\DELL\AppData\Local\Programs\Python\Python310\;C:\Users\DELL\AppData\Local\Programs\Antigravity\bin
USERNAME=DELL
OS=Windows_NT
PROCESSOR_IDENTIFIER=Intel64 Family 6 Model 126 Stepping 5, GenuineIntel
TMP=C:\Users\DELL\AppData\Local\Temp
TEMP=C:\Users\DELL\AppData\Local\Temp




Periodic native trim disabled

JNI global refs:
JNI global refs: 19, weak refs: 0

JNI global refs memory usage: 835, weak refs: 201

Process memory usage:
Resident Set Size: 33644K (0% of 3954772K total physical memory with 111808K free physical memory)

OOME stack traces (most recent first):
Classloader memory used:
Loader bootstrap                                                                       : 15715K
Loader org.gradle.internal.classloader.VisitableURLClassLoader                         : 6997K
Loader java.net.URLClassLoader                                                         : 227K
Loader jdk.internal.loader.ClassLoaders$PlatformClassLoader                            : 136K
Loader jdk.internal.loader.ClassLoaders$AppClassLoader                                 : 100K
Loader jdk.internal.reflect.DelegatingClassLoader                                      : 17368B

Classes loaded by more than one classloader:
Class org.gradle.internal.classloader.ClassLoaderHierarchy                            : loaded 2 times (x 70B)
Class org.gradle.api.internal.classpath.ManifestUtil                                  : loaded 2 times (x 71B)
Class org.gradle.cli.CommandLineParser                                                : loaded 2 times (x 79B)
Class org.gradle.internal.classloader.ClassLoaderVisitor                              : loaded 2 times (x 76B)
Class org.gradle.api.internal.classpath.EffectiveClassPath                            : loaded 2 times (x 90B)
Class org.gradle.internal.service.UnknownServiceException                             : loaded 2 times (x 83B)
Class org.gradle.cli.CommandLineArgumentException                                     : loaded 2 times (x 82B)
Class org.gradle.cli.CommandLineParser$KnownOptionParserState                         : loaded 2 times (x 76B)
Class org.gradle.internal.classloader.ClasspathUtil$1                                 : loaded 2 times (x 76B)
Class org.gradle.api.internal.classpath.DefaultModuleRegistry$DefaultModule           : loaded 2 times (x 86B)
Class org.gradle.api.internal.classpath.Module                                        : loaded 2 times (x 70B)
Class org.gradle.api.internal.classpath.UnknownModuleException                        : loaded 2 times (x 82B)
Class org.gradle.internal.classpath.DefaultClassPath$ImmutableUniqueList              : loaded 2 times (x 199B)
Class org.gradle.cli.CommandLineParser$OptionAwareParserState                         : loaded 2 times (x 77B)
Class org.gradle.cli.ParsedCommandLine                                                : loaded 2 times (x 80B)
Class org.gradle.internal.classpath.ClassPath                                         : loaded 2 times (x 70B)
Class org.gradle.cli.CommandLineParser$UnknownOptionParserState                       : loaded 2 times (x 76B)
Class org.gradle.cli.ParsedCommandLineOption                                          : loaded 2 times (x 76B)
Class org.gradle.api.internal.classpath.ModuleRegistry                                : loaded 2 times (x 70B)
Class org.gradle.internal.installation.GradleInstallation$1                           : loaded 2 times (x 75B)
Class org.gradle.api.internal.classpath.DefaultModuleRegistry                         : loaded 2 times (x 86B)
Class org.gradle.cli.CommandLineOption                                                : loaded 2 times (x 86B)
Class org.gradle.cli.CommandLineParser$BeforeFirstSubCommand                          : loaded 2 times (x 77B)
Class org.gradle.internal.service.ServiceLookupException                              : loaded 2 times (x 82B)
Class org.gradle.cli.CommandLineParser$OptionParserState                              : loaded 2 times (x 75B)
Class org.gradle.internal.classloader.ClasspathUtil                                   : loaded 2 times (x 71B)
Class org.gradle.api.specs.Spec                                                       : loaded 2 times (x 70B)
Class org.gradle.internal.classpath.DefaultClassPath                                  : loaded 2 times (x 90B)
Class org.gradle.internal.classloader.ClassLoaderSpec                                 : loaded 2 times (x 71B)
Class org.gradle.internal.Cast                                                        : loaded 2 times (x 71B)
Class org.gradle.api.Action                                                           : loaded 2 times (x 70B)
Class org.gradle.internal.classpath.DefaultClassPath$ImmutableUniqueList$Builder      : loaded 2 times (x 75B)
Class org.gradle.api.GradleException                                                  : loaded 2 times (x 82B)
Class org.gradle.internal.IoActions                                                   : loaded 2 times (x 71B)
Class org.gradle.internal.classloader.SystemClassLoaderSpec                           : loaded 2 times (x 71B)
Class org.gradle.cli.CommandLineParser$ParserState                                    : loaded 2 times (x 76B)
Class org.gradle.api.internal.classpath.GlobalCacheRootsProvider                      : loaded 2 times (x 70B)
Class org.gradle.internal.installation.CurrentGradleInstallationLocator               : loaded 2 times (x 71B)
Class org.gradle.internal.installation.CurrentGradleInstallation                      : loaded 2 times (x 73B)
Class org.gradle.util.internal.GUtil                                                  : loaded 2 times (x 71B)
Class org.gradle.cli.CommandLineParser$AfterOptions                                   : loaded 2 times (x 77B)
Class org.gradle.internal.installation.GradleInstallation                             : loaded 2 times (x 75B)

---------------  S Y S T E M  ---------------

OS:
 Windows 10 , 64 bit Build 19041 (10.0.19041.5915)
OS uptime: 0 days 14:19 hours
Hyper-V role detected

CPU: total 4 (initial active 4) (2 cores per cpu, 2 threads per core) family 6 model 126 stepping 5 microcode 0xca, cx8, cmov, fxsr, ht, mmx, 3dnowpref, sse, sse2, sse3, ssse3, sse4.1, sse4.2, popcnt, lzcnt, tsc, tscinvbit, avx, avx2, aes, erms, clmul, bmi1, bmi2, adx, avx512f, avx512dq, avx512cd, avx512bw, avx512vl, sha, fma, vzeroupper, avx512_vpopcntdq, avx512_vpclmulqdq, avx512_vaes, avx512_vnni, clflush, clflushopt, avx512_vbmi2, avx512_vbmi, hv, rdtscp, rdpid, fsrm, gfni, avx512_bitalg, f16c, avx512_ifma
Processor Information for the first 4 processors :
  Max Mhz: 1190, Current Mhz: 1190, Mhz Limit: 1190

Memory: 4k page, system-wide physical 3862M (114M free)
TotalPageFile size 15638M (AvailPageFile size 3M)
current process WorkingSet (physical memory assigned to process): 34M, peak: 129M
current process commit charge ("private bytes"): 164M, peak: 169M

vm_info: OpenJDK 64-Bit Server VM (21.0.9+-14787801-b1163.94) for windows-amd64 JRE (21.0.9+-14787801-b1163.94), built on 2026-01-27T21:15:44Z by "builder" with MS VC++ 16.10 / 16.11 (VS2019)

END.
