#
# There is insufficient memory for the Java Runtime Environment to continue.
# Native memory allocation (malloc) failed to allocate 32744 bytes. Error detail: Chunk::new
# Possible reasons:
#   The system is out of physical RAM or swap space
#   This process is running with CompressedOops enabled, and the Java Heap may be blocking the growth of the native heap
# Possible solutions:
#   Reduce memory load on the system
#   Increase physical memory or swap space
#   Check if swap backing store is full
#   Decrease Java heap size (-Xmx/-Xms)
#   Decrease number of Java threads
#   Decrease Java thread stack sizes (-Xss)
#   Set larger code cache with -XX:ReservedCodeCacheSize=
#   JVM is running with Unscaled Compressed Oops mode in which the Java heap is
#     placed in the first 4GB address space. The Java Heap base address is the
#     maximum limit for the native heap growth. Please use -XX:HeapBaseMinAddress
#     to set the Java Heap base and to place the Java Heap above 4GB virtual address.
# This output file may be truncated or incomplete.
#
#  Out of Memory Error (arena.cpp:168), pid=10224, tid=14420
#
# JRE version: OpenJDK Runtime Environment Temurin-21.0.7+6 (21.0.7+6) (build 21.0.7+6-LTS)
# Java VM: OpenJDK 64-Bit Server VM Temurin-21.0.7+6 (21.0.7+6-LTS, mixed mode, sharing, tiered, compressed oops, compressed class ptrs, g1 gc, windows-amd64)
# No core dump will be written. Minidumps are not enabled by default on client versions of Windows
#

---------------  S U M M A R Y ------------

Command Line: --add-opens=java.base/java.lang=ALL-UNNAMED --add-opens=java.base/java.lang.invoke=ALL-UNNAMED --add-opens=java.base/java.util=ALL-UNNAMED --add-opens=java.prefs/java.util.prefs=ALL-UNNAMED --add-exports=jdk.compiler/com.sun.tools.javac.api=ALL-UNNAMED --add-exports=jdk.compiler/com.sun.tools.javac.util=ALL-UNNAMED --add-opens=java.base/java.util=ALL-UNNAMED --add-opens=java.prefs/java.util.prefs=ALL-UNNAMED --add-opens=java.base/java.nio.charset=ALL-UNNAMED --add-opens=java.base/java.net=ALL-UNNAMED --add-opens=java.base/java.util.concurrent=ALL-UNNAMED --add-opens=java.base/java.util.concurrent.atomic=ALL-UNNAMED --add-opens=java.xml/javax.xml.namespace=ALL-UNNAMED --add-opens=java.base/java.time=ALL-UNNAMED -XX:MaxMetaspaceSize=128m -Xmx512m -Dfile.encoding=UTF-8 -Duser.country=IN -Duser.language=en -Duser.variant -javaagent:C:\Users\DELL\.gradle\wrapper\dists\gradle-9.3.1-bin\23ovyewtku6u96viwx3xl3oks\gradle-9.3.1\lib\agents\gradle-instrumentation-agent-9.3.1.jar org.gradle.launcher.daemon.bootstrap.GradleDaemon 9.3.1

Host: Intel(R) Core(TM) i3-1005G1 CPU @ 1.20GHz, 4 cores, 3G,  Windows 10 , 64 bit Build 19041 (10.0.19041.5915)
Time: Wed Apr  1 00:00:26 2026 India Standard Time elapsed time: 65.295214 seconds (0d 0h 1m 5s)

---------------  T H R E A D  ---------------

Current thread (0x000001dc2f121740):  JavaThread "C2 CompilerThread0" daemon [_thread_in_native, id=14420, stack(0x000000812f200000,0x000000812f300000) (1024K)]


Current CompileTask:
C2:65297 10597   !   4       org.jetbrains.kotlin.metadata.ProtoBuf$Function::<init> (1811 bytes)

Stack: [0x000000812f200000,0x000000812f300000]
Native frames: (J=compiled Java code, j=interpreted, Vv=VM code, C=native code)
V  [jvm.dll+0x6ce119]
V  [jvm.dll+0x8a84a1]
V  [jvm.dll+0x8aa9ce]
V  [jvm.dll+0x8ab0b3]
V  [jvm.dll+0x27f8a6]
V  [jvm.dll+0xc507d]
V  [jvm.dll+0xc55b3]
V  [jvm.dll+0x3bbb35]
V  [jvm.dll+0x5d7384]
V  [jvm.dll+0x382ad4]
V  [jvm.dll+0x381f0a]
V  [jvm.dll+0x247af0]
V  [jvm.dll+0x2470cf]
V  [jvm.dll+0x1c760e]
V  [jvm.dll+0x25695a]
V  [jvm.dll+0x254efa]
V  [jvm.dll+0x3f03f6]
V  [jvm.dll+0x851f6b]
V  [jvm.dll+0x6cc7dd]
C  [ucrtbase.dll+0x21bb2]
C  [KERNEL32.DLL+0x17374]
C  [ntdll.dll+0x4cc91]


---------------  P R O C E S S  ---------------

Threads class SMR info:
_java_thread_list=0x000001dc382ad1b0, length=38, elements={
0x000001dc0cbc4d20, 0x000001dc0cc85540, 0x000001dc0cc88460, 0x000001dc0cc8c8d0,
0x000001dc0cc8e330, 0x000001dc2f11df60, 0x000001dc2f1209c0, 0x000001dc2f121740,
0x000001dc2f135f60, 0x000001dc2f216090, 0x000001dc2f3f45b0, 0x000001dc34d33a70,
0x000001dc3433e4a0, 0x000001dc2f5392e0, 0x000001dc2f348550, 0x000001dc2f2cb5c0,
0x000001dc2f666670, 0x000001dc34e3ea40, 0x000001dc34476060, 0x000001dc34476d80,
0x000001dc34477410, 0x000001dc344766f0, 0x000001dc344794e0, 0x000001dc34477aa0,
0x000001dc34478130, 0x000001dc344787c0, 0x000001dc34478e50, 0x000001dc35232150,
0x000001dc35230710, 0x000001dc352327e0, 0x000001dc352348b0, 0x000001dc35232e70,
0x000001dc35233500, 0x000001dc35233b90, 0x000001dc35236980, 0x000001dc35231430,
0x000001dc35237010, 0x000001dc352355d0
}

Java Threads: ( => current thread )
  0x000001dc0cbc4d20 JavaThread "main"                              [_thread_blocked, id=4048, stack(0x000000812e400000,0x000000812e500000) (1024K)]
  0x000001dc0cc85540 JavaThread "Reference Handler"          daemon [_thread_blocked, id=10988, stack(0x000000812ec00000,0x000000812ed00000) (1024K)]
  0x000001dc0cc88460 JavaThread "Finalizer"                  daemon [_thread_blocked, id=16896, stack(0x000000812ed00000,0x000000812ee00000) (1024K)]
  0x000001dc0cc8c8d0 JavaThread "Signal Dispatcher"          daemon [_thread_blocked, id=3272, stack(0x000000812ee00000,0x000000812ef00000) (1024K)]
  0x000001dc0cc8e330 JavaThread "Attach Listener"            daemon [_thread_blocked, id=2680, stack(0x000000812ef00000,0x000000812f000000) (1024K)]
  0x000001dc2f11df60 JavaThread "Service Thread"             daemon [_thread_blocked, id=9528, stack(0x000000812f000000,0x000000812f100000) (1024K)]
  0x000001dc2f1209c0 JavaThread "Monitor Deflation Thread"   daemon [_thread_blocked, id=2200, stack(0x000000812f100000,0x000000812f200000) (1024K)]
=>0x000001dc2f121740 JavaThread "C2 CompilerThread0"         daemon [_thread_in_native, id=14420, stack(0x000000812f200000,0x000000812f300000) (1024K)]
  0x000001dc2f135f60 JavaThread "C1 CompilerThread0"         daemon [_thread_blocked, id=14908, stack(0x000000812f300000,0x000000812f400000) (1024K)]
  0x000001dc2f216090 JavaThread "Common-Cleaner"             daemon [_thread_blocked, id=15628, stack(0x000000812f400000,0x000000812f500000) (1024K)]
  0x000001dc2f3f45b0 JavaThread "Notification Thread"        daemon [_thread_blocked, id=15664, stack(0x000000812f500000,0x000000812f600000) (1024K)]
  0x000001dc34d33a70 JavaThread "Daemon health stats"               [_thread_blocked, id=11628, stack(0x000000812f900000,0x000000812fa00000) (1024K)]
  0x000001dc3433e4a0 JavaThread "Incoming local TCP Connector on port 61409"        [_thread_in_native, id=15584, stack(0x000000812fa00000,0x000000812fb00000) (1024K)]
  0x000001dc2f5392e0 JavaThread "Daemon periodic checks"            [_thread_blocked, id=9088, stack(0x000000812fb00000,0x000000812fc00000) (1024K)]
  0x000001dc2f348550 JavaThread "Daemon"                            [_thread_blocked, id=12512, stack(0x000000812fc00000,0x000000812fd00000) (1024K)]
  0x000001dc2f2cb5c0 JavaThread "Handler for socket connection from /127.0.0.1:61409 to /127.0.0.1:61410"        [_thread_in_native, id=4452, stack(0x000000812fd00000,0x000000812fe00000) (1024K)]
  0x000001dc2f666670 JavaThread "Cancel handler"                    [_thread_blocked, id=10124, stack(0x000000812fe00000,0x000000812ff00000) (1024K)]
  0x000001dc34e3ea40 JavaThread "Daemon worker"                     [_thread_in_Java, id=9336, stack(0x000000812ff00000,0x0000008130000000) (1024K)]
  0x000001dc34476060 JavaThread "Asynchronous log dispatcher for DefaultDaemonConnection: socket connection from /127.0.0.1:61409 to /127.0.0.1:61410"        [_thread_blocked, id=18088, stack(0x0000008130000000,0x0000008130100000) (1024K)]
  0x000001dc34476d80 JavaThread "Stdin handler"                     [_thread_blocked, id=3956, stack(0x0000008130100000,0x0000008130200000) (1024K)]
  0x000001dc34477410 JavaThread "Daemon client event forwarder"        [_thread_blocked, id=940, stack(0x0000008130200000,0x0000008130300000) (1024K)]
  0x000001dc344766f0 JavaThread "Cache worker for journal cache (C:\Users\DELL\.gradle\caches\journal-1)"        [_thread_blocked, id=16372, stack(0x0000008130300000,0x0000008130400000) (1024K)]
  0x000001dc344794e0 JavaThread "File lock request listener"        [_thread_in_native, id=2624, stack(0x0000008130400000,0x0000008130500000) (1024K)]
  0x000001dc34477aa0 JavaThread "Cache worker for file hash cache (C:\Users\DELL\.gradle\caches\9.3.1\fileHashes)"        [_thread_blocked, id=7248, stack(0x0000008130500000,0x0000008130600000) (1024K)]
  0x000001dc34478130 JavaThread "Cache worker for file hash cache (C:\Users\DELL\Desktop\kavachsecurecom\android-app\.gradle\9.3.1\fileHashes)"        [_thread_blocked, id=3988, stack(0x0000008130600000,0x0000008130700000) (1024K)]
  0x000001dc344787c0 JavaThread "Cache worker for Build Output Cleanup Cache (C:\Users\DELL\Desktop\kavachsecurecom\android-app\.gradle\buildOutputCleanup)"        [_thread_blocked, id=592, stack(0x0000008130700000,0x0000008130800000) (1024K)]
  0x000001dc34478e50 JavaThread "File watcher server"        daemon [_thread_in_native, id=3680, stack(0x0000008130800000,0x0000008130900000) (1024K)]
  0x000001dc35232150 JavaThread "File watcher consumer"      daemon [_thread_blocked, id=17500, stack(0x0000008130900000,0x0000008130a00000) (1024K)]
  0x000001dc35230710 JavaThread "Cache worker for checksums cache (C:\Users\DELL\Desktop\kavachsecurecom\android-app\.gradle\9.3.1\checksums)"        [_thread_blocked, id=9276, stack(0x0000008130a00000,0x0000008130b00000) (1024K)]
  0x000001dc352327e0 JavaThread "Cache worker for file content cache (C:\Users\DELL\.gradle\caches\9.3.1\fileContent)"        [_thread_blocked, id=13972, stack(0x0000008130b00000,0x0000008130c00000) (1024K)]
  0x000001dc352348b0 JavaThread "Cache worker for cache directory md-supplier (C:\Users\DELL\.gradle\caches\9.3.1\md-supplier)"        [_thread_blocked, id=8724, stack(0x0000008130c00000,0x0000008130d00000) (1024K)]
  0x000001dc35232e70 JavaThread "Cache worker for cache directory md-rule (C:\Users\DELL\.gradle\caches\9.3.1\md-rule)"        [_thread_blocked, id=17920, stack(0x0000008130d00000,0x0000008130e00000) (1024K)]
  0x000001dc35233500 JavaThread "Unconstrained build operations"        [_thread_blocked, id=15648, stack(0x0000008130e00000,0x0000008130f00000) (1024K)]
  0x000001dc35233b90 JavaThread "Unconstrained build operations Thread 2"        [_thread_blocked, id=4804, stack(0x0000008130f00000,0x0000008131000000) (1024K)]
  0x000001dc35236980 JavaThread "Unconstrained build operations Thread 3"        [_thread_blocked, id=9704, stack(0x0000008131000000,0x0000008131100000) (1024K)]
  0x000001dc35231430 JavaThread "Unconstrained build operations Thread 4"        [_thread_blocked, id=2628, stack(0x0000008131100000,0x0000008131200000) (1024K)]
  0x000001dc35237010 JavaThread "Unconstrained build operations Thread 5"        [_thread_blocked, id=4084, stack(0x0000008131200000,0x0000008131300000) (1024K)]
  0x000001dc352355d0 JavaThread "Unconstrained build operations Thread 6"        [_thread_blocked, id=11696, stack(0x0000008131300000,0x0000008131400000) (1024K)]
Total: 38

Other Threads:
  0x000001dc0cc6d560 VMThread "VM Thread"                           [id=12152, stack(0x000000812eb00000,0x000000812ec00000) (1024K)]
  0x000001dc2f11d7f0 WatcherThread "VM Periodic Task Thread"        [id=13936, stack(0x000000812ea00000,0x000000812eb00000) (1024K)]
  0x000001dc0cbef1c0 WorkerThread "GC Thread#0"                     [id=11716, stack(0x000000812e500000,0x000000812e600000) (1024K)]
  0x000001dc2f4c97b0 WorkerThread "GC Thread#1"                     [id=17048, stack(0x000000812f600000,0x000000812f700000) (1024K)]
  0x000001dc2f46c5b0 WorkerThread "GC Thread#2"                     [id=16248, stack(0x000000812f700000,0x000000812f800000) (1024K)]
  0x000001dc2fdf4ac0 WorkerThread "GC Thread#3"                     [id=564, stack(0x000000812f800000,0x000000812f900000) (1024K)]
  0x000001dc0cbf48c0 ConcurrentGCThread "G1 Main Marker"            [id=4608, stack(0x000000812e600000,0x000000812e700000) (1024K)]
  0x000001dc0cbf52d0 WorkerThread "G1 Conc#0"                       [id=17208, stack(0x000000812e700000,0x000000812e800000) (1024K)]
  0x000001dc0cc49420 ConcurrentGCThread "G1 Refine#0"               [id=2844, stack(0x000000812e800000,0x000000812e900000) (1024K)]
  0x000001dc0cc49ea0 ConcurrentGCThread "G1 Service"                [id=7692, stack(0x000000812e900000,0x000000812ea00000) (1024K)]
Total: 10

Threads with active compile tasks:
C2 CompilerThread0  65405 10597   !   4       org.jetbrains.kotlin.metadata.ProtoBuf$Function::<init> (1811 bytes)
Total: 1

VM state: not at safepoint (normal execution)

VM Mutex/Monitor currently owned by a thread: None

Heap address: 0x00000000e0000000, size: 512 MB, Compressed Oops mode: 32-bit

CDS archive(s) mapped at: [0x000001dc27000000-0x000001dc27c80000-0x000001dc27c80000), size 13107200, SharedBaseAddress: 0x000001dc27000000, ArchiveRelocationMode: 1.
Compressed class space mapped at: 0x000001dc28000000-0x000001dc2f000000, reserved size: 117440512
Narrow klass base: 0x000001dc27000000, Narrow klass shift: 0, Narrow klass range: 0x100000000

GC Precious Log:
 CardTable entry size: 512
 Card Set container configuration: InlinePtr #cards 5 size 8 Array Of Cards #cards 12 size 40 Howl #buckets 4 coarsen threshold 1843 Howl Bitmap #cards 512 size 80 coarsen threshold 460 Card regions per heap region 1 cards per card region 2048
 CPUs: 4 total, 4 available
 Memory: 3862M
 Large Page Support: Disabled
 NUMA Support: Disabled
 Compressed Oops: Enabled (32-bit)
 Heap Region Size: 1M
 Heap Min Capacity: 8M
 Heap Initial Capacity: 62M
 Heap Max Capacity: 512M
 Pre-touch: Disabled
 Parallel Workers: 4
 Concurrent Workers: 1
 Concurrent Refinement Workers: 4
 Periodic GC: Disabled

Heap:
 garbage-first heap   total 225280K, used 127062K [0x00000000e0000000, 0x0000000100000000)
  region size 1024K, 23 young (23552K), 7 survivors (7168K)
 Metaspace       used 103755K, committed 105728K, reserved 245760K
  class space    used 13498K, committed 14464K, reserved 114688K

Heap Regions: E=young(eden), S=young(survivor), O=old, HS=humongous(starts), HC=humongous(continues), CS=collection set, F=free, TAMS=top-at-mark-start, PB=parsable bottom
|   0|0x00000000e0000000, 0x00000000e0100000, 0x00000000e0100000|100%|HS|  |TAMS 0x00000000e0100000| PB 0x00000000e0000000| Complete 
|   1|0x00000000e0100000, 0x00000000e0200000, 0x00000000e0200000|100%|HC|  |TAMS 0x00000000e0200000| PB 0x00000000e0100000| Complete 
|   2|0x00000000e0200000, 0x00000000e0300000, 0x00000000e0300000|100%|HC|  |TAMS 0x00000000e0300000| PB 0x00000000e0200000| Complete 
|   3|0x00000000e0300000, 0x00000000e0400000, 0x00000000e0400000|100%|HC|  |TAMS 0x00000000e0400000| PB 0x00000000e0300000| Complete 
|   4|0x00000000e0400000, 0x00000000e0500000, 0x00000000e0500000|100%| O|  |TAMS 0x00000000e0500000| PB 0x00000000e0400000| Untracked 
|   5|0x00000000e0500000, 0x00000000e0600000, 0x00000000e0600000|100%| O|  |TAMS 0x00000000e0600000| PB 0x00000000e0500000| Untracked 
|   6|0x00000000e0600000, 0x00000000e0700000, 0x00000000e0700000|100%| O|  |TAMS 0x00000000e0700000| PB 0x00000000e0600000| Untracked 
|   7|0x00000000e0700000, 0x00000000e0800000, 0x00000000e0800000|100%| O|  |TAMS 0x00000000e0800000| PB 0x00000000e0700000| Untracked 
|   8|0x00000000e0800000, 0x00000000e0900000, 0x00000000e0900000|100%|HS|  |TAMS 0x00000000e0900000| PB 0x00000000e0800000| Complete 
|   9|0x00000000e0900000, 0x00000000e0a00000, 0x00000000e0a00000|100%| O|  |TAMS 0x00000000e0a00000| PB 0x00000000e0900000| Untracked 
|  10|0x00000000e0a00000, 0x00000000e0b00000, 0x00000000e0b00000|100%| O|  |TAMS 0x00000000e0b00000| PB 0x00000000e0a00000| Untracked 
|  11|0x00000000e0b00000, 0x00000000e0c00000, 0x00000000e0c00000|100%| O|  |TAMS 0x00000000e0c00000| PB 0x00000000e0b00000| Untracked 
|  12|0x00000000e0c00000, 0x00000000e0d00000, 0x00000000e0d00000|100%| O|  |TAMS 0x00000000e0d00000| PB 0x00000000e0c00000| Untracked 
|  13|0x00000000e0d00000, 0x00000000e0e00000, 0x00000000e0e00000|100%| O|  |TAMS 0x00000000e0e00000| PB 0x00000000e0d00000| Untracked 
|  14|0x00000000e0e00000, 0x00000000e0f00000, 0x00000000e0f00000|100%| O|  |TAMS 0x00000000e0f00000| PB 0x00000000e0e00000| Untracked 
|  15|0x00000000e0f00000, 0x00000000e1000000, 0x00000000e1000000|100%| O|  |TAMS 0x00000000e1000000| PB 0x00000000e0f00000| Untracked 
|  16|0x00000000e1000000, 0x00000000e1100000, 0x00000000e1100000|100%| O|  |TAMS 0x00000000e1100000| PB 0x00000000e1000000| Untracked 
|  17|0x00000000e1100000, 0x00000000e1200000, 0x00000000e1200000|100%| O|  |TAMS 0x00000000e1200000| PB 0x00000000e1100000| Untracked 
|  18|0x00000000e1200000, 0x00000000e1300000, 0x00000000e1300000|100%| O|  |TAMS 0x00000000e1300000| PB 0x00000000e1200000| Untracked 
|  19|0x00000000e1300000, 0x00000000e1400000, 0x00000000e1400000|100%| O|  |TAMS 0x00000000e1400000| PB 0x00000000e1300000| Untracked 
|  20|0x00000000e1400000, 0x00000000e1500000, 0x00000000e1500000|100%| O|  |TAMS 0x00000000e1500000| PB 0x00000000e1400000| Untracked 
|  21|0x00000000e1500000, 0x00000000e1600000, 0x00000000e1600000|100%| O|  |TAMS 0x00000000e1600000| PB 0x00000000e1500000| Untracked 
|  22|0x00000000e1600000, 0x00000000e1700000, 0x00000000e1700000|100%| O|  |TAMS 0x00000000e1700000| PB 0x00000000e1600000| Untracked 
|  23|0x00000000e1700000, 0x00000000e1800000, 0x00000000e1800000|100%| O|  |TAMS 0x00000000e1800000| PB 0x00000000e1700000| Untracked 
|  24|0x00000000e1800000, 0x00000000e1900000, 0x00000000e1900000|100%| O|  |TAMS 0x00000000e1900000| PB 0x00000000e1800000| Untracked 
|  25|0x00000000e1900000, 0x00000000e1a00000, 0x00000000e1a00000|100%| O|  |TAMS 0x00000000e1a00000| PB 0x00000000e1900000| Untracked 
|  26|0x00000000e1a00000, 0x00000000e1b00000, 0x00000000e1b00000|100%| O|  |TAMS 0x00000000e1b00000| PB 0x00000000e1a00000| Untracked 
|  27|0x00000000e1b00000, 0x00000000e1c00000, 0x00000000e1c00000|100%| O|  |TAMS 0x00000000e1c00000| PB 0x00000000e1b00000| Untracked 
|  28|0x00000000e1c00000, 0x00000000e1d00000, 0x00000000e1d00000|100%| O|  |TAMS 0x00000000e1d00000| PB 0x00000000e1c00000| Untracked 
|  29|0x00000000e1d00000, 0x00000000e1e00000, 0x00000000e1e00000|100%| O|  |TAMS 0x00000000e1e00000| PB 0x00000000e1d00000| Untracked 
|  30|0x00000000e1e00000, 0x00000000e1f00000, 0x00000000e1f00000|100%| O|  |TAMS 0x00000000e1f00000| PB 0x00000000e1e00000| Untracked 
|  31|0x00000000e1f00000, 0x00000000e2000000, 0x00000000e2000000|100%| O|  |TAMS 0x00000000e2000000| PB 0x00000000e1f00000| Untracked 
|  32|0x00000000e2000000, 0x00000000e2100000, 0x00000000e2100000|100%| O|  |TAMS 0x00000000e2100000| PB 0x00000000e2000000| Untracked 
|  33|0x00000000e2100000, 0x00000000e2200000, 0x00000000e2200000|100%| O|  |TAMS 0x00000000e2200000| PB 0x00000000e2100000| Untracked 
|  34|0x00000000e2200000, 0x00000000e2300000, 0x00000000e2300000|100%| O|  |TAMS 0x00000000e2300000| PB 0x00000000e2200000| Untracked 
|  35|0x00000000e2300000, 0x00000000e2400000, 0x00000000e2400000|100%| O|  |TAMS 0x00000000e2400000| PB 0x00000000e2300000| Untracked 
|  36|0x00000000e2400000, 0x00000000e2500000, 0x00000000e2500000|100%| O|  |TAMS 0x00000000e2500000| PB 0x00000000e2400000| Untracked 
|  37|0x00000000e2500000, 0x00000000e2600000, 0x00000000e2600000|100%| O|  |TAMS 0x00000000e2600000| PB 0x00000000e2500000| Untracked 
|  38|0x00000000e2600000, 0x00000000e2700000, 0x00000000e2700000|100%| O|  |TAMS 0x00000000e2700000| PB 0x00000000e2600000| Untracked 
|  39|0x00000000e2700000, 0x00000000e2800000, 0x00000000e2800000|100%| O|  |TAMS 0x00000000e2800000| PB 0x00000000e2700000| Untracked 
|  40|0x00000000e2800000, 0x00000000e2900000, 0x00000000e2900000|100%| O|  |TAMS 0x00000000e2900000| PB 0x00000000e2800000| Untracked 
|  41|0x00000000e2900000, 0x00000000e2a00000, 0x00000000e2a00000|100%| O|  |TAMS 0x00000000e2a00000| PB 0x00000000e2900000| Untracked 
|  42|0x00000000e2a00000, 0x00000000e2b00000, 0x00000000e2b00000|100%| O|  |TAMS 0x00000000e2b00000| PB 0x00000000e2a00000| Untracked 
|  43|0x00000000e2b00000, 0x00000000e2c00000, 0x00000000e2c00000|100%| O|  |TAMS 0x00000000e2c00000| PB 0x00000000e2b00000| Untracked 
|  44|0x00000000e2c00000, 0x00000000e2d00000, 0x00000000e2d00000|100%| O|  |TAMS 0x00000000e2d00000| PB 0x00000000e2c00000| Untracked 
|  45|0x00000000e2d00000, 0x00000000e2e00000, 0x00000000e2e00000|100%| O|  |TAMS 0x00000000e2e00000| PB 0x00000000e2d00000| Untracked 
|  46|0x00000000e2e00000, 0x00000000e2f00000, 0x00000000e2f00000|100%| O|  |TAMS 0x00000000e2f00000| PB 0x00000000e2e00000| Untracked 
|  47|0x00000000e2f00000, 0x00000000e3000000, 0x00000000e3000000|100%| O|  |TAMS 0x00000000e3000000| PB 0x00000000e2f00000| Untracked 
|  48|0x00000000e3000000, 0x00000000e3100000, 0x00000000e3100000|100%| O|  |TAMS 0x00000000e3100000| PB 0x00000000e3000000| Untracked 
|  49|0x00000000e3100000, 0x00000000e3200000, 0x00000000e3200000|100%| O|  |TAMS 0x00000000e3200000| PB 0x00000000e3100000| Untracked 
|  50|0x00000000e3200000, 0x00000000e3300000, 0x00000000e3300000|100%| O|  |TAMS 0x00000000e3300000| PB 0x00000000e3200000| Untracked 
|  51|0x00000000e3300000, 0x00000000e3400000, 0x00000000e3400000|100%| O|  |TAMS 0x00000000e3400000| PB 0x00000000e3300000| Untracked 
|  52|0x00000000e3400000, 0x00000000e3500000, 0x00000000e3500000|100%| O|  |TAMS 0x00000000e3500000| PB 0x00000000e3400000| Untracked 
|  53|0x00000000e3500000, 0x00000000e3600000, 0x00000000e3600000|100%| O|  |TAMS 0x00000000e3600000| PB 0x00000000e3500000| Untracked 
|  54|0x00000000e3600000, 0x00000000e3700000, 0x00000000e3700000|100%| O|  |TAMS 0x00000000e3700000| PB 0x00000000e3600000| Untracked 
|  55|0x00000000e3700000, 0x00000000e3800000, 0x00000000e3800000|100%| O|  |TAMS 0x00000000e3800000| PB 0x00000000e3700000| Untracked 
|  56|0x00000000e3800000, 0x00000000e3900000, 0x00000000e3900000|100%| O|  |TAMS 0x00000000e3900000| PB 0x00000000e3800000| Untracked 
|  57|0x00000000e3900000, 0x00000000e3a00000, 0x00000000e3a00000|100%| O|  |TAMS 0x00000000e3a00000| PB 0x00000000e3900000| Untracked 
|  58|0x00000000e3a00000, 0x00000000e3b00000, 0x00000000e3b00000|100%| O|  |TAMS 0x00000000e3b00000| PB 0x00000000e3a00000| Untracked 
|  59|0x00000000e3b00000, 0x00000000e3c00000, 0x00000000e3c00000|100%| O|  |TAMS 0x00000000e3c00000| PB 0x00000000e3b00000| Untracked 
|  60|0x00000000e3c00000, 0x00000000e3d00000, 0x00000000e3d00000|100%| O|  |TAMS 0x00000000e3d00000| PB 0x00000000e3c00000| Untracked 
|  61|0x00000000e3d00000, 0x00000000e3e00000, 0x00000000e3e00000|100%| O|  |TAMS 0x00000000e3e00000| PB 0x00000000e3d00000| Untracked 
|  62|0x00000000e3e00000, 0x00000000e3f00000, 0x00000000e3f00000|100%| O|  |TAMS 0x00000000e3f00000| PB 0x00000000e3e00000| Untracked 
|  63|0x00000000e3f00000, 0x00000000e4000000, 0x00000000e4000000|100%| O|  |TAMS 0x00000000e4000000| PB 0x00000000e3f00000| Untracked 
|  64|0x00000000e4000000, 0x00000000e4100000, 0x00000000e4100000|100%| O|  |TAMS 0x00000000e4100000| PB 0x00000000e4000000| Untracked 
|  65|0x00000000e4100000, 0x00000000e4200000, 0x00000000e4200000|100%| O|  |TAMS 0x00000000e4200000| PB 0x00000000e4100000| Untracked 
|  66|0x00000000e4200000, 0x00000000e4300000, 0x00000000e4300000|100%| O|  |TAMS 0x00000000e4300000| PB 0x00000000e4200000| Untracked 
|  67|0x00000000e4300000, 0x00000000e4400000, 0x00000000e4400000|100%| O|  |TAMS 0x00000000e4400000| PB 0x00000000e4300000| Untracked 
|  68|0x00000000e4400000, 0x00000000e4500000, 0x00000000e4500000|100%| O|  |TAMS 0x00000000e4500000| PB 0x00000000e4400000| Untracked 
|  69|0x00000000e4500000, 0x00000000e4600000, 0x00000000e4600000|100%| O|  |TAMS 0x00000000e4600000| PB 0x00000000e4500000| Untracked 
|  70|0x00000000e4600000, 0x00000000e4700000, 0x00000000e4700000|100%| O|  |TAMS 0x00000000e4700000| PB 0x00000000e4600000| Untracked 
|  71|0x00000000e4700000, 0x00000000e4800000, 0x00000000e4800000|100%| O|  |TAMS 0x00000000e4800000| PB 0x00000000e4700000| Untracked 
|  72|0x00000000e4800000, 0x00000000e4900000, 0x00000000e4900000|100%| O|  |TAMS 0x00000000e4900000| PB 0x00000000e4800000| Untracked 
|  73|0x00000000e4900000, 0x00000000e4a00000, 0x00000000e4a00000|100%| O|  |TAMS 0x00000000e4a00000| PB 0x00000000e4900000| Untracked 
|  74|0x00000000e4a00000, 0x00000000e4b00000, 0x00000000e4b00000|100%| O|  |TAMS 0x00000000e4b00000| PB 0x00000000e4a00000| Untracked 
|  75|0x00000000e4b00000, 0x00000000e4c00000, 0x00000000e4c00000|100%| O|  |TAMS 0x00000000e4c00000| PB 0x00000000e4b00000| Untracked 
|  76|0x00000000e4c00000, 0x00000000e4d00000, 0x00000000e4d00000|100%|HS|  |TAMS 0x00000000e4c00000| PB 0x00000000e4c00000| Complete 
|  77|0x00000000e4d00000, 0x00000000e4e00000, 0x00000000e4e00000|100%|HS|  |TAMS 0x00000000e4e00000| PB 0x00000000e4d00000| Complete 
|  78|0x00000000e4e00000, 0x00000000e4f00000, 0x00000000e4f00000|100%| O|  |TAMS 0x00000000e4f00000| PB 0x00000000e4e00000| Untracked 
|  79|0x00000000e4f00000, 0x00000000e5000000, 0x00000000e5000000|100%| O|  |TAMS 0x00000000e5000000| PB 0x00000000e4f00000| Untracked 
|  80|0x00000000e5000000, 0x00000000e5000000, 0x00000000e5100000|  0%| F|  |TAMS 0x00000000e5000000| PB 0x00000000e5000000| Untracked 
|  81|0x00000000e5100000, 0x00000000e5200000, 0x00000000e5200000|100%| O|  |TAMS 0x00000000e5200000| PB 0x00000000e5100000| Untracked 
|  82|0x00000000e5200000, 0x00000000e5300000, 0x00000000e5300000|100%| O|  |TAMS 0x00000000e5300000| PB 0x00000000e5200000| Untracked 
|  83|0x00000000e5300000, 0x00000000e5400000, 0x00000000e5400000|100%| O|  |TAMS 0x00000000e5400000| PB 0x00000000e5300000| Untracked 
|  84|0x00000000e5400000, 0x00000000e5500000, 0x00000000e5500000|100%| O|  |TAMS 0x00000000e5500000| PB 0x00000000e5400000| Untracked 
|  85|0x00000000e5500000, 0x00000000e5600000, 0x00000000e5600000|100%| O|  |TAMS 0x00000000e5600000| PB 0x00000000e5500000| Untracked 
|  86|0x00000000e5600000, 0x00000000e5700000, 0x00000000e5700000|100%| O|  |TAMS 0x00000000e5700000| PB 0x00000000e5600000| Untracked 
|  87|0x00000000e5700000, 0x00000000e5800000, 0x00000000e5800000|100%| O|  |TAMS 0x00000000e5800000| PB 0x00000000e5700000| Untracked 
|  88|0x00000000e5800000, 0x00000000e5900000, 0x00000000e5900000|100%| O|  |TAMS 0x00000000e5900000| PB 0x00000000e5800000| Untracked 
|  89|0x00000000e5900000, 0x00000000e5a00000, 0x00000000e5a00000|100%| O|  |TAMS 0x00000000e5a00000| PB 0x00000000e5900000| Untracked 
|  90|0x00000000e5a00000, 0x00000000e5b00000, 0x00000000e5b00000|100%| O|  |TAMS 0x00000000e5b00000| PB 0x00000000e5a00000| Untracked 
|  91|0x00000000e5b00000, 0x00000000e5c00000, 0x00000000e5c00000|100%| O|  |TAMS 0x00000000e5c00000| PB 0x00000000e5b00000| Untracked 
|  92|0x00000000e5c00000, 0x00000000e5d00000, 0x00000000e5d00000|100%| O|  |TAMS 0x00000000e5d00000| PB 0x00000000e5c00000| Untracked 
|  93|0x00000000e5d00000, 0x00000000e5e00000, 0x00000000e5e00000|100%| O|  |TAMS 0x00000000e5e00000| PB 0x00000000e5d00000| Untracked 
|  94|0x00000000e5e00000, 0x00000000e5f00000, 0x00000000e5f00000|100%| O|  |TAMS 0x00000000e5f00000| PB 0x00000000e5e00000| Untracked 
|  95|0x00000000e5f00000, 0x00000000e6000000, 0x00000000e6000000|100%| O|  |TAMS 0x00000000e6000000| PB 0x00000000e5f00000| Untracked 
|  96|0x00000000e6000000, 0x00000000e6080280, 0x00000000e6100000| 50%| O|  |TAMS 0x00000000e6080280| PB 0x00000000e6000000| Untracked 
|  97|0x00000000e6100000, 0x00000000e6100000, 0x00000000e6200000|  0%| F|  |TAMS 0x00000000e6100000| PB 0x00000000e6100000| Untracked 
|  98|0x00000000e6200000, 0x00000000e6200000, 0x00000000e6300000|  0%| F|  |TAMS 0x00000000e6200000| PB 0x00000000e6200000| Untracked 
|  99|0x00000000e6300000, 0x00000000e6300000, 0x00000000e6400000|  0%| F|  |TAMS 0x00000000e6300000| PB 0x00000000e6300000| Untracked 
| 100|0x00000000e6400000, 0x00000000e6400000, 0x00000000e6500000|  0%| F|  |TAMS 0x00000000e6400000| PB 0x00000000e6400000| Untracked 
| 101|0x00000000e6500000, 0x00000000e6500000, 0x00000000e6600000|  0%| F|  |TAMS 0x00000000e6500000| PB 0x00000000e6500000| Untracked 
| 102|0x00000000e6600000, 0x00000000e6600000, 0x00000000e6700000|  0%| F|  |TAMS 0x00000000e6600000| PB 0x00000000e6600000| Untracked 
| 103|0x00000000e6700000, 0x00000000e6700000, 0x00000000e6800000|  0%| F|  |TAMS 0x00000000e6700000| PB 0x00000000e6700000| Untracked 
| 104|0x00000000e6800000, 0x00000000e6800000, 0x00000000e6900000|  0%| F|  |TAMS 0x00000000e6800000| PB 0x00000000e6800000| Untracked 
| 105|0x00000000e6900000, 0x00000000e6900000, 0x00000000e6a00000|  0%| F|  |TAMS 0x00000000e6900000| PB 0x00000000e6900000| Untracked 
| 106|0x00000000e6a00000, 0x00000000e6a00000, 0x00000000e6b00000|  0%| F|  |TAMS 0x00000000e6a00000| PB 0x00000000e6a00000| Untracked 
| 107|0x00000000e6b00000, 0x00000000e6b00000, 0x00000000e6c00000|  0%| F|  |TAMS 0x00000000e6b00000| PB 0x00000000e6b00000| Untracked 
| 108|0x00000000e6c00000, 0x00000000e6c00000, 0x00000000e6d00000|  0%| F|  |TAMS 0x00000000e6c00000| PB 0x00000000e6c00000| Untracked 
| 109|0x00000000e6d00000, 0x00000000e6d00000, 0x00000000e6e00000|  0%| F|  |TAMS 0x00000000e6d00000| PB 0x00000000e6d00000| Untracked 
| 110|0x00000000e6e00000, 0x00000000e6e00000, 0x00000000e6f00000|  0%| F|  |TAMS 0x00000000e6e00000| PB 0x00000000e6e00000| Untracked 
| 111|0x00000000e6f00000, 0x00000000e6f00000, 0x00000000e7000000|  0%| F|  |TAMS 0x00000000e6f00000| PB 0x00000000e6f00000| Untracked 
| 112|0x00000000e7000000, 0x00000000e7000000, 0x00000000e7100000|  0%| F|  |TAMS 0x00000000e7000000| PB 0x00000000e7000000| Untracked 
| 113|0x00000000e7100000, 0x00000000e7100000, 0x00000000e7200000|  0%| F|  |TAMS 0x00000000e7100000| PB 0x00000000e7100000| Untracked 
| 114|0x00000000e7200000, 0x00000000e7200000, 0x00000000e7300000|  0%| F|  |TAMS 0x00000000e7200000| PB 0x00000000e7200000| Untracked 
| 115|0x00000000e7300000, 0x00000000e7300000, 0x00000000e7400000|  0%| F|  |TAMS 0x00000000e7300000| PB 0x00000000e7300000| Untracked 
| 116|0x00000000e7400000, 0x00000000e7400000, 0x00000000e7500000|  0%| F|  |TAMS 0x00000000e7400000| PB 0x00000000e7400000| Untracked 
| 117|0x00000000e7500000, 0x00000000e7500000, 0x00000000e7600000|  0%| F|  |TAMS 0x00000000e7500000| PB 0x00000000e7500000| Untracked 
| 118|0x00000000e7600000, 0x00000000e7600000, 0x00000000e7700000|  0%| F|  |TAMS 0x00000000e7600000| PB 0x00000000e7600000| Untracked 
| 119|0x00000000e7700000, 0x00000000e7700000, 0x00000000e7800000|  0%| F|  |TAMS 0x00000000e7700000| PB 0x00000000e7700000| Untracked 
| 120|0x00000000e7800000, 0x00000000e7800000, 0x00000000e7900000|  0%| F|  |TAMS 0x00000000e7800000| PB 0x00000000e7800000| Untracked 
| 121|0x00000000e7900000, 0x00000000e7900000, 0x00000000e7a00000|  0%| F|  |TAMS 0x00000000e7900000| PB 0x00000000e7900000| Untracked 
| 122|0x00000000e7a00000, 0x00000000e7a00000, 0x00000000e7b00000|  0%| F|  |TAMS 0x00000000e7a00000| PB 0x00000000e7a00000| Untracked 
| 123|0x00000000e7b00000, 0x00000000e7b00000, 0x00000000e7c00000|  0%| F|  |TAMS 0x00000000e7b00000| PB 0x00000000e7b00000| Untracked 
| 124|0x00000000e7c00000, 0x00000000e7c00000, 0x00000000e7d00000|  0%| F|  |TAMS 0x00000000e7c00000| PB 0x00000000e7c00000| Untracked 
| 125|0x00000000e7d00000, 0x00000000e7d00000, 0x00000000e7e00000|  0%| F|  |TAMS 0x00000000e7d00000| PB 0x00000000e7d00000| Untracked 
| 126|0x00000000e7e00000, 0x00000000e7e00000, 0x00000000e7f00000|  0%| F|  |TAMS 0x00000000e7e00000| PB 0x00000000e7e00000| Untracked 
| 127|0x00000000e7f00000, 0x00000000e7f00000, 0x00000000e8000000|  0%| F|  |TAMS 0x00000000e7f00000| PB 0x00000000e7f00000| Untracked 
| 128|0x00000000e8000000, 0x00000000e8000000, 0x00000000e8100000|  0%| F|  |TAMS 0x00000000e8000000| PB 0x00000000e8000000| Untracked 
| 129|0x00000000e8100000, 0x00000000e8100000, 0x00000000e8200000|  0%| F|  |TAMS 0x00000000e8100000| PB 0x00000000e8100000| Untracked 
| 130|0x00000000e8200000, 0x00000000e8200000, 0x00000000e8300000|  0%| F|  |TAMS 0x00000000e8200000| PB 0x00000000e8200000| Untracked 
| 131|0x00000000e8300000, 0x00000000e8300000, 0x00000000e8400000|  0%| F|  |TAMS 0x00000000e8300000| PB 0x00000000e8300000| Untracked 
| 132|0x00000000e8400000, 0x00000000e8400000, 0x00000000e8500000|  0%| F|  |TAMS 0x00000000e8400000| PB 0x00000000e8400000| Untracked 
| 133|0x00000000e8500000, 0x00000000e8500000, 0x00000000e8600000|  0%| F|  |TAMS 0x00000000e8500000| PB 0x00000000e8500000| Untracked 
| 134|0x00000000e8600000, 0x00000000e8600000, 0x00000000e8700000|  0%| F|  |TAMS 0x00000000e8600000| PB 0x00000000e8600000| Untracked 
| 135|0x00000000e8700000, 0x00000000e8700000, 0x00000000e8800000|  0%| F|  |TAMS 0x00000000e8700000| PB 0x00000000e8700000| Untracked 
| 136|0x00000000e8800000, 0x00000000e8800000, 0x00000000e8900000|  0%| F|  |TAMS 0x00000000e8800000| PB 0x00000000e8800000| Untracked 
| 137|0x00000000e8900000, 0x00000000e8900000, 0x00000000e8a00000|  0%| F|  |TAMS 0x00000000e8900000| PB 0x00000000e8900000| Untracked 
| 138|0x00000000e8a00000, 0x00000000e8a00000, 0x00000000e8b00000|  0%| F|  |TAMS 0x00000000e8a00000| PB 0x00000000e8a00000| Untracked 
| 139|0x00000000e8b00000, 0x00000000e8b00000, 0x00000000e8c00000|  0%| F|  |TAMS 0x00000000e8b00000| PB 0x00000000e8b00000| Untracked 
| 140|0x00000000e8c00000, 0x00000000e8c00000, 0x00000000e8d00000|  0%| F|  |TAMS 0x00000000e8c00000| PB 0x00000000e8c00000| Untracked 
| 141|0x00000000e8d00000, 0x00000000e8d00000, 0x00000000e8e00000|  0%| F|  |TAMS 0x00000000e8d00000| PB 0x00000000e8d00000| Untracked 
| 142|0x00000000e8e00000, 0x00000000e8e00000, 0x00000000e8f00000|  0%| F|  |TAMS 0x00000000e8e00000| PB 0x00000000e8e00000| Untracked 
| 143|0x00000000e8f00000, 0x00000000e8f00000, 0x00000000e9000000|  0%| F|  |TAMS 0x00000000e8f00000| PB 0x00000000e8f00000| Untracked 
| 144|0x00000000e9000000, 0x00000000e9000000, 0x00000000e9100000|  0%| F|  |TAMS 0x00000000e9000000| PB 0x00000000e9000000| Untracked 
| 145|0x00000000e9100000, 0x00000000e9100000, 0x00000000e9200000|  0%| F|  |TAMS 0x00000000e9100000| PB 0x00000000e9100000| Untracked 
| 146|0x00000000e9200000, 0x00000000e9200000, 0x00000000e9300000|  0%| F|  |TAMS 0x00000000e9200000| PB 0x00000000e9200000| Untracked 
| 147|0x00000000e9300000, 0x00000000e9300000, 0x00000000e9400000|  0%| F|  |TAMS 0x00000000e9300000| PB 0x00000000e9300000| Untracked 
| 148|0x00000000e9400000, 0x00000000e9400000, 0x00000000e9500000|  0%| F|  |TAMS 0x00000000e9400000| PB 0x00000000e9400000| Untracked 
| 149|0x00000000e9500000, 0x00000000e9500000, 0x00000000e9600000|  0%| F|  |TAMS 0x00000000e9500000| PB 0x00000000e9500000| Untracked 
| 150|0x00000000e9600000, 0x00000000e9600000, 0x00000000e9700000|  0%| F|  |TAMS 0x00000000e9600000| PB 0x00000000e9600000| Untracked 
| 151|0x00000000e9700000, 0x00000000e9700000, 0x00000000e9800000|  0%| F|  |TAMS 0x00000000e9700000| PB 0x00000000e9700000| Untracked 
| 152|0x00000000e9800000, 0x00000000e9800000, 0x00000000e9900000|  0%| F|  |TAMS 0x00000000e9800000| PB 0x00000000e9800000| Untracked 
| 153|0x00000000e9900000, 0x00000000e9900000, 0x00000000e9a00000|  0%| F|  |TAMS 0x00000000e9900000| PB 0x00000000e9900000| Untracked 
| 154|0x00000000e9a00000, 0x00000000e9a00000, 0x00000000e9b00000|  0%| F|  |TAMS 0x00000000e9a00000| PB 0x00000000e9a00000| Untracked 
| 155|0x00000000e9b00000, 0x00000000e9b00000, 0x00000000e9c00000|  0%| F|  |TAMS 0x00000000e9b00000| PB 0x00000000e9b00000| Untracked 
| 156|0x00000000e9c00000, 0x00000000e9c00000, 0x00000000e9d00000|  0%| F|  |TAMS 0x00000000e9c00000| PB 0x00000000e9c00000| Untracked 
| 157|0x00000000e9d00000, 0x00000000e9d00000, 0x00000000e9e00000|  0%| F|  |TAMS 0x00000000e9d00000| PB 0x00000000e9d00000| Untracked 
| 158|0x00000000e9e00000, 0x00000000e9e00000, 0x00000000e9f00000|  0%| F|  |TAMS 0x00000000e9e00000| PB 0x00000000e9e00000| Untracked 
| 159|0x00000000e9f00000, 0x00000000e9f00000, 0x00000000ea000000|  0%| F|  |TAMS 0x00000000e9f00000| PB 0x00000000e9f00000| Untracked 
| 160|0x00000000ea000000, 0x00000000ea000000, 0x00000000ea100000|  0%| F|  |TAMS 0x00000000ea000000| PB 0x00000000ea000000| Untracked 
| 161|0x00000000ea100000, 0x00000000ea100000, 0x00000000ea200000|  0%| F|  |TAMS 0x00000000ea100000| PB 0x00000000ea100000| Untracked 
| 162|0x00000000ea200000, 0x00000000ea200000, 0x00000000ea300000|  0%| F|  |TAMS 0x00000000ea200000| PB 0x00000000ea200000| Untracked 
| 163|0x00000000ea300000, 0x00000000ea300000, 0x00000000ea400000|  0%| F|  |TAMS 0x00000000ea300000| PB 0x00000000ea300000| Untracked 
| 164|0x00000000ea400000, 0x00000000ea400000, 0x00000000ea500000|  0%| F|  |TAMS 0x00000000ea400000| PB 0x00000000ea400000| Untracked 
| 165|0x00000000ea500000, 0x00000000ea500000, 0x00000000ea600000|  0%| F|  |TAMS 0x00000000ea500000| PB 0x00000000ea500000| Untracked 
| 166|0x00000000ea600000, 0x00000000ea600000, 0x00000000ea700000|  0%| F|  |TAMS 0x00000000ea600000| PB 0x00000000ea600000| Untracked 
| 167|0x00000000ea700000, 0x00000000ea700000, 0x00000000ea800000|  0%| F|  |TAMS 0x00000000ea700000| PB 0x00000000ea700000| Untracked 
| 168|0x00000000ea800000, 0x00000000ea800000, 0x00000000ea900000|  0%| F|  |TAMS 0x00000000ea800000| PB 0x00000000ea800000| Untracked 
| 169|0x00000000ea900000, 0x00000000ea900000, 0x00000000eaa00000|  0%| F|  |TAMS 0x00000000ea900000| PB 0x00000000ea900000| Untracked 
| 170|0x00000000eaa00000, 0x00000000eaa00000, 0x00000000eab00000|  0%| F|  |TAMS 0x00000000eaa00000| PB 0x00000000eaa00000| Untracked 
| 171|0x00000000eab00000, 0x00000000eab00000, 0x00000000eac00000|  0%| F|  |TAMS 0x00000000eab00000| PB 0x00000000eab00000| Untracked 
| 172|0x00000000eac00000, 0x00000000eac00000, 0x00000000ead00000|  0%| F|  |TAMS 0x00000000eac00000| PB 0x00000000eac00000| Untracked 
| 173|0x00000000ead00000, 0x00000000ead00000, 0x00000000eae00000|  0%| F|  |TAMS 0x00000000ead00000| PB 0x00000000ead00000| Untracked 
| 174|0x00000000eae00000, 0x00000000eae00000, 0x00000000eaf00000|  0%| F|  |TAMS 0x00000000eae00000| PB 0x00000000eae00000| Untracked 
| 175|0x00000000eaf00000, 0x00000000eaf00000, 0x00000000eb000000|  0%| F|  |TAMS 0x00000000eaf00000| PB 0x00000000eaf00000| Untracked 
| 176|0x00000000eb000000, 0x00000000eb000000, 0x00000000eb100000|  0%| F|  |TAMS 0x00000000eb000000| PB 0x00000000eb000000| Untracked 
| 177|0x00000000eb100000, 0x00000000eb100000, 0x00000000eb200000|  0%| F|  |TAMS 0x00000000eb100000| PB 0x00000000eb100000| Untracked 
| 178|0x00000000eb200000, 0x00000000eb200000, 0x00000000eb300000|  0%| F|  |TAMS 0x00000000eb200000| PB 0x00000000eb200000| Untracked 
| 179|0x00000000eb300000, 0x00000000eb300000, 0x00000000eb400000|  0%| F|  |TAMS 0x00000000eb300000| PB 0x00000000eb300000| Untracked 
| 180|0x00000000eb400000, 0x00000000eb400000, 0x00000000eb500000|  0%| F|  |TAMS 0x00000000eb400000| PB 0x00000000eb400000| Untracked 
| 181|0x00000000eb500000, 0x00000000eb500000, 0x00000000eb600000|  0%| F|  |TAMS 0x00000000eb500000| PB 0x00000000eb500000| Untracked 
| 182|0x00000000eb600000, 0x00000000eb600000, 0x00000000eb700000|  0%| F|  |TAMS 0x00000000eb600000| PB 0x00000000eb600000| Untracked 
| 183|0x00000000eb700000, 0x00000000eb700000, 0x00000000eb800000|  0%| F|  |TAMS 0x00000000eb700000| PB 0x00000000eb700000| Untracked 
| 184|0x00000000eb800000, 0x00000000eb800000, 0x00000000eb900000|  0%| F|  |TAMS 0x00000000eb800000| PB 0x00000000eb800000| Untracked 
| 185|0x00000000eb900000, 0x00000000eb900000, 0x00000000eba00000|  0%| F|  |TAMS 0x00000000eb900000| PB 0x00000000eb900000| Untracked 
| 186|0x00000000eba00000, 0x00000000eba00000, 0x00000000ebb00000|  0%| F|  |TAMS 0x00000000eba00000| PB 0x00000000eba00000| Untracked 
| 187|0x00000000ebb00000, 0x00000000ebb00000, 0x00000000ebc00000|  0%| F|  |TAMS 0x00000000ebb00000| PB 0x00000000ebb00000| Untracked 
| 188|0x00000000ebc00000, 0x00000000ebc00000, 0x00000000ebd00000|  0%| F|  |TAMS 0x00000000ebc00000| PB 0x00000000ebc00000| Untracked 
| 189|0x00000000ebd00000, 0x00000000ebd00000, 0x00000000ebe00000|  0%| F|  |TAMS 0x00000000ebd00000| PB 0x00000000ebd00000| Untracked 
| 190|0x00000000ebe00000, 0x00000000ebf00000, 0x00000000ebf00000|100%| E|  |TAMS 0x00000000ebe00000| PB 0x00000000ebe00000| Complete 
| 191|0x00000000ebf00000, 0x00000000ebf956b0, 0x00000000ec000000| 58%| S|CS|TAMS 0x00000000ebf00000| PB 0x00000000ebf00000| Complete 
| 192|0x00000000ec000000, 0x00000000ec100000, 0x00000000ec100000|100%| S|CS|TAMS 0x00000000ec000000| PB 0x00000000ec000000| Complete 
| 193|0x00000000ec100000, 0x00000000ec200000, 0x00000000ec200000|100%| S|CS|TAMS 0x00000000ec100000| PB 0x00000000ec100000| Complete 
| 194|0x00000000ec200000, 0x00000000ec300000, 0x00000000ec300000|100%| S|CS|TAMS 0x00000000ec200000| PB 0x00000000ec200000| Complete 
| 195|0x00000000ec300000, 0x00000000ec400000, 0x00000000ec400000|100%| S|CS|TAMS 0x00000000ec300000| PB 0x00000000ec300000| Complete 
| 196|0x00000000ec400000, 0x00000000ec500000, 0x00000000ec500000|100%| S|CS|TAMS 0x00000000ec400000| PB 0x00000000ec400000| Complete 
| 197|0x00000000ec500000, 0x00000000ec600000, 0x00000000ec600000|100%| S|CS|TAMS 0x00000000ec500000| PB 0x00000000ec500000| Complete 
| 198|0x00000000ec600000, 0x00000000ec700000, 0x00000000ec700000|100%| E|CS|TAMS 0x00000000ec600000| PB 0x00000000ec600000| Complete 
| 199|0x00000000ec700000, 0x00000000ec800000, 0x00000000ec800000|100%| E|CS|TAMS 0x00000000ec700000| PB 0x00000000ec700000| Complete 
| 200|0x00000000ec800000, 0x00000000ec900000, 0x00000000ec900000|100%| E|CS|TAMS 0x00000000ec800000| PB 0x00000000ec800000| Complete 
| 201|0x00000000ec900000, 0x00000000eca00000, 0x00000000eca00000|100%| E|CS|TAMS 0x00000000ec900000| PB 0x00000000ec900000| Complete 
| 202|0x00000000eca00000, 0x00000000ecb00000, 0x00000000ecb00000|100%| E|CS|TAMS 0x00000000eca00000| PB 0x00000000eca00000| Complete 
| 203|0x00000000ecb00000, 0x00000000ecc00000, 0x00000000ecc00000|100%| E|CS|TAMS 0x00000000ecb00000| PB 0x00000000ecb00000| Complete 
| 204|0x00000000ecc00000, 0x00000000ecd00000, 0x00000000ecd00000|100%| E|CS|TAMS 0x00000000ecc00000| PB 0x00000000ecc00000| Complete 
| 205|0x00000000ecd00000, 0x00000000ece00000, 0x00000000ece00000|100%| E|CS|TAMS 0x00000000ecd00000| PB 0x00000000ecd00000| Complete 
| 206|0x00000000ece00000, 0x00000000ecf00000, 0x00000000ecf00000|100%| E|CS|TAMS 0x00000000ece00000| PB 0x00000000ece00000| Complete 
| 207|0x00000000ecf00000, 0x00000000ed000000, 0x00000000ed000000|100%| E|CS|TAMS 0x00000000ecf00000| PB 0x00000000ecf00000| Complete 
| 208|0x00000000ed000000, 0x00000000ed100000, 0x00000000ed100000|100%| E|CS|TAMS 0x00000000ed000000| PB 0x00000000ed000000| Complete 
| 209|0x00000000ed100000, 0x00000000ed200000, 0x00000000ed200000|100%| E|CS|TAMS 0x00000000ed100000| PB 0x00000000ed100000| Complete 
| 210|0x00000000ed200000, 0x00000000ed300000, 0x00000000ed300000|100%| E|CS|TAMS 0x00000000ed200000| PB 0x00000000ed200000| Complete 
| 211|0x00000000ed300000, 0x00000000ed400000, 0x00000000ed400000|100%| E|CS|TAMS 0x00000000ed300000| PB 0x00000000ed300000| Complete 
| 504|0x00000000ff800000, 0x00000000ff900000, 0x00000000ff900000|100%| O|  |TAMS 0x00000000ff900000| PB 0x00000000ff800000| Untracked 
| 505|0x00000000ff900000, 0x00000000ffa00000, 0x00000000ffa00000|100%| E|CS|TAMS 0x00000000ff900000| PB 0x00000000ff900000| Complete 
| 506|0x00000000ffa00000, 0x00000000ffb00000, 0x00000000ffb00000|100%| O|  |TAMS 0x00000000ffb00000| PB 0x00000000ffa00000| Untracked 
| 507|0x00000000ffb00000, 0x00000000ffc00000, 0x00000000ffc00000|100%| O|  |TAMS 0x00000000ffc00000| PB 0x00000000ffb00000| Untracked 
| 508|0x00000000ffc00000, 0x00000000ffd00000, 0x00000000ffd00000|100%| O|  |TAMS 0x00000000ffd00000| PB 0x00000000ffc00000| Untracked 
| 509|0x00000000ffd00000, 0x00000000ffe00000, 0x00000000ffe00000|100%| O|  |TAMS 0x00000000ffe00000| PB 0x00000000ffd00000| Untracked 
| 510|0x00000000ffe00000, 0x00000000fff00000, 0x00000000fff00000|100%| O|  |TAMS 0x00000000fff00000| PB 0x00000000ffe00000| Untracked 
| 511|0x00000000fff00000, 0x0000000100000000, 0x0000000100000000|100%| O|  |TAMS 0x0000000100000000| PB 0x00000000fff00000| Untracked 

Card table byte_map: [0x000001dc242c0000,0x000001dc243c0000] _byte_map_base: 0x000001dc23bc0000

Marking Bits: (CMBitMap*) 0x000001dc0cbeffe0
 Bits: [0x000001dc243c0000, 0x000001dc24bc0000)

Polling page: 0x000001dc0aa60000

Metaspace:

Usage:
  Non-class:     88.14 MB used.
      Class:     13.18 MB used.
       Both:    101.32 MB used.

Virtual space:
  Non-class space:      128.00 MB reserved,      89.12 MB ( 70%) committed,  2 nodes.
      Class space:      112.00 MB reserved,      14.12 MB ( 13%) committed,  1 nodes.
             Both:      240.00 MB reserved,     103.25 MB ( 43%) committed. 

Chunk freelists:
   Non-Class:  6.52 MB
       Class:  1.80 MB
        Both:  8.31 MB

MaxMetaspaceSize: 128.00 MB
CompressedClassSpaceSize: 112.00 MB
Initial GC threshold: 21.00 MB
Current GC threshold: 128.00 MB
CDS: on
 - commit_granule_bytes: 65536.
 - commit_granule_words: 8192.
 - virtual_space_node_default_size: 8388608.
 - enlarge_chunks_in_place: 1.
 - use_allocation_guard: 0.


Internal statistics:

num_allocs_failed_limit: 6.
num_arena_births: 3430.
num_arena_deaths: 0.
num_vsnodes_births: 3.
num_vsnodes_deaths: 0.
num_space_committed: 1652.
num_space_uncommitted: 0.
num_chunks_returned_to_freelist: 6.
num_chunks_taken_from_freelist: 7731.
num_chunk_merges: 6.
num_chunk_splits: 5449.
num_chunks_enlarged: 3879.
num_inconsistent_stats: 0.

CodeHeap 'non-profiled nmethods': size=120000Kb used=4767Kb max_used=4767Kb free=115232Kb
 bounds [0x000001dc1cd90000, 0x000001dc1d240000, 0x000001dc242c0000]
CodeHeap 'profiled nmethods': size=120000Kb used=17597Kb max_used=17597Kb free=102402Kb
 bounds [0x000001dc152c0000, 0x000001dc163f0000, 0x000001dc1c7f0000]
CodeHeap 'non-nmethods': size=5760Kb used=2632Kb max_used=2669Kb free=3128Kb
 bounds [0x000001dc1c7f0000, 0x000001dc1caa0000, 0x000001dc1cd90000]
 total_blobs=10132 nmethods=9120 adapters=916
 compilation: enabled
              stopped_count=0, restarted_count=0
 full_count=0

Compilation events (20 events):
Event: 65.209 Thread 0x000001dc2f135f60 10599   !   3       org.jetbrains.kotlin.com.intellij.util.io.FileAccessorCache::get (72 bytes)
Event: 65.215 Thread 0x000001dc2f135f60 nmethod 10599 0x000001dc163e5010 code [0x000001dc163e5240, 0x000001dc163e5890]
Event: 65.218 Thread 0x000001dc2f135f60 10600       3       org.jetbrains.kotlin.util.PerformanceManagerKt::tryMeasureSideTime (31 bytes)
Event: 65.220 Thread 0x000001dc2f135f60 nmethod 10600 0x000001dc163e5a90 code [0x000001dc163e5d40, 0x000001dc163e6928]
Event: 65.220 Thread 0x000001dc2f135f60 10601       3       org.jetbrains.kotlin.com.intellij.openapi.vfs.VirtualFile::contentsToByteArray (14 bytes)
Event: 65.221 Thread 0x000001dc2f135f60 nmethod 10601 0x000001dc163e6d90 code [0x000001dc163e6f40, 0x000001dc163e7178]
Event: 65.221 Thread 0x000001dc2f135f60 10602       3       org.jetbrains.kotlin.load.kotlin.FileBasedKotlinClass$3::<init> (16 bytes)
Event: 65.221 Thread 0x000001dc2f135f60 nmethod 10602 0x000001dc163e7290 code [0x000001dc163e7440, 0x000001dc163e76a0]
Event: 65.222 Thread 0x000001dc2f135f60 10603       3       org.jetbrains.kotlin.load.kotlin.FileBasedKotlinClass$3::visitEnd (10 bytes)
Event: 65.222 Thread 0x000001dc2f135f60 nmethod 10603 0x000001dc163e7790 code [0x000001dc163e7940, 0x000001dc163e7b18]
Event: 65.233 Thread 0x000001dc2f135f60 10605       3       org.jetbrains.kotlin.com.intellij.mock.MockApplication::runReadAction (16 bytes)
Event: 65.234 Thread 0x000001dc2f135f60 nmethod 10605 0x000001dc163e7c10 code [0x000001dc163e7de0, 0x000001dc163e8028]
Event: 65.238 Thread 0x000001dc2f135f60 10607       3       org.jetbrains.kotlin.load.kotlin.VirtualFileFinder::findKotlinClassOrContent (41 bytes)
Event: 65.240 Thread 0x000001dc2f135f60 nmethod 10607 0x000001dc163e8110 code [0x000001dc163e8440, 0x000001dc163e9428]
Event: 65.240 Thread 0x000001dc2f135f60 10608       3       org.jetbrains.kotlin.cli.jvm.compiler.CliVirtualFileFinder::findVirtualFileWithHeader (12 bytes)
Event: 65.241 Thread 0x000001dc2f135f60 nmethod 10608 0x000001dc163e9a10 code [0x000001dc163e9c40, 0x000001dc163ea228]
Event: 65.241 Thread 0x000001dc2f135f60 10609       3       org.jetbrains.kotlin.load.kotlin.KotlinBinaryClassCache$Companion::getKotlinBinaryClassOrClassFileContent$default (30 bytes)
Event: 65.241 Thread 0x000001dc2f135f60 nmethod 10609 0x000001dc163ea490 code [0x000001dc163ea640, 0x000001dc163ea7e0]
Event: 65.243 Thread 0x000001dc2f135f60 10610       3       org.jetbrains.kotlin.resolve.jvm.JvmClassName::byInternalName (17 bytes)
Event: 65.243 Thread 0x000001dc2f135f60 nmethod 10610 0x000001dc163ea910 code [0x000001dc163eaae0, 0x000001dc163eae18]

GC Heap History (20 events):
Event: 48.525 GC heap before
{Heap before GC invocations=40 (full 0):
 garbage-first heap   total 94208K, used 81130K [0x00000000e0000000, 0x0000000100000000)
  region size 1024K, 21 young (21504K), 4 survivors (4096K)
 Metaspace       used 70460K, committed 72384K, reserved 180224K
  class space    used 10078K, committed 11008K, reserved 114688K
}
Event: 48.542 GC heap after
{Heap after GC invocations=41 (full 0):
 garbage-first heap   total 94208K, used 69632K [0x00000000e0000000, 0x0000000100000000)
  region size 1024K, 3 young (3072K), 3 survivors (3072K)
 Metaspace       used 70460K, committed 72384K, reserved 180224K
  class space    used 10078K, committed 11008K, reserved 114688K
}
Event: 48.855 GC heap before
{Heap before GC invocations=42 (full 0):
 garbage-first heap   total 116736K, used 82944K [0x00000000e0000000, 0x0000000100000000)
  region size 1024K, 16 young (16384K), 3 survivors (3072K)
 Metaspace       used 70460K, committed 72384K, reserved 180224K
  class space    used 10078K, committed 11008K, reserved 114688K
}
Event: 48.863 GC heap after
{Heap after GC invocations=43 (full 0):
 garbage-first heap   total 116736K, used 76473K [0x00000000e0000000, 0x0000000100000000)
  region size 1024K, 2 young (2048K), 2 survivors (2048K)
 Metaspace       used 70460K, committed 72384K, reserved 180224K
  class space    used 10078K, committed 11008K, reserved 114688K
}
Event: 49.048 GC heap before
{Heap before GC invocations=43 (full 0):
 garbage-first heap   total 116736K, used 95929K [0x00000000e0000000, 0x0000000100000000)
  region size 1024K, 21 young (21504K), 2 survivors (2048K)
 Metaspace       used 70460K, committed 72384K, reserved 180224K
  class space    used 10078K, committed 11008K, reserved 114688K
}
Event: 49.058 GC heap after
{Heap after GC invocations=44 (full 0):
 garbage-first heap   total 116736K, used 84992K [0x00000000e0000000, 0x0000000100000000)
  region size 1024K, 3 young (3072K), 3 survivors (3072K)
 Metaspace       used 70460K, committed 72384K, reserved 180224K
  class space    used 10078K, committed 11008K, reserved 114688K
}
Event: 49.084 GC heap before
{Heap before GC invocations=44 (full 0):
 garbage-first heap   total 116736K, used 88064K [0x00000000e0000000, 0x0000000100000000)
  region size 1024K, 7 young (7168K), 3 survivors (3072K)
 Metaspace       used 70460K, committed 72384K, reserved 180224K
  class space    used 10078K, committed 11008K, reserved 114688K
}
Event: 49.088 GC heap after
{Heap after GC invocations=45 (full 0):
 garbage-first heap   total 116736K, used 88496K [0x00000000e0000000, 0x0000000100000000)
  region size 1024K, 3 young (3072K), 3 survivors (3072K)
 Metaspace       used 70460K, committed 72384K, reserved 180224K
  class space    used 10078K, committed 11008K, reserved 114688K
}
Event: 49.362 GC heap before
{Heap before GC invocations=46 (full 0):
 garbage-first heap   total 150528K, used 101808K [0x00000000e0000000, 0x0000000100000000)
  region size 1024K, 15 young (15360K), 3 survivors (3072K)
 Metaspace       used 71033K, committed 72896K, reserved 180224K
  class space    used 10145K, committed 11072K, reserved 114688K
}
Event: 49.367 GC heap after
{Heap after GC invocations=47 (full 0):
 garbage-first heap   total 150528K, used 92011K [0x00000000e0000000, 0x0000000100000000)
  region size 1024K, 2 young (2048K), 2 survivors (2048K)
 Metaspace       used 71033K, committed 72896K, reserved 180224K
  class space    used 10145K, committed 11072K, reserved 114688K
}
Event: 50.580 GC heap before
{Heap before GC invocations=47 (full 0):
 garbage-first heap   total 150528K, used 120683K [0x00000000e0000000, 0x0000000100000000)
  region size 1024K, 30 young (30720K), 2 survivors (2048K)
 Metaspace       used 74628K, committed 76544K, reserved 245760K
  class space    used 10499K, committed 11456K, reserved 114688K
}
Event: 50.602 GC heap after
{Heap after GC invocations=48 (full 0):
 garbage-first heap   total 225280K, used 92673K [0x00000000e0000000, 0x0000000100000000)
  region size 1024K, 4 young (4096K), 4 survivors (4096K)
 Metaspace       used 74628K, committed 76544K, reserved 245760K
  class space    used 10499K, committed 11456K, reserved 114688K
}
Event: 53.171 GC heap before
{Heap before GC invocations=48 (full 0):
 garbage-first heap   total 225280K, used 162305K [0x00000000e0000000, 0x0000000100000000)
  region size 1024K, 72 young (73728K), 4 survivors (4096K)
 Metaspace       used 81855K, committed 83776K, reserved 245760K
  class space    used 11204K, committed 12160K, reserved 114688K
}
Event: 53.214 GC heap after
{Heap after GC invocations=49 (full 0):
 garbage-first heap   total 225280K, used 98183K [0x00000000e0000000, 0x0000000100000000)
  region size 1024K, 9 young (9216K), 9 survivors (9216K)
 Metaspace       used 81855K, committed 83776K, reserved 245760K
  class space    used 11204K, committed 12160K, reserved 114688K
}
Event: 57.196 GC heap before
{Heap before GC invocations=50 (full 0):
 garbage-first heap   total 225280K, used 184199K [0x00000000e0000000, 0x0000000100000000)
  region size 1024K, 94 young (96256K), 9 survivors (9216K)
 Metaspace       used 91343K, committed 93312K, reserved 245760K
  class space    used 12150K, committed 13120K, reserved 114688K
}
Event: 57.245 GC heap after
{Heap after GC invocations=51 (full 0):
 garbage-first heap   total 225280K, used 104921K [0x00000000e0000000, 0x0000000100000000)
  region size 1024K, 12 young (12288K), 12 survivors (12288K)
 Metaspace       used 91343K, committed 93312K, reserved 245760K
  class space    used 12150K, committed 13120K, reserved 114688K
}
Event: 62.220 GC heap before
{Heap before GC invocations=51 (full 0):
 garbage-first heap   total 225280K, used 187865K [0x00000000e0000000, 0x0000000100000000)
  region size 1024K, 94 young (96256K), 12 survivors (12288K)
 Metaspace       used 102059K, committed 104000K, reserved 245760K
  class space    used 13323K, committed 14272K, reserved 114688K
}
Event: 62.542 GC heap after
{Heap after GC invocations=52 (full 0):
 garbage-first heap   total 225280K, used 109568K [0x00000000e0000000, 0x0000000100000000)
  region size 1024K, 6 young (6144K), 6 survivors (6144K)
 Metaspace       used 102059K, committed 104000K, reserved 245760K
  class space    used 13323K, committed 14272K, reserved 114688K
}
Event: 64.256 GC heap before
{Heap before GC invocations=52 (full 0):
 garbage-first heap   total 225280K, used 123904K [0x00000000e0000000, 0x0000000100000000)
  region size 1024K, 21 young (21504K), 6 survivors (6144K)
 Metaspace       used 103726K, committed 105728K, reserved 245760K
  class space    used 13498K, committed 14464K, reserved 114688K
}
Event: 64.309 GC heap after
{Heap after GC invocations=53 (full 0):
 garbage-first heap   total 225280K, used 110678K [0x00000000e0000000, 0x0000000100000000)
  region size 1024K, 7 young (7168K), 7 survivors (7168K)
 Metaspace       used 103726K, committed 105728K, reserved 245760K
  class space    used 13498K, committed 14464K, reserved 114688K
}

Dll operation events (15 events):
Event: 0.015 Loaded shared library C:\Users\DELL\.gradle\jdks\eclipse_adoptium-21-amd64-windows.2\bin\java.dll
Event: 0.136 Loaded shared library C:\Users\DELL\.gradle\jdks\eclipse_adoptium-21-amd64-windows.2\bin\jsvml.dll
Event: 1.769 Loaded shared library C:\Users\DELL\.gradle\jdks\eclipse_adoptium-21-amd64-windows.2\bin\zip.dll
Event: 2.322 Loaded shared library C:\Users\DELL\.gradle\jdks\eclipse_adoptium-21-amd64-windows.2\bin\instrument.dll
Event: 2.333 Loaded shared library C:\Users\DELL\.gradle\jdks\eclipse_adoptium-21-amd64-windows.2\bin\net.dll
Event: 2.339 Loaded shared library C:\Users\DELL\.gradle\jdks\eclipse_adoptium-21-amd64-windows.2\bin\nio.dll
Event: 2.347 Loaded shared library C:\Users\DELL\.gradle\jdks\eclipse_adoptium-21-amd64-windows.2\bin\zip.dll
Event: 4.169 Loaded shared library C:\Users\DELL\.gradle\jdks\eclipse_adoptium-21-amd64-windows.2\bin\jimage.dll
Event: 4.865 Loaded shared library C:\Users\DELL\.gradle\jdks\eclipse_adoptium-21-amd64-windows.2\bin\verify.dll
Event: 4.929 Loaded shared library C:\Users\DELL\.gradle\native\660c5614fbf4a5f2a75b1949f50a0caf5cd603558e7d8a26e50b933a0cfb79d1\windows-amd64\native-platform.dll
Event: 4.961 Loaded shared library C:\Users\DELL\.gradle\native\0.2.8\x86_64-windows-gnu\gradle-fileevents.dll
Event: 7.296 Loaded shared library C:\Users\DELL\.gradle\jdks\eclipse_adoptium-21-amd64-windows.2\bin\management.dll
Event: 7.304 Loaded shared library C:\Users\DELL\.gradle\jdks\eclipse_adoptium-21-amd64-windows.2\bin\management_ext.dll
Event: 7.695 Loaded shared library C:\Users\DELL\.gradle\jdks\eclipse_adoptium-21-amd64-windows.2\bin\extnet.dll
Event: 8.437 Loaded shared library C:\Users\DELL\.gradle\jdks\eclipse_adoptium-21-amd64-windows.2\bin\sunmscapi.dll

Deoptimization events (20 events):
Event: 61.427 Thread 0x000001dc34e3ea40 DEOPT PACKING pc=0x000001dc1d19b10c sp=0x000000812fff4a40
Event: 61.427 Thread 0x000001dc34e3ea40 DEOPT UNPACKING pc=0x000001dc1c847da2 sp=0x000000812fff49a8 mode 2
Event: 61.427 Thread 0x000001dc34e3ea40 Uncommon trap: trap_request=0xffffffde fr.pc=0x000001dc1d19b10c relative=0x000000000000024c
Event: 61.427 Thread 0x000001dc34e3ea40 Uncommon trap: reason=class_check action=maybe_recompile pc=0x000001dc1d19b10c method=org.jetbrains.kotlin.protobuf.CodedOutputStream.refreshBuffer()V @ 28 c2
Event: 61.427 Thread 0x000001dc34e3ea40 DEOPT PACKING pc=0x000001dc1d19b10c sp=0x000000812fff4a40
Event: 61.427 Thread 0x000001dc34e3ea40 DEOPT UNPACKING pc=0x000001dc1c847da2 sp=0x000000812fff49a8 mode 2
Event: 61.427 Thread 0x000001dc34e3ea40 Uncommon trap: trap_request=0xffffffde fr.pc=0x000001dc1cfd878c relative=0x000000000000024c
Event: 61.427 Thread 0x000001dc34e3ea40 Uncommon trap: reason=class_check action=maybe_recompile pc=0x000001dc1cfd878c method=org.jetbrains.kotlin.protobuf.CodedOutputStream.refreshBuffer()V @ 28 c2
Event: 61.427 Thread 0x000001dc34e3ea40 DEOPT PACKING pc=0x000001dc1cfd878c sp=0x000000812fff49e0
Event: 61.427 Thread 0x000001dc34e3ea40 DEOPT UNPACKING pc=0x000001dc1c847da2 sp=0x000000812fff49a8 mode 2
Event: 64.324 Thread 0x000001dc34e3ea40 DEOPT PACKING pc=0x000001dc159c105d sp=0x000000812fff37b0
Event: 64.326 Thread 0x000001dc34e3ea40 DEOPT UNPACKING pc=0x000001dc1c8488e2 sp=0x000000812fff2c40 mode 0
Event: 64.328 Thread 0x000001dc34e3ea40 Uncommon trap: trap_request=0xffffff45 fr.pc=0x000001dc1d1dfc9c relative=0x00000000000006bc
Event: 64.329 Thread 0x000001dc34e3ea40 Uncommon trap: reason=unstable_if action=reinterpret pc=0x000001dc1d1dfc9c method=org.jetbrains.org.objectweb.asm.ClassReader.readUtfNonAscii(III[C)Ljava/lang/String; @ 21 c2
Event: 64.330 Thread 0x000001dc34e3ea40 DEOPT PACKING pc=0x000001dc1d1dfc9c sp=0x000000812fff2f90
Event: 64.330 Thread 0x000001dc34e3ea40 DEOPT UNPACKING pc=0x000001dc1c847da2 sp=0x000000812fff2f28 mode 2
Event: 65.230 Thread 0x000001dc34e3ea40 DEOPT PACKING pc=0x000001dc163d9544 sp=0x000000812fff2f40
Event: 65.232 Thread 0x000001dc34e3ea40 DEOPT UNPACKING pc=0x000001dc1c8488e2 sp=0x000000812fff23a8 mode 0
Event: 65.247 Thread 0x000001dc34e3ea40 DEOPT PACKING pc=0x000001dc163d9544 sp=0x000000812fff2ef0
Event: 65.247 Thread 0x000001dc34e3ea40 DEOPT UNPACKING pc=0x000001dc1c8488e2 sp=0x000000812fff2358 mode 0

Classes loaded (20 events):
Event: 56.361 Loading class java/text/StringCharacterIterator
Event: 56.361 Loading class java/text/CharacterIterator
Event: 56.362 Loading class java/text/CharacterIterator done
Event: 56.362 Loading class java/text/StringCharacterIterator done
Event: 57.184 Loading class java/util/AbstractList$RandomAccessSubList
Event: 57.185 Loading class java/util/AbstractList$SubList
Event: 57.186 Loading class java/util/AbstractList$SubList done
Event: 57.186 Loading class java/util/AbstractList$RandomAccessSubList done
Event: 58.342 Loading class java/util/AbstractList$SubList$1
Event: 58.343 Loading class java/util/AbstractList$SubList$1 done
Event: 58.630 Loading class java/util/EnumMap$EntrySet
Event: 58.633 Loading class java/util/EnumMap$EntrySet done
Event: 58.633 Loading class java/util/EnumMap$EntryIterator
Event: 58.635 Loading class java/util/EnumMap$EnumMapIterator
Event: 58.636 Loading class java/util/EnumMap$EnumMapIterator done
Event: 58.636 Loading class java/util/EnumMap$EntryIterator done
Event: 58.636 Loading class java/util/EnumMap$EntryIterator$Entry
Event: 58.642 Loading class java/util/EnumMap$EntryIterator$Entry done
Event: 62.191 Loading class java/lang/Byte$ByteCache
Event: 62.203 Loading class java/lang/Byte$ByteCache done

Classes unloaded (0 events):
No events

Classes redefined (0 events):
No events

Internal exceptions (20 events):
Event: 45.635 Thread 0x000001dc34e3ea40 Exception <a 'java/lang/NoSuchMethodError'{0x00000000e410db30}: 'int java.lang.invoke.DelegatingMethodHandle$Holder.reinvoke_L(java.lang.Object, java.lang.Object, java.lang.Object, long, int)'> (0x00000000e410db30) 
thrown [s\src\hotspot\share\interpreter\linkResolver.cpp, line 773]
Event: 45.636 Thread 0x000001dc34e3ea40 Exception <a 'java/lang/NoSuchMethodError'{0x00000000e4124350}: 'void java.lang.invoke.DelegatingMethodHandle$Holder.reinvoke_L(java.lang.Object, java.lang.Object, java.lang.Object, long, java.lang.Object, long, long)'> (0x00000000e4124350) 
thrown [s\src\hotspot\share\interpreter\linkResolver.cpp, line 773]
Event: 45.640 Thread 0x000001dc34e3ea40 Exception <a 'java/lang/NoSuchMethodError'{0x00000000e412c520}: 'long java.lang.invoke.Invokers$Holder.invokeExact_MT(java.lang.Object, java.lang.Object, java.lang.Object)'> (0x00000000e412c520) 
thrown [s\src\hotspot\share\interpreter\linkResolver.cpp, line 773]
Event: 45.641 Thread 0x000001dc34e3ea40 Exception <a 'java/lang/NoSuchMethodError'{0x00000000e41312b8}: 'int java.lang.invoke.Invokers$Holder.invokeExact_MT(java.lang.Object, java.lang.Object, java.lang.Object)'> (0x00000000e41312b8) 
thrown [s\src\hotspot\share\interpreter\linkResolver.cpp, line 773]
Event: 45.784 Thread 0x000001dc34e3ea40 Exception <a 'java/lang/NoSuchMethodError'{0x00000000e3e71190}: 'java.lang.Object java.lang.invoke.DirectMethodHandle$Holder.invokeStatic(java.lang.Object, java.lang.Object, int, java.lang.Object, int)'> (0x00000000e3e71190) 
thrown [s\src\hotspot\share\interpreter\linkResolver.cpp, line 773]
Event: 47.126 Thread 0x000001dc34e3ea40 Exception <a 'java/lang/NoSuchMethodError'{0x00000000e50c4438}: 'java.lang.Object java.lang.invoke.DirectMethodHandle$Holder.invokeStatic(java.lang.Object, java.lang.Object, java.lang.Object, java.lang.Object, int, java.lang.Object)'> (0x00000000e50c4438) 
thrown [s\src\hotspot\share\interpreter\linkResolver.cpp, line 773]
Event: 47.217 Thread 0x000001dc34e3ea40 Exception <a 'java/lang/NoSuchMethodError'{0x00000000e5300ad8}: 'long java.lang.invoke.DirectMethodHandle$Holder.invokeStatic(java.lang.Object, java.lang.Object, int)'> (0x00000000e5300ad8) 
thrown [s\src\hotspot\share\interpreter\linkResolver.cpp, line 773]
Event: 47.218 Thread 0x000001dc34e3ea40 Exception <a 'java/lang/NoSuchMethodError'{0x00000000e530cfa0}: 'java.lang.Object java.lang.invoke.DelegatingMethodHandle$Holder.reinvoke_L(java.lang.Object, int, long, java.lang.Object, java.lang.Object, int, java.lang.Object)'> (0x00000000e530cfa0) 
thrown [s\src\hotspot\share\interpreter\linkResolver.cpp, line 773]
Event: 47.851 Thread 0x000001dc34e3ea40 Exception <a 'java/lang/NoSuchMethodError'{0x00000000e3f88ef0}: 'java.lang.Object java.lang.invoke.Invokers$Holder.invokeExact_MT(java.lang.Object, java.lang.Object, long, java.lang.Object)'> (0x00000000e3f88ef0) 
thrown [s\src\hotspot\share\interpreter\linkResolver.cpp, line 773]
Event: 48.074 Thread 0x000001dc34e3ea40 Exception <a 'java/lang/NoSuchMethodError'{0x00000000e52911b0}: 'java.lang.Object java.lang.invoke.DirectMethodHandle$Holder.invokeStatic(java.lang.Object, java.lang.Object, long, long)'> (0x00000000e52911b0) 
thrown [s\src\hotspot\share\interpreter\linkResolver.cpp, line 773]
Event: 48.094 Thread 0x000001dc34e3ea40 Exception <a 'java/lang/NoSuchMethodError'{0x00000000e52dc528}: 'java.lang.Object java.lang.invoke.DirectMethodHandle$Holder.invokeStatic(java.lang.Object, java.lang.Object, java.lang.Object, long, java.lang.Object)'> (0x00000000e52dc528) 
thrown [s\src\hotspot\share\interpreter\linkResolver.cpp, line 773]
Event: 48.095 Thread 0x000001dc34e3ea40 Exception <a 'java/lang/NoSuchMethodError'{0x00000000e52e4c00}: 'java.lang.Object java.lang.invoke.DirectMethodHandle$Holder.newInvokeSpecial(java.lang.Object, java.lang.Object, java.lang.Object, long)'> (0x00000000e52e4c00) 
thrown [s\src\hotspot\share\interpreter\linkResolver.cpp, line 773]
Event: 48.096 Thread 0x000001dc34e3ea40 Exception <a 'java/lang/NoSuchMethodError'{0x00000000e52ea140}: 'java.lang.Object java.lang.invoke.Invokers$Holder.linkToTargetMethod(java.lang.Object, java.lang.Object, long, java.lang.Object)'> (0x00000000e52ea140) 
thrown [s\src\hotspot\share\interpreter\linkResolver.cpp, line 773]
Event: 48.394 Thread 0x000001dc34e3ea40 Implicit null exception at 0x000001dc1d12c4e7 to 0x000001dc1d12c8f0
Event: 49.388 Thread 0x000001dc34e3ea40 Exception <a 'java/lang/NoSuchMethodError'{0x00000000ff9ba6d8}: 'int java.lang.invoke.DirectMethodHandle$Holder.invokeSpecial(java.lang.Object, java.lang.Object, int, int)'> (0x00000000ff9ba6d8) 
thrown [s\src\hotspot\share\interpreter\linkResolver.cpp, line 773]
Event: 56.619 Thread 0x000001dc34e3ea40 Exception <a 'java/lang/NoSuchMethodError'{0x00000000e821ed30}: 'java.lang.Object java.lang.invoke.DirectMethodHandle$Holder.invokeSpecial(java.lang.Object, java.lang.Object, int, java.lang.Object, java.lang.Object)'> (0x00000000e821ed30) 
thrown [s\src\hotspot\share\interpreter\linkResolver.cpp, line 773]
Event: 57.406 Thread 0x000001dc34e3ea40 Exception <a 'java/lang/NoSuchMethodError'{0x00000000ed1b2090}: 'java.lang.Object java.lang.invoke.DirectMethodHandle$Holder.invokeStatic(java.lang.Object, java.lang.Object, java.lang.Object, java.lang.Object, int, java.lang.Object, java.lang.Object)'> (0x00000000ed1b2090) 
thrown [s\src\hotspot\share\interpreter\linkResolver.cpp, line 773]
Event: 57.410 Thread 0x000001dc34e3ea40 Exception <a 'java/lang/NoSuchMethodError'{0x00000000ed1bcb38}: 'java.lang.Object java.lang.invoke.DirectMethodHandle$Holder.newInvokeSpecial(java.lang.Object, java.lang.Object, java.lang.Object, java.lang.Object, int, java.lang.Object, java.lang.Object)'> (0x00000000ed1bcb38) 
thrown [s\src\hotspot\share\interpreter\linkResolver.cpp, line 773]
Event: 62.894 Thread 0x000001dc34e3ea40 Exception <a 'java/lang/NoSuchMethodError'{0x00000000ed2e43a8}: 'java.lang.Object java.lang.invoke.DirectMethodHandle$Holder.newInvokeSpecial(java.lang.Object, java.lang.Object, java.lang.Object, java.lang.Object, java.lang.Object, java.lang.Object, java.lang.Object, java.lang.Object, int)'> (0x00000000ed2e43a8) 
thrown [s\src\hotspot\share\interpreter\linkResolver.cpp, line 773]
Event: 62.927 Thread 0x000001dc34e3ea40 Exception <a 'java/lang/NoSuchMethodError'{0x00000000ed2ea610}: 'java.lang.Object java.lang.invoke.DirectMethodHandle$Holder.invokeSpecial(java.lang.Object, java.lang.Object, java.lang.Object, java.lang.Object, java.lang.Object, java.lang.Object, java.lang.Object, java.lang.Object, java.lang.Object, int)'> (0x00000000ed2ea610) 
thrown [s\src\hotspot\share\interpreter\linkResolver.cpp, line 773]

ZGC Phase Switch (0 events):
No events

VM Operations (20 events):
Event: 59.539 Executing VM operation: Cleanup
Event: 59.540 Executing VM operation: Cleanup done
Event: 59.737 Executing VM operation: HandshakeAllThreads (Deoptimize)
Event: 59.737 Executing VM operation: HandshakeAllThreads (Deoptimize) done
Event: 60.232 Executing VM operation: HandshakeAllThreads (HandshakeForDeflation)
Event: 60.232 Executing VM operation: HandshakeAllThreads (HandshakeForDeflation) done
Event: 60.233 Executing VM operation: RendezvousGCThreads
Event: 60.233 Executing VM operation: RendezvousGCThreads done
Event: 61.237 Executing VM operation: Cleanup
Event: 61.237 Executing VM operation: Cleanup done
Event: 62.212 Executing VM operation: G1CollectForAllocation (G1 Evacuation Pause)
Event: 62.545 Executing VM operation: G1CollectForAllocation (G1 Evacuation Pause) done
Event: 63.184 Executing VM operation: HandshakeAllThreads (Deoptimize)
Event: 63.185 Executing VM operation: HandshakeAllThreads (Deoptimize) done
Event: 63.209 Executing VM operation: HandshakeAllThreads (Deoptimize)
Event: 63.209 Executing VM operation: HandshakeAllThreads (Deoptimize) done
Event: 64.212 Executing VM operation: Cleanup
Event: 64.214 Executing VM operation: Cleanup done
Event: 64.254 Executing VM operation: G1TryInitiateConcMark (G1 Humongous Allocation)
Event: 64.309 Executing VM operation: G1TryInitiateConcMark (G1 Humongous Allocation) done

Memory protections (0 events):
No events

Nmethod flushes (20 events):
Event: 49.261 Thread 0x000001dc0cc6d560 flushing  nmethod 0x000001dc157b4d90
Event: 49.261 Thread 0x000001dc0cc6d560 flushing  nmethod 0x000001dc157b5110
Event: 49.261 Thread 0x000001dc0cc6d560 flushing  nmethod 0x000001dc1594a490
Event: 49.261 Thread 0x000001dc0cc6d560 flushing  nmethod 0x000001dc15951f10
Event: 49.261 Thread 0x000001dc0cc6d560 flushing  nmethod 0x000001dc159a8310
Event: 49.261 Thread 0x000001dc0cc6d560 flushing  nmethod 0x000001dc15a50890
Event: 49.261 Thread 0x000001dc0cc6d560 flushing  nmethod 0x000001dc15aa5d10
Event: 49.261 Thread 0x000001dc0cc6d560 flushing  nmethod 0x000001dc15ac3310
Event: 49.261 Thread 0x000001dc0cc6d560 flushing  nmethod 0x000001dc15d07f90
Event: 49.261 Thread 0x000001dc0cc6d560 flushing  nmethod 0x000001dc15ebe710
Event: 49.261 Thread 0x000001dc0cc6d560 flushing  nmethod 0x000001dc15f20c90
Event: 49.261 Thread 0x000001dc0cc6d560 flushing osr nmethod 0x000001dc1600c590
Event: 53.978 Thread 0x000001dc0cc6d560 flushing  nmethod 0x000001dc15a5b090
Event: 53.978 Thread 0x000001dc0cc6d560 flushing  nmethod 0x000001dc15d2db10
Event: 53.978 Thread 0x000001dc0cc6d560 flushing  nmethod 0x000001dc1547be10
Event: 53.978 Thread 0x000001dc0cc6d560 flushing osr nmethod 0x000001dc1d144110
Event: 53.978 Thread 0x000001dc0cc6d560 flushing  nmethod 0x000001dc1d149590
Event: 53.978 Thread 0x000001dc0cc6d560 flushing  nmethod 0x000001dc1553c810
Event: 53.978 Thread 0x000001dc0cc6d560 flushing  nmethod 0x000001dc15da3190
Event: 53.978 Thread 0x000001dc0cc6d560 flushing  nmethod 0x000001dc1d143110

Events (20 events):
Event: 8.736 Thread 0x000001dc34e3ea40 Thread added: 0x000001dc34476060
Event: 8.740 Thread 0x000001dc34e3ea40 Thread added: 0x000001dc34476d80
Event: 8.788 Thread 0x000001dc34e3ea40 Thread added: 0x000001dc34477410
Event: 10.151 Thread 0x000001dc34e3ea40 Thread added: 0x000001dc344766f0
Event: 10.205 Thread 0x000001dc34e3ea40 Thread added: 0x000001dc344794e0
Event: 10.672 Thread 0x000001dc34e3ea40 Thread added: 0x000001dc34477aa0
Event: 15.680 Thread 0x000001dc34e3ea40 Thread added: 0x000001dc34478130
Event: 15.882 Thread 0x000001dc34e3ea40 Thread added: 0x000001dc344787c0
Event: 16.982 Thread 0x000001dc34e3ea40 Thread added: 0x000001dc34478e50
Event: 17.007 Thread 0x000001dc34e3ea40 Thread added: 0x000001dc35232150
Event: 17.473 Thread 0x000001dc34e3ea40 Thread added: 0x000001dc35230710
Event: 17.759 Thread 0x000001dc34e3ea40 Thread added: 0x000001dc352327e0
Event: 19.139 Thread 0x000001dc34e3ea40 Thread added: 0x000001dc352348b0
Event: 19.318 Thread 0x000001dc34e3ea40 Thread added: 0x000001dc35232e70
Event: 23.551 Thread 0x000001dc34e3ea40 Thread added: 0x000001dc35233500
Event: 23.714 Thread 0x000001dc34e3ea40 Thread added: 0x000001dc35233b90
Event: 23.867 Thread 0x000001dc34e3ea40 Thread added: 0x000001dc35236980
Event: 28.482 Thread 0x000001dc34e3ea40 Thread added: 0x000001dc35231430
Event: 28.873 Thread 0x000001dc34e3ea40 Thread added: 0x000001dc35237010
Event: 32.723 Thread 0x000001dc34e3ea40 Thread added: 0x000001dc352355d0


Dynamic libraries:
0x00007ff6cbff0000 - 0x00007ff6cbffe000 	C:\Users\DELL\.gradle\jdks\eclipse_adoptium-21-amd64-windows.2\bin\java.exe
0x00007ffc5c9f0000 - 0x00007ffc5cbe8000 	C:\Windows\SYSTEM32\ntdll.dll
0x00007ffc5aa10000 - 0x00007ffc5aad2000 	C:\Windows\System32\KERNEL32.DLL
0x00007ffc5a080000 - 0x00007ffc5a376000 	C:\Windows\System32\KERNELBASE.dll
0x00007ffc5a850000 - 0x00007ffc5a950000 	C:\Windows\System32\ucrtbase.dll
0x00007ffc461e0000 - 0x00007ffc461f8000 	C:\Users\DELL\.gradle\jdks\eclipse_adoptium-21-amd64-windows.2\bin\jli.dll
0x00007ffc5b0d0000 - 0x00007ffc5b271000 	C:\Windows\System32\USER32.dll
0x00007ffc5a590000 - 0x00007ffc5a5b2000 	C:\Windows\System32\win32u.dll
0x00007ffc5bc50000 - 0x00007ffc5bc7b000 	C:\Windows\System32\GDI32.dll
0x00007ffc5a730000 - 0x00007ffc5a849000 	C:\Windows\System32\gdi32full.dll
0x00007ffc5a5c0000 - 0x00007ffc5a65d000 	C:\Windows\System32\msvcp_win.dll
0x00007ffc46010000 - 0x00007ffc4602e000 	C:\Users\DELL\.gradle\jdks\eclipse_adoptium-21-amd64-windows.2\bin\VCRUNTIME140.dll
0x00007ffc476b0000 - 0x00007ffc4794b000 	C:\Windows\WinSxS\amd64_microsoft.windows.common-controls_6595b64144ccf1df_6.0.19041.6456_none_60b8a6cb71f64256\COMCTL32.dll
0x00007ffc5bb00000 - 0x00007ffc5bb9e000 	C:\Windows\System32\msvcrt.dll
0x00007ffc5b500000 - 0x00007ffc5b52f000 	C:\Windows\System32\IMM32.DLL
0x00007ffc53fc0000 - 0x00007ffc53fcc000 	C:\Users\DELL\.gradle\jdks\eclipse_adoptium-21-amd64-windows.2\bin\vcruntime140_1.dll
0x00007ffc18430000 - 0x00007ffc184bd000 	C:\Users\DELL\.gradle\jdks\eclipse_adoptium-21-amd64-windows.2\bin\msvcp140.dll
0x00007ffbefd50000 - 0x00007ffbf0ae0000 	C:\Users\DELL\.gradle\jdks\eclipse_adoptium-21-amd64-windows.2\bin\server\jvm.dll
0x00007ffc5b290000 - 0x00007ffc5b341000 	C:\Windows\System32\ADVAPI32.dll
0x00007ffc5b530000 - 0x00007ffc5b5cf000 	C:\Windows\System32\sechost.dll
0x00007ffc5aae0000 - 0x00007ffc5ac00000 	C:\Windows\System32\RPCRT4.dll
0x00007ffc5a9e0000 - 0x00007ffc5aa07000 	C:\Windows\System32\bcrypt.dll
0x00007ffc5b5d0000 - 0x00007ffc5b63b000 	C:\Windows\System32\WS2_32.dll
0x00007ffc59ee0000 - 0x00007ffc59f2b000 	C:\Windows\SYSTEM32\POWRPROF.dll
0x00007ffc440a0000 - 0x00007ffc440c7000 	C:\Windows\SYSTEM32\WINMM.dll
0x00007ffc53320000 - 0x00007ffc5332a000 	C:\Windows\SYSTEM32\VERSION.dll
0x00007ffc59ec0000 - 0x00007ffc59ed2000 	C:\Windows\SYSTEM32\UMPDC.dll
0x00007ffc58850000 - 0x00007ffc58862000 	C:\Windows\SYSTEM32\kernel.appcore.dll
0x00007ffc53e40000 - 0x00007ffc53e4a000 	C:\Users\DELL\.gradle\jdks\eclipse_adoptium-21-amd64-windows.2\bin\jimage.dll
0x00007ffc57c20000 - 0x00007ffc57e21000 	C:\Windows\SYSTEM32\DBGHELP.DLL
0x00007ffc2cea0000 - 0x00007ffc2ced4000 	C:\Windows\SYSTEM32\dbgcore.DLL
0x00007ffc5a950000 - 0x00007ffc5a9d2000 	C:\Windows\System32\bcryptPrimitives.dll
0x00007ffc538c0000 - 0x00007ffc538cf000 	C:\Users\DELL\.gradle\jdks\eclipse_adoptium-21-amd64-windows.2\bin\instrument.dll
0x00007ffc45850000 - 0x00007ffc4586f000 	C:\Users\DELL\.gradle\jdks\eclipse_adoptium-21-amd64-windows.2\bin\java.dll
0x00007ffc5c0c0000 - 0x00007ffc5c830000 	C:\Windows\System32\SHELL32.dll
0x00007ffc58090000 - 0x00007ffc58835000 	C:\Windows\SYSTEM32\windows.storage.dll
0x00007ffc5bc80000 - 0x00007ffc5bfd4000 	C:\Windows\System32\combase.dll
0x00007ffc599d0000 - 0x00007ffc599fb000 	C:\Windows\SYSTEM32\Wldp.dll
0x00007ffc5c8e0000 - 0x00007ffc5c9ad000 	C:\Windows\System32\OLEAUT32.dll
0x00007ffc5bba0000 - 0x00007ffc5bc4d000 	C:\Windows\System32\SHCORE.dll
0x00007ffc5b6c0000 - 0x00007ffc5b71b000 	C:\Windows\System32\shlwapi.dll
0x00007ffc59fb0000 - 0x00007ffc59fd4000 	C:\Windows\SYSTEM32\profapi.dll
0x00007ffc17640000 - 0x00007ffc17717000 	C:\Users\DELL\.gradle\jdks\eclipse_adoptium-21-amd64-windows.2\bin\jsvml.dll
0x00007ffc30620000 - 0x00007ffc30638000 	C:\Users\DELL\.gradle\jdks\eclipse_adoptium-21-amd64-windows.2\bin\zip.dll
0x00007ffc53640000 - 0x00007ffc53650000 	C:\Users\DELL\.gradle\jdks\eclipse_adoptium-21-amd64-windows.2\bin\net.dll
0x00007ffc50530000 - 0x00007ffc5063a000 	C:\Windows\SYSTEM32\WINHTTP.dll
0x00007ffc596e0000 - 0x00007ffc5974a000 	C:\Windows\system32\mswsock.dll
0x00007ffc30360000 - 0x00007ffc30376000 	C:\Users\DELL\.gradle\jdks\eclipse_adoptium-21-amd64-windows.2\bin\nio.dll
0x00007ffc4a370000 - 0x00007ffc4a380000 	C:\Users\DELL\.gradle\jdks\eclipse_adoptium-21-amd64-windows.2\bin\verify.dll
0x00007ffc26030000 - 0x00007ffc26057000 	C:\Users\DELL\.gradle\native\660c5614fbf4a5f2a75b1949f50a0caf5cd603558e7d8a26e50b933a0cfb79d1\windows-amd64\native-platform.dll
0x00007ffc1b1a0000 - 0x00007ffc1b217000 	C:\Users\DELL\.gradle\native\0.2.8\x86_64-windows-gnu\gradle-fileevents.dll
0x00007ffc4a0d0000 - 0x00007ffc4a0da000 	C:\Users\DELL\.gradle\jdks\eclipse_adoptium-21-amd64-windows.2\bin\management.dll
0x00007ffc46fa0000 - 0x00007ffc46fab000 	C:\Users\DELL\.gradle\jdks\eclipse_adoptium-21-amd64-windows.2\bin\management_ext.dll
0x00007ffc5b280000 - 0x00007ffc5b288000 	C:\Windows\System32\PSAPI.DLL
0x00007ffc593d0000 - 0x00007ffc5940b000 	C:\Windows\SYSTEM32\IPHLPAPI.DLL
0x00007ffc5ba60000 - 0x00007ffc5ba68000 	C:\Windows\System32\NSI.dll
0x00007ffc46a40000 - 0x00007ffc46a49000 	C:\Users\DELL\.gradle\jdks\eclipse_adoptium-21-amd64-windows.2\bin\extnet.dll
0x00007ffc598a0000 - 0x00007ffc598b8000 	C:\Windows\SYSTEM32\CRYPTSP.dll
0x00007ffc59010000 - 0x00007ffc59048000 	C:\Windows\system32\rsaenh.dll
0x00007ffc59f30000 - 0x00007ffc59f5e000 	C:\Windows\SYSTEM32\USERENV.dll
0x00007ffc598c0000 - 0x00007ffc598cc000 	C:\Windows\SYSTEM32\CRYPTBASE.dll
0x00007ffc46160000 - 0x00007ffc4616e000 	C:\Users\DELL\.gradle\jdks\eclipse_adoptium-21-amd64-windows.2\bin\sunmscapi.dll
0x00007ffc5a380000 - 0x00007ffc5a4dd000 	C:\Windows\System32\CRYPT32.dll
0x00007ffc59a40000 - 0x00007ffc59a67000 	C:\Windows\SYSTEM32\ncrypt.dll
0x00007ffc59a00000 - 0x00007ffc59a3b000 	C:\Windows\SYSTEM32\NTASN1.dll
0x00007ffc33480000 - 0x00007ffc33487000 	C:\Windows\system32\wshunix.dll

dbghelp: loaded successfully - version: 4.0.5 - missing functions: none
symbol engine: initialized successfully - sym options: 0x614 - pdb path: .;C:\Users\DELL\.gradle\jdks\eclipse_adoptium-21-amd64-windows.2\bin;C:\Windows\SYSTEM32;C:\Windows\WinSxS\amd64_microsoft.windows.common-controls_6595b64144ccf1df_6.0.19041.6456_none_60b8a6cb71f64256;C:\Users\DELL\.gradle\jdks\eclipse_adoptium-21-amd64-windows.2\bin\server;C:\Users\DELL\.gradle\native\660c5614fbf4a5f2a75b1949f50a0caf5cd603558e7d8a26e50b933a0cfb79d1\windows-amd64;C:\Users\DELL\.gradle\native\0.2.8\x86_64-windows-gnu

VM Arguments:
jvm_args: --add-opens=java.base/java.lang=ALL-UNNAMED --add-opens=java.base/java.lang.invoke=ALL-UNNAMED --add-opens=java.base/java.util=ALL-UNNAMED --add-opens=java.prefs/java.util.prefs=ALL-UNNAMED --add-exports=jdk.compiler/com.sun.tools.javac.api=ALL-UNNAMED --add-exports=jdk.compiler/com.sun.tools.javac.util=ALL-UNNAMED --add-opens=java.base/java.util=ALL-UNNAMED --add-opens=java.prefs/java.util.prefs=ALL-UNNAMED --add-opens=java.base/java.nio.charset=ALL-UNNAMED --add-opens=java.base/java.net=ALL-UNNAMED --add-opens=java.base/java.util.concurrent=ALL-UNNAMED --add-opens=java.base/java.util.concurrent.atomic=ALL-UNNAMED --add-opens=java.xml/javax.xml.namespace=ALL-UNNAMED --add-opens=java.base/java.time=ALL-UNNAMED -XX:MaxMetaspaceSize=128m -Xmx512m -Dfile.encoding=UTF-8 -Duser.country=IN -Duser.language=en -Duser.variant -javaagent:C:\Users\DELL\.gradle\wrapper\dists\gradle-9.3.1-bin\23ovyewtku6u96viwx3xl3oks\gradle-9.3.1\lib\agents\gradle-instrumentation-agent-9.3.1.jar 
java_command: org.gradle.launcher.daemon.bootstrap.GradleDaemon 9.3.1
java_class_path (initial): C:\Users\DELL\.gradle\wrapper\dists\gradle-9.3.1-bin\23ovyewtku6u96viwx3xl3oks\gradle-9.3.1\lib\gradle-daemon-main-9.3.1.jar
Launcher Type: SUN_STANDARD

[Global flags]
     intx CICompilerCount                          = 3                                         {product} {ergonomic}
   size_t CompressedClassSpaceSize                 = 117440512                                 {product} {ergonomic}
     uint ConcGCThreads                            = 1                                         {product} {ergonomic}
     uint G1ConcRefinementThreads                  = 4                                         {product} {ergonomic}
   size_t G1HeapRegionSize                         = 1048576                                   {product} {ergonomic}
    uintx GCDrainStackTargetSize                   = 64                                        {product} {ergonomic}
   size_t InitialHeapSize                          = 65011712                                  {product} {ergonomic}
   size_t MarkStackSize                            = 4194304                                   {product} {ergonomic}
   size_t MaxHeapSize                              = 536870912                                 {product} {command line}
   size_t MaxMetaspaceSize                         = 134217728                                 {product} {command line}
   size_t MaxNewSize                               = 321912832                                 {product} {ergonomic}
   size_t MinHeapDeltaBytes                        = 1048576                                   {product} {ergonomic}
   size_t MinHeapSize                              = 8388608                                   {product} {ergonomic}
    uintx NonNMethodCodeHeapSize                   = 5832780                                {pd product} {ergonomic}
    uintx NonProfiledCodeHeapSize                  = 122912730                              {pd product} {ergonomic}
    uintx ProfiledCodeHeapSize                     = 122912730                              {pd product} {ergonomic}
    uintx ReservedCodeCacheSize                    = 251658240                              {pd product} {ergonomic}
     bool SegmentedCodeCache                       = true                                      {product} {ergonomic}
   size_t SoftMaxHeapSize                          = 536870912                              {manageable} {ergonomic}
     bool UseCompressedOops                        = true                           {product lp64_product} {ergonomic}
     bool UseG1GC                                  = true                                      {product} {ergonomic}
     bool UseLargePagesIndividualAllocation        = false                                  {pd product} {ergonomic}

Logging:
Log output configuration:
 #0: stdout all=warning uptime,level,tags foldmultilines=false
 #1: stderr all=off uptime,level,tags foldmultilines=false

Environment Variables:
PATH=C:\Program Files\OpenLogic\jdk-22.0.2.9-hotspot\bin;C:\Windows\system32;C:\Windows;C:\Windows\System32\Wbem;C:\Windows\System32\WindowsPowerShell\v1.0\;C:\Windows\System32\OpenSSH\;C:\Program Files\dotnet\;C:\MinGW\bin;C:\Program Files\Git\cmd;C:\Users\DELL\AppData\Roaming\nvm;C:\Program Files\nodejs;C:\ProgramData\chocolatey\bin;C:\Program Files\nodejs\;C:\Users\DELL\AppData\Local\Programs\Python\Python313\Scripts;C:\Users\DELL\AppData\Local\Programs\Python\Python313\;C:\platform-tools;C:\MinGW\bin;C:\MinGW\bin;C:\Program Files\MySQL\MySQL Server 8.0\bin;C:\Users\DELL\AppData\Local\Programs\Python\Python310\Scripts\;C:\Users\DELL\AppData\Local\Programs\Python\Python310\;C:\Users\DELL\AppData\Local\Programs\Python\Python313\Scripts\;C:\Users\DELL\AppData\Local\Programs\Python\Python313\;C:\Users\DELL\AppData\Local\Programs\Python\Launcher\;C:\Users\DELL\AppData\Local\Microsoft\WindowsApps;C:\Users\DELL\AppData\Local\Programs\Microsoft VS Code\bin;C:\Users\DELL\AppData\Roaming\nvm;C:\Program Files\nodejs;C:\Users\DELL\AppData\Roaming\npm;C:\Program Files\heroku\bin;C:\Users\DELL\.dotnet\tools;C:\Users\DELL\Downloads\x64;C:\Users\DELL\AppData\Local\Programs\Python\Python310\;C:\Users\DELL\AppData\Local\Programs\Antigravity\bin
USERNAME=DELL
OS=Windows_NT
PROCESSOR_IDENTIFIER=Intel64 Family 6 Model 126 Stepping 5, GenuineIntel
TMP=C:\Users\DELL\AppData\Local\Temp
TEMP=C:\Users\DELL\AppData\Local\Temp




Periodic native trim disabled

---------------  S Y S T E M  ---------------

OS:
 Windows 10 , 64 bit Build 19041 (10.0.19041.5915)
OS uptime: 3 days 4:16 hours
Hyper-V role detected

CPU: total 4 (initial active 4) (2 cores per cpu, 2 threads per core) family 6 model 126 stepping 5 microcode 0xca, cx8, cmov, fxsr, ht, mmx, 3dnowpref, sse, sse2, sse3, ssse3, sse4.1, sse4.2, popcnt, lzcnt, tsc, tscinvbit, avx, avx2, aes, erms, clmul, bmi1, bmi2, adx, avx512f, avx512dq, avx512cd, avx512bw, avx512vl, sha, fma, vzeroupper, avx512_vpopcntdq, avx512_vpclmulqdq, avx512_vaes, avx512_vnni, clflush, clflushopt, avx512_vbmi2, avx512_vbmi, hv, rdtscp, rdpid, fsrm, gfni, avx512_bitalg, f16c, avx512_ifma
Processor Information for the first 4 processors :
  Max Mhz: 1190, Current Mhz: 1190, Mhz Limit: 1190

Memory: 4k page, system-wide physical 3862M (50M free)
TotalPageFile size 12054M (AvailPageFile size 0M)
current process WorkingSet (physical memory assigned to process): 212M, peak: 277M
current process commit charge ("private bytes"): 528M, peak: 528M

vm_info: OpenJDK 64-Bit Server VM (21.0.7+6-LTS) for windows-amd64 JRE (21.0.7+6-LTS), built on 2025-04-15T00:00:00Z by "admin" with MS VC++ 17.7 (VS2022)

END.
