version 2
JvmtiExport can_access_local_variables 0
JvmtiExport can_hotswap_or_post_breakpoint 0
JvmtiExport can_post_on_exceptions 0
# 390 ciObject found
instanceKlass org/jetbrains/kotlin/metadata/ProtoBuf$Function
ciInstanceKlass java/lang/Cloneable 1 1 7 100 1 100 1 1 1
instanceKlass org/jetbrains/kotlin/fir/backend/Fir2IrPluginContext$Companion
instanceKlass org/jetbrains/kotlin/fir/backend/Fir2IrPluginContext
instanceKlass org/jetbrains/kotlin/backend/common/extensions/IrPluginContext
instanceKlass org/jetbrains/kotlin/ir/builders/IrGeneratorContext
instanceKlass org/jetbrains/kotlin/ir/builders/IrGeneratorContextInterface
instanceKlass org/jetbrains/kotlin/backend/common/actualizer/IrExpectActualMap
instanceKlass org/jetbrains/kotlin/ir/visitors/IrVisitorsKt
instanceKlass org/jetbrains/kotlin/ir/visitors/IrVisitor
instanceKlass org/jetbrains/kotlin/ir/overrides/IrOverrideChecker
instanceKlass org/jetbrains/kotlin/backend/jvm/overrides/IrJavaIncompatibilityRulesOverridabilityCondition
instanceKlass org/jetbrains/kotlin/ir/overrides/IrExternalOverridabilityCondition
instanceKlass org/jetbrains/kotlin/platform/jvm/JvmPlatformKt
instanceKlass org/jetbrains/kotlin/ir/overrides/FakeOverrideBuilderStrategy
instanceKlass org/jetbrains/kotlin/ir/overrides/IrFakeOverrideBuilder
instanceKlass org/jetbrains/kotlin/fir/backend/Fir2IrDelegatedMembersGenerationStrategy
instanceKlass org/jetbrains/kotlin/fir/backend/generators/Fir2IrDataClassGeneratedMemberBodyGenerator
instanceKlass org/jetbrains/kotlin/fir/pipeline/Fir2IrPipeline$Fir2IrConversionResult
instanceKlass  @bci org/jetbrains/kotlin/ir/util/DescriptorSymbolTableExtension <init> (Lorg/jetbrains/kotlin/ir/util/SymbolTable;)V 60 <appendix> member <vmtarget> ; # org/jetbrains/kotlin/ir/util/DescriptorSymbolTableExtension$$Lambda+0x000001dc28e2dbc0
instanceKlass  @bci org/jetbrains/kotlin/ir/util/DescriptorSymbolTableExtension <init> (Lorg/jetbrains/kotlin/ir/util/SymbolTable;)V 47 <appendix> member <vmtarget> ; # org/jetbrains/kotlin/ir/util/DescriptorSymbolTableExtension$$Lambda+0x000001dc28e2d9a8
instanceKlass  @bci org/jetbrains/kotlin/ir/util/DescriptorSymbolTableExtension <init> (Lorg/jetbrains/kotlin/ir/util/SymbolTable;)V 34 <appendix> member <vmtarget> ; # org/jetbrains/kotlin/ir/util/DescriptorSymbolTableExtension$$Lambda+0x000001dc28e2d790
instanceKlass  @bci org/jetbrains/kotlin/ir/util/SymbolTableExtension <init> (Lorg/jetbrains/kotlin/ir/util/SymbolTable;)V 196 <appendix> member <vmtarget> ; # org/jetbrains/kotlin/ir/util/SymbolTableExtension$$Lambda+0x000001dc28e2d578
instanceKlass  @bci org/jetbrains/kotlin/ir/util/SymbolTableExtension <init> (Lorg/jetbrains/kotlin/ir/util/SymbolTable;)V 180 <appendix> member <vmtarget> ; # org/jetbrains/kotlin/ir/util/SymbolTableExtension$$Lambda+0x000001dc28e2d360
instanceKlass  @bci org/jetbrains/kotlin/ir/util/SymbolTableSlice$Flat <init> (Lorg/jetbrains/kotlin/ir/IrLock;Lkotlin/jvm/functions/Function2;ILkotlin/jvm/internal/DefaultConstructorMarker;)V 6 <appendix> argL0 ; # org/jetbrains/kotlin/ir/util/SymbolTableSlice$Flat$$Lambda+0x000001dc28e2cf40
instanceKlass org/jetbrains/kotlin/ir/util/ReferenceSymbolTableExtension
instanceKlass org/jetbrains/kotlin/ir/declarations/lazy/IrLazySymbolTable
instanceKlass  @bci org/jetbrains/kotlin/ir/util/SymbolTableKt IdSignatureSymbolTableSlice (Lorg/jetbrains/kotlin/ir/IrLock;)Lorg/jetbrains/kotlin/ir/util/SymbolTableSlice$Flat; 5 <appendix> argL0 ; # org/jetbrains/kotlin/ir/util/SymbolTableKt$$Lambda+0x000001dc28e2bd10
instanceKlass org/jetbrains/kotlin/ir/util/SymbolTableSlice
instanceKlass org/jetbrains/kotlin/ir/util/SymbolTableKt
instanceKlass org/jetbrains/kotlin/ir/util/NameProvider$DEFAULT
instanceKlass org/jetbrains/kotlin/ir/util/NameProvider
instanceKlass org/jetbrains/kotlin/ir/util/SymbolTable
instanceKlass org/jetbrains/kotlin/ir/util/ReferenceSymbolTable
instanceKlass org/jetbrains/kotlin/fir/scopes/FirScopeProviderKt
instanceKlass org/jetbrains/kotlin/fir/declarations/FirDeclarationOriginKt
instanceKlass org/jetbrains/kotlin/fir/scopes/impl/FirFakeOverrideGenerator
instanceKlass org/jetbrains/kotlin/fir/backend/Fir2IrDeclarationStorage$FakeOverrideIdentifier$Companion
instanceKlass org/jetbrains/kotlin/fir/backend/Fir2IrDeclarationStorage$FakeOverrideIdentifier
instanceKlass  @bci org/jetbrains/kotlin/fir/scopes/jvm/JvmMappedScope isMutabilityViolation (Lorg/jetbrains/kotlin/fir/symbols/impl/FirNamedFunctionSymbol;Ljava/lang/String;)Z 48 <appendix> argL0 ; # org/jetbrains/kotlin/fir/scopes/jvm/JvmMappedScope$$Lambda+0x000001dc28e29a08
instanceKlass org/jetbrains/kotlin/fir/scopes/FirTypeScopeKt$anyOverriddenOf$$inlined$anyOverriddenOf$1
instanceKlass org/jetbrains/kotlin/load/java/structure/impl/classFiles/BinaryJavaClass$WhenMappings
instanceKlass  @bci org/jetbrains/kotlin/fir/scopes/impl/FirClassUseSiteMemberScope getPropertiesAndFieldsFromSupertypesByName (Lorg/jetbrains/kotlin/name/Name;)Lkotlin/Pair; 207 <appendix> member <vmtarget> ; # org/jetbrains/kotlin/fir/scopes/impl/FirClassUseSiteMemberScope$$Lambda+0x000001dc28e28c90
instanceKlass  @bci org/jetbrains/kotlin/fir/scopes/impl/FirClassUseSiteMemberScope collectProperties (Lorg/jetbrains/kotlin/name/Name;)Ljava/util/Collection; 36 <appendix> member <vmtarget> ; # org/jetbrains/kotlin/fir/scopes/impl/FirClassUseSiteMemberScope$$Lambda+0x000001dc28e28a78
instanceKlass  @bci org/jetbrains/kotlin/fir/scopes/impl/FirScopeWithCallableCopyReturnTypeUpdater processPropertiesByName (Lorg/jetbrains/kotlin/name/Name;Lkotlin/jvm/functions/Function1;)V 19 <appendix> member <vmtarget> ; # org/jetbrains/kotlin/fir/scopes/impl/FirScopeWithCallableCopyReturnTypeUpdater$$Lambda+0x000001dc28e28860
instanceKlass  @bci org/jetbrains/kotlin/fir/lazy/Fir2IrLazyClass declarations_delegate$lambda$0$addDeclarationsFromScope (Lorg/jetbrains/kotlin/fir/lazy/Fir2IrLazyClass;Ljava/util/List;Lorg/jetbrains/kotlin/fir/types/ConeClassLikeLookupTag;Lorg/jetbrains/kotlin/fir/scopes/FirContainingNamesAwareScope;)V 58 <appendix> member <vmtarget> ; # org/jetbrains/kotlin/fir/lazy/Fir2IrLazyClass$$Lambda+0x000001dc28e28648
instanceKlass  @bci org/jetbrains/kotlin/fir/scopes/jvm/JvmMappedScope processFunctionsByName (Lorg/jetbrains/kotlin/name/Name;Lkotlin/jvm/functions/Function1;)V 111 <appendix> member <vmtarget> ; # org/jetbrains/kotlin/fir/scopes/jvm/JvmMappedScope$$Lambda+0x000001dc28e28430
instanceKlass  @bci org/jetbrains/kotlin/fir/scopes/jvm/JvmMappedScope processFunctionsByName (Lorg/jetbrains/kotlin/name/Name;Lkotlin/jvm/functions/Function1;)V 44 <appendix> member <vmtarget> ; # org/jetbrains/kotlin/fir/scopes/jvm/JvmMappedScope$$Lambda+0x000001dc28e28218
instanceKlass  @bci org/jetbrains/kotlin/fir/scopes/jvm/JvmMappedScope processFunctionsByName (Lorg/jetbrains/kotlin/name/Name;Lkotlin/jvm/functions/Function1;)V 33 <appendix> member <vmtarget> ; # org/jetbrains/kotlin/fir/scopes/jvm/JvmMappedScope$$Lambda+0x000001dc28e28000
instanceKlass  @bci org/jetbrains/kotlin/fir/scopes/impl/FirScopeWithCallableCopyReturnTypeUpdater processFunctionsByName (Lorg/jetbrains/kotlin/name/Name;Lkotlin/jvm/functions/Function1;)V 19 <appendix> member <vmtarget> ; # org/jetbrains/kotlin/fir/scopes/impl/FirScopeWithCallableCopyReturnTypeUpdater$$Lambda+0x000001dc28e27d68
instanceKlass  @bci org/jetbrains/kotlin/fir/lazy/Fir2IrLazyClass declarations_delegate$lambda$0$addDeclarationsFromScope (Lorg/jetbrains/kotlin/fir/lazy/Fir2IrLazyClass;Ljava/util/List;Lorg/jetbrains/kotlin/fir/types/ConeClassLikeLookupTag;Lorg/jetbrains/kotlin/fir/scopes/FirContainingNamesAwareScope;)V 44 <appendix> member <vmtarget> ; # org/jetbrains/kotlin/fir/lazy/Fir2IrLazyClass$$Lambda+0x000001dc28e27b50
instanceKlass  @bci org/jetbrains/kotlin/fir/lazy/Fir2IrLazyClass declarations_delegate$lambda$0 (Lorg/jetbrains/kotlin/fir/lazy/Fir2IrLazyClass;)Ljava/util/List; 40 <appendix> member <vmtarget> ; # org/jetbrains/kotlin/fir/lazy/Fir2IrLazyClass$$Lambda+0x000001dc28e27738
instanceKlass  @bci org/jetbrains/kotlin/fir/backend/IrBuiltInsOverFir <init> (Lorg/jetbrains/kotlin/fir/backend/Fir2IrComponents;Lorg/jetbrains/kotlin/fir/backend/Fir2IrSyntheticIrBuiltinsSymbolsContainer;)V 959 <appendix> member <vmtarget> ; # org/jetbrains/kotlin/fir/backend/IrBuiltInsOverFir$$Lambda+0x000001dc28e27520
instanceKlass  @bci org/jetbrains/kotlin/fir/backend/IrBuiltInsOverFir <init> (Lorg/jetbrains/kotlin/fir/backend/Fir2IrComponents;Lorg/jetbrains/kotlin/fir/backend/Fir2IrSyntheticIrBuiltinsSymbolsContainer;)V 890 <appendix> member <vmtarget> ; # org/jetbrains/kotlin/fir/backend/IrBuiltInsOverFir$$Lambda+0x000001dc28e27308
instanceKlass  @bci org/jetbrains/kotlin/fir/backend/IrBuiltInsOverFir <init> (Lorg/jetbrains/kotlin/fir/backend/Fir2IrComponents;Lorg/jetbrains/kotlin/fir/backend/Fir2IrSyntheticIrBuiltinsSymbolsContainer;)V 877 <appendix> member <vmtarget> ; # org/jetbrains/kotlin/fir/backend/IrBuiltInsOverFir$$Lambda+0x000001dc28e270f0
instanceKlass  @bci org/jetbrains/kotlin/fir/backend/IrBuiltInsOverFir <init> (Lorg/jetbrains/kotlin/fir/backend/Fir2IrComponents;Lorg/jetbrains/kotlin/fir/backend/Fir2IrSyntheticIrBuiltinsSymbolsContainer;)V 864 <appendix> member <vmtarget> ; # org/jetbrains/kotlin/fir/backend/IrBuiltInsOverFir$$Lambda+0x000001dc28e26ed8
instanceKlass  @bci org/jetbrains/kotlin/fir/backend/IrBuiltInsOverFir <init> (Lorg/jetbrains/kotlin/fir/backend/Fir2IrComponents;Lorg/jetbrains/kotlin/fir/backend/Fir2IrSyntheticIrBuiltinsSymbolsContainer;)V 851 <appendix> member <vmtarget> ; # org/jetbrains/kotlin/fir/backend/IrBuiltInsOverFir$$Lambda+0x000001dc28e26cc0
instanceKlass  @bci org/jetbrains/kotlin/fir/backend/IrBuiltInsOverFir <init> (Lorg/jetbrains/kotlin/fir/backend/Fir2IrComponents;Lorg/jetbrains/kotlin/fir/backend/Fir2IrSyntheticIrBuiltinsSymbolsContainer;)V 838 <appendix> member <vmtarget> ; # org/jetbrains/kotlin/fir/backend/IrBuiltInsOverFir$$Lambda+0x000001dc28e26aa8
instanceKlass  @bci org/jetbrains/kotlin/fir/backend/IrBuiltInsOverFir <init> (Lorg/jetbrains/kotlin/fir/backend/Fir2IrComponents;Lorg/jetbrains/kotlin/fir/backend/Fir2IrSyntheticIrBuiltinsSymbolsContainer;)V 825 <appendix> member <vmtarget> ; # org/jetbrains/kotlin/fir/backend/IrBuiltInsOverFir$$Lambda+0x000001dc28e26890
instanceKlass  @bci org/jetbrains/kotlin/fir/backend/IrBuiltInsOverFir <init> (Lorg/jetbrains/kotlin/fir/backend/Fir2IrComponents;Lorg/jetbrains/kotlin/fir/backend/Fir2IrSyntheticIrBuiltinsSymbolsContainer;)V 812 <appendix> member <vmtarget> ; # org/jetbrains/kotlin/fir/backend/IrBuiltInsOverFir$$Lambda+0x000001dc28e26678
instanceKlass  @bci org/jetbrains/kotlin/fir/backend/IrBuiltInsOverFir <init> (Lorg/jetbrains/kotlin/fir/backend/Fir2IrComponents;Lorg/jetbrains/kotlin/fir/backend/Fir2IrSyntheticIrBuiltinsSymbolsContainer;)V 799 <appendix> member <vmtarget> ; # org/jetbrains/kotlin/fir/backend/IrBuiltInsOverFir$$Lambda+0x000001dc28e26460
instanceKlass  @bci org/jetbrains/kotlin/fir/backend/IrBuiltInsOverFir <init> (Lorg/jetbrains/kotlin/fir/backend/Fir2IrComponents;Lorg/jetbrains/kotlin/fir/backend/Fir2IrSyntheticIrBuiltinsSymbolsContainer;)V 786 <appendix> member <vmtarget> ; # org/jetbrains/kotlin/fir/backend/IrBuiltInsOverFir$$Lambda+0x000001dc28e26248
instanceKlass  @bci org/jetbrains/kotlin/fir/backend/IrBuiltInsOverFir <init> (Lorg/jetbrains/kotlin/fir/backend/Fir2IrComponents;Lorg/jetbrains/kotlin/fir/backend/Fir2IrSyntheticIrBuiltinsSymbolsContainer;)V 773 <appendix> member <vmtarget> ; # org/jetbrains/kotlin/fir/backend/IrBuiltInsOverFir$$Lambda+0x000001dc28e26030
instanceKlass  @bci org/jetbrains/kotlin/fir/backend/IrBuiltInsOverFir <init> (Lorg/jetbrains/kotlin/fir/backend/Fir2IrComponents;Lorg/jetbrains/kotlin/fir/backend/Fir2IrSyntheticIrBuiltinsSymbolsContainer;)V 760 <appendix> member <vmtarget> ; # org/jetbrains/kotlin/fir/backend/IrBuiltInsOverFir$$Lambda+0x000001dc28e25e18
instanceKlass  @bci org/jetbrains/kotlin/fir/backend/IrBuiltInsOverFir <init> (Lorg/jetbrains/kotlin/fir/backend/Fir2IrComponents;Lorg/jetbrains/kotlin/fir/backend/Fir2IrSyntheticIrBuiltinsSymbolsContainer;)V 747 <appendix> member <vmtarget> ; # org/jetbrains/kotlin/fir/backend/IrBuiltInsOverFir$$Lambda+0x000001dc28e25c00
instanceKlass  @bci org/jetbrains/kotlin/fir/backend/IrBuiltInsOverFir <init> (Lorg/jetbrains/kotlin/fir/backend/Fir2IrComponents;Lorg/jetbrains/kotlin/fir/backend/Fir2IrSyntheticIrBuiltinsSymbolsContainer;)V 734 <appendix> member <vmtarget> ; # org/jetbrains/kotlin/fir/backend/IrBuiltInsOverFir$$Lambda+0x000001dc28e259e8
instanceKlass  @bci org/jetbrains/kotlin/fir/backend/IrBuiltInsOverFir <init> (Lorg/jetbrains/kotlin/fir/backend/Fir2IrComponents;Lorg/jetbrains/kotlin/fir/backend/Fir2IrSyntheticIrBuiltinsSymbolsContainer;)V 721 <appendix> member <vmtarget> ; # org/jetbrains/kotlin/fir/backend/IrBuiltInsOverFir$$Lambda+0x000001dc28e257d0
instanceKlass  @bci org/jetbrains/kotlin/fir/backend/IrBuiltInsOverFir <init> (Lorg/jetbrains/kotlin/fir/backend/Fir2IrComponents;Lorg/jetbrains/kotlin/fir/backend/Fir2IrSyntheticIrBuiltinsSymbolsContainer;)V 708 <appendix> member <vmtarget> ; # org/jetbrains/kotlin/fir/backend/IrBuiltInsOverFir$$Lambda+0x000001dc28e255b8
instanceKlass  @bci org/jetbrains/kotlin/fir/backend/IrBuiltInsOverFir <init> (Lorg/jetbrains/kotlin/fir/backend/Fir2IrComponents;Lorg/jetbrains/kotlin/fir/backend/Fir2IrSyntheticIrBuiltinsSymbolsContainer;)V 695 <appendix> member <vmtarget> ; # org/jetbrains/kotlin/fir/backend/IrBuiltInsOverFir$$Lambda+0x000001dc28e253a0
instanceKlass  @bci org/jetbrains/kotlin/fir/backend/IrBuiltInsOverFir <init> (Lorg/jetbrains/kotlin/fir/backend/Fir2IrComponents;Lorg/jetbrains/kotlin/fir/backend/Fir2IrSyntheticIrBuiltinsSymbolsContainer;)V 682 <appendix> member <vmtarget> ; # org/jetbrains/kotlin/fir/backend/IrBuiltInsOverFir$$Lambda+0x000001dc28e25188
instanceKlass  @bci org/jetbrains/kotlin/fir/backend/IrBuiltInsOverFir <init> (Lorg/jetbrains/kotlin/fir/backend/Fir2IrComponents;Lorg/jetbrains/kotlin/fir/backend/Fir2IrSyntheticIrBuiltinsSymbolsContainer;)V 669 <appendix> member <vmtarget> ; # org/jetbrains/kotlin/fir/backend/IrBuiltInsOverFir$$Lambda+0x000001dc28e24f70
instanceKlass  @bci org/jetbrains/kotlin/fir/backend/IrBuiltInsOverFir <init> (Lorg/jetbrains/kotlin/fir/backend/Fir2IrComponents;Lorg/jetbrains/kotlin/fir/backend/Fir2IrSyntheticIrBuiltinsSymbolsContainer;)V 656 <appendix> member <vmtarget> ; # org/jetbrains/kotlin/fir/backend/IrBuiltInsOverFir$$Lambda+0x000001dc28e24d58
instanceKlass  @bci org/jetbrains/kotlin/fir/backend/IrBuiltInsOverFir <init> (Lorg/jetbrains/kotlin/fir/backend/Fir2IrComponents;Lorg/jetbrains/kotlin/fir/backend/Fir2IrSyntheticIrBuiltinsSymbolsContainer;)V 643 <appendix> member <vmtarget> ; # org/jetbrains/kotlin/fir/backend/IrBuiltInsOverFir$$Lambda+0x000001dc28e24b40
instanceKlass  @bci org/jetbrains/kotlin/fir/backend/IrBuiltInsOverFir <init> (Lorg/jetbrains/kotlin/fir/backend/Fir2IrComponents;Lorg/jetbrains/kotlin/fir/backend/Fir2IrSyntheticIrBuiltinsSymbolsContainer;)V 630 <appendix> member <vmtarget> ; # org/jetbrains/kotlin/fir/backend/IrBuiltInsOverFir$$Lambda+0x000001dc28e24928
instanceKlass  @bci org/jetbrains/kotlin/fir/backend/IrBuiltInsOverFir <init> (Lorg/jetbrains/kotlin/fir/backend/Fir2IrComponents;Lorg/jetbrains/kotlin/fir/backend/Fir2IrSyntheticIrBuiltinsSymbolsContainer;)V 617 <appendix> member <vmtarget> ; # org/jetbrains/kotlin/fir/backend/IrBuiltInsOverFir$$Lambda+0x000001dc28e24710
instanceKlass  @bci org/jetbrains/kotlin/fir/backend/IrBuiltInsOverFir <init> (Lorg/jetbrains/kotlin/fir/backend/Fir2IrComponents;Lorg/jetbrains/kotlin/fir/backend/Fir2IrSyntheticIrBuiltinsSymbolsContainer;)V 604 <appendix> member <vmtarget> ; # org/jetbrains/kotlin/fir/backend/IrBuiltInsOverFir$$Lambda+0x000001dc28e244f8
instanceKlass  @bci org/jetbrains/kotlin/fir/backend/IrBuiltInsOverFir <init> (Lorg/jetbrains/kotlin/fir/backend/Fir2IrComponents;Lorg/jetbrains/kotlin/fir/backend/Fir2IrSyntheticIrBuiltinsSymbolsContainer;)V 591 <appendix> member <vmtarget> ; # org/jetbrains/kotlin/fir/backend/IrBuiltInsOverFir$$Lambda+0x000001dc28e242e0
instanceKlass  @bci org/jetbrains/kotlin/fir/backend/IrBuiltInsOverFir <init> (Lorg/jetbrains/kotlin/fir/backend/Fir2IrComponents;Lorg/jetbrains/kotlin/fir/backend/Fir2IrSyntheticIrBuiltinsSymbolsContainer;)V 578 <appendix> member <vmtarget> ; # org/jetbrains/kotlin/fir/backend/IrBuiltInsOverFir$$Lambda+0x000001dc28e240c8
instanceKlass  @bci org/jetbrains/kotlin/fir/backend/IrBuiltInsOverFir <init> (Lorg/jetbrains/kotlin/fir/backend/Fir2IrComponents;Lorg/jetbrains/kotlin/fir/backend/Fir2IrSyntheticIrBuiltinsSymbolsContainer;)V 565 <appendix> member <vmtarget> ; # org/jetbrains/kotlin/fir/backend/IrBuiltInsOverFir$$Lambda+0x000001dc28e23eb0
instanceKlass  @bci org/jetbrains/kotlin/fir/backend/IrBuiltInsOverFir <init> (Lorg/jetbrains/kotlin/fir/backend/Fir2IrComponents;Lorg/jetbrains/kotlin/fir/backend/Fir2IrSyntheticIrBuiltinsSymbolsContainer;)V 552 <appendix> member <vmtarget> ; # org/jetbrains/kotlin/fir/backend/IrBuiltInsOverFir$$Lambda+0x000001dc28e23c98
instanceKlass  @bci org/jetbrains/kotlin/fir/backend/IrBuiltInsOverFir <init> (Lorg/jetbrains/kotlin/fir/backend/Fir2IrComponents;Lorg/jetbrains/kotlin/fir/backend/Fir2IrSyntheticIrBuiltinsSymbolsContainer;)V 539 <appendix> member <vmtarget> ; # org/jetbrains/kotlin/fir/backend/IrBuiltInsOverFir$$Lambda+0x000001dc28e23a80
instanceKlass  @bci org/jetbrains/kotlin/fir/backend/IrBuiltInsOverFir <init> (Lorg/jetbrains/kotlin/fir/backend/Fir2IrComponents;Lorg/jetbrains/kotlin/fir/backend/Fir2IrSyntheticIrBuiltinsSymbolsContainer;)V 526 <appendix> member <vmtarget> ; # org/jetbrains/kotlin/fir/backend/IrBuiltInsOverFir$$Lambda+0x000001dc28e23868
instanceKlass  @bci org/jetbrains/kotlin/fir/backend/IrBuiltInsOverFir <init> (Lorg/jetbrains/kotlin/fir/backend/Fir2IrComponents;Lorg/jetbrains/kotlin/fir/backend/Fir2IrSyntheticIrBuiltinsSymbolsContainer;)V 513 <appendix> member <vmtarget> ; # org/jetbrains/kotlin/fir/backend/IrBuiltInsOverFir$$Lambda+0x000001dc28e23650
instanceKlass  @bci org/jetbrains/kotlin/fir/backend/IrBuiltInsOverFir <init> (Lorg/jetbrains/kotlin/fir/backend/Fir2IrComponents;Lorg/jetbrains/kotlin/fir/backend/Fir2IrSyntheticIrBuiltinsSymbolsContainer;)V 500 <appendix> member <vmtarget> ; # org/jetbrains/kotlin/fir/backend/IrBuiltInsOverFir$$Lambda+0x000001dc28e23438
instanceKlass  @bci org/jetbrains/kotlin/fir/backend/IrBuiltInsOverFir <init> (Lorg/jetbrains/kotlin/fir/backend/Fir2IrComponents;Lorg/jetbrains/kotlin/fir/backend/Fir2IrSyntheticIrBuiltinsSymbolsContainer;)V 487 <appendix> member <vmtarget> ; # org/jetbrains/kotlin/fir/backend/IrBuiltInsOverFir$$Lambda+0x000001dc28e23220
instanceKlass  @bci org/jetbrains/kotlin/fir/backend/IrBuiltInsOverFir <init> (Lorg/jetbrains/kotlin/fir/backend/Fir2IrComponents;Lorg/jetbrains/kotlin/fir/backend/Fir2IrSyntheticIrBuiltinsSymbolsContainer;)V 474 <appendix> member <vmtarget> ; # org/jetbrains/kotlin/fir/backend/IrBuiltInsOverFir$$Lambda+0x000001dc28e23008
instanceKlass  @bci org/jetbrains/kotlin/fir/backend/IrBuiltInsOverFir <init> (Lorg/jetbrains/kotlin/fir/backend/Fir2IrComponents;Lorg/jetbrains/kotlin/fir/backend/Fir2IrSyntheticIrBuiltinsSymbolsContainer;)V 461 <appendix> member <vmtarget> ; # org/jetbrains/kotlin/fir/backend/IrBuiltInsOverFir$$Lambda+0x000001dc28e22df0
instanceKlass  @bci org/jetbrains/kotlin/fir/backend/IrBuiltInsOverFir <init> (Lorg/jetbrains/kotlin/fir/backend/Fir2IrComponents;Lorg/jetbrains/kotlin/fir/backend/Fir2IrSyntheticIrBuiltinsSymbolsContainer;)V 448 <appendix> member <vmtarget> ; # org/jetbrains/kotlin/fir/backend/IrBuiltInsOverFir$$Lambda+0x000001dc28e22bd8
instanceKlass  @bci org/jetbrains/kotlin/fir/backend/IrBuiltInsOverFir <init> (Lorg/jetbrains/kotlin/fir/backend/Fir2IrComponents;Lorg/jetbrains/kotlin/fir/backend/Fir2IrSyntheticIrBuiltinsSymbolsContainer;)V 435 <appendix> member <vmtarget> ; # org/jetbrains/kotlin/fir/backend/IrBuiltInsOverFir$$Lambda+0x000001dc28e229c0
instanceKlass  @bci org/jetbrains/kotlin/fir/backend/IrBuiltInsOverFir <init> (Lorg/jetbrains/kotlin/fir/backend/Fir2IrComponents;Lorg/jetbrains/kotlin/fir/backend/Fir2IrSyntheticIrBuiltinsSymbolsContainer;)V 422 <appendix> member <vmtarget> ; # org/jetbrains/kotlin/fir/backend/IrBuiltInsOverFir$$Lambda+0x000001dc28e227a8
instanceKlass  @bci org/jetbrains/kotlin/fir/backend/IrBuiltInsOverFir <init> (Lorg/jetbrains/kotlin/fir/backend/Fir2IrComponents;Lorg/jetbrains/kotlin/fir/backend/Fir2IrSyntheticIrBuiltinsSymbolsContainer;)V 409 <appendix> member <vmtarget> ; # org/jetbrains/kotlin/fir/backend/IrBuiltInsOverFir$$Lambda+0x000001dc28e22590
instanceKlass  @bci org/jetbrains/kotlin/fir/backend/IrBuiltInsOverFir <init> (Lorg/jetbrains/kotlin/fir/backend/Fir2IrComponents;Lorg/jetbrains/kotlin/fir/backend/Fir2IrSyntheticIrBuiltinsSymbolsContainer;)V 396 <appendix> member <vmtarget> ; # org/jetbrains/kotlin/fir/backend/IrBuiltInsOverFir$$Lambda+0x000001dc28e22378
instanceKlass  @bci org/jetbrains/kotlin/fir/backend/IrBuiltInsOverFir <init> (Lorg/jetbrains/kotlin/fir/backend/Fir2IrComponents;Lorg/jetbrains/kotlin/fir/backend/Fir2IrSyntheticIrBuiltinsSymbolsContainer;)V 383 <appendix> member <vmtarget> ; # org/jetbrains/kotlin/fir/backend/IrBuiltInsOverFir$$Lambda+0x000001dc28e22160
instanceKlass  @bci org/jetbrains/kotlin/fir/backend/IrBuiltInsOverFir <init> (Lorg/jetbrains/kotlin/fir/backend/Fir2IrComponents;Lorg/jetbrains/kotlin/fir/backend/Fir2IrSyntheticIrBuiltinsSymbolsContainer;)V 370 <appendix> member <vmtarget> ; # org/jetbrains/kotlin/fir/backend/IrBuiltInsOverFir$$Lambda+0x000001dc28e21f48
instanceKlass  @bci org/jetbrains/kotlin/fir/backend/IrBuiltInsOverFir <init> (Lorg/jetbrains/kotlin/fir/backend/Fir2IrComponents;Lorg/jetbrains/kotlin/fir/backend/Fir2IrSyntheticIrBuiltinsSymbolsContainer;)V 357 <appendix> member <vmtarget> ; # org/jetbrains/kotlin/fir/backend/IrBuiltInsOverFir$$Lambda+0x000001dc28e21d30
instanceKlass  @bci org/jetbrains/kotlin/fir/backend/IrBuiltInsOverFir <init> (Lorg/jetbrains/kotlin/fir/backend/Fir2IrComponents;Lorg/jetbrains/kotlin/fir/backend/Fir2IrSyntheticIrBuiltinsSymbolsContainer;)V 344 <appendix> member <vmtarget> ; # org/jetbrains/kotlin/fir/backend/IrBuiltInsOverFir$$Lambda+0x000001dc28e21b18
instanceKlass  @bci org/jetbrains/kotlin/fir/backend/IrBuiltInsOverFir <init> (Lorg/jetbrains/kotlin/fir/backend/Fir2IrComponents;Lorg/jetbrains/kotlin/fir/backend/Fir2IrSyntheticIrBuiltinsSymbolsContainer;)V 331 <appendix> member <vmtarget> ; # org/jetbrains/kotlin/fir/backend/IrBuiltInsOverFir$$Lambda+0x000001dc28e21900
instanceKlass  @bci org/jetbrains/kotlin/fir/backend/IrBuiltInsOverFir <init> (Lorg/jetbrains/kotlin/fir/backend/Fir2IrComponents;Lorg/jetbrains/kotlin/fir/backend/Fir2IrSyntheticIrBuiltinsSymbolsContainer;)V 318 <appendix> member <vmtarget> ; # org/jetbrains/kotlin/fir/backend/IrBuiltInsOverFir$$Lambda+0x000001dc28e216e8
instanceKlass  @bci org/jetbrains/kotlin/fir/backend/IrBuiltInsOverFir <init> (Lorg/jetbrains/kotlin/fir/backend/Fir2IrComponents;Lorg/jetbrains/kotlin/fir/backend/Fir2IrSyntheticIrBuiltinsSymbolsContainer;)V 305 <appendix> member <vmtarget> ; # org/jetbrains/kotlin/fir/backend/IrBuiltInsOverFir$$Lambda+0x000001dc28e214d0
instanceKlass  @bci org/jetbrains/kotlin/fir/backend/IrBuiltInsOverFir <init> (Lorg/jetbrains/kotlin/fir/backend/Fir2IrComponents;Lorg/jetbrains/kotlin/fir/backend/Fir2IrSyntheticIrBuiltinsSymbolsContainer;)V 292 <appendix> member <vmtarget> ; # org/jetbrains/kotlin/fir/backend/IrBuiltInsOverFir$$Lambda+0x000001dc28e212b8
instanceKlass  @bci org/jetbrains/kotlin/fir/backend/IrBuiltInsOverFir <init> (Lorg/jetbrains/kotlin/fir/backend/Fir2IrComponents;Lorg/jetbrains/kotlin/fir/backend/Fir2IrSyntheticIrBuiltinsSymbolsContainer;)V 279 <appendix> member <vmtarget> ; # org/jetbrains/kotlin/fir/backend/IrBuiltInsOverFir$$Lambda+0x000001dc28e210a0
instanceKlass  @bci org/jetbrains/kotlin/fir/backend/IrBuiltInsOverFir <init> (Lorg/jetbrains/kotlin/fir/backend/Fir2IrComponents;Lorg/jetbrains/kotlin/fir/backend/Fir2IrSyntheticIrBuiltinsSymbolsContainer;)V 266 <appendix> member <vmtarget> ; # org/jetbrains/kotlin/fir/backend/IrBuiltInsOverFir$$Lambda+0x000001dc28e20e88
instanceKlass  @bci org/jetbrains/kotlin/fir/backend/IrBuiltInsOverFir <init> (Lorg/jetbrains/kotlin/fir/backend/Fir2IrComponents;Lorg/jetbrains/kotlin/fir/backend/Fir2IrSyntheticIrBuiltinsSymbolsContainer;)V 253 <appendix> member <vmtarget> ; # org/jetbrains/kotlin/fir/backend/IrBuiltInsOverFir$$Lambda+0x000001dc28e20c70
instanceKlass  @bci org/jetbrains/kotlin/fir/backend/IrBuiltInsOverFir <init> (Lorg/jetbrains/kotlin/fir/backend/Fir2IrComponents;Lorg/jetbrains/kotlin/fir/backend/Fir2IrSyntheticIrBuiltinsSymbolsContainer;)V 240 <appendix> member <vmtarget> ; # org/jetbrains/kotlin/fir/backend/IrBuiltInsOverFir$$Lambda+0x000001dc28e20a58
instanceKlass  @bci org/jetbrains/kotlin/fir/backend/IrBuiltInsOverFir <init> (Lorg/jetbrains/kotlin/fir/backend/Fir2IrComponents;Lorg/jetbrains/kotlin/fir/backend/Fir2IrSyntheticIrBuiltinsSymbolsContainer;)V 227 <appendix> member <vmtarget> ; # org/jetbrains/kotlin/fir/backend/IrBuiltInsOverFir$$Lambda+0x000001dc28e20840
instanceKlass org/jetbrains/kotlin/ir/declarations/IrPackageFragmentsKt
instanceKlass org/jetbrains/kotlin/ir/SymbolFinder
instanceKlass org/jetbrains/kotlin/ir/declarations/MetadataSource$File
instanceKlass  @bci org/jetbrains/kotlin/scripting/compiler/plugin/services/Fir2IrScriptConfiguratorExtensionImpl configure (Lorg/jetbrains/kotlin/ir/declarations/IrScript;Lorg/jetbrains/kotlin/fir/declarations/FirScript;Lkotlin/jvm/functions/Function1;)V 66 <appendix> argL0 ; # org/jetbrains/kotlin/scripting/compiler/plugin/services/Fir2IrScriptConfiguratorExtensionImpl$$Lambda+0x000001dc28e1f108
instanceKlass  @bci org/jetbrains/kotlin/fir/backend/Fir2IrVisitor visitScript (Lorg/jetbrains/kotlin/fir/declarations/FirScript;Ljava/lang/Object;)Lorg/jetbrains/kotlin/ir/IrElement; 2269 <appendix> member <vmtarget> ; # org/jetbrains/kotlin/fir/backend/Fir2IrVisitor$$Lambda+0x000001dc28e1eef0
instanceKlass org/jetbrains/kotlin/fir/backend/Fir2IrScriptConfiguratorExtensionKt
instanceKlass org/jetbrains/kotlin/ir/types/IdSignatureValues
instanceKlass org/jetbrains/kotlin/ir/util/IdSignature
instanceKlass org/jetbrains/kotlin/ir/types/IrTypePredicatesKt
instanceKlass  @bci org/jetbrains/kotlin/ir/declarations/IrFactoryHelpersKt createBlockBody (Lorg/jetbrains/kotlin/ir/declarations/IrFactory;IILjava/util/List;)Lorg/jetbrains/kotlin/ir/expressions/IrBlockBody; 16 <appendix> member <vmtarget> ; # org/jetbrains/kotlin/ir/declarations/IrFactoryHelpersKt$$Lambda+0x000001dc28e1d848
instanceKlass org/jetbrains/kotlin/ir/declarations/IrFactoryHelpersKt
instanceKlass org/jetbrains/kotlin/ir/expressions/IrExpressionsKt
instanceKlass  @bci org/jetbrains/kotlin/fir/backend/Fir2IrImplicitCastInserter$Companion implicitNotNullCast (Lorg/jetbrains/kotlin/ir/expressions/IrExpression;)Lorg/jetbrains/kotlin/ir/expressions/IrTypeOperatorCall; 10 <appendix> argL0 ; # org/jetbrains/kotlin/fir/backend/Fir2IrImplicitCastInserter$Companion$$Lambda+0x000001dc28e1bf00
instanceKlass org/jetbrains/kotlin/ir/symbols/IrLocalDelegatedPropertySymbol
instanceKlass  @bci org/jetbrains/kotlin/fir/backend/Fir2IrSymbolsMappingForLazyClassesKt lazyMappedPropertyListVar (Lorg/jetbrains/kotlin/fir/backend/Fir2IrSymbolsMappingForLazyClasses;Lorg/jetbrains/kotlin/ir/IrLock;Lkotlin/jvm/functions/Function0;)Lkotlin/properties/ReadWriteProperty; 21 <appendix> argL0 ; # org/jetbrains/kotlin/fir/backend/Fir2IrSymbolsMappingForLazyClassesKt$$Lambda+0x000001dc28e1b020
instanceKlass  @bci org/jetbrains/kotlin/fir/lazy/Fir2IrLazyProperty <init> (Lorg/jetbrains/kotlin/fir/backend/Fir2IrComponents;IILorg/jetbrains/kotlin/ir/declarations/IrDeclarationOrigin;Lorg/jetbrains/kotlin/fir/declarations/FirProperty;Lorg/jetbrains/kotlin/fir/declarations/FirRegularClass;Lorg/jetbrains/kotlin/fir/backend/PropertySymbols;Lorg/jetbrains/kotlin/ir/declarations/IrDeclarationParent;Z)V 1625 <appendix> member <vmtarget> ; # org/jetbrains/kotlin/fir/lazy/Fir2IrLazyProperty$$Lambda+0x000001dc28e1ae08
instanceKlass  @bci org/jetbrains/kotlin/fir/lazy/Fir2IrLazyPropertyAccessor <init> (Lorg/jetbrains/kotlin/fir/backend/Fir2IrComponents;IILorg/jetbrains/kotlin/ir/declarations/IrDeclarationOrigin;Lorg/jetbrains/kotlin/fir/declarations/FirPropertyAccessor;ZLorg/jetbrains/kotlin/fir/declarations/FirProperty;Lorg/jetbrains/kotlin/fir/declarations/FirRegularClass;Lorg/jetbrains/kotlin/ir/symbols/IrSimpleFunctionSymbol;Lorg/jetbrains/kotlin/ir/declarations/IrDeclarationParent;ZLorg/jetbrains/kotlin/ir/symbols/IrPropertySymbol;)V 158 <appendix> member <vmtarget> ; # org/jetbrains/kotlin/fir/lazy/Fir2IrLazyPropertyAccessor$$Lambda+0x000001dc28e1abf0
instanceKlass  @bci org/jetbrains/kotlin/fir/lazy/Fir2IrLazyPropertyAccessor <init> (Lorg/jetbrains/kotlin/fir/backend/Fir2IrComponents;IILorg/jetbrains/kotlin/ir/declarations/IrDeclarationOrigin;Lorg/jetbrains/kotlin/fir/declarations/FirPropertyAccessor;ZLorg/jetbrains/kotlin/fir/declarations/FirProperty;Lorg/jetbrains/kotlin/fir/declarations/FirRegularClass;Lorg/jetbrains/kotlin/ir/symbols/IrSimpleFunctionSymbol;Lorg/jetbrains/kotlin/ir/declarations/IrDeclarationParent;ZLorg/jetbrains/kotlin/ir/symbols/IrPropertySymbol;)V 145 <appendix> member <vmtarget> ; # org/jetbrains/kotlin/fir/lazy/Fir2IrLazyPropertyAccessor$$Lambda+0x000001dc28e1a9d8
instanceKlass  @bci org/jetbrains/kotlin/fir/lazy/Fir2IrLazyPropertyAccessor <init> (Lorg/jetbrains/kotlin/fir/backend/Fir2IrComponents;IILorg/jetbrains/kotlin/ir/declarations/IrDeclarationOrigin;Lorg/jetbrains/kotlin/fir/declarations/FirPropertyAccessor;ZLorg/jetbrains/kotlin/fir/declarations/FirProperty;Lorg/jetbrains/kotlin/fir/declarations/FirRegularClass;Lorg/jetbrains/kotlin/ir/symbols/IrSimpleFunctionSymbol;Lorg/jetbrains/kotlin/ir/declarations/IrDeclarationParent;ZLorg/jetbrains/kotlin/ir/symbols/IrPropertySymbol;)V 122 <appendix> member <vmtarget> ; # org/jetbrains/kotlin/fir/lazy/Fir2IrLazyPropertyAccessor$$Lambda+0x000001dc28e1a7c0
instanceKlass  @bci org/jetbrains/kotlin/fir/lazy/Fir2IrLazyProperty <init> (Lorg/jetbrains/kotlin/fir/backend/Fir2IrComponents;IILorg/jetbrains/kotlin/ir/declarations/IrDeclarationOrigin;Lorg/jetbrains/kotlin/fir/declarations/FirProperty;Lorg/jetbrains/kotlin/fir/declarations/FirRegularClass;Lorg/jetbrains/kotlin/fir/backend/PropertySymbols;Lorg/jetbrains/kotlin/ir/declarations/IrDeclarationParent;Z)V 174 <appendix> member <vmtarget> ; # org/jetbrains/kotlin/fir/lazy/Fir2IrLazyProperty$$Lambda+0x000001dc28e199f8
instanceKlass org/jetbrains/kotlin/ir/util/FunctionParameterShape
instanceKlass org/jetbrains/kotlin/ir/symbols/impl/IrFakeOverrideSymbolBase
instanceKlass org/jetbrains/kotlin/ir/util/AdditionalIrUtilsKt
instanceKlass kotlin/collections/ReversedList$listIterator$1
instanceKlass org/jetbrains/kotlin/fir/symbols/impl/FirCallableSymbolKt
instanceKlass org/jetbrains/kotlin/ir/symbols/FqNameEqualityChecker
instanceKlass org/jetbrains/kotlin/ir/symbols/IrClassifierEqualityChecker
instanceKlass org/jetbrains/kotlin/fir/backend/utils/ImplicitConversionUtilsKt
instanceKlass org/jetbrains/kotlin/ir/expressions/impl/IrCallImpl$Companion
instanceKlass org/jetbrains/kotlin/ir/declarations/IrFunction$WhenMappings
instanceKlass  @bci org/jetbrains/kotlin/types/AbstractTypeApproximator approximateToSubType (Lorg/jetbrains/kotlin/types/model/KotlinTypeMarker;Lorg/jetbrains/kotlin/types/TypeApproximatorConfiguration;I)Lorg/jetbrains/kotlin/types/model/KotlinTypeMarker; 74 <appendix> member <vmtarget> ; # org/jetbrains/kotlin/types/AbstractTypeApproximator$$Lambda+0x000001dc28e17978
instanceKlass org/jetbrains/kotlin/fir/backend/generators/CallAndReferenceGenerator$ReceiverInfo
instanceKlass org/jetbrains/kotlin/fir/expressions/builder/FirAnnotationCallBuilder
instanceKlass org/jetbrains/kotlin/ir/expressions/impl/IrConstructorCallImpl$Companion
instanceKlass org/jetbrains/kotlin/ir/expressions/impl/BuildersKt
instanceKlass org/jetbrains/kotlin/fir/backend/FirAnnotationSourceElement
instanceKlass  @bci org/jetbrains/kotlin/fir/lazy/Fir2IrLazyConstructor <init> (Lorg/jetbrains/kotlin/fir/backend/Fir2IrComponents;IILorg/jetbrains/kotlin/ir/declarations/IrDeclarationOrigin;Lorg/jetbrains/kotlin/fir/declarations/FirConstructor;Lorg/jetbrains/kotlin/ir/symbols/IrConstructorSymbol;Lorg/jetbrains/kotlin/ir/declarations/IrDeclarationParent;)V 162 <appendix> member <vmtarget> ; # org/jetbrains/kotlin/fir/lazy/Fir2IrLazyConstructor$$Lambda+0x000001dc28e15a48
instanceKlass org/jetbrains/kotlin/fir/scopes/impl/TypeAliasConstructorsSubstitutingScopeKt
instanceKlass  @bci org/jetbrains/kotlin/fir/backend/generators/CallAndReferenceGenerator convertToIrConstructorCall (Lorg/jetbrains/kotlin/fir/expressions/FirAnnotation;)Lorg/jetbrains/kotlin/ir/expressions/IrExpression; 473 <appendix> member <vmtarget> ; # org/jetbrains/kotlin/fir/backend/generators/CallAndReferenceGenerator$$Lambda+0x000001dc28e14a70
instanceKlass  @bci org/jetbrains/kotlin/fir/lazy/Fir2IrLazySimpleFunction <init> (Lorg/jetbrains/kotlin/fir/backend/Fir2IrComponents;IILorg/jetbrains/kotlin/ir/declarations/IrDeclarationOrigin;Lorg/jetbrains/kotlin/fir/declarations/FirSimpleFunction;Lorg/jetbrains/kotlin/fir/declarations/FirRegularClass;Lorg/jetbrains/kotlin/ir/symbols/IrSimpleFunctionSymbol;Lorg/jetbrains/kotlin/ir/declarations/IrDeclarationParent;Z)V 138 <appendix> member <vmtarget> ; # org/jetbrains/kotlin/fir/lazy/Fir2IrLazySimpleFunction$$Lambda+0x000001dc28e14858
instanceKlass org/jetbrains/kotlin/fir/backend/MappedLazyVar
instanceKlass  @bci org/jetbrains/kotlin/fir/backend/Fir2IrSymbolsMappingForLazyClassesKt lazyMappedFunctionListVar (Lorg/jetbrains/kotlin/fir/backend/Fir2IrSymbolsMappingForLazyClasses;Lorg/jetbrains/kotlin/ir/IrLock;Lkotlin/jvm/functions/Function0;)Lkotlin/properties/ReadWriteProperty; 21 <appendix> argL0 ; # org/jetbrains/kotlin/fir/backend/Fir2IrSymbolsMappingForLazyClassesKt$$Lambda+0x000001dc28e14410
instanceKlass org/jetbrains/kotlin/fir/backend/Fir2IrSymbolsMappingForLazyClassesKt
instanceKlass  @bci org/jetbrains/kotlin/fir/lazy/Fir2IrLazySimpleFunction <init> (Lorg/jetbrains/kotlin/fir/backend/Fir2IrComponents;IILorg/jetbrains/kotlin/ir/declarations/IrDeclarationOrigin;Lorg/jetbrains/kotlin/fir/declarations/FirSimpleFunction;Lorg/jetbrains/kotlin/fir/declarations/FirRegularClass;Lorg/jetbrains/kotlin/ir/symbols/IrSimpleFunctionSymbol;Lorg/jetbrains/kotlin/ir/declarations/IrDeclarationParent;Z)V 125 <appendix> member <vmtarget> ; # org/jetbrains/kotlin/fir/lazy/Fir2IrLazySimpleFunction$$Lambda+0x000001dc28e14000
instanceKlass  @bci org/jetbrains/kotlin/fir/lazy/Fir2IrLazySimpleFunction <init> (Lorg/jetbrains/kotlin/fir/backend/Fir2IrComponents;IILorg/jetbrains/kotlin/ir/declarations/IrDeclarationOrigin;Lorg/jetbrains/kotlin/fir/declarations/FirSimpleFunction;Lorg/jetbrains/kotlin/fir/declarations/FirRegularClass;Lorg/jetbrains/kotlin/ir/symbols/IrSimpleFunctionSymbol;Lorg/jetbrains/kotlin/ir/declarations/IrDeclarationParent;Z)V 102 <appendix> member <vmtarget> ; # org/jetbrains/kotlin/fir/lazy/Fir2IrLazySimpleFunction$$Lambda+0x000001dc28e0fd20
instanceKlass  @bci org/jetbrains/kotlin/fir/lazy/AbstractFir2IrLazyFunction <init> (Lorg/jetbrains/kotlin/fir/backend/Fir2IrComponents;IILorg/jetbrains/kotlin/ir/declarations/IrDeclarationOrigin;Lorg/jetbrains/kotlin/ir/symbols/IrSimpleFunctionSymbol;Lorg/jetbrains/kotlin/ir/declarations/IrDeclarationParent;Z)V 99 <appendix> member <vmtarget> ; # org/jetbrains/kotlin/fir/lazy/AbstractFir2IrLazyFunction$$Lambda+0x000001dc28e0fb08
instanceKlass  @bci org/jetbrains/kotlin/fir/lazy/AbstractFir2IrLazyFunction <init> (Lorg/jetbrains/kotlin/fir/backend/Fir2IrComponents;IILorg/jetbrains/kotlin/ir/declarations/IrDeclarationOrigin;Lorg/jetbrains/kotlin/ir/symbols/IrSimpleFunctionSymbol;Lorg/jetbrains/kotlin/ir/declarations/IrDeclarationParent;Z)V 82 <appendix> member <vmtarget> ; # org/jetbrains/kotlin/fir/lazy/AbstractFir2IrLazyFunction$$Lambda+0x000001dc28e0f8f0
instanceKlass org/jetbrains/kotlin/ir/declarations/lazy/IrLazyFunctionBase
instanceKlass org/jetbrains/kotlin/fir/backend/generators/Fir2IrLazyDeclarationsGeneratorKt
instanceKlass org/jetbrains/kotlin/fir/resolve/CallableIdUtilsKt
instanceKlass  @bci org/jetbrains/kotlin/fir/backend/generators/CallAndReferenceGenerator convertToIrCall (Lorg/jetbrains/kotlin/fir/expressions/FirQualifiedAccessExpression;Lorg/jetbrains/kotlin/fir/types/ConeKotlinType;Lorg/jetbrains/kotlin/ir/expressions/IrExpression;Lorg/jetbrains/kotlin/ir/expressions/IrDynamicOperator;ZZ)Lorg/jetbrains/kotlin/ir/expressions/IrExpression; 240 <adapter> ; # java/lang/invoke/LambdaForm$MH+0x000001dc28e10c00
# instanceKlass java/lang/invoke/LambdaForm$DMH+0x000001dc28e10800
instanceKlass  @bci org/jetbrains/kotlin/fir/backend/generators/CallAndReferenceGenerator convertToIrCall (Lorg/jetbrains/kotlin/fir/expressions/FirQualifiedAccessExpression;Lorg/jetbrains/kotlin/fir/types/ConeKotlinType;Lorg/jetbrains/kotlin/ir/expressions/IrExpression;Lorg/jetbrains/kotlin/ir/expressions/IrDynamicOperator;ZZ)Lorg/jetbrains/kotlin/ir/expressions/IrExpression; 240 <appendix> form vmentry <vmtarget> ; # java/lang/invoke/LambdaForm$DMH+0x000001dc28e10400
instanceKlass  @bci org/jetbrains/kotlin/fir/backend/generators/CallAndReferenceGenerator convertToIrCall (Lorg/jetbrains/kotlin/fir/expressions/FirQualifiedAccessExpression;Lorg/jetbrains/kotlin/fir/types/ConeKotlinType;Lorg/jetbrains/kotlin/ir/expressions/IrExpression;Lorg/jetbrains/kotlin/ir/expressions/IrDynamicOperator;ZZ)Lorg/jetbrains/kotlin/ir/expressions/IrExpression; 240 <appendix> member <vmtarget> ; # org/jetbrains/kotlin/fir/backend/generators/CallAndReferenceGenerator$$Lambda+0x000001dc28e0cf18
instanceKlass  @cpi org/jetbrains/kotlin/fir/backend/generators/CallAndReferenceGenerator 1095 form vmentry <vmtarget> ; # java/lang/invoke/LambdaForm$DMH+0x000001dc28e10000
instanceKlass org/jetbrains/kotlin/fir/backend/utils/ScopeUtilsKt
instanceKlass org/jetbrains/kotlin/ir/builders/Scope
instanceKlass org/jetbrains/kotlin/ir/declarations/impl/BuildersKt
instanceKlass org/jetbrains/kotlin/ir/symbols/IrVariableSymbol
instanceKlass org/jetbrains/kotlin/types/AbstractTypeApproximator$WhenMappings
instanceKlass  @bci org/jetbrains/kotlin/types/AbstractTypeApproximator approximateToSuperType (Lorg/jetbrains/kotlin/types/model/KotlinTypeMarker;Lorg/jetbrains/kotlin/types/TypeApproximatorConfiguration;I)Lorg/jetbrains/kotlin/types/model/KotlinTypeMarker; 74 <appendix> member <vmtarget> ; # org/jetbrains/kotlin/types/AbstractTypeApproximator$$Lambda+0x000001dc28e0a588
instanceKlass org/jetbrains/kotlin/fir/backend/utils/SymbolConversionUtilsKt
instanceKlass  @bci org/jetbrains/kotlin/fir/backend/Fir2IrTypeConverter toIrType (Lorg/jetbrains/kotlin/fir/types/ConeKotlinType;Lorg/jetbrains/kotlin/fir/backend/utils/ConversionTypeOrigin;Ljava/util/List;ZZZZ)Lorg/jetbrains/kotlin/ir/types/IrType; 221 <appendix> member <vmtarget> ; # org/jetbrains/kotlin/fir/backend/Fir2IrTypeConverter$$Lambda+0x000001dc28e09f10
instanceKlass org/jetbrains/kotlin/ir/declarations/MetadataSource$Function
instanceKlass org/jetbrains/kotlin/fir/backend/generators/Fir2IrCallableDeclarationsGenerator$createIrProperty$1$1$1$1$1$1
instanceKlass org/jetbrains/kotlin/ir/types/impl/IrSimpleTypeBuilder
instanceKlass org/jetbrains/kotlin/fir/backend/utils/VariousUtilsKt
instanceKlass kotlin/jvm/internal/CharCompanionObject
instanceKlass kotlin/jvm/internal/DoubleCompanionObject
instanceKlass kotlin/jvm/internal/FloatCompanionObject
instanceKlass kotlin/jvm/internal/ByteCompanionObject
instanceKlass java/lang/Byte$ByteCache
instanceKlass kotlin/jvm/internal/ShortCompanionObject
instanceKlass kotlin/jvm/internal/IntCompanionObject
instanceKlass kotlin/jvm/internal/LongCompanionObject
instanceKlass org/jetbrains/kotlin/fir/deserialization/FirConstDeserializerKt
instanceKlass org/jetbrains/kotlin/fir/expressions/builder/FirClassReferenceExpressionBuilder
instanceKlass org/jetbrains/kotlin/fir/expressions/builder/FirGetClassCallBuilder
instanceKlass  @bci org/jetbrains/kotlin/fir/deserialization/AbstractAnnotationDeserializer resolveValue (Lorg/jetbrains/kotlin/metadata/ProtoBuf$Annotation$Argument$Value;Lorg/jetbrains/kotlin/metadata/deserialization/NameResolver;Lkotlin/jvm/functions/Function0;)Lorg/jetbrains/kotlin/fir/expressions/FirExpression; 974 <appendix> member <vmtarget> ; # org/jetbrains/kotlin/fir/deserialization/AbstractAnnotationDeserializer$$Lambda+0x000001dc28e046d0
instanceKlass  @bci org/jetbrains/kotlin/fir/scopes/jvm/JvmMappedScope <init> (Lorg/jetbrains/kotlin/fir/FirSession;Lorg/jetbrains/kotlin/fir/declarations/FirRegularClass;Lorg/jetbrains/kotlin/fir/declarations/FirRegularClass;Lorg/jetbrains/kotlin/fir/scopes/FirContainingNamesAwareScope;Lorg/jetbrains/kotlin/fir/scopes/FirTypeScope;Z)V 337 <appendix> member <vmtarget> ; # org/jetbrains/kotlin/fir/scopes/jvm/JvmMappedScope$$Lambda+0x000001dc28e03c40
instanceKlass  @bci org/jetbrains/kotlin/fir/scopes/jvm/JvmMappedScope <init> (Lorg/jetbrains/kotlin/fir/FirSession;Lorg/jetbrains/kotlin/fir/declarations/FirRegularClass;Lorg/jetbrains/kotlin/fir/declarations/FirRegularClass;Lorg/jetbrains/kotlin/fir/scopes/FirContainingNamesAwareScope;Lorg/jetbrains/kotlin/fir/scopes/FirTypeScope;Z)V 321 <appendix> member <vmtarget> ; # org/jetbrains/kotlin/fir/scopes/jvm/JvmMappedScope$$Lambda+0x000001dc28e03a28
instanceKlass  @bci org/jetbrains/kotlin/fir/scopes/jvm/JvmMappedScope <init> (Lorg/jetbrains/kotlin/fir/FirSession;Lorg/jetbrains/kotlin/fir/declarations/FirRegularClass;Lorg/jetbrains/kotlin/fir/declarations/FirRegularClass;Lorg/jetbrains/kotlin/fir/scopes/FirContainingNamesAwareScope;Lorg/jetbrains/kotlin/fir/scopes/FirTypeScope;Z)V 285 <appendix> member <vmtarget> ; # org/jetbrains/kotlin/fir/scopes/jvm/JvmMappedScope$$Lambda+0x000001dc28e03810
instanceKlass  @bci org/jetbrains/kotlin/fir/scopes/jvm/JvmMappedScope$FirMappedSymbolStorage$MappedSymbolsCache <init> (Lorg/jetbrains/kotlin/fir/caches/FirCachesFactory;)V 38 <appendix> argL0 ; # org/jetbrains/kotlin/fir/scopes/jvm/JvmMappedScope$FirMappedSymbolStorage$MappedSymbolsCache$$Lambda+0x000001dc28e03600
instanceKlass  @bci org/jetbrains/kotlin/fir/scopes/jvm/JvmMappedScope$FirMappedSymbolStorage$MappedSymbolsCache <init> (Lorg/jetbrains/kotlin/fir/caches/FirCachesFactory;)V 25 <appendix> argL0 ; # org/jetbrains/kotlin/fir/scopes/jvm/JvmMappedScope$FirMappedSymbolStorage$MappedSymbolsCache$$Lambda+0x000001dc28e033f0
instanceKlass  @bci org/jetbrains/kotlin/fir/scopes/jvm/JvmMappedScope$FirMappedSymbolStorage$MappedSymbolsCache <init> (Lorg/jetbrains/kotlin/fir/caches/FirCachesFactory;)V 12 <appendix> argL0 ; # org/jetbrains/kotlin/fir/scopes/jvm/JvmMappedScope$FirMappedSymbolStorage$MappedSymbolsCache$$Lambda+0x000001dc28e031e0
instanceKlass org/jetbrains/kotlin/fir/scopes/jvm/JvmMappedScope$FirMappedSymbolStorage$MappedSymbolsCache
instanceKlass org/jetbrains/kotlin/fir/scopes/jvm/JvmMappedScopeKt
instanceKlass org/jetbrains/kotlin/fir/scopes/jvm/JvmMappedScope$Companion
instanceKlass org/jetbrains/kotlin/fir/deserialization/AbstractAnnotationDeserializer$WhenMappings
instanceKlass  @bci org/jetbrains/kotlin/fir/deserialization/AbstractAnnotationDeserializer createArgumentMapping (Lorg/jetbrains/kotlin/metadata/ProtoBuf$Annotation;Lorg/jetbrains/kotlin/name/ClassId;Lorg/jetbrains/kotlin/metadata/deserialization/NameResolver;)Lorg/jetbrains/kotlin/fir/expressions/FirAnnotationArgumentMapping; 160 <appendix> member <vmtarget> ; # org/jetbrains/kotlin/fir/deserialization/AbstractAnnotationDeserializer$$Lambda+0x000001dc28e027e0
instanceKlass  @bci org/jetbrains/kotlin/fir/deserialization/AbstractAnnotationDeserializer createArgumentMapping (Lorg/jetbrains/kotlin/metadata/ProtoBuf$Annotation;Lorg/jetbrains/kotlin/name/ClassId;Lorg/jetbrains/kotlin/metadata/deserialization/NameResolver;)Lorg/jetbrains/kotlin/fir/expressions/FirAnnotationArgumentMapping; 31 <appendix> member <vmtarget> ; # org/jetbrains/kotlin/fir/deserialization/AbstractAnnotationDeserializer$$Lambda+0x000001dc28e025c8
instanceKlass kotlin/jvm/internal/BooleanCompanionObject
instanceKlass  @bci org/jetbrains/kotlin/fir/lazy/Fir2IrLazyClass <init> (Lorg/jetbrains/kotlin/fir/backend/Fir2IrComponents;IILorg/jetbrains/kotlin/ir/declarations/IrDeclarationOrigin;Lorg/jetbrains/kotlin/fir/declarations/FirRegularClass;Lorg/jetbrains/kotlin/ir/symbols/IrClassSymbol;Lorg/jetbrains/kotlin/ir/declarations/IrDeclarationParent;)V 218 <appendix> member <vmtarget> ; # org/jetbrains/kotlin/fir/lazy/Fir2IrLazyClass$$Lambda+0x000001dc28e021b8
instanceKlass  @bci org/jetbrains/kotlin/fir/lazy/Fir2IrLazyClass <init> (Lorg/jetbrains/kotlin/fir/backend/Fir2IrComponents;IILorg/jetbrains/kotlin/ir/declarations/IrDeclarationOrigin;Lorg/jetbrains/kotlin/fir/declarations/FirRegularClass;Lorg/jetbrains/kotlin/ir/symbols/IrClassSymbol;Lorg/jetbrains/kotlin/ir/declarations/IrDeclarationParent;)V 201 <appendix> member <vmtarget> ; # org/jetbrains/kotlin/fir/lazy/Fir2IrLazyClass$$Lambda+0x000001dc28e01fa0
instanceKlass  @bci org/jetbrains/kotlin/fir/lazy/Fir2IrLazyClass <init> (Lorg/jetbrains/kotlin/fir/backend/Fir2IrComponents;IILorg/jetbrains/kotlin/ir/declarations/IrDeclarationOrigin;Lorg/jetbrains/kotlin/fir/declarations/FirRegularClass;Lorg/jetbrains/kotlin/ir/symbols/IrClassSymbol;Lorg/jetbrains/kotlin/ir/declarations/IrDeclarationParent;)V 184 <appendix> member <vmtarget> ; # org/jetbrains/kotlin/fir/lazy/Fir2IrLazyClass$$Lambda+0x000001dc28e01d88
instanceKlass  @bci org/jetbrains/kotlin/fir/lazy/Fir2IrLazyClass <init> (Lorg/jetbrains/kotlin/fir/backend/Fir2IrComponents;IILorg/jetbrains/kotlin/ir/declarations/IrDeclarationOrigin;Lorg/jetbrains/kotlin/fir/declarations/FirRegularClass;Lorg/jetbrains/kotlin/ir/symbols/IrClassSymbol;Lorg/jetbrains/kotlin/ir/declarations/IrDeclarationParent;)V 167 <appendix> member <vmtarget> ; # org/jetbrains/kotlin/fir/lazy/Fir2IrLazyClass$$Lambda+0x000001dc28e01b70
instanceKlass  @bci org/jetbrains/kotlin/fir/lazy/Fir2IrLazyClass <init> (Lorg/jetbrains/kotlin/fir/backend/Fir2IrComponents;IILorg/jetbrains/kotlin/ir/declarations/IrDeclarationOrigin;Lorg/jetbrains/kotlin/fir/declarations/FirRegularClass;Lorg/jetbrains/kotlin/ir/symbols/IrClassSymbol;Lorg/jetbrains/kotlin/ir/declarations/IrDeclarationParent;)V 142 <appendix> member <vmtarget> ; # org/jetbrains/kotlin/fir/lazy/Fir2IrLazyClass$$Lambda+0x000001dc28e01958
instanceKlass org/jetbrains/kotlin/ir/declarations/lazy/SynchronizedLazyVar
instanceKlass org/jetbrains/kotlin/ir/declarations/lazy/LazyUtilKt
instanceKlass  @bci org/jetbrains/kotlin/fir/lazy/AbstractFir2IrLazyDeclaration createLazyAnnotations ()Lkotlin/properties/ReadWriteProperty; 7 <appendix> member <vmtarget> ; # org/jetbrains/kotlin/fir/lazy/AbstractFir2IrLazyDeclaration$$Lambda+0x000001dc28e01310
instanceKlass org/jetbrains/kotlin/ir/util/StubGeneratorExtensionsKt
instanceKlass  @bci org/jetbrains/kotlin/fir/lazy/Fir2IrLazyClass <init> (Lorg/jetbrains/kotlin/fir/backend/Fir2IrComponents;IILorg/jetbrains/kotlin/ir/declarations/IrDeclarationOrigin;Lorg/jetbrains/kotlin/fir/declarations/FirRegularClass;Lorg/jetbrains/kotlin/ir/symbols/IrClassSymbol;Lorg/jetbrains/kotlin/ir/declarations/IrDeclarationParent;)V 117 <appendix> member <vmtarget> ; # org/jetbrains/kotlin/fir/lazy/Fir2IrLazyClass$$Lambda+0x000001dc28e00f00
instanceKlass org/jetbrains/kotlin/fir/backend/Fir2IrTypeConverterKt
instanceKlass org/jetbrains/kotlin/ir/declarations/MetadataSource$Property
instanceKlass org/jetbrains/kotlin/util/LightTreeUtilsKt
instanceKlass org/jetbrains/kotlin/KtPsiSourceElement$WrappedTreeStructure
instanceKlass org/jetbrains/kotlin/com/intellij/lang/LighterASTTokenNode
instanceKlass org/jetbrains/kotlin/com/intellij/lang/TreeBackedLighterAST$NodeWrapper
instanceKlass org/jetbrains/kotlin/ir/expressions/IrStatementOriginImpl$Companion
instanceKlass org/jetbrains/kotlin/ir/expressions/IrStatementOriginImpl
instanceKlass org/jetbrains/kotlin/ir/expressions/IrStatementOrigin$Companion
instanceKlass org/jetbrains/kotlin/ir/expressions/IrStatementOrigin
instanceKlass org/jetbrains/kotlin/fir/backend/utils/OriginUtilsKt
instanceKlass org/jetbrains/kotlin/fir/backend/PropertySymbols
instanceKlass org/jetbrains/kotlin/ir/symbols/IrFieldSymbol
instanceKlass org/jetbrains/kotlin/mpp/FieldSymbolMarker
instanceKlass org/jetbrains/kotlin/fir/backend/Fir2IrExtensions$Default
instanceKlass org/jetbrains/kotlin/ir/declarations/lazy/IrLazyClassBase
instanceKlass org/jetbrains/kotlin/fir/lazy/Fir2IrTypeParametersContainer
instanceKlass org/jetbrains/kotlin/fir/lazy/AbstractFir2IrLazyDeclaration
instanceKlass org/jetbrains/kotlin/ir/declarations/lazy/IrLazyDeclarationBase
instanceKlass org/jetbrains/kotlin/fir/backend/generators/Fir2IrCallableDeclarationsGeneratorKt
instanceKlass org/jetbrains/kotlin/fir/backend/Fir2IrDeclarationStorage$ExternalPackageFragments
instanceKlass org/jetbrains/kotlin/ir/IrAttribute$Flag
instanceKlass org/jetbrains/kotlin/ir/IrAttribute
instanceKlass org/jetbrains/kotlin/ir/IrAttribute$Delegate
instanceKlass org/jetbrains/kotlin/ir/IrAttribute$Flag$Delegate
instanceKlass org/jetbrains/kotlin/ir/IrAttributeKt
instanceKlass org/jetbrains/kotlin/fir/backend/Fir2IrDeclarationStorageKt
instanceKlass org/jetbrains/kotlin/fir/backend/Fir2IrScopeCache
instanceKlass org/jetbrains/kotlin/ir/symbols/IrEnumEntrySymbol
instanceKlass org/jetbrains/kotlin/ir/symbols/IrPropertySymbol
instanceKlass org/jetbrains/kotlin/ir/symbols/IrDeclarationWithAccessorsSymbol
instanceKlass org/jetbrains/kotlin/ir/symbols/IrAnonymousInitializerSymbol
instanceKlass org/jetbrains/kotlin/fir/backend/FirMetadataSource
instanceKlass org/jetbrains/kotlin/ir/declarations/MetadataSource$Script
instanceKlass org/jetbrains/kotlin/ir/declarations/MetadataSource
instanceKlass org/jetbrains/kotlin/ir/declarations/impl/ScriptAndSnippetDetailsKt
instanceKlass org/jetbrains/kotlin/ir/expressions/IrStatementContainer
instanceKlass org/jetbrains/kotlin/com/intellij/openapi/util/TextRange
instanceKlass org/jetbrains/kotlin/com/intellij/openapi/util/Segment
instanceKlass org/jetbrains/kotlin/fir/backend/utils/OffsetUtilsKt
instanceKlass org/jetbrains/kotlin/ir/symbols/IrScriptSymbol
instanceKlass org/jetbrains/kotlin/ir/symbols/IrFileSymbol
instanceKlass org/jetbrains/kotlin/ir/declarations/impl/IrFileImplKt
instanceKlass org/jetbrains/kotlin/fir/descriptors/FirPackageFragmentDescriptor
instanceKlass org/jetbrains/kotlin/fir/descriptors/FirPackageViewDescriptor
instanceKlass org/jetbrains/kotlin/com/intellij/util/text/ImmutableText$InnerLeaf
instanceKlass org/jetbrains/kotlin/com/intellij/util/text/ImmutableText$CompositeNode
instanceKlass org/jetbrains/kotlin/com/intellij/openapi/util/text/LineTokenizer
instanceKlass org/jetbrains/kotlin/it/unimi/dsi/fastutil/bytes/ByteArrays$a
instanceKlass org/jetbrains/kotlin/it/unimi/dsi/fastutil/bytes/ByteArrays$Segment
instanceKlass org/jetbrains/kotlin/it/unimi/dsi/fastutil/bytes/ByteArrays
instanceKlass org/jetbrains/kotlin/it/unimi/dsi/fastutil/bytes/ByteListIterator
instanceKlass org/jetbrains/kotlin/it/unimi/dsi/fastutil/bytes/J
instanceKlass org/jetbrains/kotlin/it/unimi/dsi/fastutil/bytes/ByteIterator
instanceKlass org/jetbrains/kotlin/it/unimi/dsi/fastutil/bytes/ByteSpliterator
instanceKlass org/jetbrains/kotlin/com/intellij/openapi/editor/ex/LineIterator
instanceKlass org/jetbrains/kotlin/it/unimi/dsi/fastutil/bytes/ByteList
instanceKlass org/jetbrains/kotlin/it/unimi/dsi/fastutil/bytes/ByteCollection
instanceKlass org/jetbrains/kotlin/it/unimi/dsi/fastutil/bytes/V
instanceKlass org/jetbrains/kotlin/com/intellij/openapi/editor/impl/LineSet
instanceKlass org/jetbrains/kotlin/ir/AbstractIrFileEntry
instanceKlass org/jetbrains/kotlin/ir/IrFileEntry
instanceKlass org/jetbrains/kotlin/fir/backend/utils/IrElementsCreationUtilsKt
instanceKlass org/jetbrains/kotlin/fir/backend/Fir2IrImplicitCastInserter$Companion
instanceKlass org/jetbrains/kotlin/fir/backend/Fir2IrImplicitCastInserter
instanceKlass org/jetbrains/kotlin/fir/backend/generators/AdapterGenerator
instanceKlass org/jetbrains/kotlin/fir/backend/Fir2IrIrGeneratedDeclarationsRegistrar$TypeConverter
instanceKlass org/jetbrains/kotlin/backend/common/extensions/IrGeneratedDeclarationsRegistrar
instanceKlass org/jetbrains/kotlin/fir/backend/Fir2IrSymbolsMappingForLazyClasses
instanceKlass org/jetbrains/kotlin/fir/backend/generators/Fir2IrLazyFakeOverrideGenerator
instanceKlass org/jetbrains/kotlin/fir/backend/generators/CallAndReferenceGenerator
instanceKlass org/jetbrains/kotlin/fir/backend/generators/AnnotationGenerator
instanceKlass org/jetbrains/kotlin/fir/backend/generators/OperatorExpressionGenerator
instanceKlass org/jetbrains/kotlin/fir/backend/generators/ClassMemberGenerator
instanceKlass org/jetbrains/kotlin/fir/backend/FirDeclarationsContentCleaner$Companion
instanceKlass org/jetbrains/kotlin/fir/backend/FirDeclarationsContentCleaner
instanceKlass  @bci org/jetbrains/kotlin/fir/backend/Fir2IrTypeConverter <init> (Lorg/jetbrains/kotlin/fir/backend/Fir2IrComponents;Lorg/jetbrains/kotlin/fir/backend/Fir2IrConversionScope;)V 67 <appendix> argL0 ; # org/jetbrains/kotlin/fir/backend/Fir2IrTypeConverter$$Lambda+0x000001dc28dea0f0
instanceKlass  @bci org/jetbrains/kotlin/fir/backend/Fir2IrTypeConverter <init> (Lorg/jetbrains/kotlin/fir/backend/Fir2IrComponents;Lorg/jetbrains/kotlin/fir/backend/Fir2IrConversionScope;)V 41 <appendix> member <vmtarget> ; # org/jetbrains/kotlin/fir/backend/Fir2IrTypeConverter$$Lambda+0x000001dc28de9c48
instanceKlass  @bci org/jetbrains/kotlin/fir/backend/Fir2IrTypeConverter <init> (Lorg/jetbrains/kotlin/fir/backend/Fir2IrComponents;Lorg/jetbrains/kotlin/fir/backend/Fir2IrConversionScope;)V 28 <appendix> member <vmtarget> ; # org/jetbrains/kotlin/fir/backend/Fir2IrTypeConverter$$Lambda+0x000001dc28de9a30
instanceKlass org/jetbrains/kotlin/fir/backend/Fir2IrTypeConverter
instanceKlass  @bci org/jetbrains/kotlin/fir/backend/Fir2IrBuiltinSymbolsContainer <init> (Lorg/jetbrains/kotlin/fir/backend/Fir2IrComponents;Lorg/jetbrains/kotlin/fir/backend/Fir2IrSyntheticIrBuiltinsSymbolsContainer;)V 639 <appendix> member <vmtarget> ; # org/jetbrains/kotlin/fir/backend/Fir2IrBuiltinSymbolsContainer$$Lambda+0x000001dc28de94f0
instanceKlass  @bci org/jetbrains/kotlin/fir/backend/Fir2IrBuiltinSymbolsContainer <init> (Lorg/jetbrains/kotlin/fir/backend/Fir2IrComponents;Lorg/jetbrains/kotlin/fir/backend/Fir2IrSyntheticIrBuiltinsSymbolsContainer;)V 626 <appendix> member <vmtarget> ; # org/jetbrains/kotlin/fir/backend/Fir2IrBuiltinSymbolsContainer$$Lambda+0x000001dc28de92d8
instanceKlass  @bci org/jetbrains/kotlin/fir/backend/Fir2IrBuiltinSymbolsContainer <init> (Lorg/jetbrains/kotlin/fir/backend/Fir2IrComponents;Lorg/jetbrains/kotlin/fir/backend/Fir2IrSyntheticIrBuiltinsSymbolsContainer;)V 613 <appendix> member <vmtarget> ; # org/jetbrains/kotlin/fir/backend/Fir2IrBuiltinSymbolsContainer$$Lambda+0x000001dc28de90c0
instanceKlass  @bci org/jetbrains/kotlin/fir/backend/Fir2IrBuiltinSymbolsContainer <init> (Lorg/jetbrains/kotlin/fir/backend/Fir2IrComponents;Lorg/jetbrains/kotlin/fir/backend/Fir2IrSyntheticIrBuiltinsSymbolsContainer;)V 600 <appendix> member <vmtarget> ; # org/jetbrains/kotlin/fir/backend/Fir2IrBuiltinSymbolsContainer$$Lambda+0x000001dc28de8ea8
instanceKlass  @bci org/jetbrains/kotlin/fir/backend/Fir2IrBuiltinSymbolsContainer <init> (Lorg/jetbrains/kotlin/fir/backend/Fir2IrComponents;Lorg/jetbrains/kotlin/fir/backend/Fir2IrSyntheticIrBuiltinsSymbolsContainer;)V 587 <appendix> member <vmtarget> ; # org/jetbrains/kotlin/fir/backend/Fir2IrBuiltinSymbolsContainer$$Lambda+0x000001dc28de8c90
instanceKlass  @bci org/jetbrains/kotlin/fir/backend/Fir2IrBuiltinSymbolsContainer <init> (Lorg/jetbrains/kotlin/fir/backend/Fir2IrComponents;Lorg/jetbrains/kotlin/fir/backend/Fir2IrSyntheticIrBuiltinsSymbolsContainer;)V 574 <appendix> member <vmtarget> ; # org/jetbrains/kotlin/fir/backend/Fir2IrBuiltinSymbolsContainer$$Lambda+0x000001dc28de8a78
instanceKlass  @bci org/jetbrains/kotlin/fir/backend/Fir2IrBuiltinSymbolsContainer <init> (Lorg/jetbrains/kotlin/fir/backend/Fir2IrComponents;Lorg/jetbrains/kotlin/fir/backend/Fir2IrSyntheticIrBuiltinsSymbolsContainer;)V 561 <appendix> member <vmtarget> ; # org/jetbrains/kotlin/fir/backend/Fir2IrBuiltinSymbolsContainer$$Lambda+0x000001dc28de8860
instanceKlass  @bci org/jetbrains/kotlin/fir/backend/Fir2IrBuiltinSymbolsContainer <init> (Lorg/jetbrains/kotlin/fir/backend/Fir2IrComponents;Lorg/jetbrains/kotlin/fir/backend/Fir2IrSyntheticIrBuiltinsSymbolsContainer;)V 548 <appendix> member <vmtarget> ; # org/jetbrains/kotlin/fir/backend/Fir2IrBuiltinSymbolsContainer$$Lambda+0x000001dc28de8648
instanceKlass  @bci org/jetbrains/kotlin/fir/backend/Fir2IrBuiltinSymbolsContainer <init> (Lorg/jetbrains/kotlin/fir/backend/Fir2IrComponents;Lorg/jetbrains/kotlin/fir/backend/Fir2IrSyntheticIrBuiltinsSymbolsContainer;)V 535 <appendix> member <vmtarget> ; # org/jetbrains/kotlin/fir/backend/Fir2IrBuiltinSymbolsContainer$$Lambda+0x000001dc28de8430
instanceKlass  @bci org/jetbrains/kotlin/fir/backend/Fir2IrBuiltinSymbolsContainer <init> (Lorg/jetbrains/kotlin/fir/backend/Fir2IrComponents;Lorg/jetbrains/kotlin/fir/backend/Fir2IrSyntheticIrBuiltinsSymbolsContainer;)V 522 <appendix> member <vmtarget> ; # org/jetbrains/kotlin/fir/backend/Fir2IrBuiltinSymbolsContainer$$Lambda+0x000001dc28de8218
instanceKlass  @bci org/jetbrains/kotlin/fir/backend/Fir2IrBuiltinSymbolsContainer <init> (Lorg/jetbrains/kotlin/fir/backend/Fir2IrComponents;Lorg/jetbrains/kotlin/fir/backend/Fir2IrSyntheticIrBuiltinsSymbolsContainer;)V 509 <appendix> member <vmtarget> ; # org/jetbrains/kotlin/fir/backend/Fir2IrBuiltinSymbolsContainer$$Lambda+0x000001dc28de8000
instanceKlass  @bci org/jetbrains/kotlin/fir/backend/Fir2IrBuiltinSymbolsContainer <init> (Lorg/jetbrains/kotlin/fir/backend/Fir2IrComponents;Lorg/jetbrains/kotlin/fir/backend/Fir2IrSyntheticIrBuiltinsSymbolsContainer;)V 496 <appendix> member <vmtarget> ; # org/jetbrains/kotlin/fir/backend/Fir2IrBuiltinSymbolsContainer$$Lambda+0x000001dc28de7d08
instanceKlass  @bci org/jetbrains/kotlin/fir/backend/Fir2IrBuiltinSymbolsContainer <init> (Lorg/jetbrains/kotlin/fir/backend/Fir2IrComponents;Lorg/jetbrains/kotlin/fir/backend/Fir2IrSyntheticIrBuiltinsSymbolsContainer;)V 483 <appendix> member <vmtarget> ; # org/jetbrains/kotlin/fir/backend/Fir2IrBuiltinSymbolsContainer$$Lambda+0x000001dc28de7af0
instanceKlass  @bci org/jetbrains/kotlin/fir/backend/Fir2IrBuiltinSymbolsContainer <init> (Lorg/jetbrains/kotlin/fir/backend/Fir2IrComponents;Lorg/jetbrains/kotlin/fir/backend/Fir2IrSyntheticIrBuiltinsSymbolsContainer;)V 470 <appendix> member <vmtarget> ; # org/jetbrains/kotlin/fir/backend/Fir2IrBuiltinSymbolsContainer$$Lambda+0x000001dc28de78d8
instanceKlass  @bci org/jetbrains/kotlin/fir/backend/Fir2IrBuiltinSymbolsContainer <init> (Lorg/jetbrains/kotlin/fir/backend/Fir2IrComponents;Lorg/jetbrains/kotlin/fir/backend/Fir2IrSyntheticIrBuiltinsSymbolsContainer;)V 457 <appendix> member <vmtarget> ; # org/jetbrains/kotlin/fir/backend/Fir2IrBuiltinSymbolsContainer$$Lambda+0x000001dc28de76c0
instanceKlass  @bci org/jetbrains/kotlin/fir/backend/Fir2IrBuiltinSymbolsContainer <init> (Lorg/jetbrains/kotlin/fir/backend/Fir2IrComponents;Lorg/jetbrains/kotlin/fir/backend/Fir2IrSyntheticIrBuiltinsSymbolsContainer;)V 444 <appendix> member <vmtarget> ; # org/jetbrains/kotlin/fir/backend/Fir2IrBuiltinSymbolsContainer$$Lambda+0x000001dc28de74a8
instanceKlass  @bci org/jetbrains/kotlin/fir/backend/Fir2IrBuiltinSymbolsContainer <init> (Lorg/jetbrains/kotlin/fir/backend/Fir2IrComponents;Lorg/jetbrains/kotlin/fir/backend/Fir2IrSyntheticIrBuiltinsSymbolsContainer;)V 431 <appendix> member <vmtarget> ; # org/jetbrains/kotlin/fir/backend/Fir2IrBuiltinSymbolsContainer$$Lambda+0x000001dc28de7290
instanceKlass  @bci org/jetbrains/kotlin/fir/backend/Fir2IrBuiltinSymbolsContainer <init> (Lorg/jetbrains/kotlin/fir/backend/Fir2IrComponents;Lorg/jetbrains/kotlin/fir/backend/Fir2IrSyntheticIrBuiltinsSymbolsContainer;)V 418 <appendix> member <vmtarget> ; # org/jetbrains/kotlin/fir/backend/Fir2IrBuiltinSymbolsContainer$$Lambda+0x000001dc28de7078
instanceKlass  @bci org/jetbrains/kotlin/fir/backend/Fir2IrBuiltinSymbolsContainer <init> (Lorg/jetbrains/kotlin/fir/backend/Fir2IrComponents;Lorg/jetbrains/kotlin/fir/backend/Fir2IrSyntheticIrBuiltinsSymbolsContainer;)V 405 <appendix> member <vmtarget> ; # org/jetbrains/kotlin/fir/backend/Fir2IrBuiltinSymbolsContainer$$Lambda+0x000001dc28de6e60
instanceKlass  @bci org/jetbrains/kotlin/fir/backend/Fir2IrBuiltinSymbolsContainer <init> (Lorg/jetbrains/kotlin/fir/backend/Fir2IrComponents;Lorg/jetbrains/kotlin/fir/backend/Fir2IrSyntheticIrBuiltinsSymbolsContainer;)V 392 <appendix> member <vmtarget> ; # org/jetbrains/kotlin/fir/backend/Fir2IrBuiltinSymbolsContainer$$Lambda+0x000001dc28de6c48
instanceKlass  @bci org/jetbrains/kotlin/fir/backend/Fir2IrBuiltinSymbolsContainer <init> (Lorg/jetbrains/kotlin/fir/backend/Fir2IrComponents;Lorg/jetbrains/kotlin/fir/backend/Fir2IrSyntheticIrBuiltinsSymbolsContainer;)V 379 <appendix> member <vmtarget> ; # org/jetbrains/kotlin/fir/backend/Fir2IrBuiltinSymbolsContainer$$Lambda+0x000001dc28de6a30
instanceKlass  @bci org/jetbrains/kotlin/fir/backend/Fir2IrBuiltinSymbolsContainer <init> (Lorg/jetbrains/kotlin/fir/backend/Fir2IrComponents;Lorg/jetbrains/kotlin/fir/backend/Fir2IrSyntheticIrBuiltinsSymbolsContainer;)V 366 <appendix> member <vmtarget> ; # org/jetbrains/kotlin/fir/backend/Fir2IrBuiltinSymbolsContainer$$Lambda+0x000001dc28de6818
instanceKlass  @bci org/jetbrains/kotlin/fir/backend/Fir2IrBuiltinSymbolsContainer <init> (Lorg/jetbrains/kotlin/fir/backend/Fir2IrComponents;Lorg/jetbrains/kotlin/fir/backend/Fir2IrSyntheticIrBuiltinsSymbolsContainer;)V 353 <appendix> member <vmtarget> ; # org/jetbrains/kotlin/fir/backend/Fir2IrBuiltinSymbolsContainer$$Lambda+0x000001dc28de6600
instanceKlass  @bci org/jetbrains/kotlin/fir/backend/Fir2IrBuiltinSymbolsContainer <init> (Lorg/jetbrains/kotlin/fir/backend/Fir2IrComponents;Lorg/jetbrains/kotlin/fir/backend/Fir2IrSyntheticIrBuiltinsSymbolsContainer;)V 340 <appendix> member <vmtarget> ; # org/jetbrains/kotlin/fir/backend/Fir2IrBuiltinSymbolsContainer$$Lambda+0x000001dc28de63e8
instanceKlass  @bci org/jetbrains/kotlin/fir/backend/Fir2IrBuiltinSymbolsContainer <init> (Lorg/jetbrains/kotlin/fir/backend/Fir2IrComponents;Lorg/jetbrains/kotlin/fir/backend/Fir2IrSyntheticIrBuiltinsSymbolsContainer;)V 327 <appendix> member <vmtarget> ; # org/jetbrains/kotlin/fir/backend/Fir2IrBuiltinSymbolsContainer$$Lambda+0x000001dc28de61d0
instanceKlass  @bci org/jetbrains/kotlin/fir/backend/Fir2IrBuiltinSymbolsContainer <init> (Lorg/jetbrains/kotlin/fir/backend/Fir2IrComponents;Lorg/jetbrains/kotlin/fir/backend/Fir2IrSyntheticIrBuiltinsSymbolsContainer;)V 314 <appendix> member <vmtarget> ; # org/jetbrains/kotlin/fir/backend/Fir2IrBuiltinSymbolsContainer$$Lambda+0x000001dc28de5020
instanceKlass  @bci org/jetbrains/kotlin/fir/backend/Fir2IrBuiltinSymbolsContainer <init> (Lorg/jetbrains/kotlin/fir/backend/Fir2IrComponents;Lorg/jetbrains/kotlin/fir/backend/Fir2IrSyntheticIrBuiltinsSymbolsContainer;)V 301 <appendix> member <vmtarget> ; # org/jetbrains/kotlin/fir/backend/Fir2IrBuiltinSymbolsContainer$$Lambda+0x000001dc28de4e08
instanceKlass  @bci org/jetbrains/kotlin/fir/backend/Fir2IrBuiltinSymbolsContainer <init> (Lorg/jetbrains/kotlin/fir/backend/Fir2IrComponents;Lorg/jetbrains/kotlin/fir/backend/Fir2IrSyntheticIrBuiltinsSymbolsContainer;)V 288 <appendix> member <vmtarget> ; # org/jetbrains/kotlin/fir/backend/Fir2IrBuiltinSymbolsContainer$$Lambda+0x000001dc28de4bf0
instanceKlass  @bci org/jetbrains/kotlin/fir/backend/Fir2IrBuiltinSymbolsContainer <init> (Lorg/jetbrains/kotlin/fir/backend/Fir2IrComponents;Lorg/jetbrains/kotlin/fir/backend/Fir2IrSyntheticIrBuiltinsSymbolsContainer;)V 275 <appendix> member <vmtarget> ; # org/jetbrains/kotlin/fir/backend/Fir2IrBuiltinSymbolsContainer$$Lambda+0x000001dc28de49d8
instanceKlass  @bci org/jetbrains/kotlin/fir/backend/Fir2IrBuiltinSymbolsContainer <init> (Lorg/jetbrains/kotlin/fir/backend/Fir2IrComponents;Lorg/jetbrains/kotlin/fir/backend/Fir2IrSyntheticIrBuiltinsSymbolsContainer;)V 262 <appendix> member <vmtarget> ; # org/jetbrains/kotlin/fir/backend/Fir2IrBuiltinSymbolsContainer$$Lambda+0x000001dc28de47c0
instanceKlass  @bci org/jetbrains/kotlin/fir/backend/Fir2IrBuiltinSymbolsContainer <init> (Lorg/jetbrains/kotlin/fir/backend/Fir2IrComponents;Lorg/jetbrains/kotlin/fir/backend/Fir2IrSyntheticIrBuiltinsSymbolsContainer;)V 249 <appendix> member <vmtarget> ; # org/jetbrains/kotlin/fir/backend/Fir2IrBuiltinSymbolsContainer$$Lambda+0x000001dc28de45a8
instanceKlass  @bci org/jetbrains/kotlin/fir/backend/Fir2IrBuiltinSymbolsContainer <init> (Lorg/jetbrains/kotlin/fir/backend/Fir2IrComponents;Lorg/jetbrains/kotlin/fir/backend/Fir2IrSyntheticIrBuiltinsSymbolsContainer;)V 236 <appendix> member <vmtarget> ; # org/jetbrains/kotlin/fir/backend/Fir2IrBuiltinSymbolsContainer$$Lambda+0x000001dc28de4390
instanceKlass  @bci org/jetbrains/kotlin/fir/backend/Fir2IrBuiltinSymbolsContainer <init> (Lorg/jetbrains/kotlin/fir/backend/Fir2IrComponents;Lorg/jetbrains/kotlin/fir/backend/Fir2IrSyntheticIrBuiltinsSymbolsContainer;)V 223 <appendix> member <vmtarget> ; # org/jetbrains/kotlin/fir/backend/Fir2IrBuiltinSymbolsContainer$$Lambda+0x000001dc28de4178
instanceKlass  @bci org/jetbrains/kotlin/fir/backend/Fir2IrBuiltinSymbolsContainer <init> (Lorg/jetbrains/kotlin/fir/backend/Fir2IrComponents;Lorg/jetbrains/kotlin/fir/backend/Fir2IrSyntheticIrBuiltinsSymbolsContainer;)V 210 <appendix> member <vmtarget> ; # org/jetbrains/kotlin/fir/backend/Fir2IrBuiltinSymbolsContainer$$Lambda+0x000001dc28de3f60
instanceKlass  @bci org/jetbrains/kotlin/fir/backend/Fir2IrBuiltinSymbolsContainer <init> (Lorg/jetbrains/kotlin/fir/backend/Fir2IrComponents;Lorg/jetbrains/kotlin/fir/backend/Fir2IrSyntheticIrBuiltinsSymbolsContainer;)V 197 <appendix> member <vmtarget> ; # org/jetbrains/kotlin/fir/backend/Fir2IrBuiltinSymbolsContainer$$Lambda+0x000001dc28de3d48
